=== RUN   TestPreCompactSettle_AHealthySessionReadsOthersBacklogOnceThenOnlyLists
    precompact_settle_bound_test.go:83: healthy PreCompact beside 300 other sessions' spools: route 4.8464687s cold, 109.7332ms warm; settle 3.286442ms per PreCompact over 200 warm rounds
--- PASS: TestPreCompactSettle_AHealthySessionReadsOthersBacklogOnceThenOnlyLists (10.23s)
=== RUN   TestPreCompactSettle_ALookPastTheBoundReadsNothingAndSaysSo
--- PASS: TestPreCompactSettle_ALookPastTheBoundReadsNothingAndSaysSo (1.09s)
=== RUN   TestPreCompactSettle_TheLastLookReadsOnlyNamedAndNewSpools
--- PASS: TestPreCompactSettle_TheLastLookReadsOnlyNamedAndNewSpools (1.90s)
=== RUN   TestPreCompactSettle_NamesFitTheirShareUnderTheSealsCalibratedEstimator
--- PASS: TestPreCompactSettle_NamesFitTheirShareUnderTheSealsCalibratedEstimator (1.04s)
=== RUN   TestPreCompactSettle_AColdBacklogLeavesTheReplayTheRestOfTheBound
--- PASS: TestPreCompactSettle_AColdBacklogLeavesTheReplayTheRestOfTheBound (2.60s)
=== RUN   TestPreCompactSettle_CountsOnlyTheSpoolReadsOfItsOwnLooks
--- PASS: TestPreCompactSettle_CountsOnlyTheSpoolReadsOfItsOwnLooks (0.66s)
=== RUN   TestPreCompactSettle_ReadsASpoolTheDrainReleasedAndAHookRecreated
--- PASS: TestPreCompactSettle_ReadsASpoolTheDrainReleasedAndAHookRecreated (1.32s)
=== RUN   TestSpoolHeadIndex_AReadTheDrainsRemovalOverlapsIsNotRemembered
--- PASS: TestSpoolHeadIndex_AReadTheDrainsRemovalOverlapsIsNotRemembered (0.14s)
=== RUN   TestSpoolHeadIndex_ASpoolRecreatedRightAfterTheDrainsUnlinkIsReadAgain
--- PASS: TestSpoolHeadIndex_ASpoolRecreatedRightAfterTheDrainsUnlinkIsReadAgain (0.43s)
=== RUN   TestPreCompactSettle_ReplaysAgainOnceALiveCopyAheadOfItPublishes
--- PASS: TestPreCompactSettle_ReplaysAgainOnceALiveCopyAheadOfItPublishes (0.59s)
=== RUN   TestPreCompactSettle_ASpoolItCannotReadIsCountedNotTakenAsEmpty
--- PASS: TestPreCompactSettle_ASpoolItCannotReadIsCountedNotTakenAsEmpty (0.20s)
=== RUN   TestPreCompactSettle_ReplaysTheSpoolBeforeTheSeal
--- PASS: TestPreCompactSettle_ReplaysTheSpoolBeforeTheSeal (0.46s)
=== RUN   TestPreCompactSettle_NamesWhatTheBoundLeftUnreplayed
--- PASS: TestPreCompactSettle_NamesWhatTheBoundLeftUnreplayed (0.88s)
=== RUN   TestPreCompactSettle_AHealthySessionPaysNothing
    precompact_settle_test.go:148: healthy settle: 494.745µs per PreCompact over 1000 rounds
--- PASS: TestPreCompactSettle_AHealthySessionPaysNothing (3.49s)
=== RUN   TestPreCompactSettle_AReplayedPreCompactDoesNotSettle
--- PASS: TestPreCompactSettle_AReplayedPreCompactDoesNotSettle (1.20s)
=== RUN   TestPrecompactSettleBound_IsWhatBELeavesTheSeal
--- PASS: TestPrecompactSettleBound_IsWhatBELeavesTheSeal (0.00s)
=== RUN   TestDrainer_DrainClientSpoolsWithinGivesUpOnABusyMutex
--- PASS: TestDrainer_DrainClientSpoolsWithinGivesUpOnABusyMutex (0.96s)
=== RUN   TestUnreplayedDrops_CountsEveryCaptureAndNamesEachToolResult
--- PASS: TestUnreplayedDrops_CountsEveryCaptureAndNamesEachToolResult (0.00s)
=== RUN   TestPreCompactSettle_WaitsForALeasedArrivalStillPublishing
--- PASS: TestPreCompactSettle_WaitsForALeasedArrivalStillPublishing (2.10s)
=== RUN   TestPreCompactSettle_NamesALeasedArrivalOnceBesideItsSpoolCopy
--- PASS: TestPreCompactSettle_NamesALeasedArrivalOnceBesideItsSpoolCopy (2.41s)
=== RUN   TestPreCompactSettle_AnotherSessionsSpoolCostsAHealthySessionNoDrain
    precompact_settle_test.go:375: healthy settle beside another session's spool: 235.359µs per PreCompact over 200 rounds
--- PASS: TestPreCompactSettle_AnotherSessionsSpoolCostsAHealthySessionNoDrain (0.38s)
=== RUN   TestPreCompactSettle_ReplaysThisSessionsSpoolBeforeOlderOnesOfOthers
--- PASS: TestPreCompactSettle_ReplaysThisSessionsSpoolBeforeOlderOnesOfOthers (0.37s)
=== RUN   TestPreCompactSettle_ABacklogIsCountedInFullAndNamedWithinItsShare
    precompact_settle_test.go:472: named the newest 16 of 300 spooled tool results within 600 of 12000 tokens
--- PASS: TestPreCompactSettle_ABacklogIsCountedInFullAndNamedWithinItsShare (4.68s)
=== RUN   TestSpoolLineHead_ReadsWhatDecodeRequestReads
--- PASS: TestSpoolLineHead_ReadsWhatDecodeRequestReads (0.05s)
=== RUN   TestSpoolWatch_AClientSpoolIsPublishedWhileItsSessionIsActive
--- PASS: TestSpoolWatch_AClientSpoolIsPublishedWhileItsSessionIsActive (0.69s)
=== RUN   TestSpoolWatch_ASpoolWaitingOnItsSessionIsRetriedWithNoFurtherHook
--- PASS: TestSpoolWatch_ASpoolWaitingOnItsSessionIsRetriedWithNoFurtherHook (0.68s)
=== RUN   TestSpoolWatch_AnUnconsumableSpoolIsRetriedWithBackoffNotEveryTick
--- PASS: TestSpoolWatch_AnUnconsumableSpoolIsRetriedWithBackoffNotEveryTick (3.50s)
=== RUN   TestSpoolWatch_AClientSpoolSlowerThanAPassBudgetIsPublished
--- PASS: TestSpoolWatch_AClientSpoolSlowerThanAPassBudgetIsPublished (3.37s)
=== RUN   TestSpoolWatch_APassItsBudgetCutShortDoesNotBackOffTheSpoolsItLeft
--- PASS: TestSpoolWatch_APassItsBudgetCutShortDoesNotBackOffTheSpoolsItLeft (2.31s)
=== RUN   TestSpoolWatch_ABudgetStopKeepsTheBackoffOfTheSpoolsItReached
--- PASS: TestSpoolWatch_ABudgetStopKeepsTheBackoffOfTheSpoolsItReached (2.38s)
=== RUN   TestSpoolWatch_DoesNothingWithoutAKick
--- PASS: TestSpoolWatch_DoesNothingWithoutAKick (0.50s)
=== RUN   TestSpoolWatch_KnowsTheClientSpoolFamily
--- PASS: TestSpoolWatch_KnowsTheClientSpoolFamily (0.00s)
=== RUN   TestSpoolWatch_TheIdleTickKicksItInSpoolSubmode
--- PASS: TestSpoolWatch_TheIdleTickKicksItInSpoolSubmode (0.54s)
=== RUN   TestSpoolWatch_IndexesTheSpoolsItsPassLeavesForThePreCompactSettle
--- PASS: TestSpoolWatch_IndexesTheSpoolsItsPassLeavesForThePreCompactSettle (0.23s)
PASS
ok  	github.com/qompack/qompack/internal/daemon	51.718s
