=== RUN   TestPreCompactInSpoolSubmodeSealsTheSpooledReads
DIAG    0.205s drain pass clientOnly=false only=map[] files=0 err=<nil>
DIAG    0.222s drain pass clientOnly=false only=map[] files=0 err=<nil>
DIAG    0.529s client spool op=observe.prompt from client.go:298
DIAG    0.654s client spool op=observe.tool from client.go:217
DIAG    0.662s client spool op=observe.tool from client.go:217
DIAG    0.664s client spool op=observe.stop from client.go:217
DIAG    0.759s precompact route replay=false sess=sess-c116-compact-under-ingest
DIAG    0.777s settle start sess=sess-c116-compact-under-ingest at=1786530600000 bound=12s upTo=1
DIAG    0.791s heads READ client-60552.ndjson listed size=6284 got=6284 err=<nil>
DIAG    0.791s settle first listed=map[client-60552.ndjson:true] unread=map[] reads=1 caps=4
DIAG    0.791s settle first-cap op=observe.prompt tool= file=client-60552.ndjson ts=1786530600000
DIAG    0.791s settle first-cap op=observe.tool tool=toolu_d53c_spooled_read_1 file=client-60552.ndjson ts=1786530600000
DIAG    0.791s settle first-cap op=observe.tool tool=toolu_d53c_spooled_read_2 file=client-60552.ndjson ts=1786530600000
DIAG    0.791s settle first-cap op=observe.stop tool= file=client-60552.ndjson ts=1786530600000
DIAG    0.791s settle own=map[client-60552.ndjson:true] settled=true
DIAG    0.791s drain pass clientOnly=true only=map[client-60552.ndjson:true] files=2 err=<nil>
DIAG    0.867s drain file client-60552.ndjson n=0 err=<nil>
DIAG    0.882s settle replay n=0 err=<nil> upToNow=5
DIAG    0.882s heads HIT client-60552.ndjson size=6284 lines=4
DIAG    0.948s drain pass clientOnly=true only=map[client-60552.ndjson:true] files=2 err=<nil>
DIAG    1.270s drain file client-60552.ndjson n=3 err=<nil>
DIAG    1.288s settle replay n=3 err=<nil> upToNow=5
DIAG    1.288s settle end left=0 lastUnread=map[] lastCaps=0 sctxErr=<nil> upToNow=5
DIAG    1.520s drain pass clientOnly=false only=map[] files=1 err=<nil>
DIAG    1.541s drain file wal-sess-c116-compact-under-ingest.ndjson n=0 err=<nil>
--- PASS: TestPreCompactInSpoolSubmodeSealsTheSpooledReads (1.54s)
PASS
coverage: 14.3% of statements
