== devtool lint: golangci-lint ==
PASS golangci-lint
== devtool lint: nomagic ==
PASS nomagic
== devtool lint: importgraph ==
importgraph: OK (71 package(s) checked)
PASS importgraph
== devtool lint: testdeps ==
testdeps: OK (73 package(s) checked)
PASS testdeps
== devtool lint: bindeps ==
  linux/amd64: disallowed dependency golang.org/x/sys/unix reaches the shipped binary (00-ARCHITECTURE.md §2.5)
  linux/arm64: disallowed dependency golang.org/x/sys/unix reaches the shipped binary (00-ARCHITECTURE.md §2.5)
  darwin/amd64: disallowed dependency golang.org/x/sys/unix reaches the shipped binary (00-ARCHITECTURE.md §2.5)
  darwin/arm64: disallowed dependency golang.org/x/sys/unix reaches the shipped binary (00-ARCHITECTURE.md §2.5)
FAIL bindeps: bindeps: 4 violation(s)
== devtool lint: sleepcheck ==
sleepcheck: OK
PASS sleepcheck
== devtool lint: stubskips ==

# INTERRUPTED BY ME at stubskips: that sub-check runs a whole-tree `go test ./internal/... ./cmd/... ./test/...`,
# which the C1.8 brief forbids (coordinator runs integrated gates). I stopped only my own process tree
# (bash 53376 and its 25 descendants, recorded before the stop; no orphans remained). The other sub-checks
# were re-run at 9850a6c with --only in lint-only-windows-9850a6c.log.
