/work/cx-config-review-ca54596-20260922T224447Z.bundle: OK
run_id=cx-config-review-ca54596-20260922T224447Z
commit=ca54596a727599445ad7554e178f2ab923685832
tree=ad7ca5b952d77ac32175c1afeef980e9fb85f593
bundle_sha256=0d5dda284c07730981d48c3752dae62462cbc5edb5f8dcd7a14eb16817b47c95
started_utc=2026-09-22T22:45:05Z
uid=10001 user=qompack-test groups=qompack-test
race=1 count=1 timeout=30m gomaxprocs=4 coload=0
run=
skip=
extra_env=
go version go1.26.6 linux/amd64
linux
amd64
1
/home/qompack-test/.cache/go-build
/go/pkg/mod
-mod=readonly
off
Linux e09d55cfc09b 5.15.167.4-microsoft-standard-WSL2 #1 SMP Tue Nov 5 00:21:55 UTC 2024 x86_64 GNU/Linux
22
go: writing stat cache: open /go/pkg/mod/cache/download/github.com/qompack/qompack/@v/v0.0.0-20260922224432-ca54596a7275.info411210841.tmp: permission denied
PASS      github.com/qompack/qompack/internal/config  (pass=311 fail=0 skip=0)
PASS      github.com/qompack/qompack/internal/cli  (pass=323 fail=0 skip=0)
PASS      github.com/qompack/qompack/test/docs  (pass=19 fail=0 skip=0)
PASS      github.com/qompack/qompack/tools/devtool  (pass=250 fail=0 skip=0)
go_test_exit=0
exit=0
docker_exec_exit=0
