/work/cx-config-9850a6c-20260922T215950Z.bundle: OK
run_id=cx-config-9850a6c-20260922T215950Z
commit=9850a6c11493f16ed92141ac7b36514d1af7ffeb
tree=9a5f6a5f611ed4bfb3897c15605768fead65940e
bundle_sha256=14a06f0b0ff4e6854d04bb4bcecf1b85fb1051d4331d5ec340d0b30979f20289
started_utc=2026-09-22T22:00:16Z
uid=10001 user=qompack-test groups=qompack-test
race=1 count=1 timeout=30m gomaxprocs=4 coload=0
run=
skip=
extra_env=
go version go1.26.6 linux/amd64
linux
amd64
1
/home/qompack-test/.cache/go-build
/go/pkg/mod
-mod=readonly
off
Linux e09d55cfc09b 5.15.167.4-microsoft-standard-WSL2 #1 SMP Tue Nov 5 00:21:55 UTC 2024 x86_64 GNU/Linux
22
PASS      github.com/qompack/qompack/internal/config  (pass=284 fail=0 skip=0)
PASS      github.com/qompack/qompack/internal/cli  (pass=318 fail=0 skip=0)
PASS      github.com/qompack/qompack/test/docs  (pass=19 fail=0 skip=0)
go_test_exit=0
exit=0
exit=0
