# review green: finding 2 fix + criterion-changed inputs, config focused, 2026-09-22T22:34:45Z, windows
=== RUN   TestLoadForCapture_PerLeafProblemsFallBackInsteadOfRefusing
=== RUN   TestLoadForCapture_PerLeafProblemsFallBackInsteadOfRefusing/unknown_top-level_key
=== RUN   TestLoadForCapture_PerLeafProblemsFallBackInsteadOfRefusing/unknown_nested_key
=== RUN   TestLoadForCapture_PerLeafProblemsFallBackInsteadOfRefusing/wrong_leaf_type
=== RUN   TestLoadForCapture_PerLeafProblemsFallBackInsteadOfRefusing/wrong_leaf_type_keeps_the_lower_layer
=== RUN   TestLoadForCapture_PerLeafProblemsFallBackInsteadOfRefusing/section_that_is_not_an_object
=== RUN   TestLoadForCapture_PerLeafProblemsFallBackInsteadOfRefusing/integer_leaf_beyond_the_platform_int
=== RUN   TestLoadForCapture_PerLeafProblemsFallBackInsteadOfRefusing/invalid_value_beside_an_unknown_key
=== RUN   TestLoadForCapture_PerLeafProblemsFallBackInsteadOfRefusing/unparseable_environment_value
=== RUN   TestLoadForCapture_PerLeafProblemsFallBackInsteadOfRefusing/nonfinite_environment_value
=== RUN   TestLoadForCapture_PerLeafProblemsFallBackInsteadOfRefusing/largest_int64_environment_value
=== RUN   TestLoadForCapture_PerLeafProblemsFallBackInsteadOfRefusing/largest_int64_flag_value
=== RUN   TestLoadForCapture_PerLeafProblemsFallBackInsteadOfRefusing/unknown_flag
=== RUN   TestLoadForCapture_PerLeafProblemsFallBackInsteadOfRefusing/nonfinite_flag_value
=== RUN   TestLoadForCapture_PerLeafProblemsFallBackInsteadOfRefusing/unparseable_flag_value
--- PASS: TestLoadForCapture_PerLeafProblemsFallBackInsteadOfRefusing (0.49s)
    --- PASS: TestLoadForCapture_PerLeafProblemsFallBackInsteadOfRefusing/unknown_top-level_key (0.05s)
    --- PASS: TestLoadForCapture_PerLeafProblemsFallBackInsteadOfRefusing/unknown_nested_key (0.14s)
    --- PASS: TestLoadForCapture_PerLeafProblemsFallBackInsteadOfRefusing/wrong_leaf_type (0.03s)
    --- PASS: TestLoadForCapture_PerLeafProblemsFallBackInsteadOfRefusing/wrong_leaf_type_keeps_the_lower_layer (0.02s)
    --- PASS: TestLoadForCapture_PerLeafProblemsFallBackInsteadOfRefusing/section_that_is_not_an_object (0.03s)
    --- PASS: TestLoadForCapture_PerLeafProblemsFallBackInsteadOfRefusing/integer_leaf_beyond_the_platform_int (0.03s)
    --- PASS: TestLoadForCapture_PerLeafProblemsFallBackInsteadOfRefusing/invalid_value_beside_an_unknown_key (0.03s)
    --- PASS: TestLoadForCapture_PerLeafProblemsFallBackInsteadOfRefusing/unparseable_environment_value (0.02s)
    --- PASS: TestLoadForCapture_PerLeafProblemsFallBackInsteadOfRefusing/nonfinite_environment_value (0.01s)
    --- PASS: TestLoadForCapture_PerLeafProblemsFallBackInsteadOfRefusing/largest_int64_environment_value (0.04s)
    --- PASS: TestLoadForCapture_PerLeafProblemsFallBackInsteadOfRefusing/largest_int64_flag_value (0.04s)
    --- PASS: TestLoadForCapture_PerLeafProblemsFallBackInsteadOfRefusing/unknown_flag (0.01s)
    --- PASS: TestLoadForCapture_PerLeafProblemsFallBackInsteadOfRefusing/nonfinite_flag_value (0.02s)
    --- PASS: TestLoadForCapture_PerLeafProblemsFallBackInsteadOfRefusing/unparseable_flag_value (0.01s)
=== RUN   TestLoadForCapture_AgreesWithLoadOnEveryPerLeafProblem
=== RUN   TestLoadForCapture_AgreesWithLoadOnEveryPerLeafProblem/unknown_top-level_key
=== RUN   TestLoadForCapture_AgreesWithLoadOnEveryPerLeafProblem/unknown_nested_key
=== RUN   TestLoadForCapture_AgreesWithLoadOnEveryPerLeafProblem/wrong_leaf_type
=== RUN   TestLoadForCapture_AgreesWithLoadOnEveryPerLeafProblem/wrong_leaf_type_keeps_the_lower_layer
=== RUN   TestLoadForCapture_AgreesWithLoadOnEveryPerLeafProblem/section_that_is_not_an_object
=== RUN   TestLoadForCapture_AgreesWithLoadOnEveryPerLeafProblem/integer_leaf_beyond_the_platform_int
=== RUN   TestLoadForCapture_AgreesWithLoadOnEveryPerLeafProblem/invalid_value_beside_an_unknown_key
=== RUN   TestLoadForCapture_AgreesWithLoadOnEveryPerLeafProblem/unparseable_environment_value
=== RUN   TestLoadForCapture_AgreesWithLoadOnEveryPerLeafProblem/nonfinite_environment_value
=== RUN   TestLoadForCapture_AgreesWithLoadOnEveryPerLeafProblem/largest_int64_environment_value
=== RUN   TestLoadForCapture_AgreesWithLoadOnEveryPerLeafProblem/largest_int64_flag_value
=== RUN   TestLoadForCapture_AgreesWithLoadOnEveryPerLeafProblem/unknown_flag
=== RUN   TestLoadForCapture_AgreesWithLoadOnEveryPerLeafProblem/nonfinite_flag_value
=== RUN   TestLoadForCapture_AgreesWithLoadOnEveryPerLeafProblem/unparseable_flag_value
--- PASS: TestLoadForCapture_AgreesWithLoadOnEveryPerLeafProblem (0.25s)
    --- PASS: TestLoadForCapture_AgreesWithLoadOnEveryPerLeafProblem/unknown_top-level_key (0.01s)
    --- PASS: TestLoadForCapture_AgreesWithLoadOnEveryPerLeafProblem/unknown_nested_key (0.02s)
    --- PASS: TestLoadForCapture_AgreesWithLoadOnEveryPerLeafProblem/wrong_leaf_type (0.01s)
    --- PASS: TestLoadForCapture_AgreesWithLoadOnEveryPerLeafProblem/wrong_leaf_type_keeps_the_lower_layer (0.03s)
    --- PASS: TestLoadForCapture_AgreesWithLoadOnEveryPerLeafProblem/section_that_is_not_an_object (0.03s)
    --- PASS: TestLoadForCapture_AgreesWithLoadOnEveryPerLeafProblem/integer_leaf_beyond_the_platform_int (0.02s)
    --- PASS: TestLoadForCapture_AgreesWithLoadOnEveryPerLeafProblem/invalid_value_beside_an_unknown_key (0.01s)
    --- PASS: TestLoadForCapture_AgreesWithLoadOnEveryPerLeafProblem/unparseable_environment_value (0.03s)
    --- PASS: TestLoadForCapture_AgreesWithLoadOnEveryPerLeafProblem/nonfinite_environment_value (0.02s)
    --- PASS: TestLoadForCapture_AgreesWithLoadOnEveryPerLeafProblem/largest_int64_environment_value (0.02s)
    --- PASS: TestLoadForCapture_AgreesWithLoadOnEveryPerLeafProblem/largest_int64_flag_value (0.02s)
    --- PASS: TestLoadForCapture_AgreesWithLoadOnEveryPerLeafProblem/unknown_flag (0.01s)
    --- PASS: TestLoadForCapture_AgreesWithLoadOnEveryPerLeafProblem/nonfinite_flag_value (0.01s)
    --- PASS: TestLoadForCapture_AgreesWithLoadOnEveryPerLeafProblem/unparseable_flag_value (0.01s)
=== RUN   TestLoadForCapture_AcceptsStrictJSONCAndFiveLayerPrecedence
--- PASS: TestLoadForCapture_AcceptsStrictJSONCAndFiveLayerPrecedence (0.04s)
=== RUN   TestLoadForCapture_RequiresAbsoluteRoots
=== RUN   TestLoadForCapture_RequiresAbsoluteRoots/missing_project
=== RUN   TestLoadForCapture_RequiresAbsoluteRoots/missing_home
=== RUN   TestLoadForCapture_RequiresAbsoluteRoots/relative_project
=== RUN   TestLoadForCapture_RequiresAbsoluteRoots/relative_home
--- PASS: TestLoadForCapture_RequiresAbsoluteRoots (0.01s)
    --- PASS: TestLoadForCapture_RequiresAbsoluteRoots/missing_project (0.00s)
    --- PASS: TestLoadForCapture_RequiresAbsoluteRoots/missing_home (0.00s)
    --- PASS: TestLoadForCapture_RequiresAbsoluteRoots/relative_project (0.00s)
    --- PASS: TestLoadForCapture_RequiresAbsoluteRoots/relative_home (0.00s)
=== RUN   TestLoadForCapture_MissingFilesRemainValid
--- PASS: TestLoadForCapture_MissingFilesRemainValid (0.30s)
=== RUN   TestLoadForCapture_RefusesUnsafeConfigFileLeaves
=== RUN   TestLoadForCapture_RefusesUnsafeConfigFileLeaves/directory_instead_of_regular_file
=== RUN   TestLoadForCapture_RefusesUnsafeConfigFileLeaves/over_size_limit
=== RUN   TestLoadForCapture_RefusesUnsafeConfigFileLeaves/symlink_leaf
    capture_load_test.go:100: platform: creating a test-owned symlink is unavailable: symlink C:\Users\Quant\AppData\Local\Temp\TestLoadForCapture_RefusesUnsafeConfigFileLeavessymlink_leaf3721001518\003\target.json C:\Users\Quant\AppData\Local\Temp\TestLoadForCapture_RefusesUnsafeConfigFileLeavessymlink_leaf3721001518\001\.qompack\config.json: A required privilege is not held by the client.
--- PASS: TestLoadForCapture_RefusesUnsafeConfigFileLeaves (0.05s)
    --- PASS: TestLoadForCapture_RefusesUnsafeConfigFileLeaves/directory_instead_of_regular_file (0.01s)
    --- PASS: TestLoadForCapture_RefusesUnsafeConfigFileLeaves/over_size_limit (0.01s)
    --- SKIP: TestLoadForCapture_RefusesUnsafeConfigFileLeaves/symlink_leaf (0.02s)
=== RUN   TestLoadForCapture_RefusesAmbiguousOrInvalidJSONC
=== RUN   TestLoadForCapture_RefusesAmbiguousOrInvalidJSONC/malformed
=== RUN   TestLoadForCapture_RefusesAmbiguousOrInvalidJSONC/top_level_null
=== RUN   TestLoadForCapture_RefusesAmbiguousOrInvalidJSONC/top_level_array
=== RUN   TestLoadForCapture_RefusesAmbiguousOrInvalidJSONC/empty_trailing_comma
=== RUN   TestLoadForCapture_RefusesAmbiguousOrInvalidJSONC/empty_array_comma
=== RUN   TestLoadForCapture_RefusesAmbiguousOrInvalidJSONC/same_spelling_duplicate
=== RUN   TestLoadForCapture_RefusesAmbiguousOrInvalidJSONC/decoded_spelling_duplicate
=== RUN   TestLoadForCapture_RefusesAmbiguousOrInvalidJSONC/invalid_utf8
=== RUN   TestLoadForCapture_RefusesAmbiguousOrInvalidJSONC/unpaired_surrogate
=== RUN   TestLoadForCapture_RefusesAmbiguousOrInvalidJSONC/unfinished_block_comment
=== RUN   TestLoadForCapture_RefusesAmbiguousOrInvalidJSONC/unfinished_trailing_comment
=== RUN   TestLoadForCapture_RefusesAmbiguousOrInvalidJSONC/nonfinite_number
--- PASS: TestLoadForCapture_RefusesAmbiguousOrInvalidJSONC (0.23s)
    --- PASS: TestLoadForCapture_RefusesAmbiguousOrInvalidJSONC/malformed (0.03s)
    --- PASS: TestLoadForCapture_RefusesAmbiguousOrInvalidJSONC/top_level_null (0.01s)
    --- PASS: TestLoadForCapture_RefusesAmbiguousOrInvalidJSONC/top_level_array (0.01s)
    --- PASS: TestLoadForCapture_RefusesAmbiguousOrInvalidJSONC/empty_trailing_comma (0.01s)
    --- PASS: TestLoadForCapture_RefusesAmbiguousOrInvalidJSONC/empty_array_comma (0.02s)
    --- PASS: TestLoadForCapture_RefusesAmbiguousOrInvalidJSONC/same_spelling_duplicate (0.02s)
    --- PASS: TestLoadForCapture_RefusesAmbiguousOrInvalidJSONC/decoded_spelling_duplicate (0.02s)
    --- PASS: TestLoadForCapture_RefusesAmbiguousOrInvalidJSONC/invalid_utf8 (0.02s)
    --- PASS: TestLoadForCapture_RefusesAmbiguousOrInvalidJSONC/unpaired_surrogate (0.02s)
    --- PASS: TestLoadForCapture_RefusesAmbiguousOrInvalidJSONC/unfinished_block_comment (0.02s)
    --- PASS: TestLoadForCapture_RefusesAmbiguousOrInvalidJSONC/unfinished_trailing_comment (0.02s)
    --- PASS: TestLoadForCapture_RefusesAmbiguousOrInvalidJSONC/nonfinite_number (0.02s)
=== RUN   TestLoadForCapture_BoundsEnvironmentFlagsAndPolicy
=== RUN   TestLoadForCapture_BoundsEnvironmentFlagsAndPolicy/environment
=== RUN   TestLoadForCapture_BoundsEnvironmentFlagsAndPolicy/flag
=== RUN   TestLoadForCapture_BoundsEnvironmentFlagsAndPolicy/flag_key
=== RUN   TestLoadForCapture_BoundsEnvironmentFlagsAndPolicy/aggregate
=== RUN   TestLoadForCapture_BoundsEnvironmentFlagsAndPolicy/rule_count
=== RUN   TestLoadForCapture_BoundsEnvironmentFlagsAndPolicy/file_rule_width
=== RUN   TestLoadForCapture_BoundsEnvironmentFlagsAndPolicy/invalid_UTF8
--- PASS: TestLoadForCapture_BoundsEnvironmentFlagsAndPolicy (0.11s)
    --- PASS: TestLoadForCapture_BoundsEnvironmentFlagsAndPolicy/environment (0.01s)
    --- PASS: TestLoadForCapture_BoundsEnvironmentFlagsAndPolicy/flag (0.01s)
    --- PASS: TestLoadForCapture_BoundsEnvironmentFlagsAndPolicy/flag_key (0.01s)
    --- PASS: TestLoadForCapture_BoundsEnvironmentFlagsAndPolicy/aggregate (0.02s)
    --- PASS: TestLoadForCapture_BoundsEnvironmentFlagsAndPolicy/rule_count (0.01s)
    --- PASS: TestLoadForCapture_BoundsEnvironmentFlagsAndPolicy/file_rule_width (0.05s)
    --- PASS: TestLoadForCapture_BoundsEnvironmentFlagsAndPolicy/invalid_UTF8 (0.00s)
=== RUN   TestLoadForCapture_RefusesAnyPrivacyPolicyProblem
=== RUN   TestLoadForCapture_RefusesAnyPrivacyPolicyProblem/policy_leaf_of_the_wrong_type
=== RUN   TestLoadForCapture_RefusesAnyPrivacyPolicyProblem/mistyped_enable_over_a_lower_layer's_disable
=== RUN   TestLoadForCapture_RefusesAnyPrivacyPolicyProblem/unknown_key_inside_the_policy
=== RUN   TestLoadForCapture_RefusesAnyPrivacyPolicyProblem/policy_section_that_is_not_an_object
=== RUN   TestLoadForCapture_RefusesAnyPrivacyPolicyProblem/unparseable_environment_value_for_a_policy_leaf
=== RUN   TestLoadForCapture_RefusesAnyPrivacyPolicyProblem/unparseable_flag_value_for_a_policy_leaf
=== RUN   TestLoadForCapture_RefusesAnyPrivacyPolicyProblem/unknown_flag_inside_the_policy
--- PASS: TestLoadForCapture_RefusesAnyPrivacyPolicyProblem (0.15s)
    --- PASS: TestLoadForCapture_RefusesAnyPrivacyPolicyProblem/policy_leaf_of_the_wrong_type (0.06s)
    --- PASS: TestLoadForCapture_RefusesAnyPrivacyPolicyProblem/mistyped_enable_over_a_lower_layer's_disable (0.03s)
    --- PASS: TestLoadForCapture_RefusesAnyPrivacyPolicyProblem/unknown_key_inside_the_policy (0.02s)
    --- PASS: TestLoadForCapture_RefusesAnyPrivacyPolicyProblem/policy_section_that_is_not_an_object (0.03s)
    --- PASS: TestLoadForCapture_RefusesAnyPrivacyPolicyProblem/unparseable_environment_value_for_a_policy_leaf (0.00s)
    --- PASS: TestLoadForCapture_RefusesAnyPrivacyPolicyProblem/unparseable_flag_value_for_a_policy_leaf (0.01s)
    --- PASS: TestLoadForCapture_RefusesAnyPrivacyPolicyProblem/unknown_flag_inside_the_policy (0.01s)
=== RUN   TestLoadForCapture_RefusesAnyCaptureSwitchProblem
=== RUN   TestLoadForCapture_RefusesAnyCaptureSwitchProblem/value_outside_the_enum
=== RUN   TestLoadForCapture_RefusesAnyCaptureSwitchProblem/off_in_the_wrong_case
=== RUN   TestLoadForCapture_RefusesAnyCaptureSwitchProblem/wrong_type
=== RUN   TestLoadForCapture_RefusesAnyCaptureSwitchProblem/wrong_type_over_a_lower_layer's_off
=== RUN   TestLoadForCapture_RefusesAnyCaptureSwitchProblem/value_outside_the_enum_over_a_lower_layer's_off
=== RUN   TestLoadForCapture_RefusesAnyCaptureSwitchProblem/object_where_the_switch_belongs
=== RUN   TestLoadForCapture_RefusesAnyCaptureSwitchProblem/environment_value_outside_the_enum
=== RUN   TestLoadForCapture_RefusesAnyCaptureSwitchProblem/flag_value_outside_the_enum
=== RUN   TestLoadForCapture_RefusesAnyCaptureSwitchProblem/unknown_flag_under_the_switch
--- PASS: TestLoadForCapture_RefusesAnyCaptureSwitchProblem (0.21s)
    --- PASS: TestLoadForCapture_RefusesAnyCaptureSwitchProblem/value_outside_the_enum (0.03s)
    --- PASS: TestLoadForCapture_RefusesAnyCaptureSwitchProblem/off_in_the_wrong_case (0.03s)
    --- PASS: TestLoadForCapture_RefusesAnyCaptureSwitchProblem/wrong_type (0.03s)
    --- PASS: TestLoadForCapture_RefusesAnyCaptureSwitchProblem/wrong_type_over_a_lower_layer's_off (0.03s)
    --- PASS: TestLoadForCapture_RefusesAnyCaptureSwitchProblem/value_outside_the_enum_over_a_lower_layer's_off (0.02s)
    --- PASS: TestLoadForCapture_RefusesAnyCaptureSwitchProblem/object_where_the_switch_belongs (0.02s)
    --- PASS: TestLoadForCapture_RefusesAnyCaptureSwitchProblem/environment_value_outside_the_enum (0.01s)
    --- PASS: TestLoadForCapture_RefusesAnyCaptureSwitchProblem/flag_value_outside_the_enum (0.01s)
    --- PASS: TestLoadForCapture_RefusesAnyCaptureSwitchProblem/unknown_flag_under_the_switch (0.02s)
=== RUN   TestLoadForCapture_AppliesEveryValidCaptureSwitchValue
=== RUN   TestLoadForCapture_AppliesEveryValidCaptureSwitchValue/file_auto
=== RUN   TestLoadForCapture_AppliesEveryValidCaptureSwitchValue/environment_auto
=== RUN   TestLoadForCapture_AppliesEveryValidCaptureSwitchValue/file_full
=== RUN   TestLoadForCapture_AppliesEveryValidCaptureSwitchValue/environment_full
=== RUN   TestLoadForCapture_AppliesEveryValidCaptureSwitchValue/file_passive
=== RUN   TestLoadForCapture_AppliesEveryValidCaptureSwitchValue/environment_passive
=== RUN   TestLoadForCapture_AppliesEveryValidCaptureSwitchValue/file_off
=== RUN   TestLoadForCapture_AppliesEveryValidCaptureSwitchValue/environment_off
--- PASS: TestLoadForCapture_AppliesEveryValidCaptureSwitchValue (0.14s)
    --- PASS: TestLoadForCapture_AppliesEveryValidCaptureSwitchValue/file_auto (0.03s)
    --- PASS: TestLoadForCapture_AppliesEveryValidCaptureSwitchValue/environment_auto (0.01s)
    --- PASS: TestLoadForCapture_AppliesEveryValidCaptureSwitchValue/file_full (0.03s)
    --- PASS: TestLoadForCapture_AppliesEveryValidCaptureSwitchValue/environment_full (0.02s)
    --- PASS: TestLoadForCapture_AppliesEveryValidCaptureSwitchValue/file_passive (0.03s)
    --- PASS: TestLoadForCapture_AppliesEveryValidCaptureSwitchValue/environment_passive (0.01s)
    --- PASS: TestLoadForCapture_AppliesEveryValidCaptureSwitchValue/file_off (0.01s)
    --- PASS: TestLoadForCapture_AppliesEveryValidCaptureSwitchValue/environment_off (0.01s)
=== RUN   TestLoadForCapture_CaptureSwitchAncestorProblemDoesNotRefuse
--- PASS: TestLoadForCapture_CaptureSwitchAncestorProblemDoesNotRefuse (0.04s)
=== RUN   TestLoadForCapture_PolicyAncestorProblemDoesNotRefuse
--- PASS: TestLoadForCapture_PolicyAncestorProblemDoesNotRefuse (0.02s)
=== RUN   TestLoadForCapture_ReturnsWhatItDidNotApply
--- PASS: TestLoadForCapture_ReturnsWhatItDidNotApply (0.02s)
=== RUN   TestLoadForCapture_RefusalNamesItsStructuralClassOnly
=== RUN   TestLoadForCapture_RefusalNamesItsStructuralClassOnly/relative_root
=== RUN   TestLoadForCapture_RefusalNamesItsStructuralClassOnly/project_file_not_strict_JSONC
=== RUN   TestLoadForCapture_RefusalNamesItsStructuralClassOnly/user_file_not_a_regular_leaf
=== RUN   TestLoadForCapture_RefusalNamesItsStructuralClassOnly/oversize_flag
--- PASS: TestLoadForCapture_RefusalNamesItsStructuralClassOnly (0.06s)
    --- PASS: TestLoadForCapture_RefusalNamesItsStructuralClassOnly/relative_root (0.01s)
    --- PASS: TestLoadForCapture_RefusalNamesItsStructuralClassOnly/project_file_not_strict_JSONC (0.03s)
    --- PASS: TestLoadForCapture_RefusalNamesItsStructuralClassOnly/user_file_not_a_regular_leaf (0.01s)
    --- PASS: TestLoadForCapture_RefusalNamesItsStructuralClassOnly/oversize_flag (0.01s)
=== RUN   TestLoadForCapture_ClampsViolationsInsteadOfRefusing
=== RUN   TestLoadForCapture_ClampsViolationsInsteadOfRefusing/hardwired-off_switch
=== RUN   TestLoadForCapture_ClampsViolationsInsteadOfRefusing/payload_bound_above_the_hard_capture_cap
=== RUN   TestLoadForCapture_ClampsViolationsInsteadOfRefusing/relational_invalidity
=== RUN   TestLoadForCapture_ClampsViolationsInsteadOfRefusing/future_migration_version
=== RUN   TestLoadForCapture_ClampsViolationsInsteadOfRefusing/future_phase7_version
--- PASS: TestLoadForCapture_ClampsViolationsInsteadOfRefusing (0.20s)
    --- PASS: TestLoadForCapture_ClampsViolationsInsteadOfRefusing/hardwired-off_switch (0.03s)
    --- PASS: TestLoadForCapture_ClampsViolationsInsteadOfRefusing/payload_bound_above_the_hard_capture_cap (0.09s)
    --- PASS: TestLoadForCapture_ClampsViolationsInsteadOfRefusing/relational_invalidity (0.03s)
    --- PASS: TestLoadForCapture_ClampsViolationsInsteadOfRefusing/future_migration_version (0.02s)
    --- PASS: TestLoadForCapture_ClampsViolationsInsteadOfRefusing/future_phase7_version (0.03s)
=== RUN   TestLoadAndLoadForCapture_AgreeOnNewerSettingsVersion
=== RUN   TestLoadAndLoadForCapture_AgreeOnNewerSettingsVersion/migration
=== RUN   TestLoadAndLoadForCapture_AgreeOnNewerSettingsVersion/phase7
--- PASS: TestLoadAndLoadForCapture_AgreeOnNewerSettingsVersion (0.03s)
    --- PASS: TestLoadAndLoadForCapture_AgreeOnNewerSettingsVersion/migration (0.02s)
    --- PASS: TestLoadAndLoadForCapture_AgreeOnNewerSettingsVersion/phase7 (0.01s)
=== RUN   TestLoadForCapture_CleanConfigReturnsNoViolations
--- PASS: TestLoadForCapture_CleanConfigReturnsNoViolations (0.02s)
=== RUN   TestLoad_UnrepresentableLeafWarnsWithoutResettingEverything
=== RUN   TestLoad_UnrepresentableLeafWarnsWithoutResettingEverything/nonfinite_environment_value
=== RUN   TestLoad_UnrepresentableLeafWarnsWithoutResettingEverything/infinite_flag_value
=== RUN   TestLoad_UnrepresentableLeafWarnsWithoutResettingEverything/integer_beyond_the_platform_int
=== RUN   TestLoad_UnrepresentableLeafWarnsWithoutResettingEverything/largest_int64_environment_value
=== RUN   TestLoad_UnrepresentableLeafWarnsWithoutResettingEverything/largest_int64_flag_value
=== RUN   TestLoad_UnrepresentableLeafWarnsWithoutResettingEverything/largest_int64_literal_in_a_file
--- PASS: TestLoad_UnrepresentableLeafWarnsWithoutResettingEverything (0.44s)
    --- PASS: TestLoad_UnrepresentableLeafWarnsWithoutResettingEverything/nonfinite_environment_value (0.01s)
    --- PASS: TestLoad_UnrepresentableLeafWarnsWithoutResettingEverything/infinite_flag_value (0.02s)
    --- PASS: TestLoad_UnrepresentableLeafWarnsWithoutResettingEverything/integer_beyond_the_platform_int (0.03s)
    --- PASS: TestLoad_UnrepresentableLeafWarnsWithoutResettingEverything/largest_int64_environment_value (0.06s)
    --- PASS: TestLoad_UnrepresentableLeafWarnsWithoutResettingEverything/largest_int64_flag_value (0.02s)
    --- PASS: TestLoad_UnrepresentableLeafWarnsWithoutResettingEverything/largest_int64_literal_in_a_file (0.30s)
PASS
ok  	github.com/qompack/qompack/internal/config	3.884s
exit=0
