# review: finding 2 fix applied (refuseSwitch), config focused incl. the old mode=sideways per-leaf examples (predicted to fail: criterion change), 2026-09-22T22:29:55Z, windows
=== RUN   TestLoadForCapture_PerLeafProblemsFallBackInsteadOfRefusing
=== RUN   TestLoadForCapture_PerLeafProblemsFallBackInsteadOfRefusing/unknown_top-level_key
=== RUN   TestLoadForCapture_PerLeafProblemsFallBackInsteadOfRefusing/unknown_nested_key
=== RUN   TestLoadForCapture_PerLeafProblemsFallBackInsteadOfRefusing/wrong_leaf_type
=== RUN   TestLoadForCapture_PerLeafProblemsFallBackInsteadOfRefusing/wrong_leaf_type_keeps_the_lower_layer
=== RUN   TestLoadForCapture_PerLeafProblemsFallBackInsteadOfRefusing/section_that_is_not_an_object
=== RUN   TestLoadForCapture_PerLeafProblemsFallBackInsteadOfRefusing/integer_leaf_beyond_the_platform_int
=== RUN   TestLoadForCapture_PerLeafProblemsFallBackInsteadOfRefusing/invalid_value_beside_an_unknown_key
    capture_load_fallback_test.go:157: 
        	Error Trace:	C:/Users/Quant/Documents/Programming/Projects/qompack-cx-config/internal/config/capture_load_fallback_test.go:157
        	Error:      	Received unexpected error:
        	            	qompack: running in degraded mode: capture configuration unavailable: a runtime.mode setting cannot be applied as written, and the capture on/off switch has no per-leaf fallback
        	Test:       	TestLoadForCapture_PerLeafProblemsFallBackInsteadOfRefusing/invalid_value_beside_an_unknown_key
        	Messages:   	a per-leaf problem must not refuse the whole capture
=== RUN   TestLoadForCapture_PerLeafProblemsFallBackInsteadOfRefusing/unparseable_environment_value
=== RUN   TestLoadForCapture_PerLeafProblemsFallBackInsteadOfRefusing/nonfinite_environment_value
=== RUN   TestLoadForCapture_PerLeafProblemsFallBackInsteadOfRefusing/largest_int64_environment_value
=== RUN   TestLoadForCapture_PerLeafProblemsFallBackInsteadOfRefusing/largest_int64_flag_value
=== RUN   TestLoadForCapture_PerLeafProblemsFallBackInsteadOfRefusing/unknown_flag
=== RUN   TestLoadForCapture_PerLeafProblemsFallBackInsteadOfRefusing/nonfinite_flag_value
=== RUN   TestLoadForCapture_PerLeafProblemsFallBackInsteadOfRefusing/unparseable_flag_value
--- FAIL: TestLoadForCapture_PerLeafProblemsFallBackInsteadOfRefusing (11.18s)
    --- PASS: TestLoadForCapture_PerLeafProblemsFallBackInsteadOfRefusing/unknown_top-level_key (0.94s)
    --- PASS: TestLoadForCapture_PerLeafProblemsFallBackInsteadOfRefusing/unknown_nested_key (1.41s)
    --- PASS: TestLoadForCapture_PerLeafProblemsFallBackInsteadOfRefusing/wrong_leaf_type (0.89s)
    --- PASS: TestLoadForCapture_PerLeafProblemsFallBackInsteadOfRefusing/wrong_leaf_type_keeps_the_lower_layer (0.84s)
    --- PASS: TestLoadForCapture_PerLeafProblemsFallBackInsteadOfRefusing/section_that_is_not_an_object (3.15s)
    --- PASS: TestLoadForCapture_PerLeafProblemsFallBackInsteadOfRefusing/integer_leaf_beyond_the_platform_int (0.59s)
    --- FAIL: TestLoadForCapture_PerLeafProblemsFallBackInsteadOfRefusing/invalid_value_beside_an_unknown_key (0.98s)
    --- PASS: TestLoadForCapture_PerLeafProblemsFallBackInsteadOfRefusing/unparseable_environment_value (0.39s)
    --- PASS: TestLoadForCapture_PerLeafProblemsFallBackInsteadOfRefusing/nonfinite_environment_value (0.51s)
    --- PASS: TestLoadForCapture_PerLeafProblemsFallBackInsteadOfRefusing/largest_int64_environment_value (0.62s)
    --- PASS: TestLoadForCapture_PerLeafProblemsFallBackInsteadOfRefusing/largest_int64_flag_value (0.25s)
    --- PASS: TestLoadForCapture_PerLeafProblemsFallBackInsteadOfRefusing/unknown_flag (0.19s)
    --- PASS: TestLoadForCapture_PerLeafProblemsFallBackInsteadOfRefusing/nonfinite_flag_value (0.17s)
    --- PASS: TestLoadForCapture_PerLeafProblemsFallBackInsteadOfRefusing/unparseable_flag_value (0.24s)
=== RUN   TestLoadForCapture_AgreesWithLoadOnEveryPerLeafProblem
=== RUN   TestLoadForCapture_AgreesWithLoadOnEveryPerLeafProblem/unknown_top-level_key
=== RUN   TestLoadForCapture_AgreesWithLoadOnEveryPerLeafProblem/unknown_nested_key
=== RUN   TestLoadForCapture_AgreesWithLoadOnEveryPerLeafProblem/wrong_leaf_type
=== RUN   TestLoadForCapture_AgreesWithLoadOnEveryPerLeafProblem/wrong_leaf_type_keeps_the_lower_layer
=== RUN   TestLoadForCapture_AgreesWithLoadOnEveryPerLeafProblem/section_that_is_not_an_object
=== RUN   TestLoadForCapture_AgreesWithLoadOnEveryPerLeafProblem/integer_leaf_beyond_the_platform_int
=== RUN   TestLoadForCapture_AgreesWithLoadOnEveryPerLeafProblem/invalid_value_beside_an_unknown_key
    capture_load_fallback_test.go:179: 
        	Error Trace:	C:/Users/Quant/Documents/Programming/Projects/qompack-cx-config/internal/config/capture_load_fallback_test.go:179
        	Error:      	Received unexpected error:
        	            	qompack: running in degraded mode: capture configuration unavailable: a runtime.mode setting cannot be applied as written, and the capture on/off switch has no per-leaf fallback
        	Test:       	TestLoadForCapture_AgreesWithLoadOnEveryPerLeafProblem/invalid_value_beside_an_unknown_key
=== RUN   TestLoadForCapture_AgreesWithLoadOnEveryPerLeafProblem/unparseable_environment_value
=== RUN   TestLoadForCapture_AgreesWithLoadOnEveryPerLeafProblem/nonfinite_environment_value
=== RUN   TestLoadForCapture_AgreesWithLoadOnEveryPerLeafProblem/largest_int64_environment_value
=== RUN   TestLoadForCapture_AgreesWithLoadOnEveryPerLeafProblem/largest_int64_flag_value
=== RUN   TestLoadForCapture_AgreesWithLoadOnEveryPerLeafProblem/unknown_flag
=== RUN   TestLoadForCapture_AgreesWithLoadOnEveryPerLeafProblem/nonfinite_flag_value
=== RUN   TestLoadForCapture_AgreesWithLoadOnEveryPerLeafProblem/unparseable_flag_value
--- FAIL: TestLoadForCapture_AgreesWithLoadOnEveryPerLeafProblem (11.32s)
    --- PASS: TestLoadForCapture_AgreesWithLoadOnEveryPerLeafProblem/unknown_top-level_key (2.90s)
    --- PASS: TestLoadForCapture_AgreesWithLoadOnEveryPerLeafProblem/unknown_nested_key (0.21s)
    --- PASS: TestLoadForCapture_AgreesWithLoadOnEveryPerLeafProblem/wrong_leaf_type (0.32s)
    --- PASS: TestLoadForCapture_AgreesWithLoadOnEveryPerLeafProblem/wrong_leaf_type_keeps_the_lower_layer (0.30s)
    --- PASS: TestLoadForCapture_AgreesWithLoadOnEveryPerLeafProblem/section_that_is_not_an_object (0.16s)
    --- PASS: TestLoadForCapture_AgreesWithLoadOnEveryPerLeafProblem/integer_leaf_beyond_the_platform_int (0.06s)
    --- FAIL: TestLoadForCapture_AgreesWithLoadOnEveryPerLeafProblem/invalid_value_beside_an_unknown_key (0.05s)
    --- PASS: TestLoadForCapture_AgreesWithLoadOnEveryPerLeafProblem/unparseable_environment_value (0.02s)
    --- PASS: TestLoadForCapture_AgreesWithLoadOnEveryPerLeafProblem/nonfinite_environment_value (0.03s)
    --- PASS: TestLoadForCapture_AgreesWithLoadOnEveryPerLeafProblem/largest_int64_environment_value (2.45s)
    --- PASS: TestLoadForCapture_AgreesWithLoadOnEveryPerLeafProblem/largest_int64_flag_value (2.98s)
    --- PASS: TestLoadForCapture_AgreesWithLoadOnEveryPerLeafProblem/unknown_flag (0.79s)
    --- PASS: TestLoadForCapture_AgreesWithLoadOnEveryPerLeafProblem/nonfinite_flag_value (0.66s)
    --- PASS: TestLoadForCapture_AgreesWithLoadOnEveryPerLeafProblem/unparseable_flag_value (0.37s)
=== RUN   TestLoadForCapture_RefusesAnyPrivacyPolicyProblem
=== RUN   TestLoadForCapture_RefusesAnyPrivacyPolicyProblem/policy_leaf_of_the_wrong_type
=== RUN   TestLoadForCapture_RefusesAnyPrivacyPolicyProblem/mistyped_enable_over_a_lower_layer's_disable
=== RUN   TestLoadForCapture_RefusesAnyPrivacyPolicyProblem/unknown_key_inside_the_policy
=== RUN   TestLoadForCapture_RefusesAnyPrivacyPolicyProblem/policy_section_that_is_not_an_object
=== RUN   TestLoadForCapture_RefusesAnyPrivacyPolicyProblem/unparseable_environment_value_for_a_policy_leaf
=== RUN   TestLoadForCapture_RefusesAnyPrivacyPolicyProblem/unparseable_flag_value_for_a_policy_leaf
=== RUN   TestLoadForCapture_RefusesAnyPrivacyPolicyProblem/unknown_flag_inside_the_policy
--- PASS: TestLoadForCapture_RefusesAnyPrivacyPolicyProblem (2.54s)
    --- PASS: TestLoadForCapture_RefusesAnyPrivacyPolicyProblem/policy_leaf_of_the_wrong_type (0.31s)
    --- PASS: TestLoadForCapture_RefusesAnyPrivacyPolicyProblem/mistyped_enable_over_a_lower_layer's_disable (0.36s)
    --- PASS: TestLoadForCapture_RefusesAnyPrivacyPolicyProblem/unknown_key_inside_the_policy (0.36s)
    --- PASS: TestLoadForCapture_RefusesAnyPrivacyPolicyProblem/policy_section_that_is_not_an_object (0.39s)
    --- PASS: TestLoadForCapture_RefusesAnyPrivacyPolicyProblem/unparseable_environment_value_for_a_policy_leaf (0.36s)
    --- PASS: TestLoadForCapture_RefusesAnyPrivacyPolicyProblem/unparseable_flag_value_for_a_policy_leaf (0.33s)
    --- PASS: TestLoadForCapture_RefusesAnyPrivacyPolicyProblem/unknown_flag_inside_the_policy (0.42s)
=== RUN   TestLoadForCapture_RefusesAnyCaptureSwitchProblem
=== RUN   TestLoadForCapture_RefusesAnyCaptureSwitchProblem/value_outside_the_enum
=== RUN   TestLoadForCapture_RefusesAnyCaptureSwitchProblem/off_in_the_wrong_case
=== RUN   TestLoadForCapture_RefusesAnyCaptureSwitchProblem/wrong_type
=== RUN   TestLoadForCapture_RefusesAnyCaptureSwitchProblem/wrong_type_over_a_lower_layer's_off
=== RUN   TestLoadForCapture_RefusesAnyCaptureSwitchProblem/value_outside_the_enum_over_a_lower_layer's_off
=== RUN   TestLoadForCapture_RefusesAnyCaptureSwitchProblem/object_where_the_switch_belongs
=== RUN   TestLoadForCapture_RefusesAnyCaptureSwitchProblem/environment_value_outside_the_enum
=== RUN   TestLoadForCapture_RefusesAnyCaptureSwitchProblem/flag_value_outside_the_enum
=== RUN   TestLoadForCapture_RefusesAnyCaptureSwitchProblem/unknown_flag_under_the_switch
--- PASS: TestLoadForCapture_RefusesAnyCaptureSwitchProblem (3.98s)
    --- PASS: TestLoadForCapture_RefusesAnyCaptureSwitchProblem/value_outside_the_enum (0.50s)
    --- PASS: TestLoadForCapture_RefusesAnyCaptureSwitchProblem/off_in_the_wrong_case (0.40s)
    --- PASS: TestLoadForCapture_RefusesAnyCaptureSwitchProblem/wrong_type (0.31s)
    --- PASS: TestLoadForCapture_RefusesAnyCaptureSwitchProblem/wrong_type_over_a_lower_layer's_off (0.90s)
    --- PASS: TestLoadForCapture_RefusesAnyCaptureSwitchProblem/value_outside_the_enum_over_a_lower_layer's_off (0.92s)
    --- PASS: TestLoadForCapture_RefusesAnyCaptureSwitchProblem/object_where_the_switch_belongs (0.40s)
    --- PASS: TestLoadForCapture_RefusesAnyCaptureSwitchProblem/environment_value_outside_the_enum (0.21s)
    --- PASS: TestLoadForCapture_RefusesAnyCaptureSwitchProblem/flag_value_outside_the_enum (0.15s)
    --- PASS: TestLoadForCapture_RefusesAnyCaptureSwitchProblem/unknown_flag_under_the_switch (0.19s)
=== RUN   TestLoadForCapture_AppliesEveryValidCaptureSwitchValue
=== RUN   TestLoadForCapture_AppliesEveryValidCaptureSwitchValue/file_auto
=== RUN   TestLoadForCapture_AppliesEveryValidCaptureSwitchValue/environment_auto
=== RUN   TestLoadForCapture_AppliesEveryValidCaptureSwitchValue/file_full
=== RUN   TestLoadForCapture_AppliesEveryValidCaptureSwitchValue/environment_full
=== RUN   TestLoadForCapture_AppliesEveryValidCaptureSwitchValue/file_passive
=== RUN   TestLoadForCapture_AppliesEveryValidCaptureSwitchValue/environment_passive
=== RUN   TestLoadForCapture_AppliesEveryValidCaptureSwitchValue/file_off
=== RUN   TestLoadForCapture_AppliesEveryValidCaptureSwitchValue/environment_off
--- PASS: TestLoadForCapture_AppliesEveryValidCaptureSwitchValue (2.66s)
    --- PASS: TestLoadForCapture_AppliesEveryValidCaptureSwitchValue/file_auto (0.39s)
    --- PASS: TestLoadForCapture_AppliesEveryValidCaptureSwitchValue/environment_auto (0.24s)
    --- PASS: TestLoadForCapture_AppliesEveryValidCaptureSwitchValue/file_full (0.60s)
    --- PASS: TestLoadForCapture_AppliesEveryValidCaptureSwitchValue/environment_full (0.21s)
    --- PASS: TestLoadForCapture_AppliesEveryValidCaptureSwitchValue/file_passive (0.55s)
    --- PASS: TestLoadForCapture_AppliesEveryValidCaptureSwitchValue/environment_passive (0.29s)
    --- PASS: TestLoadForCapture_AppliesEveryValidCaptureSwitchValue/file_off (0.19s)
    --- PASS: TestLoadForCapture_AppliesEveryValidCaptureSwitchValue/environment_off (0.20s)
=== RUN   TestLoadForCapture_CaptureSwitchAncestorProblemDoesNotRefuse
--- PASS: TestLoadForCapture_CaptureSwitchAncestorProblemDoesNotRefuse (0.52s)
=== RUN   TestLoadForCapture_PolicyAncestorProblemDoesNotRefuse
--- PASS: TestLoadForCapture_PolicyAncestorProblemDoesNotRefuse (0.31s)
=== RUN   TestLoadForCapture_ReturnsWhatItDidNotApply
    capture_load_test.go:378: 
        	Error Trace:	C:/Users/Quant/Documents/Programming/Projects/qompack-cx-config/internal/config/capture_load_test.go:378
        	Error:      	Received unexpected error:
        	            	qompack: running in degraded mode: capture configuration unavailable: a runtime.mode setting cannot be applied as written, and the capture on/off switch has no per-leaf fallback
        	Test:       	TestLoadForCapture_ReturnsWhatItDidNotApply
--- FAIL: TestLoadForCapture_ReturnsWhatItDidNotApply (0.26s)
FAIL
FAIL	github.com/qompack/qompack/internal/config	34.223s
FAIL
exit=1
