# review green: finding 2 fix + criterion-changed inputs, cli focused, 2026-09-22T22:34:53Z, windows
=== RUN   TestBackupCLI_ConsistentRestoreRetainsLaterSourceWrites
--- PASS: TestBackupCLI_ConsistentRestoreRetainsLaterSourceWrites (5.51s)
=== RUN   TestBackupCLI_RefusesLiveWriterAndDoesNotOpenStore
--- PASS: TestBackupCLI_RefusesLiveWriterAndDoesNotOpenStore (3.00s)
=== RUN   TestBackupCLI_UncertifiedSnapshotIsRefusedByEveryReader
--- PASS: TestBackupCLI_UncertifiedSnapshotIsRefusedByEveryReader (3.74s)
=== RUN   TestHookCapture_RedactsBeforeEveryLegacySpoolMode
=== RUN   TestHookCapture_RedactsBeforeEveryLegacySpoolMode/connect_failure/observe_tool
=== RUN   TestHookCapture_RedactsBeforeEveryLegacySpoolMode/connect_failure/observe_prompt
=== RUN   TestHookCapture_RedactsBeforeEveryLegacySpoolMode/connect_failure/observe_stop
=== RUN   TestHookCapture_RedactsBeforeEveryLegacySpoolMode/connect_failure/session-start
=== RUN   TestHookCapture_RedactsBeforeEveryLegacySpoolMode/connect_failure/checkpoint
=== RUN   TestHookCapture_RedactsBeforeEveryLegacySpoolMode/connect_failure/flush
=== RUN   TestHookCapture_RedactsBeforeEveryLegacySpoolMode/hot_spool/observe_tool
=== RUN   TestHookCapture_RedactsBeforeEveryLegacySpoolMode/hot_spool/observe_prompt
=== RUN   TestHookCapture_RedactsBeforeEveryLegacySpoolMode/hot_spool/observe_stop
=== RUN   TestHookCapture_RedactsBeforeEveryLegacySpoolMode/hot_spool/session-start
=== RUN   TestHookCapture_RedactsBeforeEveryLegacySpoolMode/hot_spool/checkpoint
=== RUN   TestHookCapture_RedactsBeforeEveryLegacySpoolMode/hot_spool/flush
=== RUN   TestHookCapture_RedactsBeforeEveryLegacySpoolMode/daemon_disabled/observe_tool
=== RUN   TestHookCapture_RedactsBeforeEveryLegacySpoolMode/daemon_disabled/observe_prompt
=== RUN   TestHookCapture_RedactsBeforeEveryLegacySpoolMode/daemon_disabled/observe_stop
=== RUN   TestHookCapture_RedactsBeforeEveryLegacySpoolMode/daemon_disabled/session-start
=== RUN   TestHookCapture_RedactsBeforeEveryLegacySpoolMode/daemon_disabled/checkpoint
=== RUN   TestHookCapture_RedactsBeforeEveryLegacySpoolMode/daemon_disabled/flush
--- PASS: TestHookCapture_RedactsBeforeEveryLegacySpoolMode (8.61s)
    --- PASS: TestHookCapture_RedactsBeforeEveryLegacySpoolMode/connect_failure/observe_tool (0.38s)
    --- PASS: TestHookCapture_RedactsBeforeEveryLegacySpoolMode/connect_failure/observe_prompt (0.39s)
    --- PASS: TestHookCapture_RedactsBeforeEveryLegacySpoolMode/connect_failure/observe_stop (0.28s)
    --- PASS: TestHookCapture_RedactsBeforeEveryLegacySpoolMode/connect_failure/session-start (0.43s)
    --- PASS: TestHookCapture_RedactsBeforeEveryLegacySpoolMode/connect_failure/checkpoint (0.51s)
    --- PASS: TestHookCapture_RedactsBeforeEveryLegacySpoolMode/connect_failure/flush (0.34s)
    --- PASS: TestHookCapture_RedactsBeforeEveryLegacySpoolMode/hot_spool/observe_tool (0.35s)
    --- PASS: TestHookCapture_RedactsBeforeEveryLegacySpoolMode/hot_spool/observe_prompt (0.57s)
    --- PASS: TestHookCapture_RedactsBeforeEveryLegacySpoolMode/hot_spool/observe_stop (0.71s)
    --- PASS: TestHookCapture_RedactsBeforeEveryLegacySpoolMode/hot_spool/session-start (0.30s)
    --- PASS: TestHookCapture_RedactsBeforeEveryLegacySpoolMode/hot_spool/checkpoint (0.75s)
    --- PASS: TestHookCapture_RedactsBeforeEveryLegacySpoolMode/hot_spool/flush (0.49s)
    --- PASS: TestHookCapture_RedactsBeforeEveryLegacySpoolMode/daemon_disabled/observe_tool (0.41s)
    --- PASS: TestHookCapture_RedactsBeforeEveryLegacySpoolMode/daemon_disabled/observe_prompt (0.59s)
    --- PASS: TestHookCapture_RedactsBeforeEveryLegacySpoolMode/daemon_disabled/observe_stop (1.01s)
    --- PASS: TestHookCapture_RedactsBeforeEveryLegacySpoolMode/daemon_disabled/session-start (0.29s)
    --- PASS: TestHookCapture_RedactsBeforeEveryLegacySpoolMode/daemon_disabled/checkpoint (0.33s)
    --- PASS: TestHookCapture_RedactsBeforeEveryLegacySpoolMode/daemon_disabled/flush (0.48s)
=== RUN   TestHookCapture_RefusesBeforeSpoolAndDaemonStart
=== RUN   TestHookCapture_RefusesBeforeSpoolAndDaemonStart/{"runtime":
=== RUN   TestHookCapture_RefusesBeforeSpoolAndDaemonStart/{"runtime":{"redact":{"patterns":"PRIVATE-ABCDEFGHIJKL"}}}
=== RUN   TestHookCapture_RefusesBeforeSpoolAndDaemonStart/{"runtime":{"redact":{"patterns":["["]}}}
=== RUN   TestHookCapture_RefusesBeforeSpoolAndDaemonStart/{"runtime":{"redact":{"enabled":false,"enabled":true}}}
=== RUN   TestHookCapture_RefusesBeforeSpoolAndDaemonStart/{"runtime":{"mode":"OFF"}}
=== RUN   TestHookCapture_RefusesBeforeSpoolAndDaemonStart/{"runtime":{"mode":false}}
--- PASS: TestHookCapture_RefusesBeforeSpoolAndDaemonStart (0.39s)
    --- PASS: TestHookCapture_RefusesBeforeSpoolAndDaemonStart/{"runtime": (0.06s)
    --- PASS: TestHookCapture_RefusesBeforeSpoolAndDaemonStart/{"runtime":{"redact":{"patterns":"PRIVATE-ABCDEFGHIJKL"}}} (0.05s)
    --- PASS: TestHookCapture_RefusesBeforeSpoolAndDaemonStart/{"runtime":{"redact":{"patterns":["["]}}} (0.06s)
    --- PASS: TestHookCapture_RefusesBeforeSpoolAndDaemonStart/{"runtime":{"redact":{"enabled":false,"enabled":true}}} (0.04s)
    --- PASS: TestHookCapture_RefusesBeforeSpoolAndDaemonStart/{"runtime":{"mode":"OFF"}} (0.07s)
    --- PASS: TestHookCapture_RefusesBeforeSpoolAndDaemonStart/{"runtime":{"mode":false}} (0.10s)
=== RUN   TestHookCapture_RejectsInvalidInputWithoutPrivateDiagnostics
--- PASS: TestHookCapture_RejectsInvalidInputWithoutPrivateDiagnostics (0.07s)
=== RUN   TestHookCapture_DestinationCannotWeakenInitialPolicy
=== RUN   TestHookCapture_DestinationCannotWeakenInitialPolicy/source_policy
=== RUN   TestHookCapture_DestinationCannotWeakenInitialPolicy/destination_policy
=== RUN   TestHookCapture_DestinationCannotWeakenInitialPolicy/destination_invalid
=== RUN   TestHookCapture_DestinationCannotWeakenInitialPolicy/destination_changes_cwd
--- PASS: TestHookCapture_DestinationCannotWeakenInitialPolicy (0.48s)
    --- PASS: TestHookCapture_DestinationCannotWeakenInitialPolicy/source_policy (0.18s)
    --- PASS: TestHookCapture_DestinationCannotWeakenInitialPolicy/destination_policy (0.09s)
    --- PASS: TestHookCapture_DestinationCannotWeakenInitialPolicy/destination_invalid (0.03s)
    --- PASS: TestHookCapture_DestinationCannotWeakenInitialPolicy/destination_changes_cwd (0.19s)
=== RUN   TestHookCapture_CompositionPreservesEarlierFacts
--- PASS: TestHookCapture_CompositionPreservesEarlierFacts (0.00s)
=== RUN   TestHookCapture_HardBoundPrecedesConfiguration
--- PASS: TestHookCapture_HardBoundPrecedesConfiguration (0.13s)
=== RUN   TestHookCapture_HardCapMatchesTheValidationBound
--- PASS: TestHookCapture_HardCapMatchesTheValidationBound (0.00s)
=== RUN   TestHookCapture_ConfigViolationClampsAndIsRecorded
=== RUN   TestHookCapture_ConfigViolationClampsAndIsRecorded/hardwired-off_switch
=== RUN   TestHookCapture_ConfigViolationClampsAndIsRecorded/newer_settingsVersion
--- PASS: TestHookCapture_ConfigViolationClampsAndIsRecorded (0.31s)
    --- PASS: TestHookCapture_ConfigViolationClampsAndIsRecorded/hardwired-off_switch (0.20s)
    --- PASS: TestHookCapture_ConfigViolationClampsAndIsRecorded/newer_settingsVersion (0.12s)
=== RUN   TestHookCapture_NoViolationWritesNothing
--- PASS: TestHookCapture_NoViolationWritesNothing (0.02s)
=== RUN   TestHookCapture_GatedSwitchClampsRatherThanDisablingCapture
--- PASS: TestHookCapture_GatedSwitchClampsRatherThanDisablingCapture (0.09s)
=== RUN   TestSelfTest_ReportsACaptureConfigRefusal
--- PASS: TestSelfTest_ReportsACaptureConfigRefusal (0.41s)
=== RUN   TestSelfTest_ReportsACaptureSwitchRefusal
--- PASS: TestSelfTest_ReportsACaptureSwitchRefusal (0.34s)
=== RUN   TestSelfTest_ReportsACaptureConfigDegradation
--- PASS: TestSelfTest_ReportsACaptureConfigDegradation (0.34s)
=== RUN   TestSelfTest_CleanCaptureConfigIsOK
--- PASS: TestSelfTest_CleanCaptureConfigIsOK (0.18s)
=== RUN   TestDoctor_ReportsTheCaptureConfiguration
=== RUN   TestDoctor_ReportsTheCaptureConfiguration/clean
=== RUN   TestDoctor_ReportsTheCaptureConfiguration/refused
=== RUN   TestDoctor_ReportsTheCaptureConfiguration/refused_switch
=== RUN   TestDoctor_ReportsTheCaptureConfiguration/degraded
--- PASS: TestDoctor_ReportsTheCaptureConfiguration (0.21s)
    --- PASS: TestDoctor_ReportsTheCaptureConfiguration/clean (0.07s)
    --- PASS: TestDoctor_ReportsTheCaptureConfiguration/refused (0.03s)
    --- PASS: TestDoctor_ReportsTheCaptureConfiguration/refused_switch (0.06s)
    --- PASS: TestDoctor_ReportsTheCaptureConfiguration/degraded (0.05s)
=== RUN   TestDoctor_CaptureConfigResolvesARelativeProject
--- PASS: TestDoctor_CaptureConfigResolvesARelativeProject (0.09s)
=== RUN   TestHookCapture_UnknownKeyAndInvalidLeafStillCapture
--- PASS: TestHookCapture_UnknownKeyAndInvalidLeafStillCapture (0.19s)
=== RUN   TestHookCapture_UnappliableCaptureSwitchRecordsNothing
--- PASS: TestHookCapture_UnappliableCaptureSwitchRecordsNothing (0.13s)
=== RUN   TestHookCapture_MistypedLeafStillCaptures
--- PASS: TestHookCapture_MistypedLeafStillCaptures (0.12s)
=== RUN   TestHookCapture_ShortReadIsRecordedAsPartial
--- PASS: TestHookCapture_ShortReadIsRecordedAsPartial (0.05s)
=== RUN   TestHookCapture_OversizeRetainsClassificationWithoutOpaqueBytes
--- PASS: TestHookCapture_OversizeRetainsClassificationWithoutOpaqueBytes (0.34s)
=== RUN   TestHookCapture_BinaryPayloadIsClassifiedNotSilentlyRejected
--- PASS: TestHookCapture_BinaryPayloadIsClassifiedNotSilentlyRejected (0.02s)
=== RUN   TestHookCapture_AdmittedPayloadRecordsObservedHostFields
--- PASS: TestHookCapture_AdmittedPayloadRecordsObservedHostFields (0.02s)
=== RUN   TestHookCapture_DeliveryNonceAndCaptureReachTheSpooledRequest
--- PASS: TestHookCapture_DeliveryNonceAndCaptureReachTheSpooledRequest (0.20s)
=== RUN   TestHookCapture_FaultsCannotBypassAdmission
=== RUN   TestHookCapture_FaultsCannotBypassAdmission/oversize
=== RUN   TestHookCapture_FaultsCannotBypassAdmission/config-corrupt
--- PASS: TestHookCapture_FaultsCannotBypassAdmission (0.33s)
    --- PASS: TestHookCapture_FaultsCannotBypassAdmission/oversize (0.23s)
    --- PASS: TestHookCapture_FaultsCannotBypassAdmission/config-corrupt (0.10s)
=== RUN   TestSelfTest_ConfigCorruptFallsBackButReportsTheRefusedCapture
--- PASS: TestSelfTest_ConfigCorruptFallsBackButReportsTheRefusedCapture (0.33s)
=== RUN   TestSelfTest_ExitsZeroOnHealthyProject
--- PASS: TestSelfTest_ExitsZeroOnHealthyProject (0.21s)
=== RUN   TestSelfTest_ExitsNonZeroOnCritical
--- PASS: TestSelfTest_ExitsNonZeroOnCritical (0.28s)
=== RUN   TestSelfTest_TableModeWritesAReadableSummary
--- PASS: TestSelfTest_TableModeWritesAReadableSummary (0.21s)
=== RUN   TestSelfTest_RegisteredInAll
--- PASS: TestSelfTest_RegisteredInAll (0.00s)
PASS
ok  	github.com/qompack/qompack/internal/cli	26.583s
exit=0
