# review green: finding 1 fix (parseLeafString at strconv.IntSize + float bound), 2026-09-22T22:20:57Z, windows/amd64
=== RUN   TestLoadForCapture_PerLeafProblemsFallBackInsteadOfRefusing
=== RUN   TestLoadForCapture_PerLeafProblemsFallBackInsteadOfRefusing/unknown_top-level_key
=== RUN   TestLoadForCapture_PerLeafProblemsFallBackInsteadOfRefusing/unknown_nested_key
=== RUN   TestLoadForCapture_PerLeafProblemsFallBackInsteadOfRefusing/wrong_leaf_type
=== RUN   TestLoadForCapture_PerLeafProblemsFallBackInsteadOfRefusing/wrong_leaf_type_keeps_the_lower_layer
=== RUN   TestLoadForCapture_PerLeafProblemsFallBackInsteadOfRefusing/section_that_is_not_an_object
=== RUN   TestLoadForCapture_PerLeafProblemsFallBackInsteadOfRefusing/integer_leaf_beyond_the_platform_int
=== RUN   TestLoadForCapture_PerLeafProblemsFallBackInsteadOfRefusing/invalid_value_beside_an_unknown_key
=== RUN   TestLoadForCapture_PerLeafProblemsFallBackInsteadOfRefusing/unparseable_environment_value
=== RUN   TestLoadForCapture_PerLeafProblemsFallBackInsteadOfRefusing/nonfinite_environment_value
=== RUN   TestLoadForCapture_PerLeafProblemsFallBackInsteadOfRefusing/largest_int64_environment_value
=== RUN   TestLoadForCapture_PerLeafProblemsFallBackInsteadOfRefusing/largest_int64_flag_value
=== RUN   TestLoadForCapture_PerLeafProblemsFallBackInsteadOfRefusing/unknown_flag
=== RUN   TestLoadForCapture_PerLeafProblemsFallBackInsteadOfRefusing/nonfinite_flag_value
=== RUN   TestLoadForCapture_PerLeafProblemsFallBackInsteadOfRefusing/unparseable_flag_value
--- PASS: TestLoadForCapture_PerLeafProblemsFallBackInsteadOfRefusing (1.90s)
    --- PASS: TestLoadForCapture_PerLeafProblemsFallBackInsteadOfRefusing/unknown_top-level_key (0.09s)
    --- PASS: TestLoadForCapture_PerLeafProblemsFallBackInsteadOfRefusing/unknown_nested_key (0.07s)
    --- PASS: TestLoadForCapture_PerLeafProblemsFallBackInsteadOfRefusing/wrong_leaf_type (0.07s)
    --- PASS: TestLoadForCapture_PerLeafProblemsFallBackInsteadOfRefusing/wrong_leaf_type_keeps_the_lower_layer (0.12s)
    --- PASS: TestLoadForCapture_PerLeafProblemsFallBackInsteadOfRefusing/section_that_is_not_an_object (0.11s)
    --- PASS: TestLoadForCapture_PerLeafProblemsFallBackInsteadOfRefusing/integer_leaf_beyond_the_platform_int (0.39s)
    --- PASS: TestLoadForCapture_PerLeafProblemsFallBackInsteadOfRefusing/invalid_value_beside_an_unknown_key (0.09s)
    --- PASS: TestLoadForCapture_PerLeafProblemsFallBackInsteadOfRefusing/unparseable_environment_value (0.17s)
    --- PASS: TestLoadForCapture_PerLeafProblemsFallBackInsteadOfRefusing/nonfinite_environment_value (0.30s)
    --- PASS: TestLoadForCapture_PerLeafProblemsFallBackInsteadOfRefusing/largest_int64_environment_value (0.15s)
    --- PASS: TestLoadForCapture_PerLeafProblemsFallBackInsteadOfRefusing/largest_int64_flag_value (0.13s)
    --- PASS: TestLoadForCapture_PerLeafProblemsFallBackInsteadOfRefusing/unknown_flag (0.06s)
    --- PASS: TestLoadForCapture_PerLeafProblemsFallBackInsteadOfRefusing/nonfinite_flag_value (0.08s)
    --- PASS: TestLoadForCapture_PerLeafProblemsFallBackInsteadOfRefusing/unparseable_flag_value (0.06s)
=== RUN   TestLoadForCapture_AgreesWithLoadOnEveryPerLeafProblem
=== RUN   TestLoadForCapture_AgreesWithLoadOnEveryPerLeafProblem/unknown_top-level_key
=== RUN   TestLoadForCapture_AgreesWithLoadOnEveryPerLeafProblem/unknown_nested_key
=== RUN   TestLoadForCapture_AgreesWithLoadOnEveryPerLeafProblem/wrong_leaf_type
=== RUN   TestLoadForCapture_AgreesWithLoadOnEveryPerLeafProblem/wrong_leaf_type_keeps_the_lower_layer
=== RUN   TestLoadForCapture_AgreesWithLoadOnEveryPerLeafProblem/section_that_is_not_an_object
=== RUN   TestLoadForCapture_AgreesWithLoadOnEveryPerLeafProblem/integer_leaf_beyond_the_platform_int
=== RUN   TestLoadForCapture_AgreesWithLoadOnEveryPerLeafProblem/invalid_value_beside_an_unknown_key
=== RUN   TestLoadForCapture_AgreesWithLoadOnEveryPerLeafProblem/unparseable_environment_value
=== RUN   TestLoadForCapture_AgreesWithLoadOnEveryPerLeafProblem/nonfinite_environment_value
=== RUN   TestLoadForCapture_AgreesWithLoadOnEveryPerLeafProblem/largest_int64_environment_value
=== RUN   TestLoadForCapture_AgreesWithLoadOnEveryPerLeafProblem/largest_int64_flag_value
=== RUN   TestLoadForCapture_AgreesWithLoadOnEveryPerLeafProblem/unknown_flag
=== RUN   TestLoadForCapture_AgreesWithLoadOnEveryPerLeafProblem/nonfinite_flag_value
=== RUN   TestLoadForCapture_AgreesWithLoadOnEveryPerLeafProblem/unparseable_flag_value
--- PASS: TestLoadForCapture_AgreesWithLoadOnEveryPerLeafProblem (2.06s)
    --- PASS: TestLoadForCapture_AgreesWithLoadOnEveryPerLeafProblem/unknown_top-level_key (0.14s)
    --- PASS: TestLoadForCapture_AgreesWithLoadOnEveryPerLeafProblem/unknown_nested_key (0.06s)
    --- PASS: TestLoadForCapture_AgreesWithLoadOnEveryPerLeafProblem/wrong_leaf_type (0.09s)
    --- PASS: TestLoadForCapture_AgreesWithLoadOnEveryPerLeafProblem/wrong_leaf_type_keeps_the_lower_layer (0.18s)
    --- PASS: TestLoadForCapture_AgreesWithLoadOnEveryPerLeafProblem/section_that_is_not_an_object (0.10s)
    --- PASS: TestLoadForCapture_AgreesWithLoadOnEveryPerLeafProblem/integer_leaf_beyond_the_platform_int (0.22s)
    --- PASS: TestLoadForCapture_AgreesWithLoadOnEveryPerLeafProblem/invalid_value_beside_an_unknown_key (0.19s)
    --- PASS: TestLoadForCapture_AgreesWithLoadOnEveryPerLeafProblem/unparseable_environment_value (0.16s)
    --- PASS: TestLoadForCapture_AgreesWithLoadOnEveryPerLeafProblem/nonfinite_environment_value (0.08s)
    --- PASS: TestLoadForCapture_AgreesWithLoadOnEveryPerLeafProblem/largest_int64_environment_value (0.20s)
    --- PASS: TestLoadForCapture_AgreesWithLoadOnEveryPerLeafProblem/largest_int64_flag_value (0.24s)
    --- PASS: TestLoadForCapture_AgreesWithLoadOnEveryPerLeafProblem/unknown_flag (0.10s)
    --- PASS: TestLoadForCapture_AgreesWithLoadOnEveryPerLeafProblem/nonfinite_flag_value (0.16s)
    --- PASS: TestLoadForCapture_AgreesWithLoadOnEveryPerLeafProblem/unparseable_flag_value (0.14s)
=== RUN   TestLoad_EnvAllKinds
--- PASS: TestLoad_EnvAllKinds (0.13s)
=== RUN   TestLoad_EnvInvalidValuesForEveryKind
--- PASS: TestLoad_EnvInvalidValuesForEveryKind (0.16s)
=== RUN   TestLoad_FlagsAllKinds
--- PASS: TestLoad_FlagsAllKinds (0.18s)
=== RUN   TestLoad_FlagsInvalidValuesForEveryKind
--- PASS: TestLoad_FlagsInvalidValuesForEveryKind (0.18s)
=== RUN   TestLoad_EnvKeyMapping
--- PASS: TestLoad_EnvKeyMapping (0.33s)
=== RUN   TestLoad_EnvKeyMappingNestedRuntime
--- PASS: TestLoad_EnvKeyMappingNestedRuntime (0.17s)
=== RUN   TestLoad_EnvFloatPtrNullLiteral
--- PASS: TestLoad_EnvFloatPtrNullLiteral (0.84s)
=== RUN   TestLoad_FlagsUnknownKeyAndStringSlice
--- PASS: TestLoad_FlagsUnknownKeyAndStringSlice (0.51s)
=== RUN   TestLoad_EnvBoolAndInvalidValueSkipped
--- PASS: TestLoad_EnvBoolAndInvalidValueSkipped (0.61s)
=== RUN   TestLoad_UnrepresentableLeafWarnsWithoutResettingEverything
=== RUN   TestLoad_UnrepresentableLeafWarnsWithoutResettingEverything/nonfinite_environment_value
=== RUN   TestLoad_UnrepresentableLeafWarnsWithoutResettingEverything/infinite_flag_value
=== RUN   TestLoad_UnrepresentableLeafWarnsWithoutResettingEverything/integer_beyond_the_platform_int
=== RUN   TestLoad_UnrepresentableLeafWarnsWithoutResettingEverything/largest_int64_environment_value
=== RUN   TestLoad_UnrepresentableLeafWarnsWithoutResettingEverything/largest_int64_flag_value
=== RUN   TestLoad_UnrepresentableLeafWarnsWithoutResettingEverything/largest_int64_literal_in_a_file
--- PASS: TestLoad_UnrepresentableLeafWarnsWithoutResettingEverything (4.01s)
    --- PASS: TestLoad_UnrepresentableLeafWarnsWithoutResettingEverything/nonfinite_environment_value (1.05s)
    --- PASS: TestLoad_UnrepresentableLeafWarnsWithoutResettingEverything/infinite_flag_value (0.83s)
    --- PASS: TestLoad_UnrepresentableLeafWarnsWithoutResettingEverything/integer_beyond_the_platform_int (0.66s)
    --- PASS: TestLoad_UnrepresentableLeafWarnsWithoutResettingEverything/largest_int64_environment_value (0.35s)
    --- PASS: TestLoad_UnrepresentableLeafWarnsWithoutResettingEverything/largest_int64_flag_value (0.45s)
    --- PASS: TestLoad_UnrepresentableLeafWarnsWithoutResettingEverything/largest_int64_literal_in_a_file (0.67s)
PASS
ok  	github.com/qompack/qompack/internal/config	12.357s
exit=0
