=== RUN   TestShortNames_EverySpellingOfTheServedFileIsJudged
=== RUN   TestShortNames_EverySpellingOfTheServedFileIsJudged/mixed_absolute_rule,_short_root,_long_file
=== RUN   TestShortNames_EverySpellingOfTheServedFileIsJudged/mixed_absolute_rule,_long_path
=== RUN   TestShortNames_EverySpellingOfTheServedFileIsJudged/mixed_absolute_rule,_short_path
=== RUN   TestShortNames_EverySpellingOfTheServedFileIsJudged/long_absolute_rule,_short_path
=== RUN   TestShortNames_EverySpellingOfTheServedFileIsJudged/relative_rule,_long_path
=== RUN   TestShortNames_EverySpellingOfTheServedFileIsJudged/short_relative_rule,_long_path
=== RUN   TestShortNames_EverySpellingOfTheServedFileIsJudged/short_directory_glob,_long_path
--- PASS: TestShortNames_EverySpellingOfTheServedFileIsJudged (0.07s)
    --- PASS: TestShortNames_EverySpellingOfTheServedFileIsJudged/mixed_absolute_rule,_short_root,_long_file (0.01s)
    --- PASS: TestShortNames_EverySpellingOfTheServedFileIsJudged/mixed_absolute_rule,_long_path (0.01s)
    --- PASS: TestShortNames_EverySpellingOfTheServedFileIsJudged/mixed_absolute_rule,_short_path (0.01s)
    --- PASS: TestShortNames_EverySpellingOfTheServedFileIsJudged/long_absolute_rule,_short_path (0.01s)
    --- PASS: TestShortNames_EverySpellingOfTheServedFileIsJudged/relative_rule,_long_path (0.00s)
    --- PASS: TestShortNames_EverySpellingOfTheServedFileIsJudged/short_relative_rule,_long_path (0.00s)
    --- PASS: TestShortNames_EverySpellingOfTheServedFileIsJudged/short_directory_glob,_long_path (0.01s)
=== RUN   TestShortNames_AnUnresolvableShortNameIsRefused
--- PASS: TestShortNames_AnUnresolvableShortNameIsRefused (0.02s)
PASS
ok  	github.com/qompack/qompack/internal/hostperm	1.141s
