=== RUN   TestShortNames_EverySpellingOfTheServedFileIsJudged
=== RUN   TestShortNames_EverySpellingOfTheServedFileIsJudged/mixed_absolute_rule,_short_root,_long_file
=== RUN   TestShortNames_EverySpellingOfTheServedFileIsJudged/mixed_absolute_rule,_long_path
=== RUN   TestShortNames_EverySpellingOfTheServedFileIsJudged/mixed_absolute_rule,_short_path
=== RUN   TestShortNames_EverySpellingOfTheServedFileIsJudged/long_absolute_rule,_short_path
=== RUN   TestShortNames_EverySpellingOfTheServedFileIsJudged/relative_rule,_long_path
=== RUN   TestShortNames_EverySpellingOfTheServedFileIsJudged/short_relative_rule,_long_path
=== RUN   TestShortNames_EverySpellingOfTheServedFileIsJudged/short_directory_glob,_long_path
=== RUN   TestShortNames_EverySpellingOfTheServedFileIsJudged/short_bare_name,_long_path
    shortname_seam_windows_test.go:158: 
        	Error Trace:	C:/Users/Quant/Documents/Programming/Projects/qompack-cx-w16-winci/internal/hostperm/shortname_seam_windows_test.go:158
        	Error:      	Not equal: 
        	            	expected: 2
        	            	actual  : 0
        	Test:       	TestShortNames_EverySpellingOfTheServedFileIsJudged/short_bare_name,_long_path
        	Messages:   	"C:\\Users\\Quant\\AppData\\Local\\Temp\\TestShortNames_EverySpellingOfTheServedFileIsJudged2917682242\\004\\parentdirectory\\projectroot\\configuration\\credentials.secret" under "Read(CREDEN~1.SEC)" opens the denied file
=== RUN   TestShortNames_EverySpellingOfTheServedFileIsJudged/short_directory_after_a_glob,_long_path
    shortname_seam_windows_test.go:158: 
        	Error Trace:	C:/Users/Quant/Documents/Programming/Projects/qompack-cx-w16-winci/internal/hostperm/shortname_seam_windows_test.go:158
        	Error:      	Not equal: 
        	            	expected: 2
        	            	actual  : 0
        	Test:       	TestShortNames_EverySpellingOfTheServedFileIsJudged/short_directory_after_a_glob,_long_path
        	Messages:   	"C:\\Users\\Quant\\AppData\\Local\\Temp\\TestShortNames_EverySpellingOfTheServedFileIsJudged2917682242\\004\\parentdirectory\\projectroot\\configuration\\credentials.secret" under "Read(**/CONFIG~1/**)" opens the denied file
=== RUN   TestShortNames_EverySpellingOfTheServedFileIsJudged/short_directory_after_a_glob,_long_file
    shortname_seam_windows_test.go:158: 
        	Error Trace:	C:/Users/Quant/Documents/Programming/Projects/qompack-cx-w16-winci/internal/hostperm/shortname_seam_windows_test.go:158
        	Error:      	Not equal: 
        	            	expected: 2
        	            	actual  : 0
        	Test:       	TestShortNames_EverySpellingOfTheServedFileIsJudged/short_directory_after_a_glob,_long_file
        	Messages:   	"C:\\Users\\Quant\\AppData\\Local\\Temp\\TestShortNames_EverySpellingOfTheServedFileIsJudged2917682242\\004\\parentdirectory\\projectroot\\configuration\\credentials.secret" under "Read(**/CONFIG~1/credentials.secret)" opens the denied file
=== RUN   TestShortNames_EverySpellingOfTheServedFileIsJudged/short_bare_name,_short_root,_long_file
    shortname_seam_windows_test.go:158: 
        	Error Trace:	C:/Users/Quant/Documents/Programming/Projects/qompack-cx-w16-winci/internal/hostperm/shortname_seam_windows_test.go:158
        	Error:      	Not equal: 
        	            	expected: 2
        	            	actual  : 0
        	Test:       	TestShortNames_EverySpellingOfTheServedFileIsJudged/short_bare_name,_short_root,_long_file
        	Messages:   	"C:\\Users\\Quant\\AppData\\Local\\Temp\\TestShortNames_EverySpellingOfTheServedFileIsJudged2917682242\\004\\PARENT~1\\PROJEC~1\\configuration\\credentials.secret" under "Read(CREDEN~1.SEC)" opens the denied file
=== RUN   TestShortNames_EverySpellingOfTheServedFileIsJudged/literal_short_rule,_long_path
    shortname_seam_windows_test.go:158: 
        	Error Trace:	C:/Users/Quant/Documents/Programming/Projects/qompack-cx-w16-winci/internal/hostperm/shortname_seam_windows_test.go:158
        	Error:      	Not equal: 
        	            	expected: 2
        	            	actual  : 0
        	Test:       	TestShortNames_EverySpellingOfTheServedFileIsJudged/literal_short_rule,_long_path
        	Messages:   	"C:\\Users\\Quant\\AppData\\Local\\Temp\\TestShortNames_EverySpellingOfTheServedFileIsJudged2917682242\\004\\parentdirectory\\projectroot\\configuration\\credentials.secret" under "Read(./x/../CONFIG~1/CREDEN~1.SEC)" opens the denied file
--- FAIL: TestShortNames_EverySpellingOfTheServedFileIsJudged (0.12s)
    --- PASS: TestShortNames_EverySpellingOfTheServedFileIsJudged/mixed_absolute_rule,_short_root,_long_file (0.02s)
    --- PASS: TestShortNames_EverySpellingOfTheServedFileIsJudged/mixed_absolute_rule,_long_path (0.01s)
    --- PASS: TestShortNames_EverySpellingOfTheServedFileIsJudged/mixed_absolute_rule,_short_path (0.01s)
    --- PASS: TestShortNames_EverySpellingOfTheServedFileIsJudged/long_absolute_rule,_short_path (0.02s)
    --- PASS: TestShortNames_EverySpellingOfTheServedFileIsJudged/relative_rule,_long_path (0.01s)
    --- PASS: TestShortNames_EverySpellingOfTheServedFileIsJudged/short_relative_rule,_long_path (0.01s)
    --- PASS: TestShortNames_EverySpellingOfTheServedFileIsJudged/short_directory_glob,_long_path (0.02s)
    --- FAIL: TestShortNames_EverySpellingOfTheServedFileIsJudged/short_bare_name,_long_path (0.01s)
    --- FAIL: TestShortNames_EverySpellingOfTheServedFileIsJudged/short_directory_after_a_glob,_long_path (0.00s)
    --- FAIL: TestShortNames_EverySpellingOfTheServedFileIsJudged/short_directory_after_a_glob,_long_file (0.00s)
    --- FAIL: TestShortNames_EverySpellingOfTheServedFileIsJudged/short_bare_name,_short_root,_long_file (0.00s)
    --- FAIL: TestShortNames_EverySpellingOfTheServedFileIsJudged/literal_short_rule,_long_path (0.00s)
=== RUN   TestShortNames_AnUnresolvableShortNameIsRefused
--- PASS: TestShortNames_AnUnresolvableShortNameIsRefused (0.02s)
=== RUN   TestShortNames_AShortRuleAfterAGlobRefusesWhatItCannotJudge
    shortname_seam_windows_test.go:210: 
        	Error Trace:	C:/Users/Quant/Documents/Programming/Projects/qompack-cx-w16-winci/internal/hostperm/shortname_seam_windows_test.go:210
        	Error:      	Not equal: 
        	            	expected: 2
        	            	actual  : 0
        	Test:       	TestShortNames_AShortRuleAfterAGlobRefusesWhatItCannotJudge
        	Messages:   	a deleted file's own 8.3 name cannot be established
--- FAIL: TestShortNames_AShortRuleAfterAGlobRefusesWhatItCannotJudge (0.01s)
FAIL
FAIL	github.com/qompack/qompack/internal/hostperm	1.400s
FAIL
exit=1
