# C1.16 client row with the hook client WITHOUT the note (internal/cli/hookclient.go as at 7a10f71; the daemon
# side of the fix present). No daemon listens, so the reply never comes: the client wrote {}.
# go test ./internal/cli/ -run TestSessionStartCompact_Unanswered -count=1 -v
=== RUN   TestSessionStartCompact_UnansweredIsTheDeferredNote
    sessionstart_deferred_test.go:74: 
        	Error Trace:	C:/Users/Quant/Documents/Programming/Projects/qompack-cx-w2-lifetime/internal/cli/sessionstart_deferred_test.go:74
        	Error:      	"{}\n" does not contain "<!-- qompack:rehydration-deferred -->"
        	Test:       	TestSessionStartCompact_UnansweredIsTheDeferredNote
        	Messages:   	an unanswered compact SessionStart must say so, not answer {}
--- FAIL: TestSessionStartCompact_UnansweredIsTheDeferredNote (0.06s)
=== RUN   TestSessionStartCompact_UnansweredNoteOnlyWhereARehydrationWasDue
=== RUN   TestSessionStartCompact_UnansweredNoteOnlyWhereARehydrationWasDue/source=startup
=== RUN   TestSessionStartCompact_UnansweredNoteOnlyWhereARehydrationWasDue/source=resume
=== RUN   TestSessionStartCompact_UnansweredNoteOnlyWhereARehydrationWasDue/source=clear
=== RUN   TestSessionStartCompact_UnansweredNoteOnlyWhereARehydrationWasDue/source=
=== RUN   TestSessionStartCompact_UnansweredNoteOnlyWhereARehydrationWasDue/daemon_disabled
=== RUN   TestSessionStartCompact_UnansweredNoteOnlyWhereARehydrationWasDue/degraded_passive
=== RUN   TestSessionStartCompact_UnansweredNoteOnlyWhereARehydrationWasDue/runtime.mode=passive
=== RUN   TestSessionStartCompact_UnansweredNoteOnlyWhereARehydrationWasDue/runtime.mode=off
=== RUN   TestSessionStartCompact_UnansweredNoteOnlyWhereARehydrationWasDue/reinjection_switched_off
--- PASS: TestSessionStartCompact_UnansweredNoteOnlyWhereARehydrationWasDue (0.45s)
    --- PASS: TestSessionStartCompact_UnansweredNoteOnlyWhereARehydrationWasDue/source=startup (0.07s)
    --- PASS: TestSessionStartCompact_UnansweredNoteOnlyWhereARehydrationWasDue/source=resume (0.05s)
    --- PASS: TestSessionStartCompact_UnansweredNoteOnlyWhereARehydrationWasDue/source=clear (0.05s)
    --- PASS: TestSessionStartCompact_UnansweredNoteOnlyWhereARehydrationWasDue/source= (0.04s)
    --- PASS: TestSessionStartCompact_UnansweredNoteOnlyWhereARehydrationWasDue/daemon_disabled (0.06s)
    --- PASS: TestSessionStartCompact_UnansweredNoteOnlyWhereARehydrationWasDue/degraded_passive (0.04s)
    --- PASS: TestSessionStartCompact_UnansweredNoteOnlyWhereARehydrationWasDue/runtime.mode=passive (0.05s)
    --- PASS: TestSessionStartCompact_UnansweredNoteOnlyWhereARehydrationWasDue/runtime.mode=off (0.04s)
    --- PASS: TestSessionStartCompact_UnansweredNoteOnlyWhereARehydrationWasDue/reinjection_switched_off (0.05s)
FAIL
FAIL	github.com/qompack/qompack/internal/cli	0.815s
FAIL
exit=1
