# After the fix: drainDispatch marks replays; a replayed compact start abandons its ticket with
# undeliveredReplayed before the rehydration starts, answers without waiting, and is not counted.
# go test ./internal/daemon/ -run '^(TestSessionStartCompact_|TestService_|TestCompactDeferredNote)' -count=1 -v
--- PASS: TestSessionStartCompact_SessionsNextEventWaitsForTheBookkeeping (0.35s)
--- PASS: TestSessionStartCompact_BookkeepingGateHonoursCancellation (0.04s)
--- PASS: TestSessionStartCompact_AnswerDoesNotWaitForTheSessionsIngest (0.16s)
--- PASS: TestSessionStartCompact_LateRehydrationIsAnsweredWithTheDeferredNote (0.22s)
--- PASS: TestSessionStartCompact_ReadyRehydrationIsTheAnswer (0.05s)
--- PASS: TestSessionStartCompact_PanickingRehydrationIsAnsweredAtOnce (0.06s)
--- PASS: TestSessionStartCompact_StoppingDaemonAnswersWithTheNote (0.05s)
--- PASS: TestSessionStartCompact_PassiveModeStillActsOnNothing (0.07s)
--- PASS: TestCompactDeferredNote_FitsTheHostCap (0.00s)
--- PASS: TestSessionStartCompact_ReplayedRequestRecordsItsRehydrationUndelivered (0.07s)
--- PASS: TestSessionStartCompact_LiveRequestIsNotAReplay (0.07s)
--- PASS: TestService_CompactEmitsAdditionalContext (0.04s)
--- PASS: TestService_ReinjectionKillSwitchEmitsNothing (0.03s)
--- PASS: TestService_DegradedPassiveEmitsNothing (0.02s)
--- PASS: TestService_CheckpointNotFoundStillEmits (0.05s)
--- PASS: TestService_CheckpointErrorEmitsNothing (0.03s)
--- PASS: TestService_ResumedOrForkedSessionInheritsProjectCheckpoint (0.10s)
--- PASS: TestService_FreshServiceInstanceNeedsNoWarmup (0.03s)
--- PASS: TestService_RepeatedCompactionIsIndependentAndDoesNotReingestItsOwnInjection (0.04s)
--- PASS: TestService_DuplicateCompactEventIsHandledConsistently (0.04s)
--- PASS: TestService_OutOfOrderCheckpointDeliveryReflectsWhateverIsCurrentlyLatest (0.05s)
--- PASS: TestService_MissingSessionIDDoesNotPanic (0.03s)
--- PASS: TestService_PanicRecovered (0.02s)
--- PASS: TestService_RecordsState (0.04s)
--- SKIP: TestService_StateWriteFailureStillEmits (0.00s)
--- PASS: TestService_ClearResetsState (0.03s)
--- PASS: TestService_ClearOnMissingStateIsNoOp (0.03s)
--- PASS: TestService_DeclaresAdditionalContextProducer (0.03s)
--- PASS: TestService_OffersTheAnswerThenRecordsIt (0.04s)
--- PASS: TestService_AbandonedRehydrationRecordsItselfUndelivered (0.05s)
--- PASS: TestService_RouteRehydratesMarkBuildsNothing (0.03s)
--- PASS: TestService_ReplayedRehydrationRecordsWhyItWasNotDelivered (0.04s)
ok  	github.com/qompack/qompack/internal/daemon	2.168s
exit=0
# (TestService_StateWriteFailureStillEmits's skip is pre-existing on b070bbe: a directory mode bit does not deny file creation on Windows.)
