# Fix seat: test/e2e in full on Windows 11 at 657a31c, co-loaded by the other wave-2 lanes and by this lane's
# Linux -race run. go test ./test/e2e/ -count=1 -timeout=60m
--- FAIL: TestV3_HotPathUnchangedWithLedgerResident (307.36s)
--- FAIL: TestV4_TombstoneToRecallToExpandRoundTrip (2.71s)
--- FAIL: TestV5_EliminationThroughEveryFourSurfaces (2.77s)
    --- FAIL: TestV5_EliminationThroughEveryFourSurfaces/active_through_both_write_surfaces (2.53s)
FAIL
FAIL	github.com/qompack/qompack/test/e2e	1130.727s
FAIL
exit=1
# Every other e2e row passed. The three reds, each re-run alone and against a git archive of the base b070bbe:
#
# (a) TestV4_TombstoneToRecallToExpandRoundTrip — 'append-only violation: observation sha256:e0e3... already
#     reserved for a different intent' on the test's direct store write; (b) TestV5_EliminationThroughEveryFourSurfaces/
#     active_through_both_write_surfaces — 'a full-mode PreCompact answers through hookSpecificOutput'.
#     Both deterministic, both identical alone at 657a31c and at b070bbe, and both already classified pre-existing by
#     wave-1 (hostperm report: tombstone identical on cf31e01; rehydrate-cap report: V5 elimination is C1.12 fallout).
# go test ./test/e2e/ -run '^(TestV4_TombstoneToRecallToExpandRoundTrip|TestV5_EliminationThroughEveryFourSurfaces)$' -count=1 -v
## at 657a31c:
  qompack: append-only violation: observation sha256:e0e30336ccfd6f319ddd78fe60896ccf0d963cc2dcffa3d7d3dfb0a84a7a40e7 already reserved for a different intent
  --- FAIL: TestV4_TombstoneToRecallToExpandRoundTrip (3.45s)
  Messages:   	a full-mode PreCompact answers through hookSpecificOutput
  --- FAIL: TestV5_EliminationThroughEveryFourSurfaces (2.41s)
  --- FAIL: TestV5_EliminationThroughEveryFourSurfaces/active_through_both_write_surfaces (2.29s)
  FAIL
  FAIL	github.com/qompack/qompack/test/e2e	6.092s
  FAIL
  exit=1
## at b070bbe (git archive in scratch):
  qompack: append-only violation: observation sha256:e0e30336ccfd6f319ddd78fe60896ccf0d963cc2dcffa3d7d3dfb0a84a7a40e7 already reserved for a different intent
  --- FAIL: TestV4_TombstoneToRecallToExpandRoundTrip (3.82s)
  Messages:   	a full-mode PreCompact answers through hookSpecificOutput
  --- FAIL: TestV5_EliminationThroughEveryFourSurfaces (2.63s)
  --- FAIL: TestV5_EliminationThroughEveryFourSurfaces/active_through_both_write_surfaces (2.35s)
  FAIL
  FAIL	github.com/qompack/qompack/test/e2e	6.685s
  FAIL
  exit=1
#
# (c) TestV3_HotPathUnchangedWithLedgerResident — B-A/B-B budget rows under co-load. Red on the base too:
# go test ./test/e2e/ -run '^TestV3_HotPathUnchangedWithLedgerResident$' -count=1 -v -timeout=30m
## 657a31c alone, first run:
          B-A                 n=1536  p50=  15.360ms p95=  28.672ms p99=  90.112ms p999= 180.224ms max=  183.000ms limit=15.000ms   [FAIL]
          B-B                 n=1536  p50=   7.680ms p95=  14.336ms p99=  49.152ms p999= 147.456ms max=  171.901ms limit=50.000ms   [FAIL]
--- FAIL: TestV3_HotPathUnchangedWithLedgerResident (176.57s)
exit=1
## b070bbe alone:
          B-A                 n=1536  p50=  14.336ms p95=  18.432ms p99=  24.576ms p999= 106.496ms max=  126.000ms limit=15.000ms   [FAIL]
          B-B                 n=1536  p50=   7.680ms p95=  11.264ms p99=  14.336ms p999=  90.112ms max=  106.060ms limit=50.000ms   [FAIL]
--- FAIL: TestV3_HotPathUnchangedWithLedgerResident (154.56s)
exit=1
## 657a31c alone, second run:
          B-A                 n=1536  p50=  16.384ms p95=  20.480ms p99=  22.528ms p999=  98.304ms max=  111.000ms limit=15.000ms   [FAIL]
          B-B                 n=1536  p50=  10.240ms p95=  12.288ms p99=  14.336ms p999=  90.112ms max=   90.711ms limit=50.000ms   [FAIL]
--- FAIL: TestV3_HotPathUnchangedWithLedgerResident (174.88s)
exit=1
# p50 is the same on both; the first head run's B-A p99 (90 ms) did not repeat (22.5 ms on the second, 24.6 ms
# on base). Neither this lane's gate (in the ingest worker, after the ACK) nor staging (spawn only; the bench
# harness starts its daemon directly) is on the B-A/B-B path.
#
# Linux non-root -race, ./internal/daemon ./internal/cli in full at 657a31c
# (runs/linux/cx-w2-lifetime-fixseat-daemon-full-race-657a31c-*):
PASS      github.com/qompack/qompack/internal/daemon  (pass=1415 fail=0 skip=1)
PASS      github.com/qompack/qompack/internal/cli  (pass=360 fail=0 skip=0)
go_test_exit=0
# The one skip is TestDrainWindowsOpenBlobRetainsCleanupIntent (Windows-only, pre-existing).
