# cmd: go test ./internal/store -count=1 -timeout=30m 
# commit: 7397da9 (worktree clean: 0 tracked changes)
# host: windows, co-loaded (other workstreams running tests on this machine)
# started: 2026-09-27T03:09:30Z
--- FAIL: TestReadOnly_EveryExportedMethodIsClassified (0.04s)
    readonly_test.go:362: 
        	Error Trace:	C:/Users/Quant/Documents/Programming/Projects/qompack-cx-w6-gcserial/internal/store/readonly_test.go:362
        	Error:      	Not equal: 
        	            	expected: map[string]bool{"AppendFileVersion":true, "Flush":true, "GC":true, "MarkSuperseded":true, "Put":true, "PutBytes":true, "Quarantine":true, "RecordToolUse":true, "RecordToolUseSuperseding":true, "RecoverToolUseByObservation":true, "ReserveObservation":true, "SyncPublication":true}
        	            	actual  : map[string]bool{"AppendFileVersion":true, "Flush":true, "GC":true, "MarkSuperseded":true, "Put":true, "PutBytes":true, "Quarantine":true, "RecordToolUse":true, "RecordToolUseSuperseding":true, "RecoverToolUseByObservation":true, "ReserveObservation":true, "SyncPublication":true, "gcPass":true}
        	            	
        	            	Diff:
        	            	--- Expected
        	            	+++ Actual
        	            	@@ -1,2 +1,2 @@
        	            	-(map[string]bool) (len=12) {
        	            	+(map[string]bool) (len=13) {
        	            	  (string) (len=17) "AppendFileVersion": (bool) true,
        	            	@@ -12,3 +12,4 @@
        	            	  (string) (len=18) "ReserveObservation": (bool) true,
        	            	- (string) (len=15) "SyncPublication": (bool) true
        	            	+ (string) (len=15) "SyncPublication": (bool) true,
        	            	+ (string) (len=6) "gcPass": (bool) true
        	            	 }
        	Test:       	TestReadOnly_EveryExportedMethodIsClassified
        	Messages:   	every method calling mutate() must be swept by readOnlyRefusals, and vice versa
FAIL
FAIL	github.com/qompack/qompack/internal/store	420.087s
FAIL
# finished: 2026-09-27T03:16:37Z
# exit: 1
