# cmd: go test ./internal/store -run '^(TestGC_PassesStartedTogetherRunOneAtATime|TestGC_ARequestMadeDuringAPassIsAnsweredByOneThatStartsAfterIt|TestGC_OverlappingCallsCountAResumedCursorOnce|TestGCGate_AnUncontendedCallRunsItsOwnPassOnItsOwnContext|TestGCGate_RequestsWaitingBehindAPassShareOneFollowUp|TestGCGate_AWaitingRequestWithdrawsWhenItsContextEnds|TestGCGate_AFollowUpItsStarterAbandonedDoesNotAnswerTheOthers|TestGCGate_TheLongestDeadlineOfAKindStartsTheFollowUp|TestGCGate_ADifferentKindOfRequestWaitsForItsOwnPass|TestGCGate_APanickingPassHandsTheGateOn|TestGCGate_ServesOnlyWhatThePassRanToItsOwnConclusionFor|TestGC_DeadlineTruncatesAndResumes|TestGC_DeadlineBudgetSurvivesATransientlySlowCalibrationPass|TestGC_DeadlineWindowNeverClaimsMoreRoomThanTheCheckSchedule|TestGC_DeadlineBudgetRepricesAfterAMissedWindow|TestGC_DeadlineOvershootIsBoundedByTheCheckInterval|TestReadOnly_EveryExportedMethodIsClassified)$' -count=3 -v
# commit: ffa6ae7 (product tree identical to 4b33c19); host: windows, co-loaded; review-fix seat re-confirmation
# exit: 0; finished by: 2026-09-27T19:49:38Z
=== RUN   TestGC_PassesStartedTogetherRunOneAtATime
--- PASS: TestGC_PassesStartedTogetherRunOneAtATime (3.80s)
=== RUN   TestGC_ARequestMadeDuringAPassIsAnsweredByOneThatStartsAfterIt
--- PASS: TestGC_ARequestMadeDuringAPassIsAnsweredByOneThatStartsAfterIt (1.98s)
=== RUN   TestGC_OverlappingCallsCountAResumedCursorOnce
    gc_serial_test.go:270: removed 336 objects; the calls reported 336 and 0 deleted; Stats.Bytes 1761, on disk 1761
--- PASS: TestGC_OverlappingCallsCountAResumedCursorOnce (19.48s)
=== RUN   TestGCGate_AnUncontendedCallRunsItsOwnPassOnItsOwnContext
--- PASS: TestGCGate_AnUncontendedCallRunsItsOwnPassOnItsOwnContext (0.07s)
=== RUN   TestGCGate_RequestsWaitingBehindAPassShareOneFollowUp
--- PASS: TestGCGate_RequestsWaitingBehindAPassShareOneFollowUp (0.10s)
=== RUN   TestGCGate_AWaitingRequestWithdrawsWhenItsContextEnds
--- PASS: TestGCGate_AWaitingRequestWithdrawsWhenItsContextEnds (0.08s)
=== RUN   TestGCGate_AFollowUpItsStarterAbandonedDoesNotAnswerTheOthers
--- PASS: TestGCGate_AFollowUpItsStarterAbandonedDoesNotAnswerTheOthers (0.10s)
=== RUN   TestGCGate_TheLongestDeadlineOfAKindStartsTheFollowUp
--- PASS: TestGCGate_TheLongestDeadlineOfAKindStartsTheFollowUp (0.08s)
=== RUN   TestGCGate_ADifferentKindOfRequestWaitsForItsOwnPass
--- PASS: TestGCGate_ADifferentKindOfRequestWaitsForItsOwnPass (0.09s)
=== RUN   TestGCGate_APanickingPassHandsTheGateOn
--- PASS: TestGCGate_APanickingPassHandsTheGateOn (0.11s)
=== RUN   TestGCGate_ServesOnlyWhatThePassRanToItsOwnConclusionFor
--- PASS: TestGCGate_ServesOnlyWhatThePassRanToItsOwnConclusionFor (0.09s)
=== RUN   TestGC_DeadlineTruncatesAndResumes
--- PASS: TestGC_DeadlineTruncatesAndResumes (59.70s)
=== RUN   TestGC_DeadlineBudgetSurvivesATransientlySlowCalibrationPass
=== RUN   TestGC_DeadlineBudgetSurvivesATransientlySlowCalibrationPass/judged_pass_as_fast_as_the_fastest_calibration
=== RUN   TestGC_DeadlineBudgetSurvivesATransientlySlowCalibrationPass/judged_pass_twice_as_slow
=== RUN   TestGC_DeadlineBudgetSurvivesATransientlySlowCalibrationPass/judged_pass_at_the_slow_edge_of_the_slack
=== RUN   TestGC_DeadlineBudgetSurvivesATransientlySlowCalibrationPass/judged_pass_at_the_fast_edge_of_the_slack
--- PASS: TestGC_DeadlineBudgetSurvivesATransientlySlowCalibrationPass (0.00s)
    --- PASS: TestGC_DeadlineBudgetSurvivesATransientlySlowCalibrationPass/judged_pass_as_fast_as_the_fastest_calibration (0.00s)
    --- PASS: TestGC_DeadlineBudgetSurvivesATransientlySlowCalibrationPass/judged_pass_twice_as_slow (0.00s)
    --- PASS: TestGC_DeadlineBudgetSurvivesATransientlySlowCalibrationPass/judged_pass_at_the_slow_edge_of_the_slack (0.00s)
    --- PASS: TestGC_DeadlineBudgetSurvivesATransientlySlowCalibrationPass/judged_pass_at_the_fast_edge_of_the_slack (0.00s)
=== RUN   TestGC_DeadlineWindowNeverClaimsMoreRoomThanTheCheckSchedule
--- PASS: TestGC_DeadlineWindowNeverClaimsMoreRoomThanTheCheckSchedule (0.00s)
=== RUN   TestGC_DeadlineBudgetRepricesAfterAMissedWindow
--- PASS: TestGC_DeadlineBudgetRepricesAfterAMissedWindow (0.00s)
=== RUN   TestGC_DeadlineOvershootIsBoundedByTheCheckInterval
    gc_test.go:1518: calibration 493.7285ms…532.5067ms over 3072 objects (fastest of 4); first check 51.0581ms (measured 51.0581ms); window 9.67x, slack 3.11x; check interval 51.48288ms; budget 158.772916ms; overshoot 46.957684ms after 1023 objects on attempt 1 of 5; limit 102.96576ms
--- PASS: TestGC_DeadlineOvershootIsBoundedByTheCheckInterval (85.99s)
=== RUN   TestReadOnly_EveryExportedMethodIsClassified
=== PAUSE TestReadOnly_EveryExportedMethodIsClassified
=== CONT  TestReadOnly_EveryExportedMethodIsClassified
--- PASS: TestReadOnly_EveryExportedMethodIsClassified (0.04s)
=== RUN   TestGC_PassesStartedTogetherRunOneAtATime
--- PASS: TestGC_PassesStartedTogetherRunOneAtATime (0.29s)
=== RUN   TestGC_ARequestMadeDuringAPassIsAnsweredByOneThatStartsAfterIt
--- PASS: TestGC_ARequestMadeDuringAPassIsAnsweredByOneThatStartsAfterIt (0.19s)
=== RUN   TestGC_OverlappingCallsCountAResumedCursorOnce
    gc_serial_test.go:270: removed 336 objects; the calls reported 336 and 0 deleted; Stats.Bytes 1761, on disk 1761
--- PASS: TestGC_OverlappingCallsCountAResumedCursorOnce (10.13s)
=== RUN   TestGCGate_AnUncontendedCallRunsItsOwnPassOnItsOwnContext
--- PASS: TestGCGate_AnUncontendedCallRunsItsOwnPassOnItsOwnContext (0.08s)
=== RUN   TestGCGate_RequestsWaitingBehindAPassShareOneFollowUp
--- PASS: TestGCGate_RequestsWaitingBehindAPassShareOneFollowUp (0.08s)
=== RUN   TestGCGate_AWaitingRequestWithdrawsWhenItsContextEnds
--- PASS: TestGCGate_AWaitingRequestWithdrawsWhenItsContextEnds (0.09s)
=== RUN   TestGCGate_AFollowUpItsStarterAbandonedDoesNotAnswerTheOthers
--- PASS: TestGCGate_AFollowUpItsStarterAbandonedDoesNotAnswerTheOthers (0.09s)
=== RUN   TestGCGate_TheLongestDeadlineOfAKindStartsTheFollowUp
--- PASS: TestGCGate_TheLongestDeadlineOfAKindStartsTheFollowUp (0.10s)
=== RUN   TestGCGate_ADifferentKindOfRequestWaitsForItsOwnPass
--- PASS: TestGCGate_ADifferentKindOfRequestWaitsForItsOwnPass (0.10s)
=== RUN   TestGCGate_APanickingPassHandsTheGateOn
--- PASS: TestGCGate_APanickingPassHandsTheGateOn (0.09s)
=== RUN   TestGCGate_ServesOnlyWhatThePassRanToItsOwnConclusionFor
--- PASS: TestGCGate_ServesOnlyWhatThePassRanToItsOwnConclusionFor (0.09s)
=== RUN   TestGC_DeadlineTruncatesAndResumes
--- PASS: TestGC_DeadlineTruncatesAndResumes (35.99s)
=== RUN   TestGC_DeadlineBudgetSurvivesATransientlySlowCalibrationPass
=== RUN   TestGC_DeadlineBudgetSurvivesATransientlySlowCalibrationPass/judged_pass_as_fast_as_the_fastest_calibration
=== RUN   TestGC_DeadlineBudgetSurvivesATransientlySlowCalibrationPass/judged_pass_twice_as_slow
=== RUN   TestGC_DeadlineBudgetSurvivesATransientlySlowCalibrationPass/judged_pass_at_the_slow_edge_of_the_slack
=== RUN   TestGC_DeadlineBudgetSurvivesATransientlySlowCalibrationPass/judged_pass_at_the_fast_edge_of_the_slack
--- PASS: TestGC_DeadlineBudgetSurvivesATransientlySlowCalibrationPass (0.00s)
    --- PASS: TestGC_DeadlineBudgetSurvivesATransientlySlowCalibrationPass/judged_pass_as_fast_as_the_fastest_calibration (0.00s)
    --- PASS: TestGC_DeadlineBudgetSurvivesATransientlySlowCalibrationPass/judged_pass_twice_as_slow (0.00s)
    --- PASS: TestGC_DeadlineBudgetSurvivesATransientlySlowCalibrationPass/judged_pass_at_the_slow_edge_of_the_slack (0.00s)
    --- PASS: TestGC_DeadlineBudgetSurvivesATransientlySlowCalibrationPass/judged_pass_at_the_fast_edge_of_the_slack (0.00s)
=== RUN   TestGC_DeadlineWindowNeverClaimsMoreRoomThanTheCheckSchedule
--- PASS: TestGC_DeadlineWindowNeverClaimsMoreRoomThanTheCheckSchedule (0.00s)
=== RUN   TestGC_DeadlineBudgetRepricesAfterAMissedWindow
--- PASS: TestGC_DeadlineBudgetRepricesAfterAMissedWindow (0.00s)
=== RUN   TestGC_DeadlineOvershootIsBoundedByTheCheckInterval
    gc_test.go:1518: calibration 454.9888ms…524.9839ms over 3072 objects (fastest of 4); first check 49.4118ms (measured 49.4118ms); window 9.21x, slack 3.03x; check interval 43.627776ms; budget 149.939373ms; overshoot 24.402127ms after 1023 objects on attempt 1 of 5; limit 87.255552ms
--- PASS: TestGC_DeadlineOvershootIsBoundedByTheCheckInterval (131.29s)
=== RUN   TestReadOnly_EveryExportedMethodIsClassified
=== PAUSE TestReadOnly_EveryExportedMethodIsClassified
=== CONT  TestReadOnly_EveryExportedMethodIsClassified
--- PASS: TestReadOnly_EveryExportedMethodIsClassified (0.05s)
=== RUN   TestGC_PassesStartedTogetherRunOneAtATime
--- PASS: TestGC_PassesStartedTogetherRunOneAtATime (0.36s)
=== RUN   TestGC_ARequestMadeDuringAPassIsAnsweredByOneThatStartsAfterIt
--- PASS: TestGC_ARequestMadeDuringAPassIsAnsweredByOneThatStartsAfterIt (0.20s)
=== RUN   TestGC_OverlappingCallsCountAResumedCursorOnce
    gc_serial_test.go:270: removed 336 objects; the calls reported 336 and 0 deleted; Stats.Bytes 1761, on disk 1761
--- PASS: TestGC_OverlappingCallsCountAResumedCursorOnce (10.19s)
=== RUN   TestGCGate_AnUncontendedCallRunsItsOwnPassOnItsOwnContext
--- PASS: TestGCGate_AnUncontendedCallRunsItsOwnPassOnItsOwnContext (0.11s)
=== RUN   TestGCGate_RequestsWaitingBehindAPassShareOneFollowUp
--- PASS: TestGCGate_RequestsWaitingBehindAPassShareOneFollowUp (0.11s)
=== RUN   TestGCGate_AWaitingRequestWithdrawsWhenItsContextEnds
--- PASS: TestGCGate_AWaitingRequestWithdrawsWhenItsContextEnds (0.09s)
=== RUN   TestGCGate_AFollowUpItsStarterAbandonedDoesNotAnswerTheOthers
--- PASS: TestGCGate_AFollowUpItsStarterAbandonedDoesNotAnswerTheOthers (0.26s)
=== RUN   TestGCGate_TheLongestDeadlineOfAKindStartsTheFollowUp
--- PASS: TestGCGate_TheLongestDeadlineOfAKindStartsTheFollowUp (0.15s)
=== RUN   TestGCGate_ADifferentKindOfRequestWaitsForItsOwnPass
--- PASS: TestGCGate_ADifferentKindOfRequestWaitsForItsOwnPass (0.13s)
=== RUN   TestGCGate_APanickingPassHandsTheGateOn
--- PASS: TestGCGate_APanickingPassHandsTheGateOn (0.12s)
=== RUN   TestGCGate_ServesOnlyWhatThePassRanToItsOwnConclusionFor
--- PASS: TestGCGate_ServesOnlyWhatThePassRanToItsOwnConclusionFor (0.10s)
=== RUN   TestGC_DeadlineTruncatesAndResumes
--- PASS: TestGC_DeadlineTruncatesAndResumes (36.96s)
=== RUN   TestGC_DeadlineBudgetSurvivesATransientlySlowCalibrationPass
=== RUN   TestGC_DeadlineBudgetSurvivesATransientlySlowCalibrationPass/judged_pass_as_fast_as_the_fastest_calibration
=== RUN   TestGC_DeadlineBudgetSurvivesATransientlySlowCalibrationPass/judged_pass_twice_as_slow
=== RUN   TestGC_DeadlineBudgetSurvivesATransientlySlowCalibrationPass/judged_pass_at_the_slow_edge_of_the_slack
=== RUN   TestGC_DeadlineBudgetSurvivesATransientlySlowCalibrationPass/judged_pass_at_the_fast_edge_of_the_slack
--- PASS: TestGC_DeadlineBudgetSurvivesATransientlySlowCalibrationPass (0.00s)
    --- PASS: TestGC_DeadlineBudgetSurvivesATransientlySlowCalibrationPass/judged_pass_as_fast_as_the_fastest_calibration (0.00s)
    --- PASS: TestGC_DeadlineBudgetSurvivesATransientlySlowCalibrationPass/judged_pass_twice_as_slow (0.00s)
    --- PASS: TestGC_DeadlineBudgetSurvivesATransientlySlowCalibrationPass/judged_pass_at_the_slow_edge_of_the_slack (0.00s)
    --- PASS: TestGC_DeadlineBudgetSurvivesATransientlySlowCalibrationPass/judged_pass_at_the_fast_edge_of_the_slack (0.00s)
=== RUN   TestGC_DeadlineWindowNeverClaimsMoreRoomThanTheCheckSchedule
--- PASS: TestGC_DeadlineWindowNeverClaimsMoreRoomThanTheCheckSchedule (0.00s)
=== RUN   TestGC_DeadlineBudgetRepricesAfterAMissedWindow
--- PASS: TestGC_DeadlineBudgetRepricesAfterAMissedWindow (0.00s)
=== RUN   TestGC_DeadlineOvershootIsBoundedByTheCheckInterval
    gc_test.go:1518: calibration 826.584ms…1.1816693s over 3072 objects (fastest of 4); first check 90.7501ms (measured 90.7501ms); window 9.11x, slack 3.02x; check interval 68.88192ms; budget 273.884246ms; overshoot 62.686954ms after 1279 objects on attempt 1 of 5; limit 137.76384ms
--- PASS: TestGC_DeadlineOvershootIsBoundedByTheCheckInterval (94.27s)
=== RUN   TestReadOnly_EveryExportedMethodIsClassified
=== PAUSE TestReadOnly_EveryExportedMethodIsClassified
=== CONT  TestReadOnly_EveryExportedMethodIsClassified
--- PASS: TestReadOnly_EveryExportedMethodIsClassified (0.04s)
PASS
ok  	github.com/qompack/qompack/internal/store	493.815s
