== devtool lint: golangci-lint ==
PASS golangci-lint
== devtool lint: nomagic ==
PASS nomagic
== devtool lint: importgraph ==
importgraph: OK (71 package(s) checked)
PASS importgraph
== devtool lint: testdeps ==
testdeps: OK (73 package(s) checked)
PASS testdeps
== devtool lint: bindeps ==
  linux/amd64: disallowed dependency golang.org/x/sys/unix reaches the shipped binary (00-ARCHITECTURE.md §2.5)
  linux/arm64: disallowed dependency golang.org/x/sys/unix reaches the shipped binary (00-ARCHITECTURE.md §2.5)
  darwin/amd64: disallowed dependency golang.org/x/sys/unix reaches the shipped binary (00-ARCHITECTURE.md §2.5)
  darwin/arm64: disallowed dependency golang.org/x/sys/unix reaches the shipped binary (00-ARCHITECTURE.md §2.5)
FAIL bindeps: bindeps: 4 violation(s)
== devtool lint: sleepcheck ==
  internal/daemon/delivery_order_live_test.go:156: time.Sleep call (banned outside test/bench — take a core.Clock, §6.1)
FAIL sleepcheck: sleepcheck: 1 call(s) to time.Sleep outside test/bench (00-ARCHITECTURE.md §6.1)
== devtool lint: stubskips ==
exit status 0xffffffff
exit=1
