/work/cx-ingest-a98bf9c-20260923T000523Z.bundle: OK
run_id=cx-ingest-a98bf9c-20260923T000523Z-race5
commit=a98bf9c60c0da359034b4728e92ba87c136eb49d
tree=bbad98c5c54ec66753008d4f04152703d33830f4
bundle_sha256=df2ac3a02ac4f22285adbd6e88344bf149c19348360331a727401d2fec15a199
started_utc=2026-09-23T00:05:36Z
uid=10001 user=qompack-test groups=qompack-test
race=1 count=5 timeout=30m gomaxprocs=4 coload=0
run=^(TestDeliveryOrder|TestDispatchLanes|TestIngest|TestDrain|TestDeliveryTerminal|TestSP08D3|TestCarriedDefect_SP08D3|TestPromptOrder|TestLiveDispatchedLine|TestStraggler|TestNewDrainer|TestWalSessionID|TestSessionEndRecordsRecoveryNeeded|TestDrainOfSpooledFlushLineDoesNotDeadlock|TestStartupDrainOfSpooledFlushLineDoesNotWedgeRun|TestMarkerIsWrittenByFlushAndCheckpointOnly)
skip=
extra_env=
go version go1.26.6 linux/amd64
linux
amd64
1
/home/qompack-test/.cache/go-build
/go/pkg/mod
-mod=readonly
off
Linux e09d55cfc09b 5.15.167.4-microsoft-standard-WSL2 #1 SMP Tue Nov 5 00:21:55 UTC 2024 x86_64 GNU/Linux
22
FAIL      github.com/qompack/qompack/internal/daemon  (pass=868 fail=2 skip=5)
    FAIL TestDeliveryOrder_FlushSettlesQueuedSessionEventsBeforeSessionEnd
    FAIL TestDeliveryOrder_FlushSettlesQueuedSessionEventsBeforeSessionEnd
go_test_exit=1
exit=1
host_exit=1
