/work/cx-ingest-3336cf8-20260923T004902Z.bundle: OK
run_id=cx-ingest-3336cf8-20260923T004902Z-ab-pregate-7e5a141-b
commit=7e5a141aadfaf252594c112d2f39621630ee3e4a
tree=7e08449938e90d40c6823a4557cb404fcc890a40
bundle_sha256=8df6ea3ab1e8e3e96cc0f1cbd90f4394bc6f28c4d44183e1f61274cd86349538
started_utc=2026-09-23T01:02:28Z
uid=10001 user=qompack-test groups=qompack-test
race=0 count=3 timeout=30m gomaxprocs=4 coload=0
run=^TestE2E_ObserverThroughDaemon$
skip=
extra_env=
go version go1.26.6 linux/amd64
linux
amd64
0
/home/qompack-test/.cache/go-build
/go/pkg/mod
-mod=readonly
off
Linux e09d55cfc09b 5.15.167.4-microsoft-standard-WSL2 #1 SMP Tue Nov 5 00:21:55 UTC 2024 x86_64 GNU/Linux
22
PASS      github.com/qompack/qompack/test/e2e  (pass=3 fail=0 skip=0)
go_test_exit=0
exit=0
host_exit=0
