/work/cx-ingest-6cc9da3-20260922T230155Z.bundle: OK
run_id=cx-ingest-6cc9da3-20260922T230155Z-e2efault
commit=6cc9da3112af4b9eed693bc71d143d8ca083e159
tree=d706502fab62dea523fd8868f29a2d241af87ce3
bundle_sha256=d9288a80eed6db0ad09749e4374dad9f2daa10956844e0b6e0776dce4f71c4fd
started_utc=2026-09-22T23:02:47Z
uid=10001 user=qompack-test groups=qompack-test
race=0 count=1 timeout=30m gomaxprocs=4 coload=0
run=^(TestE2E_ObserverThroughDaemon|TestE2E_ThinSliceDropsControlOnlyEdges|TestV3_CrashRecoveryReplaysObserverAndLedgerConsistently|TestFault_AuditSeesADeletedObjectUnderALiveIndex|TestFault_MCPChildKilledMidRequest|TestFault_DaemonKilledMidIngest|TestFault_UnavailableHistoricalObject|TestFault_CheckpointDropsAnUnresolvablePointer|TestFault_CheckpointResolvabilityIsBlindToADeletedObject|TestDeliveryOrder_Live|TestDeliveryOrder_DrainRelease|TestDispatchLanes)$
skip=
extra_env=
go version go1.26.6 linux/amd64
linux
amd64
0
/home/qompack-test/.cache/go-build
/go/pkg/mod
-mod=readonly
off
Linux e09d55cfc09b 5.15.167.4-microsoft-standard-WSL2 #1 SMP Tue Nov 5 00:21:55 UTC 2024 x86_64 GNU/Linux
22
FAIL      github.com/qompack/qompack/test/e2e  (pass=2 fail=1 skip=0)
    FAIL TestV3_CrashRecoveryReplaysObserverAndLedgerConsistently
PASS      github.com/qompack/qompack/test/fault  (pass=6 fail=0 skip=0)
PASS      github.com/qompack/qompack/internal/daemon  (pass=0 fail=0 skip=0)
go_test_exit=1
exit=1
host_exit=1
