run_id=cx-p3-p3-linux-e2e-99d0b18-20261002T044416Z
container=qompack-v6-linux-verification
repo=C:/Users/Quant/Documents/Programming/Projects/qompack-cx-cand
rev=99d0b18c
commit=99d0b18cf7d5991aa733e70ce52a542b80aa7710
bundle_sha256=0394b1ac307fe913a34d97e1f5fddaea20bb55cf7de55978af6387c98b9478ef
host_started_utc=2026-10-02T04:44:28Z
inner_args=--coload --timeout 150m -- ./test/e2e
/work/cx-p3-p3-linux-e2e-99d0b18-20261002T044416Z.bundle: OK
run_id=cx-p3-p3-linux-e2e-99d0b18-20261002T044416Z
commit=99d0b18cf7d5991aa733e70ce52a542b80aa7710
tree=2a544bda820d90b89a398c21b1244940111bbbd4
bundle_sha256=0394b1ac307fe913a34d97e1f5fddaea20bb55cf7de55978af6387c98b9478ef
started_utc=2026-10-02T04:44:32Z
uid=10001 user=qompack-test groups=qompack-test
race=1 count=1 timeout=150m gomaxprocs=4 coload=1
run=
skip=
extra_env=
go version go1.26.6 linux/amd64
linux
amd64
1
/home/qompack-test/.cache/go-build
/go/pkg/mod
-mod=readonly
off
Linux e09d55cfc09b 5.15.167.4-microsoft-standard-WSL2 #1 SMP Tue Nov 5 00:21:55 UTC 2024 x86_64 GNU/Linux
22
PASS      github.com/qompack/qompack/test/e2e  (pass=336 fail=0 skip=3)
go_test_exit=0
exit=0
artifacts: C:/Users/Quant/Documents/Programming/Projects/qompack-v6/plans/sdd/V6-closeout/phase3/c6/linux/cx-p3-p3-linux-e2e-99d0b18-20261002T044416Z-artifacts
exit=0
