=== RUN   TestFlush_SessionEndIsOrderedAfterAcceptedArrivals
=== RUN   TestFlush_SessionEndIsOrderedAfterAcceptedArrivals/queued_job_no_worker_has_reached
=== RUN   TestFlush_SessionEndIsOrderedAfterAcceptedArrivals/one_worker_busy_on_another_session
--- PASS: TestFlush_SessionEndIsOrderedAfterAcceptedArrivals (1.38s)
    --- PASS: TestFlush_SessionEndIsOrderedAfterAcceptedArrivals/queued_job_no_worker_has_reached (0.70s)
    --- PASS: TestFlush_SessionEndIsOrderedAfterAcceptedArrivals/one_worker_busy_on_another_session (0.68s)
=== RUN   TestFlush_AnswersOnceDurableNotAfterSessionEnd
--- PASS: TestFlush_AnswersOnceDurableNotAfterSessionEnd (0.36s)
=== RUN   TestFlush_AReplyCallerStillWaitsForTheSessionEnd
--- PASS: TestFlush_AReplyCallerStillWaitsForTheSessionEnd (0.35s)
=== RUN   TestFlush_AnAcceptedFlushSurvivesACrashBeforeTheEnd
--- PASS: TestFlush_AnAcceptedFlushSurvivesACrashBeforeTheEnd (0.34s)
=== RUN   TestFlush_TheHookSpooledCopyOfAnAcceptedFlushEndsTheSessionOnce
--- PASS: TestFlush_TheHookSpooledCopyOfAnAcceptedFlushEndsTheSessionOnce (0.42s)
=== RUN   TestFlush_ADrainedFlushSettlesUpToItsOwnArrival
--- PASS: TestFlush_ADrainedFlushSettlesUpToItsOwnArrival (0.47s)
=== RUN   TestStop_FinishesAnAcceptedSessionEndBeforeItReturns
--- PASS: TestStop_FinishesAnAcceptedSessionEndBeforeItReturns (0.60s)
=== RUN   TestSessionRecovery_ConcurrentEndsLoseNoMarker
--- PASS: TestSessionRecovery_ConcurrentEndsLoseNoMarker (1.02s)
=== RUN   TestFlush_AFlushAcknowledgedDuringShutdownIsMarkedForRecovery
--- PASS: TestFlush_AFlushAcknowledgedDuringShutdownIsMarkedForRecovery (0.18s)
=== RUN   TestStop_IsNotHeldBehindASessionEndsDrain
--- PASS: TestStop_IsNotHeldBehindASessionEndsDrain (0.75s)
PASS
ok  	github.com/qompack/qompack/internal/daemon	6.152s
exit=0
