under_coload=[unset] head=deca6325 start=2026-09-29T16:25:31Z
=== RUN   TestV3_HotPathUnchangedWithLedgerResident
    v3_x11_test.go:463: X11 resident state: ToolUses=2000 RawBytes=43120000 (41.1 MB) StoredBytes=3682837 DedupRatio=11.71; DAG Nodes=9041 Edges=17920; ledger Active=5000 Stale=0 FillRatio=0.306 tried.bloom=24056B
    v3_x11_test.go:493: no-ledger run (the X11 corpus without the ledger): the bench harness took 2m4s; stdout:
        hotpath: building C:\Users\Quant\AppData\Local\Temp\qompack-bench-build-3182073735\qompack.exe...
        hotpath: starting daemon (\\.\pipe\qompack-bench-67184-52684acb655d0d14)...
        hotpath: daemon is reachable
        hotpath: warming daemon (64 hot-path observe.tool + 1936 admin.ping)...
        hotpath: warm-up sent ~1.1 MB across 64 hot-path requests (plus 1936 admin.ping round trips)
        hotpath: measuring spawn floor (200 x qompack version)...
        hotpath: measuring B-A/B-D (2000 x qompack [observe tool])...
        hotpath: measuring B-E (50 x qompack checkpoint)...
        hotpath: measuring hook ACK round trip (64 x in-process observe.tool)...
        
        hotpath bench summary (windows/amd64, n=2000)
          spawn floor: p50=23.961ms p99=48.891ms (n=200)
          b_a_method: daemon status hook_controlled (observed + hotPathTailAllowance), p99 gated against obs.Budgets() B-A's limit (reported, not gated, under --under-coload — see the notes); see the B-A_spawn_estimate row for the wall-clock, floor-subtracted diagnostic (unbiased at p50, dispersion-contaminated at p99 — spec step 6 amended by controller ruling #29)
        
          B-A                 n=2064  p50=  24.576ms p95=  30.720ms p99=  36.864ms p999=  49.152ms max=  163.000ms limit=50.000ms   [PASS]
          B-B                 n=2064  p50=   9.216ms p95=  12.288ms p99=  18.432ms p999=  36.864ms max=  134.362ms limit=50.000ms   [PASS]
          B-D                 n=2000  p50=  48.834ms p95=  68.206ms p99=  80.880ms p999=  89.492ms max=  128.586ms limit=n/a        [reported]
          B-E                 n=50    p50= 152.389ms p95= 167.965ms p99= 193.510ms p999= 193.510ms max=  193.510ms limit=2000.000ms [PASS]
          B-E_cpu             n=50    p50=  15.625ms p95=  46.875ms p99=  46.875ms p999=  46.875ms max=   46.875ms limit=2000.000ms [PASS]
          B-A_spawn_estimate  n=2000  p50=  24.872ms p95=  44.244ms p99=  56.919ms p999=  65.531ms max=  104.624ms limit=n/a        [reported]
          hook_ack_rtt        n=64    p50=  13.143ms p95=  15.530ms p99=  16.450ms p999=  16.450ms max=   16.450ms limit=n/a        [reported]
        
          note: B-C not measured in wave 1: the processing seams are stubs
          note: hook_ack_rtt is REPORTED, never gated: it is the client-side ACK round trip of 64 in-process observe.tool deliveries, each with a fresh nonce and a real lease, timed through the same ipc.Client a hook uses. Design §7.5 sizes the ACK deadline from it as AckDeadlineMs = L0IngestMs + ceil(slack99), where slack99 = p99(hook_ack_rtt) - p99(B-B) over this same run. The timed samples are preceded by 2 DISCARDED warm-up requests on the same session: without them sample #0 paid a session-registry insertion and a WAL segment create on top of the round trip, and at 64 samples with nearest-rank percentiles p99 IS the maximum sample, so that one sample became the number the deadline was sized from. Its traffic IS real hot-path traffic, so all 66 requests do reach the daemon's l0_ingest and hook_controlled histograms — but this run reads both of those for the gated B-A and B-B rows BEFORE any of the tranche is sent, warm-ups included, so none of it is inside either gated population, and the B-B this row is differenced against contains none of its own deliveries. They are reconciled rather than ignored: a second status read after the tranche counts every one of them, warm-ups included, into the delivery ledger, so a deferral of this tranche's own cannot pass unnoticed. The in-process traffic that does sit inside the gated populations is the warm-up's, disclosed with its own computed proportion. A p99 over 64 samples is still that set's own top sample, which is why §7.5 takes the maximum across three runs rather than trusting one
          note: daemon-observed hook_controlled_observed (recvTS-reqTS, strict lower bound, no hotPathTailAllowance): p50=6.144ms p99=10.240ms n=2064 — informational cross-check against the gated B-A row above, which adds the tail allowance
          note: B-A's gated n=2064 includes 64 in-process warm-up observe.tool requests (Send-time TS, not a spawned process's main() entry) alongside 2000 real hook spawns from the B-A/B-D loop — the warm-up hot-path tranche (warmHotTranche=64, a small, fixed constant) is 3.1% of the gated population for this run; see B-A_spawn_estimate for the wall-clock diagnostic derived purely from real spawns
          note: B-B's n includes the 64 warm-up hot-path (observe.tool) requests, not just the B-A/B-D measurement loop — the daemon's own l0_ingest count, reported verbatim (conservative for B-B: warm-up payloads run 4KB-256KB, larger than B-A/B-D's fixed representative payload). The other 1936 warm-up requests are admin.ping round trips and never reach l0_ingest at all (FIX ROUND 2, N-1)
        
    v3_x11_test.go:493: no-ledger run (the X11 corpus without the ledger): bench artifact C:\Users\Quant\AppData\Local\Temp\TestV3_HotPathUnchangedWithLedgerResident2642655250\004\v3-hotpath.json:
        {
          "platform": "windows/amd64",
          "n": 2000,
          "b_a_method": "daemon status hook_controlled (observed + hotPathTailAllowance), p99 gated against obs.Budgets() B-A's limit (reported, not gated, under --under-coload — see the notes); see the B-A_spawn_estimate row for the wall-clock, floor-subtracted diagnostic (unbiased at p50, dispersion-contaminated at p99 — spec step 6 amended by controller ruling #29)",
          "spawn_floor_ms": {
            "n": 200,
            "p50": 23.961,
            "p99": 48.891
          },
          "notes": [
            "B-C not measured in wave 1: the processing seams are stubs",
            "hook_ack_rtt is REPORTED, never gated: it is the client-side ACK round trip of 64 in-process observe.tool deliveries, each with a fresh nonce and a real lease, timed through the same ipc.Client a hook uses. Design §7.5 sizes the ACK deadline from it as AckDeadlineMs = L0IngestMs + ceil(slack99), where slack99 = p99(hook_ack_rtt) - p99(B-B) over this same run. The timed samples are preceded by 2 DISCARDED warm-up requests on the same session: without them sample #0 paid a session-registry insertion and a WAL segment create on top of the round trip, and at 64 samples with nearest-rank percentiles p99 IS the maximum sample, so that one sample became the number the deadline was sized from. Its traffic IS real hot-path traffic, so all 66 requests do reach the daemon's l0_ingest and hook_controlled histograms — but this run reads both of those for the gated B-A and B-B rows BEFORE any of the tranche is sent, warm-ups included, so none of it is inside either gated population, and the B-B this row is differenced against contains none of its own deliveries. They are reconciled rather than ignored: a second status read after the tranche counts every one of them, warm-ups included, into the delivery ledger, so a deferral of this tranche's own cannot pass unnoticed. The in-process traffic that does sit inside the gated populations is the warm-up's, disclosed with its own computed proportion. A p99 over 64 samples is still that set's own top sample, which is why §7.5 takes the maximum across three runs rather than trusting one",
            "daemon-observed hook_controlled_observed (recvTS-reqTS, strict lower bound, no hotPathTailAllowance): p50=6.144ms p99=10.240ms n=2064 — informational cross-check against the gated B-A row above, which adds the tail allowance",
            "B-A's gated n=2064 includes 64 in-process warm-up observe.tool requests (Send-time TS, not a spawned process's main() entry) alongside 2000 real hook spawns from the B-A/B-D loop — the warm-up hot-path tranche (warmHotTranche=64, a small, fixed constant) is 3.1% of the gated population for this run; see B-A_spawn_estimate for the wall-clock diagnostic derived purely from real spawns",
            "B-B's n includes the 64 warm-up hot-path (observe.tool) requests, not just the B-A/B-D measurement loop — the daemon's own l0_ingest count, reported verbatim (conservative for B-B: warm-up payloads run 4KB-256KB, larger than B-A/B-D's fixed representative payload). The other 1936 warm-up requests are admin.ping round trips and never reach l0_ingest at all (FIX ROUND 2, N-1)"
          ],
          "budgets": [
            {
              "budget_id": "B-A",
              "n": 2064,
              "p50": 24.576,
              "p95": 30.72,
              "p99": 36.864,
              "p999": 49.152,
              "max": 163,
              "limit_ms": 50,
              "pass": true
            },
            {
              "budget_id": "B-B",
              "n": 2064,
              "p50": 9.216,
              "p95": 12.288,
              "p99": 18.432,
              "p999": 36.864,
              "max": 134.362,
              "limit_ms": 50,
              "pass": true
            },
            {
              "budget_id": "B-D",
              "n": 2000,
              "p50": 48.834,
              "p95": 68.206,
              "p99": 80.88,
              "p999": 89.492,
              "max": 128.586,
              "limit_ms": null,
              "pass": null
            },
            {
              "budget_id": "B-E",
              "n": 50,
              "p50": 152.389,
              "p95": 167.965,
              "p99": 193.51,
              "p999": 193.51,
              "max": 193.51,
              "limit_ms": 2000,
              "pass": true
            },
            {
              "budget_id": "B-E_cpu",
              "n": 50,
              "p50": 15.625,
              "p95": 46.875,
              "p99": 46.875,
              "p999": 46.875,
              "max": 46.875,
              "limit_ms": 2000,
              "pass": true
            },
            {
              "budget_id": "B-A_spawn_estimate",
              "n": 2000,
              "p50": 24.872,
              "p95": 44.244,
              "p99": 56.919,
              "p999": 65.531,
              "max": 104.624,
              "limit_ms": null,
              "pass": null
            },
            {
              "budget_id": "hook_ack_rtt",
              "n": 64,
              "p50": 13.143,
              "p95": 15.53,
              "p99": 16.45,
              "p999": 16.45,
              "max": 16.45,
              "limit_ms": null,
              "pass": null
            }
          ]
        }
    v3_x11_test.go:494: X11 no-ledger run (the X11 corpus without the ledger) measured (platform windows/amd64, n=2000): B-A p99 = 36.864 ms (limit 50 ms; gated) | B-B p99=18.432ms (limit 50ms; gated) | B-E_cpu p99=46.875ms (limit 2000ms, n=50) | B-E wall p50=152.389ms p99=193.510ms (limit 2000ms; gated) | B-D p50=48.834ms p99=80.880ms max=128.586ms (n=2000) | spawn_floor p50=23.961ms p99=48.891ms (n=200) | b_a_method="daemon status hook_controlled (observed + hotPathTailAllowance), p99 gated against obs.Budgets() B-A's limit (reported, not gated, under --under-coload — see the notes); see the B-A_spawn_estimate row for the wall-clock, floor-subtracted diagnostic (unbiased at p50, dispersion-contaminated at p99 — spec step 6 amended by controller ruling #29)"
    v3_x11_test.go:494: no-ledger run (the X11 corpus without the ledger) bench note: B-C not measured in wave 1: the processing seams are stubs
    v3_x11_test.go:494: no-ledger run (the X11 corpus without the ledger) bench note: hook_ack_rtt is REPORTED, never gated: it is the client-side ACK round trip of 64 in-process observe.tool deliveries, each with a fresh nonce and a real lease, timed through the same ipc.Client a hook uses. Design §7.5 sizes the ACK deadline from it as AckDeadlineMs = L0IngestMs + ceil(slack99), where slack99 = p99(hook_ack_rtt) - p99(B-B) over this same run. The timed samples are preceded by 2 DISCARDED warm-up requests on the same session: without them sample #0 paid a session-registry insertion and a WAL segment create on top of the round trip, and at 64 samples with nearest-rank percentiles p99 IS the maximum sample, so that one sample became the number the deadline was sized from. Its traffic IS real hot-path traffic, so all 66 requests do reach the daemon's l0_ingest and hook_controlled histograms — but this run reads both of those for the gated B-A and B-B rows BEFORE any of the tranche is sent, warm-ups included, so none of it is inside either gated population, and the B-B this row is differenced against contains none of its own deliveries. They are reconciled rather than ignored: a second status read after the tranche counts every one of them, warm-ups included, into the delivery ledger, so a deferral of this tranche's own cannot pass unnoticed. The in-process traffic that does sit inside the gated populations is the warm-up's, disclosed with its own computed proportion. A p99 over 64 samples is still that set's own top sample, which is why §7.5 takes the maximum across three runs rather than trusting one
    v3_x11_test.go:494: no-ledger run (the X11 corpus without the ledger) bench note: daemon-observed hook_controlled_observed (recvTS-reqTS, strict lower bound, no hotPathTailAllowance): p50=6.144ms p99=10.240ms n=2064 — informational cross-check against the gated B-A row above, which adds the tail allowance
    v3_x11_test.go:494: no-ledger run (the X11 corpus without the ledger) bench note: B-A's gated n=2064 includes 64 in-process warm-up observe.tool requests (Send-time TS, not a spawned process's main() entry) alongside 2000 real hook spawns from the B-A/B-D loop — the warm-up hot-path tranche (warmHotTranche=64, a small, fixed constant) is 3.1% of the gated population for this run; see B-A_spawn_estimate for the wall-clock diagnostic derived purely from real spawns
    v3_x11_test.go:494: no-ledger run (the X11 corpus without the ledger) bench note: B-B's n includes the 64 warm-up hot-path (observe.tool) requests, not just the B-A/B-D measurement loop — the daemon's own l0_ingest count, reported verbatim (conservative for B-B: warm-up payloads run 4KB-256KB, larger than B-A/B-D's fixed representative payload). The other 1936 warm-up requests are admin.ping round trips and never reach l0_ingest at all (FIX ROUND 2, N-1)
    v3_x11_test.go:495: ledger-resident run (the X11 corpus with the 5 000-entry ledger): the bench harness took 1m53s; stdout:
        hotpath: building C:\Users\Quant\AppData\Local\Temp\qompack-bench-build-3113059737\qompack.exe...
        hotpath: starting daemon (\\.\pipe\qompack-bench-10640-d921f4ebca88d1fb)...
        hotpath: daemon is reachable
        hotpath: warming daemon (64 hot-path observe.tool + 1936 admin.ping)...
        hotpath: warm-up sent ~1.1 MB across 64 hot-path requests (plus 1936 admin.ping round trips)
        hotpath: measuring spawn floor (200 x qompack version)...
        hotpath: measuring B-A/B-D (2000 x qompack [observe tool])...
        hotpath: measuring B-E (50 x qompack checkpoint)...
        hotpath: measuring hook ACK round trip (64 x in-process observe.tool)...
        
        hotpath bench summary (windows/amd64, n=2000)
          spawn floor: p50=23.949ms p99=46.918ms (n=200)
          b_a_method: daemon status hook_controlled (observed + hotPathTailAllowance), p99 gated against obs.Budgets() B-A's limit (reported, not gated, under --under-coload — see the notes); see the B-A_spawn_estimate row for the wall-clock, floor-subtracted diagnostic (unbiased at p50, dispersion-contaminated at p99 — spec step 6 amended by controller ruling #29)
        
          B-A                 n=2064  p50=  22.528ms p95=  26.624ms p99=  28.672ms p999=  36.864ms max=  127.000ms limit=50.000ms   [PASS]
          B-B                 n=2064  p50=   9.216ms p95=  11.264ms p99=  13.312ms p999=  15.360ms max=   96.407ms limit=50.000ms   [PASS]
          B-D                 n=2000  p50=  44.209ms p95=  52.905ms p99=  67.978ms p999=  82.472ms max=  132.826ms limit=n/a        [reported]
          B-E                 n=50    p50= 152.704ms p95= 177.912ms p99= 220.069ms p999= 220.069ms max=  220.069ms limit=2000.000ms [PASS]
          B-E_cpu             n=50    p50=  15.625ms p95=  46.875ms p99=  46.875ms p999=  46.875ms max=   46.875ms limit=2000.000ms [PASS]
          B-A_spawn_estimate  n=2000  p50=  20.259ms p95=  28.955ms p99=  44.028ms p999=  58.522ms max=  108.876ms limit=n/a        [reported]
          hook_ack_rtt        n=64    p50=  13.255ms p95=  15.355ms p99=  17.643ms p999=  17.643ms max=   17.643ms limit=n/a        [reported]
        
          note: B-C not measured in wave 1: the processing seams are stubs
          note: hook_ack_rtt is REPORTED, never gated: it is the client-side ACK round trip of 64 in-process observe.tool deliveries, each with a fresh nonce and a real lease, timed through the same ipc.Client a hook uses. Design §7.5 sizes the ACK deadline from it as AckDeadlineMs = L0IngestMs + ceil(slack99), where slack99 = p99(hook_ack_rtt) - p99(B-B) over this same run. The timed samples are preceded by 2 DISCARDED warm-up requests on the same session: without them sample #0 paid a session-registry insertion and a WAL segment create on top of the round trip, and at 64 samples with nearest-rank percentiles p99 IS the maximum sample, so that one sample became the number the deadline was sized from. Its traffic IS real hot-path traffic, so all 66 requests do reach the daemon's l0_ingest and hook_controlled histograms — but this run reads both of those for the gated B-A and B-B rows BEFORE any of the tranche is sent, warm-ups included, so none of it is inside either gated population, and the B-B this row is differenced against contains none of its own deliveries. They are reconciled rather than ignored: a second status read after the tranche counts every one of them, warm-ups included, into the delivery ledger, so a deferral of this tranche's own cannot pass unnoticed. The in-process traffic that does sit inside the gated populations is the warm-up's, disclosed with its own computed proportion. A p99 over 64 samples is still that set's own top sample, which is why §7.5 takes the maximum across three runs rather than trusting one
          note: daemon-observed hook_controlled_observed (recvTS-reqTS, strict lower bound, no hotPathTailAllowance): p50=6.144ms p99=10.240ms n=2064 — informational cross-check against the gated B-A row above, which adds the tail allowance
          note: B-A's gated n=2064 includes 64 in-process warm-up observe.tool requests (Send-time TS, not a spawned process's main() entry) alongside 2000 real hook spawns from the B-A/B-D loop — the warm-up hot-path tranche (warmHotTranche=64, a small, fixed constant) is 3.1% of the gated population for this run; see B-A_spawn_estimate for the wall-clock diagnostic derived purely from real spawns
          note: B-B's n includes the 64 warm-up hot-path (observe.tool) requests, not just the B-A/B-D measurement loop — the daemon's own l0_ingest count, reported verbatim (conservative for B-B: warm-up payloads run 4KB-256KB, larger than B-A/B-D's fixed representative payload). The other 1936 warm-up requests are admin.ping round trips and never reach l0_ingest at all (FIX ROUND 2, N-1)
        
    v3_x11_test.go:495: ledger-resident run (the X11 corpus with the 5 000-entry ledger): bench artifact C:\Users\Quant\AppData\Local\Temp\TestV3_HotPathUnchangedWithLedgerResident2642655250\005\v3-hotpath.json:
        {
          "platform": "windows/amd64",
          "n": 2000,
          "b_a_method": "daemon status hook_controlled (observed + hotPathTailAllowance), p99 gated against obs.Budgets() B-A's limit (reported, not gated, under --under-coload — see the notes); see the B-A_spawn_estimate row for the wall-clock, floor-subtracted diagnostic (unbiased at p50, dispersion-contaminated at p99 — spec step 6 amended by controller ruling #29)",
          "spawn_floor_ms": {
            "n": 200,
            "p50": 23.949,
            "p99": 46.918
          },
          "notes": [
            "B-C not measured in wave 1: the processing seams are stubs",
            "hook_ack_rtt is REPORTED, never gated: it is the client-side ACK round trip of 64 in-process observe.tool deliveries, each with a fresh nonce and a real lease, timed through the same ipc.Client a hook uses. Design §7.5 sizes the ACK deadline from it as AckDeadlineMs = L0IngestMs + ceil(slack99), where slack99 = p99(hook_ack_rtt) - p99(B-B) over this same run. The timed samples are preceded by 2 DISCARDED warm-up requests on the same session: without them sample #0 paid a session-registry insertion and a WAL segment create on top of the round trip, and at 64 samples with nearest-rank percentiles p99 IS the maximum sample, so that one sample became the number the deadline was sized from. Its traffic IS real hot-path traffic, so all 66 requests do reach the daemon's l0_ingest and hook_controlled histograms — but this run reads both of those for the gated B-A and B-B rows BEFORE any of the tranche is sent, warm-ups included, so none of it is inside either gated population, and the B-B this row is differenced against contains none of its own deliveries. They are reconciled rather than ignored: a second status read after the tranche counts every one of them, warm-ups included, into the delivery ledger, so a deferral of this tranche's own cannot pass unnoticed. The in-process traffic that does sit inside the gated populations is the warm-up's, disclosed with its own computed proportion. A p99 over 64 samples is still that set's own top sample, which is why §7.5 takes the maximum across three runs rather than trusting one",
            "daemon-observed hook_controlled_observed (recvTS-reqTS, strict lower bound, no hotPathTailAllowance): p50=6.144ms p99=10.240ms n=2064 — informational cross-check against the gated B-A row above, which adds the tail allowance",
            "B-A's gated n=2064 includes 64 in-process warm-up observe.tool requests (Send-time TS, not a spawned process's main() entry) alongside 2000 real hook spawns from the B-A/B-D loop — the warm-up hot-path tranche (warmHotTranche=64, a small, fixed constant) is 3.1% of the gated population for this run; see B-A_spawn_estimate for the wall-clock diagnostic derived purely from real spawns",
            "B-B's n includes the 64 warm-up hot-path (observe.tool) requests, not just the B-A/B-D measurement loop — the daemon's own l0_ingest count, reported verbatim (conservative for B-B: warm-up payloads run 4KB-256KB, larger than B-A/B-D's fixed representative payload). The other 1936 warm-up requests are admin.ping round trips and never reach l0_ingest at all (FIX ROUND 2, N-1)"
          ],
          "budgets": [
            {
              "budget_id": "B-A",
              "n": 2064,
              "p50": 22.528,
              "p95": 26.624,
              "p99": 28.672,
              "p999": 36.864,
              "max": 127,
              "limit_ms": 50,
              "pass": true
            },
            {
              "budget_id": "B-B",
              "n": 2064,
              "p50": 9.216,
              "p95": 11.264,
              "p99": 13.312,
              "p999": 15.36,
              "max": 96.407,
              "limit_ms": 50,
              "pass": true
            },
            {
              "budget_id": "B-D",
              "n": 2000,
              "p50": 44.209,
              "p95": 52.905,
              "p99": 67.978,
              "p999": 82.472,
              "max": 132.826,
              "limit_ms": null,
              "pass": null
            },
            {
              "budget_id": "B-E",
              "n": 50,
              "p50": 152.704,
              "p95": 177.912,
              "p99": 220.069,
              "p999": 220.069,
              "max": 220.069,
              "limit_ms": 2000,
              "pass": true
            },
            {
              "budget_id": "B-E_cpu",
              "n": 50,
              "p50": 15.625,
              "p95": 46.875,
              "p99": 46.875,
              "p999": 46.875,
              "max": 46.875,
              "limit_ms": 2000,
              "pass": true
            },
            {
              "budget_id": "B-A_spawn_estimate",
              "n": 2000,
              "p50": 20.259,
              "p95": 28.955,
              "p99": 44.028,
              "p999": 58.522,
              "max": 108.876,
              "limit_ms": null,
              "pass": null
            },
            {
              "budget_id": "hook_ack_rtt",
              "n": 64,
              "p50": 13.255,
              "p95": 15.355,
              "p99": 17.643,
              "p999": 17.643,
              "max": 17.643,
              "limit_ms": null,
              "pass": null
            }
          ]
        }
    v3_x11_test.go:496: X11 ledger-resident run (the X11 corpus with the 5 000-entry ledger) measured (platform windows/amd64, n=2000): B-A p99 = 28.672 ms (limit 50 ms; gated) | B-B p99=13.312ms (limit 50ms; gated) | B-E_cpu p99=46.875ms (limit 2000ms, n=50) | B-E wall p50=152.704ms p99=220.069ms (limit 2000ms; gated) | B-D p50=44.209ms p99=67.978ms max=132.826ms (n=2000) | spawn_floor p50=23.949ms p99=46.918ms (n=200) | b_a_method="daemon status hook_controlled (observed + hotPathTailAllowance), p99 gated against obs.Budgets() B-A's limit (reported, not gated, under --under-coload — see the notes); see the B-A_spawn_estimate row for the wall-clock, floor-subtracted diagnostic (unbiased at p50, dispersion-contaminated at p99 — spec step 6 amended by controller ruling #29)"
    v3_x11_test.go:496: ledger-resident run (the X11 corpus with the 5 000-entry ledger) bench note: B-C not measured in wave 1: the processing seams are stubs
    v3_x11_test.go:496: ledger-resident run (the X11 corpus with the 5 000-entry ledger) bench note: hook_ack_rtt is REPORTED, never gated: it is the client-side ACK round trip of 64 in-process observe.tool deliveries, each with a fresh nonce and a real lease, timed through the same ipc.Client a hook uses. Design §7.5 sizes the ACK deadline from it as AckDeadlineMs = L0IngestMs + ceil(slack99), where slack99 = p99(hook_ack_rtt) - p99(B-B) over this same run. The timed samples are preceded by 2 DISCARDED warm-up requests on the same session: without them sample #0 paid a session-registry insertion and a WAL segment create on top of the round trip, and at 64 samples with nearest-rank percentiles p99 IS the maximum sample, so that one sample became the number the deadline was sized from. Its traffic IS real hot-path traffic, so all 66 requests do reach the daemon's l0_ingest and hook_controlled histograms — but this run reads both of those for the gated B-A and B-B rows BEFORE any of the tranche is sent, warm-ups included, so none of it is inside either gated population, and the B-B this row is differenced against contains none of its own deliveries. They are reconciled rather than ignored: a second status read after the tranche counts every one of them, warm-ups included, into the delivery ledger, so a deferral of this tranche's own cannot pass unnoticed. The in-process traffic that does sit inside the gated populations is the warm-up's, disclosed with its own computed proportion. A p99 over 64 samples is still that set's own top sample, which is why §7.5 takes the maximum across three runs rather than trusting one
    v3_x11_test.go:496: ledger-resident run (the X11 corpus with the 5 000-entry ledger) bench note: daemon-observed hook_controlled_observed (recvTS-reqTS, strict lower bound, no hotPathTailAllowance): p50=6.144ms p99=10.240ms n=2064 — informational cross-check against the gated B-A row above, which adds the tail allowance
    v3_x11_test.go:496: ledger-resident run (the X11 corpus with the 5 000-entry ledger) bench note: B-A's gated n=2064 includes 64 in-process warm-up observe.tool requests (Send-time TS, not a spawned process's main() entry) alongside 2000 real hook spawns from the B-A/B-D loop — the warm-up hot-path tranche (warmHotTranche=64, a small, fixed constant) is 3.1% of the gated population for this run; see B-A_spawn_estimate for the wall-clock diagnostic derived purely from real spawns
    v3_x11_test.go:496: ledger-resident run (the X11 corpus with the 5 000-entry ledger) bench note: B-B's n includes the 64 warm-up hot-path (observe.tool) requests, not just the B-A/B-D measurement loop — the daemon's own l0_ingest count, reported verbatim (conservative for B-B: warm-up payloads run 4KB-256KB, larger than B-A/B-D's fixed representative payload). The other 1936 warm-up requests are admin.ping round trips and never reach l0_ingest at all (FIX ROUND 2, N-1)
    v3_x11_test.go:527: X11 pair (gated: PASS): hook_controlled_observed p50 no-ledger=6.144ms (p99 10.240ms, n=2064) | ledger=6.144ms (p99 10.240ms, n=2064) | ceiling 7.680ms (x1.25, floor one 1.024ms tick)
    v3_x11_test.go:532: X11 B-A p99, REPORTED not gated against V2: no-ledger=36.864ms, ledger=28.672ms, V2 recorded 3.072ms — V2's B-A excluded the handler and its ingest was not durable, so the figures measure different quantities (D42); B-A is gated only against its obs.Budgets() limit (50ms)
--- PASS: TestV3_HotPathUnchangedWithLedgerResident (668.51s)
PASS
ok  	github.com/qompack/qompack/test/e2e	668.899s
exit=0 end=2026-09-29T16:36:42Z
