=== RUN   TestV3_HotPathUnchangedWithLedgerResident
    v3_x11_test.go:463: X11 resident state: ToolUses=2000 RawBytes=43120000 (41.1 MB) StoredBytes=3682837 DedupRatio=11.71; DAG Nodes=9041 Edges=17920; ledger Active=5000 Stale=0 FillRatio=0.306 tried.bloom=24056B
    v3_x11_test.go:493: no-ledger run (the X11 corpus without the ledger): the bench harness took 1m59s; stdout:
        hotpath: building C:\Users\Quant\AppData\Local\Temp\qompack-bench-build-744244311\qompack.exe...
        hotpath: starting daemon (\\.\pipe\qompack-bench-73476-ce33937cd0f25c92)...
        hotpath: daemon is reachable
        hotpath: warming daemon (64 hot-path observe.tool + 1936 admin.ping)...
        hotpath: warm-up sent ~1.1 MB across 64 hot-path requests (plus 1936 admin.ping round trips)
        hotpath: measuring spawn floor (200 x qompack version)...
        hotpath: measuring B-A/B-D (2000 x qompack [observe tool])...
        hotpath: measuring B-E (50 x qompack checkpoint)...
        hotpath: measuring hook ACK round trip (64 x in-process observe.tool)...
        
        hotpath bench summary (windows/amd64, n=2000)
          spawn floor: p50=23.320ms p99=53.560ms (n=200)
          b_a_method: daemon status hook_controlled (observed + hotPathTailAllowance), p99 gated against obs.Budgets() B-A's limit (reported, not gated, under --under-coload — see the notes); see the B-A_spawn_estimate row for the wall-clock, floor-subtracted diagnostic (unbiased at p50, dispersion-contaminated at p99 — spec step 6 amended by controller ruling #29)
        
          B-A                 n=2064  p50=  20.480ms p95=  24.576ms p99=  30.720ms p999=  40.960ms max=  149.000ms limit=50.000ms   [PASS]
          B-B                 n=2064  p50=   9.216ms p95=  11.264ms p99=  13.312ms p999=  24.576ms max=  120.926ms limit=50.000ms   [PASS]
          B-D                 n=2000  p50=  45.500ms p95=  70.213ms p99=  79.673ms p999=  96.846ms max=  133.018ms limit=n/a        [reported]
          B-E                 n=50    p50= 146.174ms p95= 180.922ms p99= 184.290ms p999= 184.290ms max=  184.290ms limit=2000.000ms [PASS]
          B-E_cpu             n=50    p50=  31.250ms p95=  46.875ms p99=  62.500ms p999=  62.500ms max=   62.500ms limit=2000.000ms [PASS]
          B-A_spawn_estimate  n=2000  p50=  22.179ms p95=  46.892ms p99=  56.352ms p999=  73.525ms max=  109.697ms limit=n/a        [reported]
          hook_ack_rtt        n=64    p50=  13.105ms p95=  15.533ms p99=  19.575ms p999=  19.575ms max=   19.575ms limit=n/a        [reported]
        
          note: B-C not measured in wave 1: the processing seams are stubs
          note: hook_ack_rtt is REPORTED, never gated: it is the client-side ACK round trip of 64 in-process observe.tool deliveries, each with a fresh nonce and a real lease, timed through the same ipc.Client a hook uses. Design §7.5 sizes the ACK deadline from it as AckDeadlineMs = L0IngestMs + ceil(slack99), where slack99 = p99(hook_ack_rtt) - p99(B-B) over this same run. The timed samples are preceded by 2 DISCARDED warm-up requests on the same session: without them sample #0 paid a session-registry insertion and a WAL segment create on top of the round trip, and at 64 samples with nearest-rank percentiles p99 IS the maximum sample, so that one sample became the number the deadline was sized from. Its traffic IS real hot-path traffic, so all 66 requests do reach the daemon's l0_ingest and hook_controlled histograms — but this run reads both of those for the gated B-A and B-B rows BEFORE any of the tranche is sent, warm-ups included, so none of it is inside either gated population, and the B-B this row is differenced against contains none of its own deliveries. They are reconciled rather than ignored: a second status read after the tranche counts every one of them, warm-ups included, into the delivery ledger, so a deferral of this tranche's own cannot pass unnoticed. The in-process traffic that does sit inside the gated populations is the warm-up's, disclosed with its own computed proportion. A p99 over 64 samples is still that set's own top sample, which is why §7.5 takes the maximum across three runs rather than trusting one
          note: daemon-observed hook_controlled_observed (recvTS-reqTS, strict lower bound, no hotPathTailAllowance): p50=6.144ms p99=9.216ms n=2064 — informational cross-check against the gated B-A row above, which adds the tail allowance
          note: B-A's gated n=2064 includes 64 in-process warm-up observe.tool requests (Send-time TS, not a spawned process's main() entry) alongside 2000 real hook spawns from the B-A/B-D loop — the warm-up hot-path tranche (warmHotTranche=64, a small, fixed constant) is 3.1% of the gated population for this run; see B-A_spawn_estimate for the wall-clock diagnostic derived purely from real spawns
          note: B-B's n includes the 64 warm-up hot-path (observe.tool) requests, not just the B-A/B-D measurement loop — the daemon's own l0_ingest count, reported verbatim (conservative for B-B: warm-up payloads run 4KB-256KB, larger than B-A/B-D's fixed representative payload). The other 1936 warm-up requests are admin.ping round trips and never reach l0_ingest at all (FIX ROUND 2, N-1)
        
    v3_x11_test.go:493: no-ledger run (the X11 corpus without the ledger): bench artifact C:\Users\Quant\AppData\Local\Temp\TestV3_HotPathUnchangedWithLedgerResident395125675\004\v3-hotpath.json:
        {
          "platform": "windows/amd64",
          "n": 2000,
          "b_a_method": "daemon status hook_controlled (observed + hotPathTailAllowance), p99 gated against obs.Budgets() B-A's limit (reported, not gated, under --under-coload — see the notes); see the B-A_spawn_estimate row for the wall-clock, floor-subtracted diagnostic (unbiased at p50, dispersion-contaminated at p99 — spec step 6 amended by controller ruling #29)",
          "spawn_floor_ms": {
            "n": 200,
            "p50": 23.32,
            "p99": 53.56
          },
          "notes": [
            "B-C not measured in wave 1: the processing seams are stubs",
            "hook_ack_rtt is REPORTED, never gated: it is the client-side ACK round trip of 64 in-process observe.tool deliveries, each with a fresh nonce and a real lease, timed through the same ipc.Client a hook uses. Design §7.5 sizes the ACK deadline from it as AckDeadlineMs = L0IngestMs + ceil(slack99), where slack99 = p99(hook_ack_rtt) - p99(B-B) over this same run. The timed samples are preceded by 2 DISCARDED warm-up requests on the same session: without them sample #0 paid a session-registry insertion and a WAL segment create on top of the round trip, and at 64 samples with nearest-rank percentiles p99 IS the maximum sample, so that one sample became the number the deadline was sized from. Its traffic IS real hot-path traffic, so all 66 requests do reach the daemon's l0_ingest and hook_controlled histograms — but this run reads both of those for the gated B-A and B-B rows BEFORE any of the tranche is sent, warm-ups included, so none of it is inside either gated population, and the B-B this row is differenced against contains none of its own deliveries. They are reconciled rather than ignored: a second status read after the tranche counts every one of them, warm-ups included, into the delivery ledger, so a deferral of this tranche's own cannot pass unnoticed. The in-process traffic that does sit inside the gated populations is the warm-up's, disclosed with its own computed proportion. A p99 over 64 samples is still that set's own top sample, which is why §7.5 takes the maximum across three runs rather than trusting one",
            "daemon-observed hook_controlled_observed (recvTS-reqTS, strict lower bound, no hotPathTailAllowance): p50=6.144ms p99=9.216ms n=2064 — informational cross-check against the gated B-A row above, which adds the tail allowance",
            "B-A's gated n=2064 includes 64 in-process warm-up observe.tool requests (Send-time TS, not a spawned process's main() entry) alongside 2000 real hook spawns from the B-A/B-D loop — the warm-up hot-path tranche (warmHotTranche=64, a small, fixed constant) is 3.1% of the gated population for this run; see B-A_spawn_estimate for the wall-clock diagnostic derived purely from real spawns",
            "B-B's n includes the 64 warm-up hot-path (observe.tool) requests, not just the B-A/B-D measurement loop — the daemon's own l0_ingest count, reported verbatim (conservative for B-B: warm-up payloads run 4KB-256KB, larger than B-A/B-D's fixed representative payload). The other 1936 warm-up requests are admin.ping round trips and never reach l0_ingest at all (FIX ROUND 2, N-1)"
          ],
          "budgets": [
            {
              "budget_id": "B-A",
              "n": 2064,
              "p50": 20.48,
              "p95": 24.576,
              "p99": 30.72,
              "p999": 40.96,
              "max": 149,
              "limit_ms": 50,
              "pass": true
            },
            {
              "budget_id": "B-B",
              "n": 2064,
              "p50": 9.216,
              "p95": 11.264,
              "p99": 13.312,
              "p999": 24.576,
              "max": 120.926,
              "limit_ms": 50,
              "pass": true
            },
            {
              "budget_id": "B-D",
              "n": 2000,
              "p50": 45.5,
              "p95": 70.213,
              "p99": 79.673,
              "p999": 96.846,
              "max": 133.018,
              "limit_ms": null,
              "pass": null
            },
            {
              "budget_id": "B-E",
              "n": 50,
              "p50": 146.174,
              "p95": 180.922,
              "p99": 184.29,
              "p999": 184.29,
              "max": 184.29,
              "limit_ms": 2000,
              "pass": true
            },
            {
              "budget_id": "B-E_cpu",
              "n": 50,
              "p50": 31.25,
              "p95": 46.875,
              "p99": 62.5,
              "p999": 62.5,
              "max": 62.5,
              "limit_ms": 2000,
              "pass": true
            },
            {
              "budget_id": "B-A_spawn_estimate",
              "n": 2000,
              "p50": 22.179,
              "p95": 46.892,
              "p99": 56.352,
              "p999": 73.525,
              "max": 109.697,
              "limit_ms": null,
              "pass": null
            },
            {
              "budget_id": "hook_ack_rtt",
              "n": 64,
              "p50": 13.105,
              "p95": 15.533,
              "p99": 19.575,
              "p999": 19.575,
              "max": 19.575,
              "limit_ms": null,
              "pass": null
            }
          ]
        }
    v3_x11_test.go:494: X11 no-ledger run (the X11 corpus without the ledger) measured (platform windows/amd64, n=2000): B-A p99 = 30.720 ms (limit 50 ms; gated) | B-B p99=13.312ms (limit 50ms; gated) | B-E_cpu p99=62.500ms (limit 2000ms, n=50) | B-E wall p50=146.174ms p99=184.290ms (limit 2000ms; gated) | B-D p50=45.500ms p99=79.673ms max=133.018ms (n=2000) | spawn_floor p50=23.320ms p99=53.560ms (n=200) | b_a_method="daemon status hook_controlled (observed + hotPathTailAllowance), p99 gated against obs.Budgets() B-A's limit (reported, not gated, under --under-coload — see the notes); see the B-A_spawn_estimate row for the wall-clock, floor-subtracted diagnostic (unbiased at p50, dispersion-contaminated at p99 — spec step 6 amended by controller ruling #29)"
    v3_x11_test.go:494: no-ledger run (the X11 corpus without the ledger) bench note: B-C not measured in wave 1: the processing seams are stubs
    v3_x11_test.go:494: no-ledger run (the X11 corpus without the ledger) bench note: hook_ack_rtt is REPORTED, never gated: it is the client-side ACK round trip of 64 in-process observe.tool deliveries, each with a fresh nonce and a real lease, timed through the same ipc.Client a hook uses. Design §7.5 sizes the ACK deadline from it as AckDeadlineMs = L0IngestMs + ceil(slack99), where slack99 = p99(hook_ack_rtt) - p99(B-B) over this same run. The timed samples are preceded by 2 DISCARDED warm-up requests on the same session: without them sample #0 paid a session-registry insertion and a WAL segment create on top of the round trip, and at 64 samples with nearest-rank percentiles p99 IS the maximum sample, so that one sample became the number the deadline was sized from. Its traffic IS real hot-path traffic, so all 66 requests do reach the daemon's l0_ingest and hook_controlled histograms — but this run reads both of those for the gated B-A and B-B rows BEFORE any of the tranche is sent, warm-ups included, so none of it is inside either gated population, and the B-B this row is differenced against contains none of its own deliveries. They are reconciled rather than ignored: a second status read after the tranche counts every one of them, warm-ups included, into the delivery ledger, so a deferral of this tranche's own cannot pass unnoticed. The in-process traffic that does sit inside the gated populations is the warm-up's, disclosed with its own computed proportion. A p99 over 64 samples is still that set's own top sample, which is why §7.5 takes the maximum across three runs rather than trusting one
    v3_x11_test.go:494: no-ledger run (the X11 corpus without the ledger) bench note: daemon-observed hook_controlled_observed (recvTS-reqTS, strict lower bound, no hotPathTailAllowance): p50=6.144ms p99=9.216ms n=2064 — informational cross-check against the gated B-A row above, which adds the tail allowance
    v3_x11_test.go:494: no-ledger run (the X11 corpus without the ledger) bench note: B-A's gated n=2064 includes 64 in-process warm-up observe.tool requests (Send-time TS, not a spawned process's main() entry) alongside 2000 real hook spawns from the B-A/B-D loop — the warm-up hot-path tranche (warmHotTranche=64, a small, fixed constant) is 3.1% of the gated population for this run; see B-A_spawn_estimate for the wall-clock diagnostic derived purely from real spawns
    v3_x11_test.go:494: no-ledger run (the X11 corpus without the ledger) bench note: B-B's n includes the 64 warm-up hot-path (observe.tool) requests, not just the B-A/B-D measurement loop — the daemon's own l0_ingest count, reported verbatim (conservative for B-B: warm-up payloads run 4KB-256KB, larger than B-A/B-D's fixed representative payload). The other 1936 warm-up requests are admin.ping round trips and never reach l0_ingest at all (FIX ROUND 2, N-1)
    v3_x11_test.go:495: ledger-resident run (the X11 corpus with the 5 000-entry ledger): the bench harness took 1m58s; stdout:
        hotpath: building C:\Users\Quant\AppData\Local\Temp\qompack-bench-build-3028153674\qompack.exe...
        hotpath: starting daemon (\\.\pipe\qompack-bench-74044-a8f6b194e1fe3b8c)...
        hotpath: daemon is reachable
        hotpath: warming daemon (64 hot-path observe.tool + 1936 admin.ping)...
        hotpath: warm-up sent ~1.1 MB across 64 hot-path requests (plus 1936 admin.ping round trips)
        hotpath: measuring spawn floor (200 x qompack version)...
        hotpath: measuring B-A/B-D (2000 x qompack [observe tool])...
        hotpath: measuring B-E (50 x qompack checkpoint)...
        hotpath: measuring hook ACK round trip (64 x in-process observe.tool)...
        
        hotpath bench summary (windows/amd64, n=2000)
          spawn floor: p50=24.514ms p99=63.695ms (n=200)
          b_a_method: daemon status hook_controlled (observed + hotPathTailAllowance), p99 gated against obs.Budgets() B-A's limit (reported, not gated, under --under-coload — see the notes); see the B-A_spawn_estimate row for the wall-clock, floor-subtracted diagnostic (unbiased at p50, dispersion-contaminated at p99 — spec step 6 amended by controller ruling #29)
        
          B-A                 n=2064  p50=  20.480ms p95=  24.576ms p99=  28.672ms p999=  40.960ms max=  132.000ms limit=50.000ms   [PASS]
          B-B                 n=2064  p50=   9.216ms p95=  11.264ms p99=  13.312ms p999=  26.624ms max=  105.734ms limit=50.000ms   [PASS]
          B-D                 n=2000  p50=  45.173ms p95=  69.289ms p99=  80.473ms p999=  90.307ms max=  122.454ms limit=n/a        [reported]
          B-E                 n=50    p50= 143.889ms p95= 184.113ms p99= 198.660ms p999= 198.660ms max=  198.660ms limit=2000.000ms [PASS]
          B-E_cpu             n=50    p50=  31.250ms p95=  46.875ms p99=  46.875ms p999=  46.875ms max=   46.875ms limit=2000.000ms [PASS]
          B-A_spawn_estimate  n=2000  p50=  20.658ms p95=  44.774ms p99=  55.959ms p999=  65.792ms max=   97.939ms limit=n/a        [reported]
          hook_ack_rtt        n=64    p50=  12.583ms p95=  15.562ms p99=  18.865ms p999=  18.865ms max=   18.865ms limit=n/a        [reported]
        
          note: B-C not measured in wave 1: the processing seams are stubs
          note: hook_ack_rtt is REPORTED, never gated: it is the client-side ACK round trip of 64 in-process observe.tool deliveries, each with a fresh nonce and a real lease, timed through the same ipc.Client a hook uses. Design §7.5 sizes the ACK deadline from it as AckDeadlineMs = L0IngestMs + ceil(slack99), where slack99 = p99(hook_ack_rtt) - p99(B-B) over this same run. The timed samples are preceded by 2 DISCARDED warm-up requests on the same session: without them sample #0 paid a session-registry insertion and a WAL segment create on top of the round trip, and at 64 samples with nearest-rank percentiles p99 IS the maximum sample, so that one sample became the number the deadline was sized from. Its traffic IS real hot-path traffic, so all 66 requests do reach the daemon's l0_ingest and hook_controlled histograms — but this run reads both of those for the gated B-A and B-B rows BEFORE any of the tranche is sent, warm-ups included, so none of it is inside either gated population, and the B-B this row is differenced against contains none of its own deliveries. They are reconciled rather than ignored: a second status read after the tranche counts every one of them, warm-ups included, into the delivery ledger, so a deferral of this tranche's own cannot pass unnoticed. The in-process traffic that does sit inside the gated populations is the warm-up's, disclosed with its own computed proportion. A p99 over 64 samples is still that set's own top sample, which is why §7.5 takes the maximum across three runs rather than trusting one
          note: daemon-observed hook_controlled_observed (recvTS-reqTS, strict lower bound, no hotPathTailAllowance): p50=6.144ms p99=9.216ms n=2064 — informational cross-check against the gated B-A row above, which adds the tail allowance
          note: B-A's gated n=2064 includes 64 in-process warm-up observe.tool requests (Send-time TS, not a spawned process's main() entry) alongside 2000 real hook spawns from the B-A/B-D loop — the warm-up hot-path tranche (warmHotTranche=64, a small, fixed constant) is 3.1% of the gated population for this run; see B-A_spawn_estimate for the wall-clock diagnostic derived purely from real spawns
          note: B-B's n includes the 64 warm-up hot-path (observe.tool) requests, not just the B-A/B-D measurement loop — the daemon's own l0_ingest count, reported verbatim (conservative for B-B: warm-up payloads run 4KB-256KB, larger than B-A/B-D's fixed representative payload). The other 1936 warm-up requests are admin.ping round trips and never reach l0_ingest at all (FIX ROUND 2, N-1)
        
    v3_x11_test.go:495: ledger-resident run (the X11 corpus with the 5 000-entry ledger): bench artifact C:\Users\Quant\AppData\Local\Temp\TestV3_HotPathUnchangedWithLedgerResident395125675\005\v3-hotpath.json:
        {
          "platform": "windows/amd64",
          "n": 2000,
          "b_a_method": "daemon status hook_controlled (observed + hotPathTailAllowance), p99 gated against obs.Budgets() B-A's limit (reported, not gated, under --under-coload — see the notes); see the B-A_spawn_estimate row for the wall-clock, floor-subtracted diagnostic (unbiased at p50, dispersion-contaminated at p99 — spec step 6 amended by controller ruling #29)",
          "spawn_floor_ms": {
            "n": 200,
            "p50": 24.514,
            "p99": 63.695
          },
          "notes": [
            "B-C not measured in wave 1: the processing seams are stubs",
            "hook_ack_rtt is REPORTED, never gated: it is the client-side ACK round trip of 64 in-process observe.tool deliveries, each with a fresh nonce and a real lease, timed through the same ipc.Client a hook uses. Design §7.5 sizes the ACK deadline from it as AckDeadlineMs = L0IngestMs + ceil(slack99), where slack99 = p99(hook_ack_rtt) - p99(B-B) over this same run. The timed samples are preceded by 2 DISCARDED warm-up requests on the same session: without them sample #0 paid a session-registry insertion and a WAL segment create on top of the round trip, and at 64 samples with nearest-rank percentiles p99 IS the maximum sample, so that one sample became the number the deadline was sized from. Its traffic IS real hot-path traffic, so all 66 requests do reach the daemon's l0_ingest and hook_controlled histograms — but this run reads both of those for the gated B-A and B-B rows BEFORE any of the tranche is sent, warm-ups included, so none of it is inside either gated population, and the B-B this row is differenced against contains none of its own deliveries. They are reconciled rather than ignored: a second status read after the tranche counts every one of them, warm-ups included, into the delivery ledger, so a deferral of this tranche's own cannot pass unnoticed. The in-process traffic that does sit inside the gated populations is the warm-up's, disclosed with its own computed proportion. A p99 over 64 samples is still that set's own top sample, which is why §7.5 takes the maximum across three runs rather than trusting one",
            "daemon-observed hook_controlled_observed (recvTS-reqTS, strict lower bound, no hotPathTailAllowance): p50=6.144ms p99=9.216ms n=2064 — informational cross-check against the gated B-A row above, which adds the tail allowance",
            "B-A's gated n=2064 includes 64 in-process warm-up observe.tool requests (Send-time TS, not a spawned process's main() entry) alongside 2000 real hook spawns from the B-A/B-D loop — the warm-up hot-path tranche (warmHotTranche=64, a small, fixed constant) is 3.1% of the gated population for this run; see B-A_spawn_estimate for the wall-clock diagnostic derived purely from real spawns",
            "B-B's n includes the 64 warm-up hot-path (observe.tool) requests, not just the B-A/B-D measurement loop — the daemon's own l0_ingest count, reported verbatim (conservative for B-B: warm-up payloads run 4KB-256KB, larger than B-A/B-D's fixed representative payload). The other 1936 warm-up requests are admin.ping round trips and never reach l0_ingest at all (FIX ROUND 2, N-1)"
          ],
          "budgets": [
            {
              "budget_id": "B-A",
              "n": 2064,
              "p50": 20.48,
              "p95": 24.576,
              "p99": 28.672,
              "p999": 40.96,
              "max": 132,
              "limit_ms": 50,
              "pass": true
            },
            {
              "budget_id": "B-B",
              "n": 2064,
              "p50": 9.216,
              "p95": 11.264,
              "p99": 13.312,
              "p999": 26.624,
              "max": 105.734,
              "limit_ms": 50,
              "pass": true
            },
            {
              "budget_id": "B-D",
              "n": 2000,
              "p50": 45.173,
              "p95": 69.289,
              "p99": 80.473,
              "p999": 90.307,
              "max": 122.454,
              "limit_ms": null,
              "pass": null
            },
            {
              "budget_id": "B-E",
              "n": 50,
              "p50": 143.889,
              "p95": 184.113,
              "p99": 198.66,
              "p999": 198.66,
              "max": 198.66,
              "limit_ms": 2000,
              "pass": true
            },
            {
              "budget_id": "B-E_cpu",
              "n": 50,
              "p50": 31.25,
              "p95": 46.875,
              "p99": 46.875,
              "p999": 46.875,
              "max": 46.875,
              "limit_ms": 2000,
              "pass": true
            },
            {
              "budget_id": "B-A_spawn_estimate",
              "n": 2000,
              "p50": 20.658,
              "p95": 44.774,
              "p99": 55.959,
              "p999": 65.792,
              "max": 97.939,
              "limit_ms": null,
              "pass": null
            },
            {
              "budget_id": "hook_ack_rtt",
              "n": 64,
              "p50": 12.583,
              "p95": 15.562,
              "p99": 18.865,
              "p999": 18.865,
              "max": 18.865,
              "limit_ms": null,
              "pass": null
            }
          ]
        }
    v3_x11_test.go:496: X11 ledger-resident run (the X11 corpus with the 5 000-entry ledger) measured (platform windows/amd64, n=2000): B-A p99 = 28.672 ms (limit 50 ms; gated) | B-B p99=13.312ms (limit 50ms; gated) | B-E_cpu p99=46.875ms (limit 2000ms, n=50) | B-E wall p50=143.889ms p99=198.660ms (limit 2000ms; gated) | B-D p50=45.173ms p99=80.473ms max=122.454ms (n=2000) | spawn_floor p50=24.514ms p99=63.695ms (n=200) | b_a_method="daemon status hook_controlled (observed + hotPathTailAllowance), p99 gated against obs.Budgets() B-A's limit (reported, not gated, under --under-coload — see the notes); see the B-A_spawn_estimate row for the wall-clock, floor-subtracted diagnostic (unbiased at p50, dispersion-contaminated at p99 — spec step 6 amended by controller ruling #29)"
    v3_x11_test.go:496: ledger-resident run (the X11 corpus with the 5 000-entry ledger) bench note: B-C not measured in wave 1: the processing seams are stubs
    v3_x11_test.go:496: ledger-resident run (the X11 corpus with the 5 000-entry ledger) bench note: hook_ack_rtt is REPORTED, never gated: it is the client-side ACK round trip of 64 in-process observe.tool deliveries, each with a fresh nonce and a real lease, timed through the same ipc.Client a hook uses. Design §7.5 sizes the ACK deadline from it as AckDeadlineMs = L0IngestMs + ceil(slack99), where slack99 = p99(hook_ack_rtt) - p99(B-B) over this same run. The timed samples are preceded by 2 DISCARDED warm-up requests on the same session: without them sample #0 paid a session-registry insertion and a WAL segment create on top of the round trip, and at 64 samples with nearest-rank percentiles p99 IS the maximum sample, so that one sample became the number the deadline was sized from. Its traffic IS real hot-path traffic, so all 66 requests do reach the daemon's l0_ingest and hook_controlled histograms — but this run reads both of those for the gated B-A and B-B rows BEFORE any of the tranche is sent, warm-ups included, so none of it is inside either gated population, and the B-B this row is differenced against contains none of its own deliveries. They are reconciled rather than ignored: a second status read after the tranche counts every one of them, warm-ups included, into the delivery ledger, so a deferral of this tranche's own cannot pass unnoticed. The in-process traffic that does sit inside the gated populations is the warm-up's, disclosed with its own computed proportion. A p99 over 64 samples is still that set's own top sample, which is why §7.5 takes the maximum across three runs rather than trusting one
    v3_x11_test.go:496: ledger-resident run (the X11 corpus with the 5 000-entry ledger) bench note: daemon-observed hook_controlled_observed (recvTS-reqTS, strict lower bound, no hotPathTailAllowance): p50=6.144ms p99=9.216ms n=2064 — informational cross-check against the gated B-A row above, which adds the tail allowance
    v3_x11_test.go:496: ledger-resident run (the X11 corpus with the 5 000-entry ledger) bench note: B-A's gated n=2064 includes 64 in-process warm-up observe.tool requests (Send-time TS, not a spawned process's main() entry) alongside 2000 real hook spawns from the B-A/B-D loop — the warm-up hot-path tranche (warmHotTranche=64, a small, fixed constant) is 3.1% of the gated population for this run; see B-A_spawn_estimate for the wall-clock diagnostic derived purely from real spawns
    v3_x11_test.go:496: ledger-resident run (the X11 corpus with the 5 000-entry ledger) bench note: B-B's n includes the 64 warm-up hot-path (observe.tool) requests, not just the B-A/B-D measurement loop — the daemon's own l0_ingest count, reported verbatim (conservative for B-B: warm-up payloads run 4KB-256KB, larger than B-A/B-D's fixed representative payload). The other 1936 warm-up requests are admin.ping round trips and never reach l0_ingest at all (FIX ROUND 2, N-1)
    v3_x11_test.go:531: X11 pair (gated: PASS): hook_controlled_observed p50 no-ledger=6.144ms (p99 9.216ms, n=2064) | ledger=6.144ms (p99 9.216ms, n=2064) | ceiling 7.680ms (x1.25, floor one 1.024ms tick)
    v3_x11_test.go:536: X11 B-A p99, REPORTED not gated against V2: no-ledger=30.720ms, ledger=28.672ms, V2 recorded 3.072ms — V2's B-A excluded the handler and its ingest was not durable, so the figures measure different quantities (D42); B-A is gated only against its obs.Budgets() limit (50ms)
--- PASS: TestV3_HotPathUnchangedWithLedgerResident (628.13s)
PASS
ok  	github.com/qompack/qompack/test/e2e	628.539s
exit=0
