# Windows X09 after the lifecycle-crossing change (uncommitted, on 0bdbf9e), co-loaded host; red before: e2e-flush-rows-windows-0bdbf9e.log
# go test ./test/e2e -run '^TestV3_LiveSessionWriteSetAndAppendOnly$' -count=2 -v -timeout=30m
=== RUN   TestV3_LiveSessionWriteSetAndAppendOnly
    v3_x09_test.go:383: x9: 09/1b/091bb2759ec84d071b3856f1807cbb96edd418da931fae1ac0b6e15d819a7cf4.zst appeared during flush; published by index/roots.jsonl line (root=sha256:2e008f5634f080239d5e2f10c4b439c87cb4a7c15a167bbd82dbaa52b3992ab1 eph=false)
    v3_x09_test.go:383: x9: 10/19/1019afcf28f3d219ca0bd2e529378cb49bc6905f016f1695d1506730589fe1bc.zst appeared during flush; published by index/roots.jsonl line (root=sha256:57fe953f086dbbc03ce378d9d9005ad1ab42297c85141f9157cdb8fa740c716f eph=true)
    v3_x09_test.go:383: x9: 10/c9/10c9961e240ac272f5717b7b0ef252a807219293eee59fe5e712c5233cc1a4e7.zst appeared during flush; published by index/roots.jsonl line (root=sha256:30ac5132428545f4179650a1d2fbeba365fef08706ed90781d6963d69a2f2346 eph=true)
    v3_x09_test.go:383: x9: 17/f5/17f53289fffb5fc504ad2d2f8abc5a3f0a0faa51b5d6228cf4940e01b6427371.zst appeared during flush; published by index/roots.jsonl line (root=sha256:e8996b4919330a3f3f178453b9561aa66c0ad07069b5f292e84e3e35c9cf183f eph=false)
    v3_x09_test.go:383: x9: 1a/89/1a89238ec9a9d91df17da39be2306a0539ab448c4d1f4fe47634c136796008ff.zst appeared during flush; published by index/roots.jsonl line (root=sha256:ac9db47023b64d105d9a924bdc5acb7a75af442432c06241d7e2fba5ccaa7efc eph=false)
    v3_x09_test.go:383: x9: 25/74/257452ee0c83698679c07f077f6bfca00015cd1a50ab8efbde9fcc63cf3192f5.zst appeared during flush; published by index/roots.jsonl line (root=sha256:42634d5457006995f45bfe30dc3aed2992ccf69bcbf6d82acc0bb94b21b68559 eph=true)
    v3_x09_test.go:383: x9: 33/3a/333a16a57508b1fc0f59379e9a2c8250bd75ce7a0bb323fefbc4c0978df607bf.zst appeared during flush; published by index/roots.jsonl line (root=sha256:d744f135ee6bca51d80371f553b5baa21d260d92f86ba91368b475107ce0e64d eph=false)
    v3_x09_test.go:383: x9: 40/62/4062e4a8ab99276477521e07365fdbd8dcaec0cc69752436bb9905e78d48c220.zst appeared during flush; published by index/roots.jsonl line (root=sha256:0015c120fca5be87f6472235c1a3693112f97c485e6c6c759d26aa69d46de28d eph=false)
    v3_x09_test.go:383: x9: 47/6f/476fac1915db0c06b98097781b444f4e4b20204e974770ff4272a520ddfd002e.zst appeared during flush; published by index/roots.jsonl line (root=sha256:b4e39ffeaad50c7af19d07c69c22be492061ec4eb283f32e37265253951c1abb eph=true)
    v3_x09_test.go:383: x9: 49/f9/49f936ad488eba482bdca295835ce089630e407a46c2354a553c9481d969a0b8.zst appeared during flush; published by index/roots.jsonl line (root=sha256:5371a166b72a681a0dc9d390ef3dcc1ff3cbaa3c8e181d7e86c372d567fa1401 eph=true)
    v3_x09_test.go:383: x9: 68/f5/68f508fe12a945b948de9db35f49a9364332b2b865386bb594147ccb9bf5aacc.zst appeared during flush; published by index/roots.jsonl line (root=sha256:b3fae3949f008585bbe2c13a61ec9597172295d0063ac0c50702939c74c78cb8 eph=false)
    v3_x09_test.go:383: x9: 70/16/7016de58e0694b2ab76ec1551beff223f961cab88bcfe3e904ca0157c1c51bfb.zst appeared during flush; published by index/roots.jsonl line (root=sha256:c222e2995706299bc6d1e5d5bed201d7ea358c72be4ed5afdb6b8ab033600ec0 eph=true)
    v3_x09_test.go:383: x9: 73/1c/731ccde03581a48a82117dafcd74e95eee6c088839ee3c23d59c01a8ada82432.zst appeared during flush; published by index/roots.jsonl line (root=sha256:737a312003554c38a5993e37d982d1c52223dc9f4b300d410803e4cc8711ef5a eph=false)
    v3_x09_test.go:383: x9: 7d/36/7d36701baea7915e2d6e91aca06f4d70f95f18dbec47eb2008c628368d260a81.zst appeared during flush; published by index/roots.jsonl line (root=sha256:334d209973f5548a270508a025e8a9ee63eb9fe85dbba41a68b0486e8112adc0 eph=true)
    v3_x09_test.go:383: x9: 85/11/8511287a6f992787f6a698da8f78ff9d5f830c1a50010da1818361a7b9b90110.zst appeared during flush; published by index/roots.jsonl line (root=sha256:68035e7c6da15141fba7b5c612816a7f58577c289c3cbc9941e980140bd50171 eph=true)
    v3_x09_test.go:383: x9: 87/d4/87d49836cc5cbce1188321b21fae43472cc33665cb57f88654295e60d02cf5ad.zst appeared during flush; published by index/roots.jsonl line (root=sha256:61744640ded1027e31e46346d323817504d6102c5a02bb2f8be0ca6d8a0f7d83 eph=true)
    v3_x09_test.go:383: x9: 89/64/8964a0b8535abb494ad668fee223ee2e2433ca20eceb596e2d339f2add83ddc5.zst appeared during flush; published by index/roots.jsonl line (root=sha256:237f5293c93624f20683ac4420f2be9ec5d5a85cfcc22712d4e66b83faf68652 eph=false)
    v3_x09_test.go:383: x9: 8c/46/8c463572270df39eb6eef17b57cdf113c2ed2e4b41a9b175a216196ca8c8a019.zst appeared during flush; published by index/roots.jsonl line (root=sha256:9e73fa1eb17364ae951ba7af251f43b0f68e8bee3aa9056e6a3eeee5a82370bb eph=false)
    v3_x09_test.go:383: x9: 8d/7b/8d7beed7d2c59955033e35ef2cb376c31438b861f71568869ef1d177495800a5.zst appeared during flush; published by index/roots.jsonl line (root=sha256:cf024c68bd319642ad2597625429880f431e1ecb1c24441dc33fc2e0bf40d277 eph=false)
    v3_x09_test.go:383: x9: 8e/1d/8e1d6e5405b3ce74f2d004076adc3cddf50075c2a3be31c9a554d56892df5a95.zst appeared during flush; published by index/roots.jsonl line (root=sha256:78ba1cddb2278a2d195ce733265306ef293ca155c944bfcb073cd60fbd43d8c8 eph=true)
    v3_x09_test.go:383: x9: 92/29/9229466816f78d82b9b3ce2eef3414d76f1e736c483b069a0d035f6d7c91c29c.zst appeared during flush; published by index/roots.jsonl line (root=sha256:94d4661dc6b155dc66d1405f04dbb64862e85ab13e43a0427adb55510e838c99 eph=false)
    v3_x09_test.go:383: x9: 99/e1/99e1b8623330e0bcb522ca45fa8fa699f30ec41d1a297ea00b4e10a87a0232f4.zst appeared during flush; published by index/roots.jsonl line (root=sha256:a81efb90bbbcfaab86780ee1bb66f182d88bf1d886bf27590c4450e5dcc6b63f eph=false)
    v3_x09_test.go:383: x9: a2/1f/a21f8c7cb2ec48039083e996472a14876371b79e4ce2293b472104965c81151b.zst appeared during flush; published by index/roots.jsonl line (root=sha256:7693cc58694bf0b57e0dc419a828a316ff0f85d82e3715b15a847272add6404c eph=false)
    v3_x09_test.go:383: x9: a8/37/a837a6928e709fc5541d78da77c84bfd3551cebd2301d35343732adc226dc46c.zst appeared during flush; published by index/roots.jsonl line (root=sha256:c0567c7084e479281aaf850afed9a3ffe67c2e0fc3f1e84c4973cde09f561aa6 eph=false)
    v3_x09_test.go:383: x9: b1/8b/b18b8cccd6544269657b170716c2f9683234590d5b41797d8100d70bcfc08376.zst appeared during flush; published by index/roots.jsonl line (root=sha256:849bf9c8e92b9db8d8649288bb7537df91aae80dfc646ea41f83f11288a8cc4e eph=true)
    v3_x09_test.go:383: x9: b2/e3/b2e3d31a9be084a9ece08d1ea8e748d0e8776942cb054d910a8b5de8f4da76f5.zst appeared during flush; published by index/roots.jsonl line (root=sha256:1a7badf79a7f2ad5062a341c49740d63582536a6ef3d3703c163eff080e2b211 eph=true)
    v3_x09_test.go:383: x9: d0/a6/d0a601be43b09b444ad6873320e0efdb1ae4600f1f9478755a8437601dba6894.zst appeared during flush; published by index/roots.jsonl line (root=sha256:f011f48073c6c94b1e41cea65a94b06b67784801d2cccf18380aff39696cc48d eph=true)
    v3_x09_test.go:383: x9: d1/a8/d1a8d0c27259e60d2fb0ad5a548691a3736ed2143ece72a5a01581376c18bf31.zst appeared during flush; published by index/roots.jsonl line (root=sha256:a1083e766f68c878e9fb80aeed12ba55119d6f56c16addaa7da871f409358348 eph=true)
    v3_x09_test.go:383: x9: e1/94/e1948c52934243dbf8ca46972299c85e0a2211e9b1581000f5d0102c2098c0c3.zst appeared during flush; published by index/roots.jsonl line (root=sha256:8e1a8ea21602a71ed4faef4c3be8b92cd4fd59c7abcce8b14246cde88dc4e95e eph=true)
    v3_x09_test.go:383: x9: e6/41/e641339872fd77787254195a47edac2dd329a1eff165ff26c4970afea48346c8.zst appeared during flush; published by index/roots.jsonl line (root=sha256:97293f05a5a2a30e62995f58bc8dde834408b85d752918e1c685c7f4c1372783 eph=true)
    v3_x09_test.go:383: x9: ef/d2/efd2176dbd1202132d1214051485188dc111998ef874c0e8e00af32f3d56a3df.zst appeared during flush; published by index/roots.jsonl line (root=sha256:00b27eb3ab7bb8667e6fede28dd885ea6d8fcfbe3db5302b800c460481fa2932 eph=true)
    v3_x09_test.go:383: x9: f2/07/f2073b26f38ca38584efed10e239c383b845f5eb4a709a3d251568e10400fac9.zst appeared during flush; published by index/roots.jsonl line (root=sha256:ce58217fe231f2874c97d924d106e584f4e89f43fe0fcdad3e33dbd2fe79eb3d eph=true)
    v3_x09_test.go:383: x9: f2/81/f28184b46007fd3752933fc82f1bbd8928a5a4cf7d7a7421d5db7de9f6049d34.zst appeared during flush; published by index/roots.jsonl line (root=sha256:f18b7347f986e2290534cb5f56fb3dbd58e25628c71aa1efaede3be529adb91e eph=false)
    v3_x09_test.go:383: x9: f4/72/f472a13564760311083e3b87ab95fbe84f1ba3bbeae23de1d8e7015c790ced7e.zst appeared during flush; published by index/roots.jsonl line (root=sha256:e33fe7d9140ded45fee0043715653de75dee6769e583a78e2de97697bae31e61 eph=false)
    v3_x09_test.go:383: x9: fc/70/fc70887949bac5f76760fea634813b47491e0b21a473b9fbe353e18956dc9584.zst appeared during flush; published by index/roots.jsonl line (root=sha256:25f0eeaaf5fa503a61271c10c0ac4affae87ac4cf36be183c0fb474b0d5c8faa eph=true)
    v3_x09_test.go:383: x9: fd/e1/fde17080b83014f9b702c20637240c7e48ae707efdb627ea22b0e231b424d63a.zst appeared during flush; published by index/roots.jsonl line (root=sha256:e037737d3ee05041e2244a8e4244b8e3c4e6cf811d86e271ec8cbd0424a5ad1e eph=true)
--- PASS: TestV3_LiveSessionWriteSetAndAppendOnly (42.00s)
=== RUN   TestV3_LiveSessionWriteSetAndAppendOnly
    v3_x09_test.go:383: x9: 09/1b/091bb2759ec84d071b3856f1807cbb96edd418da931fae1ac0b6e15d819a7cf4.zst appeared during flush; published by index/roots.jsonl line (root=sha256:2e008f5634f080239d5e2f10c4b439c87cb4a7c15a167bbd82dbaa52b3992ab1 eph=false)
    v3_x09_test.go:383: x9: 10/19/1019afcf28f3d219ca0bd2e529378cb49bc6905f016f1695d1506730589fe1bc.zst appeared during flush; published by index/roots.jsonl line (root=sha256:57fe953f086dbbc03ce378d9d9005ad1ab42297c85141f9157cdb8fa740c716f eph=true)
    v3_x09_test.go:383: x9: 10/c9/10c9961e240ac272f5717b7b0ef252a807219293eee59fe5e712c5233cc1a4e7.zst appeared during flush; published by index/roots.jsonl line (root=sha256:30ac5132428545f4179650a1d2fbeba365fef08706ed90781d6963d69a2f2346 eph=true)
    v3_x09_test.go:383: x9: 17/f5/17f53289fffb5fc504ad2d2f8abc5a3f0a0faa51b5d6228cf4940e01b6427371.zst appeared during flush; published by index/roots.jsonl line (root=sha256:e8996b4919330a3f3f178453b9561aa66c0ad07069b5f292e84e3e35c9cf183f eph=false)
    v3_x09_test.go:383: x9: 25/74/257452ee0c83698679c07f077f6bfca00015cd1a50ab8efbde9fcc63cf3192f5.zst appeared during flush; published by index/roots.jsonl line (root=sha256:42634d5457006995f45bfe30dc3aed2992ccf69bcbf6d82acc0bb94b21b68559 eph=true)
    v3_x09_test.go:383: x9: 33/3a/333a16a57508b1fc0f59379e9a2c8250bd75ce7a0bb323fefbc4c0978df607bf.zst appeared during flush; published by index/roots.jsonl line (root=sha256:d744f135ee6bca51d80371f553b5baa21d260d92f86ba91368b475107ce0e64d eph=false)
    v3_x09_test.go:383: x9: 47/6f/476fac1915db0c06b98097781b444f4e4b20204e974770ff4272a520ddfd002e.zst appeared during flush; published by index/roots.jsonl line (root=sha256:b4e39ffeaad50c7af19d07c69c22be492061ec4eb283f32e37265253951c1abb eph=true)
    v3_x09_test.go:383: x9: 49/f9/49f936ad488eba482bdca295835ce089630e407a46c2354a553c9481d969a0b8.zst appeared during flush; published by index/roots.jsonl line (root=sha256:5371a166b72a681a0dc9d390ef3dcc1ff3cbaa3c8e181d7e86c372d567fa1401 eph=true)
    v3_x09_test.go:383: x9: 51/8c/518c3d8b859e00f7d0171b12c88b30d35692bf07bfd650940cbd168e6f5bd5fd.zst appeared during flush; published by index/roots.jsonl line (root=sha256:ae351cbe6740db202d3e052ac3835527c81856eb26527eea59c0d5c7d54427c6 eph=false)
    v3_x09_test.go:383: x9: 68/f5/68f508fe12a945b948de9db35f49a9364332b2b865386bb594147ccb9bf5aacc.zst appeared during flush; published by index/roots.jsonl line (root=sha256:b3fae3949f008585bbe2c13a61ec9597172295d0063ac0c50702939c74c78cb8 eph=false)
    v3_x09_test.go:383: x9: 70/16/7016de58e0694b2ab76ec1551beff223f961cab88bcfe3e904ca0157c1c51bfb.zst appeared during flush; published by index/roots.jsonl line (root=sha256:c222e2995706299bc6d1e5d5bed201d7ea358c72be4ed5afdb6b8ab033600ec0 eph=true)
    v3_x09_test.go:383: x9: 73/1c/731ccde03581a48a82117dafcd74e95eee6c088839ee3c23d59c01a8ada82432.zst appeared during flush; published by index/roots.jsonl line (root=sha256:737a312003554c38a5993e37d982d1c52223dc9f4b300d410803e4cc8711ef5a eph=false)
    v3_x09_test.go:383: x9: 7d/36/7d36701baea7915e2d6e91aca06f4d70f95f18dbec47eb2008c628368d260a81.zst appeared during flush; published by index/roots.jsonl line (root=sha256:334d209973f5548a270508a025e8a9ee63eb9fe85dbba41a68b0486e8112adc0 eph=true)
    v3_x09_test.go:383: x9: 85/11/8511287a6f992787f6a698da8f78ff9d5f830c1a50010da1818361a7b9b90110.zst appeared during flush; published by index/roots.jsonl line (root=sha256:68035e7c6da15141fba7b5c612816a7f58577c289c3cbc9941e980140bd50171 eph=true)
    v3_x09_test.go:383: x9: 87/d4/87d49836cc5cbce1188321b21fae43472cc33665cb57f88654295e60d02cf5ad.zst appeared during flush; published by index/roots.jsonl line (root=sha256:61744640ded1027e31e46346d323817504d6102c5a02bb2f8be0ca6d8a0f7d83 eph=true)
    v3_x09_test.go:383: x9: 89/64/8964a0b8535abb494ad668fee223ee2e2433ca20eceb596e2d339f2add83ddc5.zst appeared during flush; published by index/roots.jsonl line (root=sha256:237f5293c93624f20683ac4420f2be9ec5d5a85cfcc22712d4e66b83faf68652 eph=false)
    v3_x09_test.go:383: x9: 8c/46/8c463572270df39eb6eef17b57cdf113c2ed2e4b41a9b175a216196ca8c8a019.zst appeared during flush; published by index/roots.jsonl line (root=sha256:9e73fa1eb17364ae951ba7af251f43b0f68e8bee3aa9056e6a3eeee5a82370bb eph=false)
    v3_x09_test.go:383: x9: 8e/1d/8e1d6e5405b3ce74f2d004076adc3cddf50075c2a3be31c9a554d56892df5a95.zst appeared during flush; published by index/roots.jsonl line (root=sha256:78ba1cddb2278a2d195ce733265306ef293ca155c944bfcb073cd60fbd43d8c8 eph=true)
    v3_x09_test.go:383: x9: 92/29/9229466816f78d82b9b3ce2eef3414d76f1e736c483b069a0d035f6d7c91c29c.zst appeared during flush; published by index/roots.jsonl line (root=sha256:94d4661dc6b155dc66d1405f04dbb64862e85ab13e43a0427adb55510e838c99 eph=false)
    v3_x09_test.go:383: x9: 99/e1/99e1b8623330e0bcb522ca45fa8fa699f30ec41d1a297ea00b4e10a87a0232f4.zst appeared during flush; published by index/roots.jsonl line (root=sha256:a81efb90bbbcfaab86780ee1bb66f182d88bf1d886bf27590c4450e5dcc6b63f eph=false)
    v3_x09_test.go:383: x9: a2/1f/a21f8c7cb2ec48039083e996472a14876371b79e4ce2293b472104965c81151b.zst appeared during flush; published by index/roots.jsonl line (root=sha256:7693cc58694bf0b57e0dc419a828a316ff0f85d82e3715b15a847272add6404c eph=false)
    v3_x09_test.go:383: x9: a8/37/a837a6928e709fc5541d78da77c84bfd3551cebd2301d35343732adc226dc46c.zst appeared during flush; published by index/roots.jsonl line (root=sha256:c0567c7084e479281aaf850afed9a3ffe67c2e0fc3f1e84c4973cde09f561aa6 eph=false)
    v3_x09_test.go:383: x9: b1/8b/b18b8cccd6544269657b170716c2f9683234590d5b41797d8100d70bcfc08376.zst appeared during flush; published by index/roots.jsonl line (root=sha256:849bf9c8e92b9db8d8649288bb7537df91aae80dfc646ea41f83f11288a8cc4e eph=true)
    v3_x09_test.go:383: x9: b2/e3/b2e3d31a9be084a9ece08d1ea8e748d0e8776942cb054d910a8b5de8f4da76f5.zst appeared during flush; published by index/roots.jsonl line (root=sha256:1a7badf79a7f2ad5062a341c49740d63582536a6ef3d3703c163eff080e2b211 eph=true)
    v3_x09_test.go:383: x9: b3/06/b3066934322104cd2c8bce1e772ea2555417a8cc429d84cd8de213f3da3aac9b.zst appeared during flush; published by index/roots.jsonl line (root=sha256:32256ff1b472e05eb83b86150e10be15d1e5f88b7e625fd7c33e5d6354ac33ec eph=false)
    v3_x09_test.go:383: x9: bf/b2/bfb2e976b3f35be8cfb29f6eb58c8af2d262fc03362766d68a134b200a786aaf.zst appeared during flush; published by index/roots.jsonl line (root=sha256:677e4e7eb640bc3d8daa8b5f7b8a23aa1bd4ce3c2b23efa2e5416bac125b5950 eph=false)
    v3_x09_test.go:383: x9: c3/c9/c3c9418ef460acbf54525e7e080eb1cee65c71fff8e1fb1254417a795876738d.zst appeared during flush; published by index/roots.jsonl line (root=sha256:b19729754a92f13eddb3e1f8d969e5baa4c4c8e896d41b105e6453fee12173c9 eph=false)
    v3_x09_test.go:383: x9: d0/a6/d0a601be43b09b444ad6873320e0efdb1ae4600f1f9478755a8437601dba6894.zst appeared during flush; published by index/roots.jsonl line (root=sha256:f011f48073c6c94b1e41cea65a94b06b67784801d2cccf18380aff39696cc48d eph=true)
    v3_x09_test.go:383: x9: d1/a8/d1a8d0c27259e60d2fb0ad5a548691a3736ed2143ece72a5a01581376c18bf31.zst appeared during flush; published by index/roots.jsonl line (root=sha256:a1083e766f68c878e9fb80aeed12ba55119d6f56c16addaa7da871f409358348 eph=true)
    v3_x09_test.go:383: x9: e1/94/e1948c52934243dbf8ca46972299c85e0a2211e9b1581000f5d0102c2098c0c3.zst appeared during flush; published by index/roots.jsonl line (root=sha256:8e1a8ea21602a71ed4faef4c3be8b92cd4fd59c7abcce8b14246cde88dc4e95e eph=true)
    v3_x09_test.go:383: x9: e6/41/e641339872fd77787254195a47edac2dd329a1eff165ff26c4970afea48346c8.zst appeared during flush; published by index/roots.jsonl line (root=sha256:97293f05a5a2a30e62995f58bc8dde834408b85d752918e1c685c7f4c1372783 eph=true)
    v3_x09_test.go:383: x9: ef/d2/efd2176dbd1202132d1214051485188dc111998ef874c0e8e00af32f3d56a3df.zst appeared during flush; published by index/roots.jsonl line (root=sha256:00b27eb3ab7bb8667e6fede28dd885ea6d8fcfbe3db5302b800c460481fa2932 eph=true)
    v3_x09_test.go:383: x9: f2/07/f2073b26f38ca38584efed10e239c383b845f5eb4a709a3d251568e10400fac9.zst appeared during flush; published by index/roots.jsonl line (root=sha256:ce58217fe231f2874c97d924d106e584f4e89f43fe0fcdad3e33dbd2fe79eb3d eph=true)
    v3_x09_test.go:383: x9: f4/72/f472a13564760311083e3b87ab95fbe84f1ba3bbeae23de1d8e7015c790ced7e.zst appeared during flush; published by index/roots.jsonl line (root=sha256:e33fe7d9140ded45fee0043715653de75dee6769e583a78e2de97697bae31e61 eph=false)
    v3_x09_test.go:383: x9: fc/70/fc70887949bac5f76760fea634813b47491e0b21a473b9fbe353e18956dc9584.zst appeared during flush; published by index/roots.jsonl line (root=sha256:25f0eeaaf5fa503a61271c10c0ac4affae87ac4cf36be183c0fb474b0d5c8faa eph=true)
    v3_x09_test.go:383: x9: fd/e1/fde17080b83014f9b702c20637240c7e48ae707efdb627ea22b0e231b424d63a.zst appeared during flush; published by index/roots.jsonl line (root=sha256:e037737d3ee05041e2244a8e4244b8e3c4e6cf811d86e271ec8cbd0424a5ad1e eph=true)
--- PASS: TestV3_LiveSessionWriteSetAndAppendOnly (31.03s)
PASS
ok  	github.com/qompack/qompack/test/e2e	73.266s
exit=0
