# hot-path A/B pair 2 (head 3edc200; head first this time), back to back, Windows, co-loaded by other workstreams
# go test ./test/integration -run '^TestIntegration_HotPathWarmWithRealResidentState$' -count=1 -v -timeout=30m
=== RUN   TestIntegration_HotPathWarmWithRealResidentState
    hotpath_test.go:652: §4.6 resident state: ToolUses=2000 RawBytes=43020000 (41.0 MB) StoredBytes=3781969 DedupRatio=11.38 Objects=9555 Files=40; DAG Nodes=6240 Edges=16000 LogBytes=8056239
    hotpath_test.go:662: §4.6 resident sketch set on disk: tried.bloom=12072B touch.cms=54474B explore.hll=2102B
    hotpath_test.go:766: bench harness stdout:
        hotpath: building C:\Users\Quant\AppData\Local\Temp\qompack-bench-build-2355526451\qompack.exe...
        hotpath: starting daemon (\\.\pipe\qompack-bench-27124-e83dc663f77e6aa7)...
        hotpath: daemon is reachable
        hotpath: warming daemon (64 hot-path observe.tool + 1936 admin.ping)...
        hotpath: warm-up sent ~1.1 MB across 64 hot-path requests (plus 1936 admin.ping round trips)
        hotpath: measuring spawn floor (200 x qompack version)...
        hotpath: measuring B-A/B-D (2000 x qompack [observe tool])...
        hotpath: measuring B-E (50 x qompack checkpoint)...
        hotpath: measuring hook ACK round trip (64 x in-process observe.tool)...
        
        hotpath bench summary (windows/amd64, n=2000)
          spawn floor: p50=21.290ms p99=32.748ms (n=200)
          b_a_method: daemon status hook_controlled (observed + hotPathTailAllowance), p99 gated against obs.Budgets() B-A's limit (reported, not gated, under --under-coload — see the notes); see the B-A_spawn_estimate row for the wall-clock, floor-subtracted diagnostic (unbiased at p50, dispersion-contaminated at p99 — spec step 6 amended by controller ruling #29)
        
          B-A                 n=1536  p50=  16.384ms p95=  20.480ms p99=  24.576ms p999=  53.248ms max=  100.000ms limit=15.000ms   [FAIL]
          B-B                 n=1536  p50=   8.192ms p95=  11.264ms p99=  12.288ms p999=  40.960ms max=   91.670ms limit=50.000ms   [FAIL]
          B-D                 n=2000  p50=  36.471ms p95=  46.599ms p99=  54.686ms p999=  64.542ms max=  101.549ms limit=n/a        [reported]
          B-E                 n=50    p50= 121.874ms p95= 153.719ms p99= 217.079ms p999= 217.079ms max=  217.079ms limit=2000.000ms [PASS]
          B-E_cpu             n=50    p50=  15.625ms p95=  31.250ms p99=  31.250ms p999=  31.250ms max=   31.250ms limit=2000.000ms [PASS]
          B-A_spawn_estimate  n=2000  p50=  15.181ms p95=  25.309ms p99=  33.395ms p999=  43.252ms max=   80.258ms limit=n/a        [reported]
          hook_ack_rtt        n=64    p50=   0.000ms p95=   0.000ms p99=   0.526ms p999=   0.526ms max=    0.526ms limit=n/a        [reported]
        
          note: B-C not measured in wave 1: the processing seams are stubs
          note: delivery ledger: 2130 hot-path requests sent, 1537 delivered live to the daemon, 593 DEFERRED to the client spool and 0 lost. A deferral is §8.1/§12.2's documented degrade-rather-than-block path (internal/ipc/client.go's Send spools and returns instead of waiting), so the event is durable and the daemon replays it on its next drain — but it is still a sample missing from the top of every gated daemon-side population, so it is counted back in as an over-budget sample rather than dropped
          note: B-A's p99 CANNOT be certified and its gate is failed on that ground: 528 of the 2064 planned samples never reached the daemon's histogram and are counted as over-budget samples, which puts the full population's nearest-rank p99 at rank 2044 of 2064 — inside the un-delivered block, since only 1536 samples were observed. The p99 field reports the DELIVERED set's own p99 for diagnosis only; it is a lower bound on the real one, never the gated number
          note: B-B's p99 CANNOT be certified and its gate is failed on that ground: 528 of the 2064 planned samples never reached the daemon's histogram and are counted as over-budget samples, which puts the full population's nearest-rank p99 at rank 2044 of 2064 — inside the un-delivered block, since only 1536 samples were observed. The p99 field reports the DELIVERED set's own p99 for diagnosis only; it is a lower bound on the real one, never the gated number
          note: hook_ack_rtt is REPORTED, never gated: it is the client-side ACK round trip of 64 in-process observe.tool deliveries, each with a fresh nonce and a real lease, timed through the same ipc.Client a hook uses. Design §7.5 sizes the ACK deadline from it as AckDeadlineMs = L0IngestMs + ceil(slack99), where slack99 = p99(hook_ack_rtt) - p99(B-B) over this same run. The timed samples are preceded by 2 DISCARDED warm-up requests on the same session: without them sample #0 paid a session-registry insertion and a WAL segment create on top of the round trip, and at 64 samples with nearest-rank percentiles p99 IS the maximum sample, so that one sample became the number the deadline was sized from. Its traffic IS real hot-path traffic, so all 66 requests do reach the daemon's l0_ingest and hook_controlled histograms — but this run reads both of those for the gated B-A and B-B rows BEFORE any of the tranche is sent, warm-ups included, so none of it is inside either gated population, and the B-B this row is differenced against contains none of its own deliveries. They are reconciled rather than ignored: a second status read after the tranche counts every one of them, warm-ups included, into the delivery ledger, so a deferral of this tranche's own cannot pass unnoticed. The in-process traffic that does sit inside the gated populations is the warm-up's, disclosed with its own computed proportion. A p99 over 64 samples is still that set's own top sample, which is why §7.5 takes the maximum across three runs rather than trusting one
          note: daemon-observed hook_controlled_observed (recvTS-reqTS, strict lower bound, no hotPathTailAllowance): p50=3.072ms p99=7.168ms n=1536 — informational cross-check against the gated B-A row above, which adds the tail allowance
          note: B-A's gated n=2064 includes 64 in-process warm-up observe.tool requests (Send-time TS, not a spawned process's main() entry) alongside 2000 real hook spawns from the B-A/B-D loop — the warm-up hot-path tranche (warmHotTranche=64, a small, fixed constant) is 3.1% of the gated population for this run; see B-A_spawn_estimate for the wall-clock diagnostic derived purely from real spawns
          note: B-B's n includes the 64 warm-up hot-path (observe.tool) requests, not just the B-A/B-D measurement loop — the daemon's own l0_ingest count, reported verbatim (conservative for B-B: warm-up payloads run 4KB-256KB, larger than B-A/B-D's fixed representative payload). The other 1936 warm-up requests are admin.ping round trips and never reach l0_ingest at all (FIX ROUND 2, N-1)
        
    hotpath_test.go:768: bench artifact C:\Users\Quant\AppData\Local\Temp\TestIntegration_HotPathWarmWithRealResidentState1329192114\003\v2-bench-hotpath.json:
        {
          "platform": "windows/amd64",
          "n": 2000,
          "b_a_method": "daemon status hook_controlled (observed + hotPathTailAllowance), p99 gated against obs.Budgets() B-A's limit (reported, not gated, under --under-coload — see the notes); see the B-A_spawn_estimate row for the wall-clock, floor-subtracted diagnostic (unbiased at p50, dispersion-contaminated at p99 — spec step 6 amended by controller ruling #29)",
          "spawn_floor_ms": {
            "n": 200,
            "p50": 21.29,
            "p99": 32.748
          },
          "notes": [
            "B-C not measured in wave 1: the processing seams are stubs",
            "delivery ledger: 2130 hot-path requests sent, 1537 delivered live to the daemon, 593 DEFERRED to the client spool and 0 lost. A deferral is §8.1/§12.2's documented degrade-rather-than-block path (internal/ipc/client.go's Send spools and returns instead of waiting), so the event is durable and the daemon replays it on its next drain — but it is still a sample missing from the top of every gated daemon-side population, so it is counted back in as an over-budget sample rather than dropped",
            "B-A's p99 CANNOT be certified and its gate is failed on that ground: 528 of the 2064 planned samples never reached the daemon's histogram and are counted as over-budget samples, which puts the full population's nearest-rank p99 at rank 2044 of 2064 — inside the un-delivered block, since only 1536 samples were observed. The p99 field reports the DELIVERED set's own p99 for diagnosis only; it is a lower bound on the real one, never the gated number",
            "B-B's p99 CANNOT be certified and its gate is failed on that ground: 528 of the 2064 planned samples never reached the daemon's histogram and are counted as over-budget samples, which puts the full population's nearest-rank p99 at rank 2044 of 2064 — inside the un-delivered block, since only 1536 samples were observed. The p99 field reports the DELIVERED set's own p99 for diagnosis only; it is a lower bound on the real one, never the gated number",
            "hook_ack_rtt is REPORTED, never gated: it is the client-side ACK round trip of 64 in-process observe.tool deliveries, each with a fresh nonce and a real lease, timed through the same ipc.Client a hook uses. Design §7.5 sizes the ACK deadline from it as AckDeadlineMs = L0IngestMs + ceil(slack99), where slack99 = p99(hook_ack_rtt) - p99(B-B) over this same run. The timed samples are preceded by 2 DISCARDED warm-up requests on the same session: without them sample #0 paid a session-registry insertion and a WAL segment create on top of the round trip, and at 64 samples with nearest-rank percentiles p99 IS the maximum sample, so that one sample became the number the deadline was sized from. Its traffic IS real hot-path traffic, so all 66 requests do reach the daemon's l0_ingest and hook_controlled histograms — but this run reads both of those for the gated B-A and B-B rows BEFORE any of the tranche is sent, warm-ups included, so none of it is inside either gated population, and the B-B this row is differenced against contains none of its own deliveries. They are reconciled rather than ignored: a second status read after the tranche counts every one of them, warm-ups included, into the delivery ledger, so a deferral of this tranche's own cannot pass unnoticed. The in-process traffic that does sit inside the gated populations is the warm-up's, disclosed with its own computed proportion. A p99 over 64 samples is still that set's own top sample, which is why §7.5 takes the maximum across three runs rather than trusting one",
            "daemon-observed hook_controlled_observed (recvTS-reqTS, strict lower bound, no hotPathTailAllowance): p50=3.072ms p99=7.168ms n=1536 — informational cross-check against the gated B-A row above, which adds the tail allowance",
            "B-A's gated n=2064 includes 64 in-process warm-up observe.tool requests (Send-time TS, not a spawned process's main() entry) alongside 2000 real hook spawns from the B-A/B-D loop — the warm-up hot-path tranche (warmHotTranche=64, a small, fixed constant) is 3.1% of the gated population for this run; see B-A_spawn_estimate for the wall-clock diagnostic derived purely from real spawns",
            "B-B's n includes the 64 warm-up hot-path (observe.tool) requests, not just the B-A/B-D measurement loop — the daemon's own l0_ingest count, reported verbatim (conservative for B-B: warm-up payloads run 4KB-256KB, larger than B-A/B-D's fixed representative payload). The other 1936 warm-up requests are admin.ping round trips and never reach l0_ingest at all (FIX ROUND 2, N-1)"
          ],
          "budgets": [
            {
              "budget_id": "B-A",
              "n": 1536,
              "p50": 16.384,
              "p95": 20.48,
              "p99": 24.576,
              "p999": 53.248,
              "max": 100,
              "limit_ms": 15,
              "pass": false
            },
            {
              "budget_id": "B-B",
              "n": 1536,
              "p50": 8.192,
              "p95": 11.264,
              "p99": 12.288,
              "p999": 40.96,
              "max": 91.67,
              "limit_ms": 50,
              "pass": false
            },
            {
              "budget_id": "B-D",
              "n": 2000,
              "p50": 36.471,
              "p95": 46.599,
              "p99": 54.686,
              "p999": 64.542,
              "max": 101.549,
              "limit_ms": null,
              "pass": null
            },
            {
              "budget_id": "B-E",
              "n": 50,
              "p50": 121.874,
              "p95": 153.719,
              "p99": 217.079,
              "p999": 217.079,
              "max": 217.079,
              "limit_ms": 2000,
              "pass": true
            },
            {
              "budget_id": "B-E_cpu",
              "n": 50,
              "p50": 15.625,
              "p95": 31.25,
              "p99": 31.25,
              "p999": 31.25,
              "max": 31.25,
              "limit_ms": 2000,
              "pass": true
            },
            {
              "budget_id": "B-A_spawn_estimate",
              "n": 2000,
              "p50": 15.181,
              "p95": 25.309,
              "p99": 33.395,
              "p999": 43.252,
              "max": 80.258,
              "limit_ms": null,
              "pass": null
            },
            {
              "budget_id": "hook_ack_rtt",
              "n": 64,
              "p50": 0,
              "p95": 0,
              "p99": 0.526,
              "p999": 0.526,
              "max": 0.526,
              "limit_ms": null,
              "pass": null
            }
          ]
        }
    hotpath_test.go:770: 
        	Error Trace:	C:/Users/Quant/Documents/Programming/Projects/qompack-cx-w2-sessionend/test/integration/hotpath_test.go:770
        	Error:      	Received unexpected error:
        	            	exit status 1
        	Test:       	TestIntegration_HotPathWarmWithRealResidentState
        	Messages:   	bench-hotpath exited non-zero (QOMPACK_UNDER_COLOAD=false): either a gated budget (B-E_cpu p99<2000ms always; without --under-coload also B-B p99<50ms, B-A p99<15ms and B-E's wall row p99<2000ms) breached against the real resident state, or the harness itself failed (its own delivery-integrity guard included)
        	            	stderr:
        	            	hotpath: a gated budget breached its limit — see the summary above
--- FAIL: TestIntegration_HotPathWarmWithRealResidentState (146.89s)
FAIL
FAIL	github.com/qompack/qompack/test/integration	147.125s
FAIL
exit=1
