# negative control: spool retries disabled (one pass per spool size, the first attempt's rule), c4d27e2 + working tree
# go test ./internal/daemon -run '^(TestSpoolWatch_ASpoolWaitingOnItsSessionIsRetriedWithNoFurtherHook|TestSpoolWatch_AClientSpoolIsPublishedWhileItsSessionIsActive)$' -count=1 -v
=== RUN   TestSpoolWatch_AClientSpoolIsPublishedWhileItsSessionIsActive
    spool_watch_test.go:123: 
        	Error Trace:	C:/Users/Quant/Documents/Programming/Projects/qompack-cx-w2-sessionend/internal/daemon/spool_watch_test.go:123
        	Error:      	Condition never satisfied
        	Test:       	TestSpoolWatch_AClientSpoolIsPublishedWhileItsSessionIsActive
        	Messages:   	a delivery only its client spool held was never published while its session stayed active
--- FAIL: TestSpoolWatch_AClientSpoolIsPublishedWhileItsSessionIsActive (30.68s)
=== RUN   TestSpoolWatch_ASpoolWaitingOnItsSessionIsRetriedWithNoFurtherHook
    spool_watch_test.go:175: 
        	Error Trace:	C:/Users/Quant/Documents/Programming/Projects/qompack-cx-w2-sessionend/internal/daemon/spool_watch_test.go:175
        	Error:      	Condition never satisfied
        	Test:       	TestSpoolWatch_ASpoolWaitingOnItsSessionIsRetriedWithNoFurtherHook
        	Messages:   	the watcher passed the spool again, with no hook after it and no other drain, and published it
--- FAIL: TestSpoolWatch_ASpoolWaitingOnItsSessionIsRetriedWithNoFurtherHook (30.60s)
FAIL
FAIL	github.com/qompack/qompack/internal/daemon	61.572s
FAIL
exit=1
