=== RUN   TestPreCompactSettle_AColdBacklogLeavesTheReplayTheRestOfTheBound
--- PASS: TestPreCompactSettle_AColdBacklogLeavesTheReplayTheRestOfTheBound (2.10s)
=== RUN   TestPreCompactSettle_AColdBacklogLeavesTheReplayTheRestOfTheBound
--- PASS: TestPreCompactSettle_AColdBacklogLeavesTheReplayTheRestOfTheBound (1.96s)
=== RUN   TestPreCompactSettle_AColdBacklogLeavesTheReplayTheRestOfTheBound
--- PASS: TestPreCompactSettle_AColdBacklogLeavesTheReplayTheRestOfTheBound (1.94s)
=== RUN   TestPreCompactSettle_AColdBacklogLeavesTheReplayTheRestOfTheBound
--- PASS: TestPreCompactSettle_AColdBacklogLeavesTheReplayTheRestOfTheBound (1.94s)
=== RUN   TestPreCompactSettle_AColdBacklogLeavesTheReplayTheRestOfTheBound
--- PASS: TestPreCompactSettle_AColdBacklogLeavesTheReplayTheRestOfTheBound (1.94s)
PASS
ok  	github.com/qompack/qompack/internal/daemon	10.182s
exit 0
=== RUN   TestDoctor_SpoolSubmodeIsInformational
=== RUN   TestDoctor_SpoolSubmodeIsInformational/a_daemon_is_serving
=== RUN   TestDoctor_SpoolSubmodeIsInformational/no_daemon_is_serving
=== RUN   TestDoctor_SpoolSubmodeIsInformational/sync_submode_with_a_daemon_serving_says_why
=== RUN   TestDoctor_SpoolSubmodeIsInformational/sync_submode_with_only_WAL_segments_does_not_call_them_client_spools
=== RUN   TestDoctor_SpoolSubmodeIsInformational/sync_submode_with_both_kinds_counts_each
=== RUN   TestDoctor_SpoolSubmodeIsInformational/sync_submode_does_not_call_an_externalized_tool_result_a_client_spool
=== RUN   TestDoctor_SpoolSubmodeIsInformational/sync_submode_keeps_the_old_verdict
--- PASS: TestDoctor_SpoolSubmodeIsInformational (2.00s)
    --- PASS: TestDoctor_SpoolSubmodeIsInformational/a_daemon_is_serving (0.30s)
    --- PASS: TestDoctor_SpoolSubmodeIsInformational/no_daemon_is_serving (0.17s)
    --- PASS: TestDoctor_SpoolSubmodeIsInformational/sync_submode_with_a_daemon_serving_says_why (0.31s)
    --- PASS: TestDoctor_SpoolSubmodeIsInformational/sync_submode_with_only_WAL_segments_does_not_call_them_client_spools (0.44s)
    --- PASS: TestDoctor_SpoolSubmodeIsInformational/sync_submode_with_both_kinds_counts_each (0.31s)
    --- PASS: TestDoctor_SpoolSubmodeIsInformational/sync_submode_does_not_call_an_externalized_tool_result_a_client_spool (0.30s)
    --- PASS: TestDoctor_SpoolSubmodeIsInformational/sync_submode_keeps_the_old_verdict (0.16s)
PASS
ok  	github.com/qompack/qompack/internal/cli	2.297s
exit 0
=== RUN   TestSpoolFileKindOf_ClassifiesAsSpoolFilesDoes
--- PASS: TestSpoolFileKindOf_ClassifiesAsSpoolFilesDoes (0.00s)
PASS
ok  	github.com/qompack/qompack/internal/ipc	1.650s
exit 0
