goos: linux
goarch: amd64
pkg: github.com/qompack/qompack/internal/store
cpu: Intel(R) Core(TM) Ultra 7 155H
BenchmarkPutBytes_100KB_Warm_NoRedact-4      	     636	   1903189 ns/op	  53.80 MB/s	  901857 B/op	      15 allocs/op
BenchmarkPutBytes_100KB_Cold_NoRedact-4      	      67	  19095691 ns/op	   5.36 MB/s	 1045747 B/op	     318 allocs/op
BenchmarkPutBytes_100KB_Cold-4               	      60	  19294413 ns/op	   5.31 MB/s	 1150614 B/op	     317 allocs/op
BenchmarkPutBytes_100KB_Warm-4               	     471	   2375722 ns/op	  43.10 MB/s	 1008358 B/op	      16 allocs/op
BenchmarkPutBytes_100KB_Warm_KeepRaw/verbatim-4         	     454	   2603535 ns/op	  39.33 MB/s	 1008384 B/op	      16 allocs/op
BenchmarkPutBytes_100KB_Warm_KeepRaw/delta-4            	     454	   2604550 ns/op	  39.33 MB/s	 1115839 B/op	      31 allocs/op
BenchmarkPutBytes_100KB_Warm_KeepRaw/full-4             	    1566	    766326 ns/op	 133.65 MB/s	  635093 B/op	      23 allocs/op
BenchmarkPutObject_NovelChunk-4                         	    9506	    116593 ns/op	  35.13 MB/s	    5843 B/op	      18 allocs/op
BenchmarkGetChunk-4                                     	   58641	     20345 ns/op	   19636 B/op	      10 allocs/op
BenchmarkOpenSpan_4KB_of_4MB-4                          	   56114	     21082 ns/op	   19781 B/op	      11 allocs/op
BenchmarkOpenStore_50kRoots-4                           	       4	 281352980 ns/op	97311848 B/op	 1062393 allocs/op
BenchmarkGC_50kObjects-4                                	       3	 402927690 ns/op	36948314 B/op	  433660 allocs/op
BenchmarkCountFold_4MiB-4                               	     883	   1411631 ns/op	2971.24 MB/s	       0 B/op	       0 allocs/op
BenchmarkSearch_1000Roots-4                             	     171	   6621553 ns/op	 9121042 B/op	    7750 allocs/op
BenchmarkSearch_1000Roots_DistinctChunks-4              	     122	   9919547 ns/op	13278656 B/op	   12345 allocs/op
BenchmarkMarkEncoded_100-4                              	    9648	    116667 ns/op	   16896 B/op	     301 allocs/op
PASS
pathstest: HOME is "/tmp/454528945/001/home" at the end of the run, not the isolated home "/tmp/qompack-test-home-2142291653": a test changed it without restoring it, and every test after it ran against that directory
