goos: linux
goarch: amd64
pkg: github.com/qompack/qompack/internal/store
cpu: Intel(R) Core(TM) Ultra 7 155H
BenchmarkPutBytes_100KB_Warm_NoRedact-4      	     636	   1933408 ns/op	  52.96 MB/s	  901839 B/op	      14 allocs/op
BenchmarkPutBytes_100KB_Cold_NoRedact-4      	      67	  19315067 ns/op	   5.30 MB/s	 1045138 B/op	     317 allocs/op
BenchmarkPutBytes_100KB_Cold-4               	      63	  20191177 ns/op	   5.07 MB/s	 1149999 B/op	     315 allocs/op
BenchmarkPutBytes_100KB_Warm-4               	     502	   2357649 ns/op	  43.43 MB/s	 1008465 B/op	      16 allocs/op
BenchmarkPutBytes_100KB_Warm_KeepRaw/verbatim-4         	     460	   2582932 ns/op	  39.64 MB/s	 1008419 B/op	      16 allocs/op
BenchmarkPutBytes_100KB_Warm_KeepRaw/delta-4            	     451	   2582625 ns/op	  39.66 MB/s	 1115762 B/op	      31 allocs/op
BenchmarkPutBytes_100KB_Warm_KeepRaw/full-4             	    1563	    739488 ns/op	 138.50 MB/s	  635041 B/op	      23 allocs/op
BenchmarkPutObject_NovelChunk-4                         	   11190	    105566 ns/op	  38.80 MB/s	    5838 B/op	      18 allocs/op
BenchmarkGetChunk-4                                     	   58514	     20864 ns/op	   19650 B/op	      10 allocs/op
BenchmarkOpenSpan_4KB_of_4MB-4                          	   56228	     21521 ns/op	   19791 B/op	      11 allocs/op
BenchmarkOpenStore_50kRoots-4                           	       4	 292615090 ns/op	97311804 B/op	 1062393 allocs/op
BenchmarkGC_50kObjects-4                                	       3	 388407526 ns/op	36940189 B/op	  433659 allocs/op
BenchmarkCountFold_4MiB-4                               	     808	   1576011 ns/op	2661.34 MB/s	       0 B/op	       0 allocs/op
BenchmarkSearch_1000Roots-4                             	     176	   7077723 ns/op	 9119886 B/op	    7750 allocs/op
BenchmarkSearch_1000Roots_DistinctChunks-4              	     121	   9616621 ns/op	13269968 B/op	   12341 allocs/op
BenchmarkMarkEncoded_100-4                              	   10000	    121760 ns/op	   16896 B/op	     301 allocs/op
PASS
pathstest: HOME is "/tmp/360400775/001/home" at the end of the run, not the isolated home "/tmp/qompack-test-home-2332057623": a test changed it without restoring it, and every test after it ran against that directory
