goos: linux
goarch: amd64
pkg: github.com/qompack/qompack/internal/store
cpu: Intel(R) Core(TM) Ultra 7 155H
BenchmarkPutBytes_100KB_Warm_NoRedact-4      	     591	   1884911 ns/op	  54.33 MB/s	  901886 B/op	      15 allocs/op
BenchmarkPutBytes_100KB_Cold_NoRedact-4      	      62	  18989894 ns/op	   5.39 MB/s	 1044631 B/op	     315 allocs/op
BenchmarkPutBytes_100KB_Cold-4               	      63	  19297769 ns/op	   5.31 MB/s	 1150944 B/op	     318 allocs/op
BenchmarkPutBytes_100KB_Warm-4               	     502	   2295183 ns/op	  44.62 MB/s	 1008369 B/op	      16 allocs/op
BenchmarkPutBytes_100KB_Warm_KeepRaw/verbatim-4         	     471	   2521737 ns/op	  40.61 MB/s	 1008382 B/op	      16 allocs/op
BenchmarkPutBytes_100KB_Warm_KeepRaw/delta-4            	     470	   2529671 ns/op	  40.49 MB/s	 1115808 B/op	      31 allocs/op
BenchmarkPutBytes_100KB_Warm_KeepRaw/full-4             	    1574	    723422 ns/op	 141.58 MB/s	  635114 B/op	      23 allocs/op
BenchmarkPutObject_NovelChunk-4                         	   10537	    113077 ns/op	  36.22 MB/s	    5841 B/op	      18 allocs/op
BenchmarkGetChunk-4                                     	   58092	     20098 ns/op	   19651 B/op	      10 allocs/op
BenchmarkOpenSpan_4KB_of_4MB-4                          	   57390	     20834 ns/op	   19793 B/op	      11 allocs/op
BenchmarkOpenStore_50kRoots-4                           	       4	 283109235 ns/op	97311840 B/op	 1062393 allocs/op
BenchmarkGC_50kObjects-4                                	       4	 322079885 ns/op	36933936 B/op	  433656 allocs/op
BenchmarkCountFold_4MiB-4                               	     858	   1352383 ns/op	3101.41 MB/s	       0 B/op	       0 allocs/op
BenchmarkSearch_1000Roots-4                             	     164	   7319926 ns/op	 9116373 B/op	    7747 allocs/op
BenchmarkSearch_1000Roots_DistinctChunks-4              	     100	  10655576 ns/op	13264179 B/op	   12337 allocs/op
BenchmarkMarkEncoded_100-4                              	   10000	    119206 ns/op	   16896 B/op	     301 allocs/op
PASS
pathstest: HOME is "/tmp/1925223897/001/home" at the end of the run, not the isolated home "/tmp/qompack-test-home-963714756": a test changed it without restoring it, and every test after it ran against that directory
