goos: linux
goarch: amd64
pkg: github.com/qompack/qompack/internal/store
cpu: Intel(R) Core(TM) Ultra 7 155H
BenchmarkPutBytes_100KB_Warm_NoRedact-4      	     596	   1878892 ns/op	  54.50 MB/s	  901793 B/op	      14 allocs/op
BenchmarkPutBytes_100KB_Cold_NoRedact-4      	      62	  18326064 ns/op	   5.59 MB/s	 1044156 B/op	     314 allocs/op
BenchmarkPutBytes_100KB_Cold-4               	      64	  19621259 ns/op	   5.22 MB/s	 1150587 B/op	     317 allocs/op
BenchmarkPutBytes_100KB_Warm-4               	     510	   2339628 ns/op	  43.77 MB/s	 1008433 B/op	      16 allocs/op
BenchmarkPutBytes_100KB_Warm_KeepRaw/verbatim-4         	     459	   2610781 ns/op	  39.22 MB/s	 1008354 B/op	      16 allocs/op
BenchmarkPutBytes_100KB_Warm_KeepRaw/delta-4            	     458	   2776605 ns/op	  36.89 MB/s	 1115836 B/op	      31 allocs/op
BenchmarkPutBytes_100KB_Warm_KeepRaw/full-4             	    1531	    762734 ns/op	 134.28 MB/s	  635101 B/op	      23 allocs/op
BenchmarkPutObject_NovelChunk-4                         	   11448	    108310 ns/op	  37.82 MB/s	    5839 B/op	      18 allocs/op
BenchmarkGetChunk-4                                     	   57882	     20611 ns/op	   19635 B/op	      10 allocs/op
BenchmarkOpenSpan_4KB_of_4MB-4                          	   56643	     21355 ns/op	   19790 B/op	      11 allocs/op
BenchmarkOpenStore_50kRoots-4                           	       4	 287687106 ns/op	97311796 B/op	 1062393 allocs/op
BenchmarkGC_50kObjects-4                                	       4	 315007570 ns/op	36936082 B/op	  433657 allocs/op
BenchmarkCountFold_4MiB-4                               	     864	   1374595 ns/op	3051.30 MB/s	       0 B/op	       0 allocs/op
BenchmarkSearch_1000Roots-4                             	     163	   7295631 ns/op	 9114842 B/op	    7746 allocs/op
BenchmarkSearch_1000Roots_DistinctChunks-4              	     100	  10558468 ns/op	13270720 B/op	   12341 allocs/op
BenchmarkMarkEncoded_100-4                              	pathstest: HOME is "/tmp/766487306/001/home" at the end of the run, not the isolated home "/tmp/qompack-test-home-1934621259": a test changed it without restoring it, and every test after it ran against that directory
   10000	    125073 ns/op	   16896 B/op	     301 allocs/op
PASS
