goos: linux
goarch: amd64
pkg: github.com/qompack/qompack/internal/store
cpu: Intel(R) Core(TM) Ultra 7 155H
BenchmarkPutBytes_100KB_Warm_NoRedact-4      	     604	   1860641 ns/op	  55.03 MB/s	  901808 B/op	      14 allocs/op
BenchmarkPutBytes_100KB_Cold_NoRedact-4      	      63	  18752852 ns/op	   5.46 MB/s	 1044637 B/op	     315 allocs/op
BenchmarkPutBytes_100KB_Cold-4               	      56	  19470191 ns/op	   5.26 MB/s	 1150919 B/op	     317 allocs/op
BenchmarkPutBytes_100KB_Warm-4               	     500	   2334721 ns/op	  43.86 MB/s	 1008394 B/op	      16 allocs/op
BenchmarkPutBytes_100KB_Warm_KeepRaw/verbatim-4         	     459	   2556947 ns/op	  40.05 MB/s	 1008421 B/op	      16 allocs/op
BenchmarkPutBytes_100KB_Warm_KeepRaw/delta-4            	     418	   2603343 ns/op	  39.35 MB/s	 1115765 B/op	      31 allocs/op
BenchmarkPutBytes_100KB_Warm_KeepRaw/full-4             	    1503	    739000 ns/op	 138.59 MB/s	  635115 B/op	      23 allocs/op
BenchmarkPutObject_NovelChunk-4                         	   10462	    119438 ns/op	  34.29 MB/s	    5840 B/op	      18 allocs/op
BenchmarkGetChunk-4                                     	   57290	     20111 ns/op	   19644 B/op	      10 allocs/op
BenchmarkOpenSpan_4KB_of_4MB-4                          	   57421	     20927 ns/op	   19776 B/op	      11 allocs/op
BenchmarkOpenStore_50kRoots-4                           	       4	 287167268 ns/op	97311756 B/op	 1062393 allocs/op
BenchmarkGC_50kObjects-4                                	       3	 390198288 ns/op	36940394 B/op	  433660 allocs/op
BenchmarkCountFold_4MiB-4                               	     825	   1445963 ns/op	2900.70 MB/s	       0 B/op	       0 allocs/op
BenchmarkSearch_1000Roots-4                             	     163	   6859686 ns/op	 9125356 B/op	    7752 allocs/op
BenchmarkSearch_1000Roots_DistinctChunks-4              	     100	  10075201 ns/op	13276116 B/op	   12344 allocs/op
BenchmarkMarkEncoded_100-4                              	    9760	    118309 ns/op	   16896 B/op	     301 allocs/op
PASS
pathstest: HOME is "/tmp/3178765180/001/home" at the end of the run, not the isolated home "/tmp/qompack-test-home-1482751880": a test changed it without restoring it, and every test after it ran against that directory
