goos: linux
goarch: amd64
pkg: github.com/qompack/qompack/internal/store
cpu: Intel(R) Core(TM) Ultra 7 155H
BenchmarkPutBytes_100KB_Warm_NoRedact-4      	     622	   1997289 ns/op	  51.27 MB/s	  901886 B/op	      15 allocs/op
BenchmarkPutBytes_100KB_Cold_NoRedact-4      	      66	  19076370 ns/op	   5.37 MB/s	 1044624 B/op	     315 allocs/op
BenchmarkPutBytes_100KB_Cold-4               	      55	  19549029 ns/op	   5.24 MB/s	 1150414 B/op	     316 allocs/op
BenchmarkPutBytes_100KB_Warm-4               	     460	   2463528 ns/op	  41.57 MB/s	 1008459 B/op	      16 allocs/op
BenchmarkPutBytes_100KB_Warm_KeepRaw/verbatim-4         	     466	   2546885 ns/op	  40.21 MB/s	 1008517 B/op	      16 allocs/op
BenchmarkPutBytes_100KB_Warm_KeepRaw/delta-4            	     448	   2591977 ns/op	  39.52 MB/s	 1115806 B/op	      31 allocs/op
BenchmarkPutBytes_100KB_Warm_KeepRaw/full-4             	    1562	    740322 ns/op	 138.35 MB/s	  635037 B/op	      23 allocs/op
BenchmarkPutObject_NovelChunk-4                         	   10632	    111018 ns/op	  36.89 MB/s	    5842 B/op	      18 allocs/op
BenchmarkGetChunk-4                                     	   58465	     20732 ns/op	   19634 B/op	      10 allocs/op
BenchmarkOpenSpan_4KB_of_4MB-4                          	   55322	     21373 ns/op	   19801 B/op	      11 allocs/op
BenchmarkOpenStore_50kRoots-4                           	       4	 280475938 ns/op	97311876 B/op	 1062393 allocs/op
BenchmarkGC_50kObjects-4                                	       3	 402224998 ns/op	36940056 B/op	  433658 allocs/op
BenchmarkCountFold_4MiB-4                               	     880	   1461528 ns/op	2869.80 MB/s	       0 B/op	       0 allocs/op
BenchmarkSearch_1000Roots-4                             	     158	   7221733 ns/op	 9116641 B/op	    7747 allocs/op
BenchmarkSearch_1000Roots_DistinctChunks-4              	     100	  11035694 ns/op	13263744 B/op	   12338 allocs/op
BenchmarkMarkEncoded_100-4                              	    9259	    119982 ns/op	   16896 B/op	     301 allocs/op
PASS
pathstest: HOME is "/tmp/426110959/001/home" at the end of the run, not the isolated home "/tmp/qompack-test-home-2219520244": a test changed it without restoring it, and every test after it ran against that directory
