goos: linux
goarch: amd64
pkg: github.com/qompack/qompack/internal/store
cpu: Intel(R) Core(TM) Ultra 7 155H
BenchmarkPutBytes_100KB_Warm_NoRedact-4      	     607	   1955160 ns/op	  52.37 MB/s	  901807 B/op	      14 allocs/op
BenchmarkPutBytes_100KB_Cold_NoRedact-4      	      64	  20320266 ns/op	   5.04 MB/s	 1044620 B/op	     316 allocs/op
BenchmarkPutBytes_100KB_Cold-4               	      63	  19104100 ns/op	   5.36 MB/s	 1150608 B/op	     316 allocs/op
BenchmarkPutBytes_100KB_Warm-4               	     501	   2321772 ns/op	  44.10 MB/s	 1008381 B/op	      16 allocs/op
BenchmarkPutBytes_100KB_Warm_KeepRaw/verbatim-4         	     459	   2711763 ns/op	  37.76 MB/s	 1008314 B/op	      15 allocs/op
BenchmarkPutBytes_100KB_Warm_KeepRaw/delta-4            	     469	   2588072 ns/op	  39.58 MB/s	 1115823 B/op	      31 allocs/op
BenchmarkPutBytes_100KB_Warm_KeepRaw/full-4             	    1569	    740636 ns/op	 138.29 MB/s	  635048 B/op	      23 allocs/op
BenchmarkPutObject_NovelChunk-4                         	    9322	    116095 ns/op	  35.28 MB/s	    5843 B/op	      18 allocs/op
BenchmarkGetChunk-4                                     	   58323	     20531 ns/op	   19637 B/op	      10 allocs/op
BenchmarkOpenSpan_4KB_of_4MB-4                          	   56910	     21442 ns/op	   19788 B/op	      11 allocs/op
BenchmarkOpenStore_50kRoots-4                           	       4	 280923774 ns/op	97332916 B/op	 1062394 allocs/op
BenchmarkGC_50kObjects-4                                	       3	 391576454 ns/op	36934616 B/op	  433656 allocs/op
BenchmarkCountFold_4MiB-4                               	     867	   1414440 ns/op	2965.34 MB/s	       0 B/op	       0 allocs/op
BenchmarkSearch_1000Roots-4                             	     159	   6876255 ns/op	 9109776 B/op	    7744 allocs/op
BenchmarkSearch_1000Roots_DistinctChunks-4              	     100	  10754160 ns/op	13270214 B/op	   12340 allocs/op
BenchmarkMarkEncoded_100-4                              	    9700	    120840 ns/op	   16896 B/op	     301 allocs/op
PASS
pathstest: HOME is "/tmp/3768425099/001/home" at the end of the run, not the isolated home "/tmp/qompack-test-home-1296488687": a test changed it without restoring it, and every test after it ran against that directory
