goos: linux
goarch: amd64
pkg: github.com/qompack/qompack/internal/store
cpu: Intel(R) Core(TM) Ultra 7 155H
BenchmarkPutBytes_100KB_Warm_NoRedact-4      	     582	   1882582 ns/op	  54.39 MB/s	  901873 B/op	      15 allocs/op
BenchmarkPutBytes_100KB_Cold_NoRedact-4      	      63	  18580445 ns/op	   5.51 MB/s	 1044385 B/op	     314 allocs/op
BenchmarkPutBytes_100KB_Cold-4               	      63	  19168106 ns/op	   5.34 MB/s	 1150299 B/op	     316 allocs/op
BenchmarkPutBytes_100KB_Warm-4               	     513	   2316079 ns/op	  44.21 MB/s	 1008408 B/op	      16 allocs/op
BenchmarkPutBytes_100KB_Warm_KeepRaw/verbatim-4         	     471	   2557917 ns/op	  40.03 MB/s	 1008370 B/op	      16 allocs/op
BenchmarkPutBytes_100KB_Warm_KeepRaw/delta-4            	     469	   2603290 ns/op	  39.35 MB/s	 1115849 B/op	      31 allocs/op
BenchmarkPutBytes_100KB_Warm_KeepRaw/full-4             	    1634	    727546 ns/op	 140.77 MB/s	  635047 B/op	      23 allocs/op
BenchmarkPutObject_NovelChunk-4                         	   10495	    114213 ns/op	  35.86 MB/s	    5839 B/op	      18 allocs/op
BenchmarkGetChunk-4                                     	   59596	     19759 ns/op	   19653 B/op	      10 allocs/op
BenchmarkOpenSpan_4KB_of_4MB-4                          	   51351	     21061 ns/op	   19783 B/op	      11 allocs/op
BenchmarkOpenStore_50kRoots-4                           	       4	 269496870 ns/op	97311796 B/op	 1062393 allocs/op
BenchmarkGC_50kObjects-4                                	       4	 323444716 ns/op	36940126 B/op	  433659 allocs/op
BenchmarkCountFold_4MiB-4                               	     882	   1425085 ns/op	2943.19 MB/s	       0 B/op	       0 allocs/op
BenchmarkSearch_1000Roots-4                             	     168	   6966014 ns/op	 9114373 B/op	    7746 allocs/op
BenchmarkSearch_1000Roots_DistinctChunks-4              	     100	  11125938 ns/op	13272322 B/op	   12341 allocs/op
BenchmarkMarkEncoded_100-4                              	   10000	    121684 ns/op	   16896 B/op	     301 allocs/op
PASS
pathstest: HOME is "/tmp/2768512412/001/home" at the end of the run, not the isolated home "/tmp/qompack-test-home-1018763912": a test changed it without restoring it, and every test after it ran against that directory
