run_id=cx-w3-startroute-touched-race-6fc6f48-20260926T170013Z
container=qompack-v6-linux-verification
repo=C:/Users/Quant/Documents/Programming/Projects/qompack-cx-w3-startroute
rev=6fc6f48
commit=6fc6f48faafbb1534a239857e9f43da0d01bb965
bundle_sha256=1f63653922d6bbbc69a2bad6c8a6a09e6580503f07bf375ec6419a1cbd021560
host_started_utc=2026-09-26T17:00:24Z
inner_args=--timeout 40m -- ./internal/contract ./internal/daemon ./internal/cli
/work/cx-w3-startroute-touched-race-6fc6f48-20260926T170013Z.bundle: OK
run_id=cx-w3-startroute-touched-race-6fc6f48-20260926T170013Z
commit=6fc6f48faafbb1534a239857e9f43da0d01bb965
tree=520ec0c64c8ded03defdf2a7aa8c3c1bd409b365
bundle_sha256=1f63653922d6bbbc69a2bad6c8a6a09e6580503f07bf375ec6419a1cbd021560
started_utc=2026-09-26T17:00:29Z
uid=10001 user=qompack-test groups=qompack-test
race=1 count=1 timeout=40m gomaxprocs=4 coload=0
run=
skip=
extra_env=
go version go1.26.6 linux/amd64
linux
amd64
1
/home/qompack-test/.cache/go-build
/go/pkg/mod
-mod=readonly
off
Linux e09d55cfc09b 5.15.167.4-microsoft-standard-WSL2 #1 SMP Tue Nov 5 00:21:55 UTC 2024 x86_64 GNU/Linux
22
PASS      github.com/qompack/qompack/internal/contract  (pass=160 fail=0 skip=0)
FAIL      github.com/qompack/qompack/internal/daemon  (pass=1495 fail=1 skip=1)
    FAIL TestDeliveryOrder_LaneOverflowIsDrainedOnRequest
PASS      github.com/qompack/qompack/internal/cli  (pass=374 fail=0 skip=0)
go_test_exit=1
exit=1
artifacts: C:/Users/Quant/Documents/Programming/Projects/qompack-cx-w3-startroute/plans/sdd/V6-closeout/w3-startroute/runs/linux-final/cx-w3-startroute-touched-race-6fc6f48-20260926T170013Z-artifacts
exit=1
exit=1
