=== RUN   TestV3_LiveSessionWriteSetAndAppendOnly
    v3_x09_test.go:266: x09: the flush's "observer: gc" line came 1.57s after the flush, behind 67 spool lines left for its daemon to replay (bound 6m12s; waited up to 2m21.6631736s, cut to the test binary's -timeout: true)
    v3_x09_test.go:405: x9: 10/19/1019afcf28f3d219ca0bd2e529378cb49bc6905f016f1695d1506730589fe1bc.zst appeared during flush; published by index/roots.jsonl line (root=sha256:57fe953f086dbbc03ce378d9d9005ad1ab42297c85141f9157cdb8fa740c716f eph=true)
    v3_x09_test.go:405: x9: 10/c9/10c9961e240ac272f5717b7b0ef252a807219293eee59fe5e712c5233cc1a4e7.zst appeared during flush; published by index/roots.jsonl line (root=sha256:30ac5132428545f4179650a1d2fbeba365fef08706ed90781d6963d69a2f2346 eph=true)
    v3_x09_test.go:405: x9: 25/74/257452ee0c83698679c07f077f6bfca00015cd1a50ab8efbde9fcc63cf3192f5.zst appeared during flush; published by index/roots.jsonl line (root=sha256:42634d5457006995f45bfe30dc3aed2992ccf69bcbf6d82acc0bb94b21b68559 eph=true)
    v3_x09_test.go:405: x9: 47/6f/476fac1915db0c06b98097781b444f4e4b20204e974770ff4272a520ddfd002e.zst appeared during flush; published by index/roots.jsonl line (root=sha256:b4e39ffeaad50c7af19d07c69c22be492061ec4eb283f32e37265253951c1abb eph=true)
    v3_x09_test.go:405: x9: 7d/36/7d36701baea7915e2d6e91aca06f4d70f95f18dbec47eb2008c628368d260a81.zst appeared during flush; published by index/roots.jsonl line (root=sha256:334d209973f5548a270508a025e8a9ee63eb9fe85dbba41a68b0486e8112adc0 eph=true)
    v3_x09_test.go:405: x9: 85/11/8511287a6f992787f6a698da8f78ff9d5f830c1a50010da1818361a7b9b90110.zst appeared during flush; published by index/roots.jsonl line (root=sha256:68035e7c6da15141fba7b5c612816a7f58577c289c3cbc9941e980140bd50171 eph=true)
    v3_x09_test.go:405: x9: 87/d4/87d49836cc5cbce1188321b21fae43472cc33665cb57f88654295e60d02cf5ad.zst appeared during flush; published by index/roots.jsonl line (root=sha256:61744640ded1027e31e46346d323817504d6102c5a02bb2f8be0ca6d8a0f7d83 eph=true)
    v3_x09_test.go:405: x9: b1/8b/b18b8cccd6544269657b170716c2f9683234590d5b41797d8100d70bcfc08376.zst appeared during flush; published by index/roots.jsonl line (root=sha256:849bf9c8e92b9db8d8649288bb7537df91aae80dfc646ea41f83f11288a8cc4e eph=true)
    v3_x09_test.go:405: x9: b2/e3/b2e3d31a9be084a9ece08d1ea8e748d0e8776942cb054d910a8b5de8f4da76f5.zst appeared during flush; published by index/roots.jsonl line (root=sha256:1a7badf79a7f2ad5062a341c49740d63582536a6ef3d3703c163eff080e2b211 eph=true)
    v3_x09_test.go:405: x9: d0/a6/d0a601be43b09b444ad6873320e0efdb1ae4600f1f9478755a8437601dba6894.zst appeared during flush; published by index/roots.jsonl line (root=sha256:f011f48073c6c94b1e41cea65a94b06b67784801d2cccf18380aff39696cc48d eph=true)
    v3_x09_test.go:405: x9: d1/a8/d1a8d0c27259e60d2fb0ad5a548691a3736ed2143ece72a5a01581376c18bf31.zst appeared during flush; published by index/roots.jsonl line (root=sha256:a1083e766f68c878e9fb80aeed12ba55119d6f56c16addaa7da871f409358348 eph=true)
    v3_x09_test.go:405: x9: e1/94/e1948c52934243dbf8ca46972299c85e0a2211e9b1581000f5d0102c2098c0c3.zst appeared during flush; published by index/roots.jsonl line (root=sha256:8e1a8ea21602a71ed4faef4c3be8b92cd4fd59c7abcce8b14246cde88dc4e95e eph=true)
    v3_x09_test.go:405: x9: e6/41/e641339872fd77787254195a47edac2dd329a1eff165ff26c4970afea48346c8.zst appeared during flush; published by index/roots.jsonl line (root=sha256:97293f05a5a2a30e62995f58bc8dde834408b85d752918e1c685c7f4c1372783 eph=true)
    v3_x09_test.go:405: x9: ef/d2/efd2176dbd1202132d1214051485188dc111998ef874c0e8e00af32f3d56a3df.zst appeared during flush; published by index/roots.jsonl line (root=sha256:00b27eb3ab7bb8667e6fede28dd885ea6d8fcfbe3db5302b800c460481fa2932 eph=true)
    v3_x09_test.go:405: x9: f2/07/f2073b26f38ca38584efed10e239c383b845f5eb4a709a3d251568e10400fac9.zst appeared during flush; published by index/roots.jsonl line (root=sha256:ce58217fe231f2874c97d924d106e584f4e89f43fe0fcdad3e33dbd2fe79eb3d eph=true)
    v3_x09_test.go:405: x9: fd/e1/fde17080b83014f9b702c20637240c7e48ae707efdb627ea22b0e231b424d63a.zst appeared during flush; published by index/roots.jsonl line (root=sha256:e037737d3ee05041e2244a8e4244b8e3c4e6cf811d86e271ec8cbd0424a5ad1e eph=true)
--- PASS: TestV3_LiveSessionWriteSetAndAppendOnly (20.86s)
PASS
ok  	github.com/qompack/qompack/test/e2e	21.062s
