=== RUN   TestE2E_SessionStartCompactFitsTheHostCap
    c114_hostcap_test.go:58: compact additionalContext: 7378 host characters (ceiling 9500, host cap 10000); restorable rules offered: 15750
--- PASS: TestE2E_SessionStartCompactFitsTheHostCap (10.18s)
=== RUN   TestE2E_SessionStartCompact
--- PASS: TestE2E_SessionStartCompact (2.41s)
=== RUN   TestE2E_SessionStartClear
--- PASS: TestE2E_SessionStartClear (1.79s)
=== RUN   TestV5_PreCompactToRehydrateToDroppedRoundTrip
=== RUN   TestV5_PreCompactToRehydrateToDroppedRoundTrip/full_budget_round_trip
=== RUN   TestV5_PreCompactToRehydrateToDroppedRoundTrip/bounded_budget_reports_complete_drops
    v5_x04_test.go:528: bounded arm: tokens=572 budget=600 degraded=false dropped=41 item7_rendered=true
=== RUN   TestV5_PreCompactToRehydrateToDroppedRoundTrip/negative_control_reinjection_disabled
--- PASS: TestV5_PreCompactToRehydrateToDroppedRoundTrip (50.94s)
    --- PASS: TestV5_PreCompactToRehydrateToDroppedRoundTrip/full_budget_round_trip (22.75s)
    --- PASS: TestV5_PreCompactToRehydrateToDroppedRoundTrip/bounded_budget_reports_complete_drops (16.04s)
    --- PASS: TestV5_PreCompactToRehydrateToDroppedRoundTrip/negative_control_reinjection_disabled (12.15s)
=== RUN   TestE2E_SessionStartCompactFitsTheHostCap
    c114_hostcap_test.go:58: compact additionalContext: 7378 host characters (ceiling 9500, host cap 10000); restorable rules offered: 15750
--- PASS: TestE2E_SessionStartCompactFitsTheHostCap (2.66s)
=== RUN   TestE2E_SessionStartCompact
--- PASS: TestE2E_SessionStartCompact (3.22s)
=== RUN   TestE2E_SessionStartClear
--- PASS: TestE2E_SessionStartClear (5.09s)
=== RUN   TestV5_PreCompactToRehydrateToDroppedRoundTrip
=== RUN   TestV5_PreCompactToRehydrateToDroppedRoundTrip/full_budget_round_trip
=== RUN   TestV5_PreCompactToRehydrateToDroppedRoundTrip/bounded_budget_reports_complete_drops
    v5_x04_test.go:528: bounded arm: tokens=572 budget=600 degraded=false dropped=41 item7_rendered=true
=== RUN   TestV5_PreCompactToRehydrateToDroppedRoundTrip/negative_control_reinjection_disabled
--- PASS: TestV5_PreCompactToRehydrateToDroppedRoundTrip (40.91s)
    --- PASS: TestV5_PreCompactToRehydrateToDroppedRoundTrip/full_budget_round_trip (20.81s)
    --- PASS: TestV5_PreCompactToRehydrateToDroppedRoundTrip/bounded_budget_reports_complete_drops (16.69s)
    --- PASS: TestV5_PreCompactToRehydrateToDroppedRoundTrip/negative_control_reinjection_disabled (3.41s)
=== RUN   TestE2E_SessionStartCompactFitsTheHostCap
    c114_hostcap_test.go:58: compact additionalContext: 7378 host characters (ceiling 9500, host cap 10000); restorable rules offered: 15750
--- PASS: TestE2E_SessionStartCompactFitsTheHostCap (0.98s)
=== RUN   TestE2E_SessionStartCompact
--- PASS: TestE2E_SessionStartCompact (0.89s)
=== RUN   TestE2E_SessionStartClear
--- PASS: TestE2E_SessionStartClear (1.02s)
=== RUN   TestV5_PreCompactToRehydrateToDroppedRoundTrip
=== RUN   TestV5_PreCompactToRehydrateToDroppedRoundTrip/full_budget_round_trip
=== RUN   TestV5_PreCompactToRehydrateToDroppedRoundTrip/bounded_budget_reports_complete_drops
    v5_x04_test.go:528: bounded arm: tokens=572 budget=600 degraded=false dropped=41 item7_rendered=true
=== RUN   TestV5_PreCompactToRehydrateToDroppedRoundTrip/negative_control_reinjection_disabled
--- PASS: TestV5_PreCompactToRehydrateToDroppedRoundTrip (34.28s)
    --- PASS: TestV5_PreCompactToRehydrateToDroppedRoundTrip/full_budget_round_trip (15.42s)
    --- PASS: TestV5_PreCompactToRehydrateToDroppedRoundTrip/bounded_budget_reports_complete_drops (15.49s)
    --- PASS: TestV5_PreCompactToRehydrateToDroppedRoundTrip/negative_control_reinjection_disabled (3.38s)
=== RUN   TestE2E_SessionStartCompactFitsTheHostCap
    c114_hostcap_test.go:58: compact additionalContext: 7378 host characters (ceiling 9500, host cap 10000); restorable rules offered: 15750
--- PASS: TestE2E_SessionStartCompactFitsTheHostCap (1.01s)
=== RUN   TestE2E_SessionStartCompact
--- PASS: TestE2E_SessionStartCompact (1.09s)
=== RUN   TestE2E_SessionStartClear
--- PASS: TestE2E_SessionStartClear (1.09s)
=== RUN   TestV5_PreCompactToRehydrateToDroppedRoundTrip
=== RUN   TestV5_PreCompactToRehydrateToDroppedRoundTrip/full_budget_round_trip
=== RUN   TestV5_PreCompactToRehydrateToDroppedRoundTrip/bounded_budget_reports_complete_drops
    v5_x04_test.go:528: bounded arm: tokens=572 budget=600 degraded=false dropped=41 item7_rendered=true
=== RUN   TestV5_PreCompactToRehydrateToDroppedRoundTrip/negative_control_reinjection_disabled
--- PASS: TestV5_PreCompactToRehydrateToDroppedRoundTrip (34.37s)
    --- PASS: TestV5_PreCompactToRehydrateToDroppedRoundTrip/full_budget_round_trip (14.93s)
    --- PASS: TestV5_PreCompactToRehydrateToDroppedRoundTrip/bounded_budget_reports_complete_drops (15.78s)
    --- PASS: TestV5_PreCompactToRehydrateToDroppedRoundTrip/negative_control_reinjection_disabled (3.65s)
PASS
ok  	github.com/qompack/qompack/test/e2e	192.434s
exit=0
