=== RUN   TestGuard_HotFilesAreReadWithDeleteSharing
=== RUN   TestGuard_HotFilesAreReadWithDeleteSharing/internal/daemon/lock.go:readLockFile
=== RUN   TestGuard_HotFilesAreReadWithDeleteSharing/internal/ipc/client.go:spawnLockIsStale
=== RUN   TestGuard_HotFilesAreReadWithDeleteSharing/internal/contract/monitor.go:load
=== RUN   TestGuard_HotFilesAreReadWithDeleteSharing/internal/contract/history.go:LoadHistory
=== RUN   TestGuard_HotFilesAreReadWithDeleteSharing/internal/rehydrate/drops.go:CurrentDrops
=== RUN   TestGuard_HotFilesAreReadWithDeleteSharing/internal/ipc/state.go:ReadState
=== RUN   TestGuard_HotFilesAreReadWithDeleteSharing/internal/store/backup.go:backupFileDigest
=== RUN   TestGuard_HotFilesAreReadWithDeleteSharing/internal/store/backup.go:TakeBackup
--- PASS: TestGuard_HotFilesAreReadWithDeleteSharing (0.10s)
    --- PASS: TestGuard_HotFilesAreReadWithDeleteSharing/internal/daemon/lock.go:readLockFile (0.00s)
    --- PASS: TestGuard_HotFilesAreReadWithDeleteSharing/internal/ipc/client.go:spawnLockIsStale (0.00s)
    --- PASS: TestGuard_HotFilesAreReadWithDeleteSharing/internal/contract/monitor.go:load (0.00s)
    --- PASS: TestGuard_HotFilesAreReadWithDeleteSharing/internal/contract/history.go:LoadHistory (0.00s)
    --- PASS: TestGuard_HotFilesAreReadWithDeleteSharing/internal/rehydrate/drops.go:CurrentDrops (0.00s)
    --- PASS: TestGuard_HotFilesAreReadWithDeleteSharing/internal/ipc/state.go:ReadState (0.00s)
    --- PASS: TestGuard_HotFilesAreReadWithDeleteSharing/internal/store/backup.go:backupFileDigest (0.00s)
    --- PASS: TestGuard_HotFilesAreReadWithDeleteSharing/internal/store/backup.go:TakeBackup (0.00s)
PASS
ok  	github.com/qompack/qompack/test/guards	0.390s
exit=0
