=== RUN   TestV4_HotPathUnchangedWithTheFullWave3ResidentSet
    v4_x13_test.go:532: new capture sidecars in C:\Users\Quant\AppData\Local\Temp\TestV4_HotPathUnchangedWithTheFullWave3ResidentSet3212127081\002\project: 8 from the burst (observe.tool, sess-e2e-v4-x13-ref); setup deliveries that landed late: map[]
    v4_x13_test.go:534: new capture sidecars in C:\Users\Quant\AppData\Local\Temp\TestV4_HotPathUnchangedWithTheFullWave3ResidentSet3212127081\001\project: 8 from the burst (observe.tool, sess-e2e-v4-x13); setup deliveries that landed late: map[]
--- PASS: TestV4_HotPathUnchangedWithTheFullWave3ResidentSet (22.02s)
=== RUN   TestV4_HotPathUnchangedWithTheFullWave3ResidentSet
    v4_x13_test.go:532: new capture sidecars in C:\Users\Quant\AppData\Local\Temp\TestV4_HotPathUnchangedWithTheFullWave3ResidentSet2734989821\002\project: 8 from the burst (observe.tool, sess-e2e-v4-x13-ref); setup deliveries that landed late: map[]
    v4_x13_test.go:534: new capture sidecars in C:\Users\Quant\AppData\Local\Temp\TestV4_HotPathUnchangedWithTheFullWave3ResidentSet2734989821\001\project: 8 from the burst (observe.tool, sess-e2e-v4-x13); setup deliveries that landed late: map[]
--- PASS: TestV4_HotPathUnchangedWithTheFullWave3ResidentSet (10.30s)
=== RUN   TestV4_HotPathUnchangedWithTheFullWave3ResidentSet
    v4_x13_test.go:532: new capture sidecars in C:\Users\Quant\AppData\Local\Temp\TestV4_HotPathUnchangedWithTheFullWave3ResidentSet1059819761\002\project: 8 from the burst (observe.tool, sess-e2e-v4-x13-ref); setup deliveries that landed late: map[]
    v4_x13_test.go:534: new capture sidecars in C:\Users\Quant\AppData\Local\Temp\TestV4_HotPathUnchangedWithTheFullWave3ResidentSet1059819761\001\project: 8 from the burst (observe.tool, sess-e2e-v4-x13); setup deliveries that landed late: map[]
--- PASS: TestV4_HotPathUnchangedWithTheFullWave3ResidentSet (10.62s)
=== RUN   TestV4_HotPathUnchangedWithTheFullWave3ResidentSet
    v4_x13_test.go:532: new capture sidecars in C:\Users\Quant\AppData\Local\Temp\TestV4_HotPathUnchangedWithTheFullWave3ResidentSet1321563730\002\project: 8 from the burst (observe.tool, sess-e2e-v4-x13-ref); setup deliveries that landed late: map[]
    v4_x13_test.go:534: new capture sidecars in C:\Users\Quant\AppData\Local\Temp\TestV4_HotPathUnchangedWithTheFullWave3ResidentSet1321563730\001\project: 8 from the burst (observe.tool, sess-e2e-v4-x13); setup deliveries that landed late: map[]
--- PASS: TestV4_HotPathUnchangedWithTheFullWave3ResidentSet (12.02s)
=== RUN   TestV4_HotPathUnchangedWithTheFullWave3ResidentSet
    v4_x13_test.go:532: new capture sidecars in C:\Users\Quant\AppData\Local\Temp\TestV4_HotPathUnchangedWithTheFullWave3ResidentSet1292462750\002\project: 8 from the burst (observe.tool, sess-e2e-v4-x13-ref); setup deliveries that landed late: map[]
    v4_x13_test.go:534: new capture sidecars in C:\Users\Quant\AppData\Local\Temp\TestV4_HotPathUnchangedWithTheFullWave3ResidentSet1292462750\001\project: 8 from the burst (observe.tool, sess-e2e-v4-x13); setup deliveries that landed late: map[]
--- PASS: TestV4_HotPathUnchangedWithTheFullWave3ResidentSet (10.67s)
=== RUN   TestV4_HotPathUnchangedWithTheFullWave3ResidentSet
    v4_x13_test.go:532: new capture sidecars in C:\Users\Quant\AppData\Local\Temp\TestV4_HotPathUnchangedWithTheFullWave3ResidentSet971307871\002\project: 7 from the burst (observe.tool, sess-e2e-v4-x13-ref); setup deliveries that landed late: map[]
    v4_x13_test.go:532: 
        	Error Trace:	C:/Users/Quant/Documents/Programming/Projects/qompack-cx-w4-e2eflakes/test/e2e/v4_x13_test.go:532
        	Error:      	Not equal: 
        	            	expected: 8
        	            	actual  : 7
        	Test:       	TestV4_HotPathUnchangedWithTheFullWave3ResidentSet
        	Messages:   	the observer-only arm must write one capture sidecar per hook in the burst
--- FAIL: TestV4_HotPathUnchangedWithTheFullWave3ResidentSet (9.53s)
=== RUN   TestV4_HotPathUnchangedWithTheFullWave3ResidentSet
    v4_x13_test.go:532: new capture sidecars in C:\Users\Quant\AppData\Local\Temp\TestV4_HotPathUnchangedWithTheFullWave3ResidentSet1296649095\002\project: 8 from the burst (observe.tool, sess-e2e-v4-x13-ref); setup deliveries that landed late: map[]
    v4_x13_test.go:534: new capture sidecars in C:\Users\Quant\AppData\Local\Temp\TestV4_HotPathUnchangedWithTheFullWave3ResidentSet1296649095\001\project: 8 from the burst (observe.tool, sess-e2e-v4-x13); setup deliveries that landed late: map[]
--- PASS: TestV4_HotPathUnchangedWithTheFullWave3ResidentSet (10.61s)
=== RUN   TestV4_HotPathUnchangedWithTheFullWave3ResidentSet
    v4_x13_test.go:532: new capture sidecars in C:\Users\Quant\AppData\Local\Temp\TestV4_HotPathUnchangedWithTheFullWave3ResidentSet2755135006\002\project: 8 from the burst (observe.tool, sess-e2e-v4-x13-ref); setup deliveries that landed late: map[]
    v4_x13_test.go:534: new capture sidecars in C:\Users\Quant\AppData\Local\Temp\TestV4_HotPathUnchangedWithTheFullWave3ResidentSet2755135006\001\project: 8 from the burst (observe.tool, sess-e2e-v4-x13); setup deliveries that landed late: map[]
--- PASS: TestV4_HotPathUnchangedWithTheFullWave3ResidentSet (10.50s)
=== RUN   TestV4_HotPathUnchangedWithTheFullWave3ResidentSet
    v4_x13_test.go:532: new capture sidecars in C:\Users\Quant\AppData\Local\Temp\TestV4_HotPathUnchangedWithTheFullWave3ResidentSet151407251\002\project: 8 from the burst (observe.tool, sess-e2e-v4-x13-ref); setup deliveries that landed late: map[]
    v4_x13_test.go:534: new capture sidecars in C:\Users\Quant\AppData\Local\Temp\TestV4_HotPathUnchangedWithTheFullWave3ResidentSet151407251\001\project: 8 from the burst (observe.tool, sess-e2e-v4-x13); setup deliveries that landed late: map[]
--- PASS: TestV4_HotPathUnchangedWithTheFullWave3ResidentSet (10.24s)
=== RUN   TestV4_HotPathUnchangedWithTheFullWave3ResidentSet
    v4_x13_test.go:532: new capture sidecars in C:\Users\Quant\AppData\Local\Temp\TestV4_HotPathUnchangedWithTheFullWave3ResidentSet1389913459\002\project: 8 from the burst (observe.tool, sess-e2e-v4-x13-ref); setup deliveries that landed late: map[]
    v4_x13_test.go:534: new capture sidecars in C:\Users\Quant\AppData\Local\Temp\TestV4_HotPathUnchangedWithTheFullWave3ResidentSet1389913459\001\project: 8 from the burst (observe.tool, sess-e2e-v4-x13); setup deliveries that landed late: map[]
--- PASS: TestV4_HotPathUnchangedWithTheFullWave3ResidentSet (10.64s)
FAIL
FAIL	github.com/qompack/qompack/test/e2e	117.447s
FAIL
exit=1
