# V3 hot-path row ALONE at 8471f30, QOMPACK_UNDER_COLOAD=1 (wall-clock gates reported, B-E_cpu and every non-timing assertion still judged); started=20:08:37Z
=== RUN   TestV3_HotPathUnchangedWithLedgerResident
    v3_x11_test.go:434: X11 resident state: ToolUses=2000 RawBytes=43120000 (41.1 MB) StoredBytes=3682837 DedupRatio=11.71; DAG Nodes=9041 Edges=17920; ledger Active=5000 Stale=0 FillRatio=0.306 tried.bloom=24056B
    v3_x11_test.go:483: bench harness stdout:
        hotpath: building C:\Users\Quant\AppData\Local\Temp\qompack-bench-build-3870874363\qompack.exe...
        hotpath: starting daemon (\\.\pipe\qompack-bench-53916-0da3b6f194f677de)...
        hotpath: daemon is reachable
        hotpath: warming daemon (64 hot-path observe.tool + 1936 admin.ping)...
        hotpath: warm-up sent ~1.1 MB across 64 hot-path requests (plus 1936 admin.ping round trips)
        hotpath: measuring spawn floor (200 x qompack version)...
        hotpath: measuring B-A/B-D (2000 x qompack [observe tool])...
        hotpath: measuring B-E (50 x qompack checkpoint)...
        hotpath: measuring hook ACK round trip (64 x in-process observe.tool)...
        
        hotpath bench summary (windows/amd64, n=2000)
          spawn floor: p50=25.738ms p99=39.099ms (n=200)
          b_a_method: daemon status hook_controlled (observed + hotPathTailAllowance), p99 gated against obs.Budgets() B-A's limit (reported, not gated, under --under-coload — see the notes); see the B-A_spawn_estimate row for the wall-clock, floor-subtracted diagnostic (unbiased at p50, dispersion-contaminated at p99 — spec step 6 amended by controller ruling #29)
        
          B-A                 n=1536  p50=  18.432ms p95=  22.528ms p99=  26.624ms p999=  45.056ms max=  126.000ms limit=n/a        [reported]
          B-B                 n=1536  p50=   8.192ms p95=  11.264ms p99=  12.288ms p999=  36.864ms max=  101.985ms limit=n/a        [reported]
          B-D                 n=2000  p50=  37.114ms p95=  46.176ms p99=  52.980ms p999=  78.881ms max=  117.910ms limit=n/a        [reported]
          B-E                 n=50    p50= 161.119ms p95= 192.652ms p99= 270.166ms p999= 270.166ms max=  270.166ms limit=n/a        [reported]
          B-E_cpu             n=50    p50=  15.625ms p95=  31.250ms p99=  46.875ms p999=  46.875ms max=   46.875ms limit=2000.000ms [PASS]
          B-A_spawn_estimate  n=2000  p50=  11.376ms p95=  20.438ms p99=  27.242ms p999=  53.143ms max=   92.172ms limit=n/a        [reported]
          hook_ack_rtt        n=64    p50=   0.000ms p95=   0.000ms p99=   0.562ms p999=   0.562ms max=    0.562ms limit=n/a        [reported]
        
          note: B-C not measured in wave 1: the processing seams are stubs
          note: delivery ledger: 2130 hot-path requests sent, 1537 delivered live to the daemon, 593 DEFERRED to the client spool and 0 lost. A deferral is §8.1/§12.2's documented degrade-rather-than-block path (internal/ipc/client.go's Send spools and returns instead of waiting), so the event is durable and the daemon replays it on its next drain — but it is still a sample missing from the top of every gated daemon-side population, so it is counted back in as an over-budget sample rather than dropped
          note: B-A's p99 CANNOT be certified and its gate is failed on that ground: 528 of the 2064 planned samples never reached the daemon's histogram and are counted as over-budget samples, which puts the full population's nearest-rank p99 at rank 2044 of 2064 — inside the un-delivered block, since only 1536 samples were observed. The p99 field reports the DELIVERED set's own p99 for diagnosis only; it is a lower bound on the real one, never the gated number
          note: B-A's row is REPORTED, not gated, for this run: --under-coload declares that the harness shares its host with unrelated concurrent work, and B-A is the daemon-observed hook_controlled estimate (recvTS - reqTS + tail allowance) whose reqTS is stamped inside the spawned hook process, so under co-load the interval contains the child's scheduling wait — a cross-process latency with no CPU-time analogue to gate instead (on windows-latest, one commit: bench-gate, harness alone on its runner, measured this row's p99 at 3.072ms; two whole-tree test-job runs minutes apart measured 11.264ms then 18.432ms against the 15ms limit, while the spawn floor's p50 went 12.954 → 24.431 / 23.143ms). B-B moved only 0.576 → 0.768 / 0.704ms in those same runs and was read then as the co-load-robust control; it is not one any more — since f6a8691 its region carries three fsyncs — and it is REPORTED in this run too, under its own note. The 15ms limit is still enforced on B-A by every run that does NOT pass --under-coload — bench-gate, nightly bench-deep, ci.yml's timing job, and its test-e2e job, where X-11 runs alone
          note: B-B's p99 CANNOT be certified and its gate is failed on that ground: 528 of the 2064 planned samples never reached the daemon's histogram and are counted as over-budget samples, which puts the full population's nearest-rank p99 at rank 2044 of 2064 — inside the un-delivered block, since only 1536 samples were observed. The p99 field reports the DELIVERED set's own p99 for diagnosis only; it is a lower bound on the real one, never the gated number
          note: B-B's row is REPORTED, not gated, for this run: --under-coload declares that the harness shares its host with unrelated concurrent work, and B-B times the daemon's own ingest.Accept in full — a region that has carried three fsyncs (the WAL Sync, the lease journal's Sync and the seal) since f6a8691 made the delivery path durable, so co-load moves it like any other wall-clock cost (the last full parallel pass measured this row's p99 at 14.3 / 28.7 / 53.2ms against the 50ms limit, while three runs of the same build inside an attested quiet window measured 20.480 / 12.288 / 20.480ms). There is no CPU-time analogue to gate instead: B-B has no child process, so the user+system time of a spawned child cannot be read for it; obs.ProcessCPU is a cumulative whole-process counter summed over every thread, quantised to Windows's 15.625ms scheduler tick (internal/obs/cpu_windows.go), so a single-request bracket against a limit in the low tens of milliseconds reads exact zero, which that file requires be treated as a FAILED measurement; and what inflates this row is fsync — blocked time that costs no CPU at all. The 50ms limit is still enforced on B-B by every run that does NOT pass --under-coload — bench-gate, nightly bench-deep, ci.yml's timing job (which runs test/integration's hot-path test alone by name) and its test-e2e job, where X-11 runs alone — and the co-load-immune structural gates T9, T10 and T14 (one sync per batch, check-then-append order, zero releases before the seal; internal/daemon's delivery group-commit tests) run in every lane regardless. This is ADR 0010's fallback branch applied to a row its enumeration misclassified, per SP20-D1 design section 7.6's Q3; internal/obs/budgets.go still marks B-B Gated, and only this RUN reports it
          note: B-E's wall-clock row is REPORTED, not gated, for this run: --under-coload declares that the harness shares its host with unrelated concurrent work, and a wall-clock sample taken under co-load measures the host's spare capacity rather than the checkpoint (bench-gate measured this same row at 67.2ms on windows-latest in isolation and the whole-tree job at 4302ms on the same runner class minutes later, product unchanged). The 2000ms limit is still enforced on that wall-clock row by every run that does NOT pass --under-coload — bench-gate and nightly — and the B-E_cpu row below enforces the same 2000ms limit on these children's own CPU time, which co-load does not move; see budgetIDBECPU (report.go)
          note: hook_ack_rtt is REPORTED, never gated: it is the client-side ACK round trip of 64 in-process observe.tool deliveries, each with a fresh nonce and a real lease, timed through the same ipc.Client a hook uses. Design §7.5 sizes the ACK deadline from it as AckDeadlineMs = L0IngestMs + ceil(slack99), where slack99 = p99(hook_ack_rtt) - p99(B-B) over this same run. The timed samples are preceded by 2 DISCARDED warm-up requests on the same session: without them sample #0 paid a session-registry insertion and a WAL segment create on top of the round trip, and at 64 samples with nearest-rank percentiles p99 IS the maximum sample, so that one sample became the number the deadline was sized from. Its traffic IS real hot-path traffic, so all 66 requests do reach the daemon's l0_ingest and hook_controlled histograms — but this run reads both of those for the gated B-A and B-B rows BEFORE any of the tranche is sent, warm-ups included, so none of it is inside either gated population, and the B-B this row is differenced against contains none of its own deliveries. They are reconciled rather than ignored: a second status read after the tranche counts every one of them, warm-ups included, into the delivery ledger, so a deferral of this tranche's own cannot pass unnoticed. The in-process traffic that does sit inside the gated populations is the warm-up's, disclosed with its own computed proportion. A p99 over 64 samples is still that set's own top sample, which is why §7.5 takes the maximum across three runs rather than trusting one
          note: daemon-observed hook_controlled_observed (recvTS-reqTS, strict lower bound, no hotPathTailAllowance): p50=4.096ms p99=7.168ms n=1536 — informational cross-check against the gated B-A row above, which adds the tail allowance
          note: B-A's gated n=2064 includes 64 in-process warm-up observe.tool requests (Send-time TS, not a spawned process's main() entry) alongside 2000 real hook spawns from the B-A/B-D loop — the warm-up hot-path tranche (warmHotTranche=64, a small, fixed constant) is 3.1% of the gated population for this run; see B-A_spawn_estimate for the wall-clock diagnostic derived purely from real spawns
          note: B-B's n includes the 64 warm-up hot-path (observe.tool) requests, not just the B-A/B-D measurement loop — the daemon's own l0_ingest count, reported verbatim (conservative for B-B: warm-up payloads run 4KB-256KB, larger than B-A/B-D's fixed representative payload). The other 1936 warm-up requests are admin.ping round trips and never reach l0_ingest at all (FIX ROUND 2, N-1)
        
    v3_x11_test.go:485: bench artifact C:\Users\Quant\AppData\Local\Temp\TestV3_HotPathUnchangedWithLedgerResident3510228878\003\v3-hotpath.json:
        {
          "platform": "windows/amd64",
          "n": 2000,
          "b_a_method": "daemon status hook_controlled (observed + hotPathTailAllowance), p99 gated against obs.Budgets() B-A's limit (reported, not gated, under --under-coload — see the notes); see the B-A_spawn_estimate row for the wall-clock, floor-subtracted diagnostic (unbiased at p50, dispersion-contaminated at p99 — spec step 6 amended by controller ruling #29)",
          "spawn_floor_ms": {
            "n": 200,
            "p50": 25.738,
            "p99": 39.099
          },
          "notes": [
            "B-C not measured in wave 1: the processing seams are stubs",
            "delivery ledger: 2130 hot-path requests sent, 1537 delivered live to the daemon, 593 DEFERRED to the client spool and 0 lost. A deferral is §8.1/§12.2's documented degrade-rather-than-block path (internal/ipc/client.go's Send spools and returns instead of waiting), so the event is durable and the daemon replays it on its next drain — but it is still a sample missing from the top of every gated daemon-side population, so it is counted back in as an over-budget sample rather than dropped",
            "B-A's p99 CANNOT be certified and its gate is failed on that ground: 528 of the 2064 planned samples never reached the daemon's histogram and are counted as over-budget samples, which puts the full population's nearest-rank p99 at rank 2044 of 2064 — inside the un-delivered block, since only 1536 samples were observed. The p99 field reports the DELIVERED set's own p99 for diagnosis only; it is a lower bound on the real one, never the gated number",
            "B-A's row is REPORTED, not gated, for this run: --under-coload declares that the harness shares its host with unrelated concurrent work, and B-A is the daemon-observed hook_controlled estimate (recvTS - reqTS + tail allowance) whose reqTS is stamped inside the spawned hook process, so under co-load the interval contains the child's scheduling wait — a cross-process latency with no CPU-time analogue to gate instead (on windows-latest, one commit: bench-gate, harness alone on its runner, measured this row's p99 at 3.072ms; two whole-tree test-job runs minutes apart measured 11.264ms then 18.432ms against the 15ms limit, while the spawn floor's p50 went 12.954 → 24.431 / 23.143ms). B-B moved only 0.576 → 0.768 / 0.704ms in those same runs and was read then as the co-load-robust control; it is not one any more — since f6a8691 its region carries three fsyncs — and it is REPORTED in this run too, under its own note. The 15ms limit is still enforced on B-A by every run that does NOT pass --under-coload — bench-gate, nightly bench-deep, ci.yml's timing job, and its test-e2e job, where X-11 runs alone",
            "B-B's p99 CANNOT be certified and its gate is failed on that ground: 528 of the 2064 planned samples never reached the daemon's histogram and are counted as over-budget samples, which puts the full population's nearest-rank p99 at rank 2044 of 2064 — inside the un-delivered block, since only 1536 samples were observed. The p99 field reports the DELIVERED set's own p99 for diagnosis only; it is a lower bound on the real one, never the gated number",
            "B-B's row is REPORTED, not gated, for this run: --under-coload declares that the harness shares its host with unrelated concurrent work, and B-B times the daemon's own ingest.Accept in full — a region that has carried three fsyncs (the WAL Sync, the lease journal's Sync and the seal) since f6a8691 made the delivery path durable, so co-load moves it like any other wall-clock cost (the last full parallel pass measured this row's p99 at 14.3 / 28.7 / 53.2ms against the 50ms limit, while three runs of the same build inside an attested quiet window measured 20.480 / 12.288 / 20.480ms). There is no CPU-time analogue to gate instead: B-B has no child process, so the user+system time of a spawned child cannot be read for it; obs.ProcessCPU is a cumulative whole-process counter summed over every thread, quantised to Windows's 15.625ms scheduler tick (internal/obs/cpu_windows.go), so a single-request bracket against a limit in the low tens of milliseconds reads exact zero, which that file requires be treated as a FAILED measurement; and what inflates this row is fsync — blocked time that costs no CPU at all. The 50ms limit is still enforced on B-B by every run that does NOT pass --under-coload — bench-gate, nightly bench-deep, ci.yml's timing job (which runs test/integration's hot-path test alone by name) and its test-e2e job, where X-11 runs alone — and the co-load-immune structural gates T9, T10 and T14 (one sync per batch, check-then-append order, zero releases before the seal; internal/daemon's delivery group-commit tests) run in every lane regardless. This is ADR 0010's fallback branch applied to a row its enumeration misclassified, per SP20-D1 design section 7.6's Q3; internal/obs/budgets.go still marks B-B Gated, and only this RUN reports it",
            "B-E's wall-clock row is REPORTED, not gated, for this run: --under-coload declares that the harness shares its host with unrelated concurrent work, and a wall-clock sample taken under co-load measures the host's spare capacity rather than the checkpoint (bench-gate measured this same row at 67.2ms on windows-latest in isolation and the whole-tree job at 4302ms on the same runner class minutes later, product unchanged). The 2000ms limit is still enforced on that wall-clock row by every run that does NOT pass --under-coload — bench-gate and nightly — and the B-E_cpu row below enforces the same 2000ms limit on these children's own CPU time, which co-load does not move; see budgetIDBECPU (report.go)",
            "hook_ack_rtt is REPORTED, never gated: it is the client-side ACK round trip of 64 in-process observe.tool deliveries, each with a fresh nonce and a real lease, timed through the same ipc.Client a hook uses. Design §7.5 sizes the ACK deadline from it as AckDeadlineMs = L0IngestMs + ceil(slack99), where slack99 = p99(hook_ack_rtt) - p99(B-B) over this same run. The timed samples are preceded by 2 DISCARDED warm-up requests on the same session: without them sample #0 paid a session-registry insertion and a WAL segment create on top of the round trip, and at 64 samples with nearest-rank percentiles p99 IS the maximum sample, so that one sample became the number the deadline was sized from. Its traffic IS real hot-path traffic, so all 66 requests do reach the daemon's l0_ingest and hook_controlled histograms — but this run reads both of those for the gated B-A and B-B rows BEFORE any of the tranche is sent, warm-ups included, so none of it is inside either gated population, and the B-B this row is differenced against contains none of its own deliveries. They are reconciled rather than ignored: a second status read after the tranche counts every one of them, warm-ups included, into the delivery ledger, so a deferral of this tranche's own cannot pass unnoticed. The in-process traffic that does sit inside the gated populations is the warm-up's, disclosed with its own computed proportion. A p99 over 64 samples is still that set's own top sample, which is why §7.5 takes the maximum across three runs rather than trusting one",
            "daemon-observed hook_controlled_observed (recvTS-reqTS, strict lower bound, no hotPathTailAllowance): p50=4.096ms p99=7.168ms n=1536 — informational cross-check against the gated B-A row above, which adds the tail allowance",
            "B-A's gated n=2064 includes 64 in-process warm-up observe.tool requests (Send-time TS, not a spawned process's main() entry) alongside 2000 real hook spawns from the B-A/B-D loop — the warm-up hot-path tranche (warmHotTranche=64, a small, fixed constant) is 3.1% of the gated population for this run; see B-A_spawn_estimate for the wall-clock diagnostic derived purely from real spawns",
            "B-B's n includes the 64 warm-up hot-path (observe.tool) requests, not just the B-A/B-D measurement loop — the daemon's own l0_ingest count, reported verbatim (conservative for B-B: warm-up payloads run 4KB-256KB, larger than B-A/B-D's fixed representative payload). The other 1936 warm-up requests are admin.ping round trips and never reach l0_ingest at all (FIX ROUND 2, N-1)"
          ],
          "budgets": [
            {
              "budget_id": "B-A",
              "n": 1536,
              "p50": 18.432,
              "p95": 22.528,
              "p99": 26.624,
              "p999": 45.056,
              "max": 126,
              "limit_ms": null,
              "pass": null
            },
            {
              "budget_id": "B-B",
              "n": 1536,
              "p50": 8.192,
              "p95": 11.264,
              "p99": 12.288,
              "p999": 36.864,
              "max": 101.985,
              "limit_ms": null,
              "pass": null
            },
            {
              "budget_id": "B-D",
              "n": 2000,
              "p50": 37.114,
              "p95": 46.176,
              "p99": 52.98,
              "p999": 78.881,
              "max": 117.91,
              "limit_ms": null,
              "pass": null
            },
            {
              "budget_id": "B-E",
              "n": 50,
              "p50": 161.119,
              "p95": 192.652,
              "p99": 270.166,
              "p999": 270.166,
              "max": 270.166,
              "limit_ms": null,
              "pass": null
            },
            {
              "budget_id": "B-E_cpu",
              "n": 50,
              "p50": 15.625,
              "p95": 31.25,
              "p99": 46.875,
              "p999": 46.875,
              "max": 46.875,
              "limit_ms": 2000,
              "pass": true
            },
            {
              "budget_id": "B-A_spawn_estimate",
              "n": 2000,
              "p50": 11.376,
              "p95": 20.438,
              "p99": 27.242,
              "p999": 53.143,
              "max": 92.172,
              "limit_ms": null,
              "pass": null
            },
            {
              "budget_id": "hook_ack_rtt",
              "n": 64,
              "p50": 0,
              "p95": 0,
              "p99": 0.562,
              "p999": 0.562,
              "max": 0.562,
              "limit_ms": null,
              "pass": null
            }
          ]
        }
    v3_x11_test.go:557: X11 under QOMPACK_UNDER_COLOAD: B-A p99=26.624ms (limit 15ms), B-B p99=12.288ms (limit 50ms) and B-E wall p99=270.166ms (limit 2000ms) are REPORTED here, not judged; ci.yml's `test-e2e` job runs this package alone and judges all three
    v3_x11_test.go:597: X11 under QOMPACK_UNDER_COLOAD: B-A p99=26.624ms against V2's 3.072ms (ceiling 3.840ms) is REPORTED, not judged — a co-loaded sample is not comparable to a figure taken in isolation
    v3_x11_test.go:615: X11 measured (platform windows/amd64, n=2000): B-A p99 = 26.624 ms (V2 was 3.072 ms; ceiling 3.840 ms, limit 15 ms; reported, not gated: --under-coload) | B-B p99=12.288ms (limit 50ms; reported, not gated: --under-coload) | B-E_cpu p99=46.875ms (limit 2000ms, n=50) | B-E wall p50=161.119ms p99=270.166ms (limit 2000ms; reported, not gated: --under-coload) | B-D p50=37.114ms p99=52.980ms max=117.910ms (n=2000) | spawn_floor p50=25.738ms p99=39.099ms (n=200) | b_a_method="daemon status hook_controlled (observed + hotPathTailAllowance), p99 gated against obs.Budgets() B-A's limit (reported, not gated, under --under-coload — see the notes); see the B-A_spawn_estimate row for the wall-clock, floor-subtracted diagnostic (unbiased at p50, dispersion-contaminated at p99 — spec step 6 amended by controller ruling #29)"
    v3_x11_test.go:624: bench note: B-C not measured in wave 1: the processing seams are stubs
    v3_x11_test.go:624: bench note: delivery ledger: 2130 hot-path requests sent, 1537 delivered live to the daemon, 593 DEFERRED to the client spool and 0 lost. A deferral is §8.1/§12.2's documented degrade-rather-than-block path (internal/ipc/client.go's Send spools and returns instead of waiting), so the event is durable and the daemon replays it on its next drain — but it is still a sample missing from the top of every gated daemon-side population, so it is counted back in as an over-budget sample rather than dropped
    v3_x11_test.go:624: bench note: B-A's p99 CANNOT be certified and its gate is failed on that ground: 528 of the 2064 planned samples never reached the daemon's histogram and are counted as over-budget samples, which puts the full population's nearest-rank p99 at rank 2044 of 2064 — inside the un-delivered block, since only 1536 samples were observed. The p99 field reports the DELIVERED set's own p99 for diagnosis only; it is a lower bound on the real one, never the gated number
    v3_x11_test.go:624: bench note: B-A's row is REPORTED, not gated, for this run: --under-coload declares that the harness shares its host with unrelated concurrent work, and B-A is the daemon-observed hook_controlled estimate (recvTS - reqTS + tail allowance) whose reqTS is stamped inside the spawned hook process, so under co-load the interval contains the child's scheduling wait — a cross-process latency with no CPU-time analogue to gate instead (on windows-latest, one commit: bench-gate, harness alone on its runner, measured this row's p99 at 3.072ms; two whole-tree test-job runs minutes apart measured 11.264ms then 18.432ms against the 15ms limit, while the spawn floor's p50 went 12.954 → 24.431 / 23.143ms). B-B moved only 0.576 → 0.768 / 0.704ms in those same runs and was read then as the co-load-robust control; it is not one any more — since f6a8691 its region carries three fsyncs — and it is REPORTED in this run too, under its own note. The 15ms limit is still enforced on B-A by every run that does NOT pass --under-coload — bench-gate, nightly bench-deep, ci.yml's timing job, and its test-e2e job, where X-11 runs alone
    v3_x11_test.go:624: bench note: B-B's p99 CANNOT be certified and its gate is failed on that ground: 528 of the 2064 planned samples never reached the daemon's histogram and are counted as over-budget samples, which puts the full population's nearest-rank p99 at rank 2044 of 2064 — inside the un-delivered block, since only 1536 samples were observed. The p99 field reports the DELIVERED set's own p99 for diagnosis only; it is a lower bound on the real one, never the gated number
    v3_x11_test.go:624: bench note: B-B's row is REPORTED, not gated, for this run: --under-coload declares that the harness shares its host with unrelated concurrent work, and B-B times the daemon's own ingest.Accept in full — a region that has carried three fsyncs (the WAL Sync, the lease journal's Sync and the seal) since f6a8691 made the delivery path durable, so co-load moves it like any other wall-clock cost (the last full parallel pass measured this row's p99 at 14.3 / 28.7 / 53.2ms against the 50ms limit, while three runs of the same build inside an attested quiet window measured 20.480 / 12.288 / 20.480ms). There is no CPU-time analogue to gate instead: B-B has no child process, so the user+system time of a spawned child cannot be read for it; obs.ProcessCPU is a cumulative whole-process counter summed over every thread, quantised to Windows's 15.625ms scheduler tick (internal/obs/cpu_windows.go), so a single-request bracket against a limit in the low tens of milliseconds reads exact zero, which that file requires be treated as a FAILED measurement; and what inflates this row is fsync — blocked time that costs no CPU at all. The 50ms limit is still enforced on B-B by every run that does NOT pass --under-coload — bench-gate, nightly bench-deep, ci.yml's timing job (which runs test/integration's hot-path test alone by name) and its test-e2e job, where X-11 runs alone — and the co-load-immune structural gates T9, T10 and T14 (one sync per batch, check-then-append order, zero releases before the seal; internal/daemon's delivery group-commit tests) run in every lane regardless. This is ADR 0010's fallback branch applied to a row its enumeration misclassified, per SP20-D1 design section 7.6's Q3; internal/obs/budgets.go still marks B-B Gated, and only this RUN reports it
    v3_x11_test.go:624: bench note: B-E's wall-clock row is REPORTED, not gated, for this run: --under-coload declares that the harness shares its host with unrelated concurrent work, and a wall-clock sample taken under co-load measures the host's spare capacity rather than the checkpoint (bench-gate measured this same row at 67.2ms on windows-latest in isolation and the whole-tree job at 4302ms on the same runner class minutes later, product unchanged). The 2000ms limit is still enforced on that wall-clock row by every run that does NOT pass --under-coload — bench-gate and nightly — and the B-E_cpu row below enforces the same 2000ms limit on these children's own CPU time, which co-load does not move; see budgetIDBECPU (report.go)
    v3_x11_test.go:624: bench note: hook_ack_rtt is REPORTED, never gated: it is the client-side ACK round trip of 64 in-process observe.tool deliveries, each with a fresh nonce and a real lease, timed through the same ipc.Client a hook uses. Design §7.5 sizes the ACK deadline from it as AckDeadlineMs = L0IngestMs + ceil(slack99), where slack99 = p99(hook_ack_rtt) - p99(B-B) over this same run. The timed samples are preceded by 2 DISCARDED warm-up requests on the same session: without them sample #0 paid a session-registry insertion and a WAL segment create on top of the round trip, and at 64 samples with nearest-rank percentiles p99 IS the maximum sample, so that one sample became the number the deadline was sized from. Its traffic IS real hot-path traffic, so all 66 requests do reach the daemon's l0_ingest and hook_controlled histograms — but this run reads both of those for the gated B-A and B-B rows BEFORE any of the tranche is sent, warm-ups included, so none of it is inside either gated population, and the B-B this row is differenced against contains none of its own deliveries. They are reconciled rather than ignored: a second status read after the tranche counts every one of them, warm-ups included, into the delivery ledger, so a deferral of this tranche's own cannot pass unnoticed. The in-process traffic that does sit inside the gated populations is the warm-up's, disclosed with its own computed proportion. A p99 over 64 samples is still that set's own top sample, which is why §7.5 takes the maximum across three runs rather than trusting one
    v3_x11_test.go:624: bench note: daemon-observed hook_controlled_observed (recvTS-reqTS, strict lower bound, no hotPathTailAllowance): p50=4.096ms p99=7.168ms n=1536 — informational cross-check against the gated B-A row above, which adds the tail allowance
    v3_x11_test.go:624: bench note: B-A's gated n=2064 includes 64 in-process warm-up observe.tool requests (Send-time TS, not a spawned process's main() entry) alongside 2000 real hook spawns from the B-A/B-D loop — the warm-up hot-path tranche (warmHotTranche=64, a small, fixed constant) is 3.1% of the gated population for this run; see B-A_spawn_estimate for the wall-clock diagnostic derived purely from real spawns
    v3_x11_test.go:624: bench note: B-B's n includes the 64 warm-up hot-path (observe.tool) requests, not just the B-A/B-D measurement loop — the daemon's own l0_ingest count, reported verbatim (conservative for B-B: warm-up payloads run 4KB-256KB, larger than B-A/B-D's fixed representative payload). The other 1936 warm-up requests are admin.ping round trips and never reach l0_ingest at all (FIX ROUND 2, N-1)
--- PASS: TestV3_HotPathUnchangedWithLedgerResident (213.10s)
PASS
ok  	github.com/qompack/qompack/test/e2e	213.300s
exit=0
# finished=20:12:11Z
