# test/guards in full on Windows at 8471f30, QOMPACK_UNDER_COLOAD unset; no other job of this seat running; started=20:45:51Z
--- FAIL: TestCarriedDefects_WaveReportRequiresResolution (0.14s)
    --- FAIL: TestCarriedDefects_WaveReportRequiresResolution/SP06-D2 (0.00s)
        carrieddefects_test.go:293: 
            	Error Trace:	C:/Users/Quant/Documents/Programming/Projects/qompack-cx-w4-e2eflakes/test/guards/carrieddefects_test.go:293
            	Error:      	carried defect left unresolved at wave sign-off
            	Test:       	TestCarriedDefects_WaveReportRequiresResolution/SP06-D2
            	Messages:   	SP06-D2 is still `deferred:V6-VERIFY` in plans/CARRIED-DEFECTS.tsv, but plans/V6-report.md exists — V6-VERIFY has been signed off with a defect it was responsible for resolving.
            	            	
            	            	  the PutBytes cold and warm budgets (3 ms / 400 us) are 5.2x and 14.1x over on Windows at V5 (15.74 / 5.65 ms, cold allocations up 28 % since the wave-3 baseline) and have never been measured on the reference platform
            	            	
            	            	Resolve it one of two ways: fix it and set the status to `fixed`, or set the status to `deferred:<a later checkpoint>` and add the reason to plans/V2-WAVE1-carried-defects.md. Both are fine; leaving it for this checkpoint is not.
    --- FAIL: TestCarriedDefects_WaveReportRequiresResolution/SP08-D1 (0.00s)
        carrieddefects_test.go:293: 
            	Error Trace:	C:/Users/Quant/Documents/Programming/Projects/qompack-cx-w4-e2eflakes/test/guards/carrieddefects_test.go:293
            	Error:      	carried defect left unresolved at wave sign-off
            	Test:       	TestCarriedDefects_WaveReportRequiresResolution/SP08-D1
            	Messages:   	SP08-D1 is still `deferred:V6-VERIFY` in plans/CARRIED-DEFECTS.tsv, but plans/V6-report.md exists — V6-VERIFY has been signed off with a defect it was responsible for resolving.
            	            	
            	            	  OnToolUse over a 256 KB tool result breaches budget B-C (l0_process, p99 < 50 ms): 53-115 ms on Qompack.md 8.1's own one-changed-line case and 262-655 ms when every chunk is novel, dominated by store.PutBytes's per-novel-chunk object-write path
            	            	
            	            	Resolve it one of two ways: fix it and set the status to `fixed`, or set the status to `deferred:<a later checkpoint>` and add the reason to plans/V2-SP-08-carried-defects.md. Both are fine; leaving it for this checkpoint is not.
    --- FAIL: TestCarriedDefects_WaveReportRequiresResolution/SP10-D1 (0.00s)
        carrieddefects_test.go:293: 
            	Error Trace:	C:/Users/Quant/Documents/Programming/Projects/qompack-cx-w4-e2eflakes/test/guards/carrieddefects_test.go:293
            	Error:      	carried defect left unresolved at wave sign-off
            	Test:       	TestCarriedDefects_WaveReportRequiresResolution/SP10-D1
            	Messages:   	SP10-D1 is still `deferred:V6-VERIFY` in plans/CARRIED-DEFECTS.tsv, but plans/V6-report.md exists — V6-VERIFY has been signed off with a defect it was responsible for resolving.
            	            	
            	            	  Finalize measures 42.8-43.8 ms/op at 170-208 % processor performance but 64-73 ms/op at 128 % and at base clock on Windows against exit criterion 1570's 50 ms after perf(checkpoint) 72f3226 removed the paths.Norm share (264-284 ms before), and the reference platform has never been measured
            	            	
            	            	Resolve it one of two ways: fix it and set the status to `fixed`, or set the status to `deferred:<a later checkpoint>` and add the reason to plans/V2-SP-10-carried-defects.md. Both are fine; leaving it for this checkpoint is not.
    --- FAIL: TestCarriedDefects_WaveReportRequiresResolution/SP09-D1 (0.00s)
        carrieddefects_test.go:293: 
            	Error Trace:	C:/Users/Quant/Documents/Programming/Projects/qompack-cx-w4-e2eflakes/test/guards/carrieddefects_test.go:293
            	Error:      	carried defect left unresolved at wave sign-off
            	Test:       	TestCarriedDefects_WaveReportRequiresResolution/SP09-D1
            	Messages:   	SP09-D1 is still `deferred:V6-VERIFY` in plans/CARRIED-DEFECTS.tsv, but plans/V6-report.md exists — V6-VERIFY has been signed off with a defect it was responsible for resolving.
            	            	
            	            	  negknow Open measures 258-273 ms CPU/op at 120 % processor performance but 586-633 ms at 55 % on Windows against its 300 ms budget, so the budget holds on this host only at turbo clocks, and the reference platform has never been measured
            	            	
            	            	Resolve it one of two ways: fix it and set the status to `fixed`, or set the status to `deferred:<a later checkpoint>` and add the reason to plans/V2-WAVE1-carried-defects.md. Both are fine; leaving it for this checkpoint is not.
    --- FAIL: TestCarriedDefects_WaveReportRequiresResolution/SP20-D2 (0.00s)
        carrieddefects_test.go:293: 
            	Error Trace:	C:/Users/Quant/Documents/Programming/Projects/qompack-cx-w4-e2eflakes/test/guards/carrieddefects_test.go:293
            	Error:      	carried defect left unresolved at wave sign-off
            	Test:       	TestCarriedDefects_WaveReportRequiresResolution/SP20-D2
            	Messages:   	SP20-D2 is still `deferred:V6-VERIFY` in plans/CARRIED-DEFECTS.tsv, but plans/V6-report.md exists — V6-VERIFY has been signed off with a defect it was responsible for resolving.
            	            	
            	            	  verify-on-read (16ecc77) adds an Lstat, an fstat and a content hash of the plaintext to every object read, so GetChunk measures 85-88 us/op (26 allocs) against the 60 us budget where the wave-3 baseline read 45 us (18 allocs), and Search_1000Roots, which reads every candidate chunk through the same path, 82 ms against 25 ms where the baseline read 45-52 ms; OpenSpan_4KB_of_4MB (19 -> 27 allocs) stays inside its 150 us at turbo but reads 316-333 us at base clock
            	            	
            	            	Resolve it one of two ways: fix it and set the status to `fixed`, or set the status to `deferred:<a later checkpoint>` and add the reason to plans/V2-WAVE1-carried-defects.md. Both are fine; leaving it for this checkpoint is not.
    --- FAIL: TestCarriedDefects_WaveReportRequiresResolution/SP08-D3 (0.00s)
        carrieddefects_test.go:293: 
            	Error Trace:	C:/Users/Quant/Documents/Programming/Projects/qompack-cx-w4-e2eflakes/test/guards/carrieddefects_test.go:293
            	Error:      	carried defect left unresolved at wave sign-off
            	Test:       	TestCarriedDefects_WaveReportRequiresResolution/SP08-D3
            	Messages:   	SP08-D3 is still `deferred:V6-VERIFY` in plans/CARRIED-DEFECTS.tsv, but plans/V6-report.md exists — V6-VERIFY has been signed off with a defect it was responsible for resolving.
            	            	
            	            	  V6 worker capture restores spooled prompts and original publication intents, preserves distinct equal-text deliveries, and orders leased same-session replay; focused recovery and instrumented Linux crash-replay cases pass on identified snapshots, while final candidate packaged recovery and acceptance remain outstanding
            	            	
            	            	Resolve it one of two ways: fix it and set the status to `fixed`, or set the status to `deferred:<a later checkpoint>` and add the reason to plans/V2-SP-08-carried-defects.md. Both are fine; leaving it for this checkpoint is not.
FAIL
FAIL	github.com/qompack/qompack/test/guards	113.107s
FAIL
exit=1
# finished=20:47:47Z
