=== RUN   TestV3_DegradedPassiveStillRecordsEverything
--- PASS: TestV3_DegradedPassiveStillRecordsEverything (6.95s)
=== RUN   TestV3_DegradedPassiveStillRecordsEverything
    v3_x08_test.go:298: 
        	Error Trace:	C:/Users/Quant/Documents/Programming/Projects/qompack-cx-w4-e2eflakes/test/e2e/v3_x08_test.go:298
        	Error:      	unable to find file "C:\\Users\\Quant\\AppData\\Local\\Temp\\TestV3_DegradedPassiveStillRecordsEverything3249031901\\001\\project\\.qompack\\sketches\\touch.cms"
        	Test:       	TestV3_DegradedPassiveStillRecordsEverything
--- FAIL: TestV3_DegradedPassiveStillRecordsEverything (5.55s)
=== RUN   TestV3_DegradedPassiveStillRecordsEverything
--- PASS: TestV3_DegradedPassiveStillRecordsEverything (5.42s)
=== RUN   TestV3_DegradedPassiveStillRecordsEverything
--- PASS: TestV3_DegradedPassiveStillRecordsEverything (5.58s)
=== RUN   TestV3_DegradedPassiveStillRecordsEverything
    v3_x08_test.go:298: 
        	Error Trace:	C:/Users/Quant/Documents/Programming/Projects/qompack-cx-w4-e2eflakes/test/e2e/v3_x08_test.go:298
        	Error:      	unable to find file "C:\\Users\\Quant\\AppData\\Local\\Temp\\TestV3_DegradedPassiveStillRecordsEverything3646144147\\001\\project\\.qompack\\sketches\\touch.cms"
        	Test:       	TestV3_DegradedPassiveStillRecordsEverything
--- FAIL: TestV3_DegradedPassiveStillRecordsEverything (5.46s)
FAIL
FAIL	github.com/qompack/qompack/test/e2e	29.174s
FAIL
exit=1
