=== RUN   TestV5_TombstoneToExpandRoundTrip
=== RUN   TestV5_TombstoneToExpandRoundTrip/CorruptObjectIsHonestFailureNotWorkingTreeSubstitution
--- PASS: TestV5_TombstoneToExpandRoundTrip (7.48s)
    --- PASS: TestV5_TombstoneToExpandRoundTrip/CorruptObjectIsHonestFailureNotWorkingTreeSubstitution (1.39s)
=== RUN   TestV5_TombstoneToExpandRoundTrip
=== RUN   TestV5_TombstoneToExpandRoundTrip/CorruptObjectIsHonestFailureNotWorkingTreeSubstitution
--- PASS: TestV5_TombstoneToExpandRoundTrip (5.24s)
    --- PASS: TestV5_TombstoneToExpandRoundTrip/CorruptObjectIsHonestFailureNotWorkingTreeSubstitution (1.23s)
=== RUN   TestV5_TombstoneToExpandRoundTrip
=== RUN   TestV5_TombstoneToExpandRoundTrip/CorruptObjectIsHonestFailureNotWorkingTreeSubstitution
--- PASS: TestV5_TombstoneToExpandRoundTrip (5.47s)
    --- PASS: TestV5_TombstoneToExpandRoundTrip/CorruptObjectIsHonestFailureNotWorkingTreeSubstitution (1.18s)
=== RUN   TestV5_TombstoneToExpandRoundTrip
=== RUN   TestV5_TombstoneToExpandRoundTrip/CorruptObjectIsHonestFailureNotWorkingTreeSubstitution
--- PASS: TestV5_TombstoneToExpandRoundTrip (4.19s)
    --- PASS: TestV5_TombstoneToExpandRoundTrip/CorruptObjectIsHonestFailureNotWorkingTreeSubstitution (1.10s)
=== RUN   TestV5_TombstoneToExpandRoundTrip
=== RUN   TestV5_TombstoneToExpandRoundTrip/CorruptObjectIsHonestFailureNotWorkingTreeSubstitution
--- PASS: TestV5_TombstoneToExpandRoundTrip (4.33s)
    --- PASS: TestV5_TombstoneToExpandRoundTrip/CorruptObjectIsHonestFailureNotWorkingTreeSubstitution (1.17s)
=== RUN   TestV5_TombstoneToExpandRoundTrip
=== RUN   TestV5_TombstoneToExpandRoundTrip/CorruptObjectIsHonestFailureNotWorkingTreeSubstitution
--- PASS: TestV5_TombstoneToExpandRoundTrip (5.27s)
    --- PASS: TestV5_TombstoneToExpandRoundTrip/CorruptObjectIsHonestFailureNotWorkingTreeSubstitution (1.37s)
=== RUN   TestV5_TombstoneToExpandRoundTrip
=== RUN   TestV5_TombstoneToExpandRoundTrip/CorruptObjectIsHonestFailureNotWorkingTreeSubstitution
--- PASS: TestV5_TombstoneToExpandRoundTrip (5.19s)
    --- PASS: TestV5_TombstoneToExpandRoundTrip/CorruptObjectIsHonestFailureNotWorkingTreeSubstitution (1.32s)
=== RUN   TestV5_TombstoneToExpandRoundTrip
=== RUN   TestV5_TombstoneToExpandRoundTrip/CorruptObjectIsHonestFailureNotWorkingTreeSubstitution
--- PASS: TestV5_TombstoneToExpandRoundTrip (5.93s)
    --- PASS: TestV5_TombstoneToExpandRoundTrip/CorruptObjectIsHonestFailureNotWorkingTreeSubstitution (1.39s)
PASS
ok  	github.com/qompack/qompack/test/e2e	43.383s
exit=0
