# run: 02-ordering-gate-red-windows
# base: b070bbe + uncommitted work, delivery_order.go UNCHANGED (store reads under Lock.mu and st)
# platform: windows/amd64 go version go1.26.6 windows/amd64
# command: go test ./internal/daemon -run 'TestDeliveryOrder_ArchiveReads' -count=1 -v -timeout 90s
# expected: HoldNeitherJournalLock FAILS (6 store reads under Lock.mu); FailClosed DEADLOCKS: a fault injected inside the store read takes st, which the gate already holds
=== RUN   TestDeliveryOrder_ArchiveReadsHoldNeitherJournalLock
    delivery_order_archive_test.go:77: 
        	Error Trace:	C:/Users/Quant/Documents/Programming/Projects/qompack-cx-w2-rollover2/internal/daemon/delivery_order_archive_test.go:77
        	Error:      	Should be zero, but was 6
        	Test:       	TestDeliveryOrder_ArchiveReadsHoldNeitherJournalLock
        	Messages:   	no store read ran under Lock.mu
--- FAIL: TestDeliveryOrder_ArchiveReadsHoldNeitherJournalLock (0.86s)
=== RUN   TestDeliveryOrder_ArchiveReadsFailClosed
panic: test timed out after 1m30s
	running tests:
		TestDeliveryOrder_ArchiveReadsFailClosed (1m29s)

goroutine 26 [running]:
testing.(*M).startAlarm.func1()
	C:/Users/Quant/go/pkg/mod/golang.org/toolchain@v0.0.1-go1.26.6.windows-amd64/src/testing/testing.go:2802 +0x354
created by time.goFunc
	C:/Users/Quant/go/pkg/mod/golang.org/toolchain@v0.0.1-go1.26.6.windows-amd64/src/time/sleep.go:215 +0x2d

goroutine 1 [chan receive, 1 minutes]:
testing.(*T).Run(0x1adb9e3ae000, {0x7ff6d9421805?, 0x7ff6d8b7618e?}, 0x7ff6d9463e78)
	C:/Users/Quant/go/pkg/mod/golang.org/toolchain@v0.0.1-go1.26.6.windows-amd64/src/testing/testing.go:2109 +0x4c7
testing.runTests.func1(0x1adb9e3ae000)
	C:/Users/Quant/go/pkg/mod/golang.org/toolchain@v0.0.1-go1.26.6.windows-amd64/src/testing/testing.go:2585 +0x3e
testing.tRunner(0x1adb9e3ae000, 0x1adb9e843c58)
	C:/Users/Quant/go/pkg/mod/golang.org/toolchain@v0.0.1-go1.26.6.windows-amd64/src/testing/testing.go:2036 +0xc3
testing.runTests({0x7ff6d940b7db, 0x1a}, {0x7ff6d942507f, 0x2a}, 0x1adb9e5640c0, {0x7ff6d9ad0e80, 0x293, 0x293}, {0xc2a5d9be02bfed78, 0x14f56b9be5, ...})
	C:/Users/Quant/go/pkg/mod/golang.org/toolchain@v0.0.1-go1.26.6.windows-amd64/src/testing/testing.go:2583 +0x4f0
testing.(*M).Run(0x1adb9e64e280)
	C:/Users/Quant/go/pkg/mod/golang.org/toolchain@v0.0.1-go1.26.6.windows-amd64/src/testing/testing.go:2443 +0x6ac
main.main()
	_testmain.go:1396 +0x9b

goroutine 25 [sync.Mutex.Lock]:
internal/sync.runtime_SemacquireMutex(0x1adb9e4be320?, 0x60?, 0x1adb9e411e10?)
	C:/Users/Quant/go/pkg/mod/golang.org/toolchain@v0.0.1-go1.26.6.windows-amd64/src/runtime/sema.go:95 +0x25
internal/sync.(*Mutex).lockSlow(0x1adb9e4d0724)
	C:/Users/Quant/go/pkg/mod/golang.org/toolchain@v0.0.1-go1.26.6.windows-amd64/src/internal/sync/mutex.go:149 +0x15d
internal/sync.(*Mutex).Lock(...)
	C:/Users/Quant/go/pkg/mod/golang.org/toolchain@v0.0.1-go1.26.6.windows-amd64/src/internal/sync/mutex.go:70
sync.(*Mutex).Lock(...)
	C:/Users/Quant/go/pkg/mod/golang.org/toolchain@v0.0.1-go1.26.6.windows-amd64/src/sync/mutex.go:46
github.com/qompack/qompack/internal/daemon.(*deliveryJournal).poison(0x6b?, {0x7ff6d9478e80, 0x1adb9e4be320})
	C:/Users/Quant/Documents/Programming/Projects/qompack-cx-w2-rollover2/internal/daemon/delivery_lease.go:1366 +0x65
github.com/qompack/qompack/internal/daemon.TestDeliveryOrder_ArchiveReadsFailClosed.func1({0x1adb9e492b40, 0x8, 0x8})
	C:/Users/Quant/Documents/Programming/Projects/qompack-cx-w2-rollover2/internal/daemon/delivery_order_archive_test.go:107 +0x5f
github.com/qompack/qompack/internal/daemon.(*deliveryRadix).lookupIn(0x1adb9e3ec1e0, {0x7ff6d947d1c8, 0x7ff6d9b21220}, 0x0, {0x37, 0xf9, 0x8b, 0xd6, 0x44, 0x57, ...}, ...)
	C:/Users/Quant/Documents/Programming/Projects/qompack-cx-w2-rollover2/internal/daemon/delivery_radix.go:269 +0xcd
github.com/qompack/qompack/internal/daemon.(*deliveryRadix).lookup(0x1adb9e2959a8?, {0x7ff6d947d1c8?, 0x7ff6d9b21220?}, {0x37, 0xf9, 0x8b, 0xd6, 0x44, 0x57, 0xca, ...}, ...)
	C:/Users/Quant/Documents/Programming/Projects/qompack-cx-w2-rollover2/internal/daemon/delivery_radix.go:258 +0x50
github.com/qompack/qompack/internal/daemon.arrivalIn({0x7ff6d947d1c8, 0x7ff6d9b21220}, {0x7ff6d9478ac0, 0x1adb9e3ec1e0}, {0x37, 0xf9, 0x8b, 0xd6, 0x44, 0x57, ...}, ...)
	C:/Users/Quant/Documents/Programming/Projects/qompack-cx-w2-rollover2/internal/daemon/delivery_generation.go:1154 +0x106
github.com/qompack/qompack/internal/daemon.(*deliveryGenerations).arrivalAtRoot(...)
	C:/Users/Quant/Documents/Programming/Projects/qompack-cx-w2-rollover2/internal/daemon/delivery_generation.go:1149
github.com/qompack/qompack/internal/daemon.(*deliveryGenerations).sessionFrontier(0x1adb9e4bc0b0, {0x7ff6d947d1c8, 0x7ff6d9b21220}, {0x7ff6d93f3e51, 0x6})
	C:/Users/Quant/Documents/Programming/Projects/qompack-cx-w2-rollover2/internal/daemon/delivery_generation.go:1207 +0xd4
github.com/qompack/qompack/internal/daemon.(*deliveryJournal).predecessorsAcknowledged(0x1adb9e4d0588, {0x7ff6d93f3e51, 0x6}, 0x2)
	C:/Users/Quant/Documents/Programming/Projects/qompack-cx-w2-rollover2/internal/daemon/delivery_order.go:88 +0x1cb
github.com/qompack/qompack/internal/daemon.TestDeliveryOrder_ArchiveReadsFailClosed(0x1adb9e3ae400)
	C:/Users/Quant/Documents/Programming/Projects/qompack-cx-w2-rollover2/internal/daemon/delivery_order_archive_test.go:111 +0x806
testing.tRunner(0x1adb9e3ae400, 0x7ff6d9463e78)
	C:/Users/Quant/go/pkg/mod/golang.org/toolchain@v0.0.1-go1.26.6.windows-amd64/src/testing/testing.go:2036 +0xc3
created by testing.(*T).Run in goroutine 1
	C:/Users/Quant/go/pkg/mod/golang.org/toolchain@v0.0.1-go1.26.6.windows-amd64/src/testing/testing.go:2101 +0x4a9
FAIL	github.com/qompack/qompack/internal/daemon	90.298s
FAIL
# exit: 1
