=== RUN   TestHookCapture_HardBoundPrecedesConfiguration
--- PASS: TestHookCapture_HardBoundPrecedesConfiguration (0.04s)
=== RUN   TestHomeRoot_EveryHookRecordsNothingAndOnlySessionStartSpeaks
=== RUN   TestHomeRoot_EveryHookRecordsNothingAndOnlySessionStartSpeaks/QOMPACK_PROJECT_ROOT_names_home
=== RUN   TestHomeRoot_EveryHookRecordsNothingAndOnlySessionStartSpeaks/session_started_in_the_home_directory
=== RUN   TestHomeRoot_EveryHookRecordsNothingAndOnlySessionStartSpeaks/payload_cwd_is_the_home_directory
=== RUN   TestHomeRoot_EveryHookRecordsNothingAndOnlySessionStartSpeaks/session_below_a_dotfiles_home
=== RUN   TestHomeRoot_EveryHookRecordsNothingAndOnlySessionStartSpeaks/payload_cwd_below_a_dotfiles_home
--- PASS: TestHomeRoot_EveryHookRecordsNothingAndOnlySessionStartSpeaks (0.41s)
    --- PASS: TestHomeRoot_EveryHookRecordsNothingAndOnlySessionStartSpeaks/QOMPACK_PROJECT_ROOT_names_home (0.01s)
    --- PASS: TestHomeRoot_EveryHookRecordsNothingAndOnlySessionStartSpeaks/session_started_in_the_home_directory (0.02s)
    --- PASS: TestHomeRoot_EveryHookRecordsNothingAndOnlySessionStartSpeaks/payload_cwd_is_the_home_directory (0.17s)
    --- PASS: TestHomeRoot_EveryHookRecordsNothingAndOnlySessionStartSpeaks/session_below_a_dotfiles_home (0.02s)
    --- PASS: TestHomeRoot_EveryHookRecordsNothingAndOnlySessionStartSpeaks/payload_cwd_below_a_dotfiles_home (0.19s)
=== RUN   TestHomeRoot_ASessionStartedInHomeStaysRefusedWhenAPayloadNamesAProject
--- PASS: TestHomeRoot_ASessionStartedInHomeStaysRefusedWhenAPayloadNamesAProject (0.05s)
=== RUN   TestHomeRoot_SessionStartNoticeIsShortAndSaysHowToFixIt
--- PASS: TestHomeRoot_SessionStartNoticeIsShortAndSaysHowToFixIt (0.00s)
=== RUN   TestHomeRoot_AProjectBelowHomeStillRecords
=== RUN   TestHomeRoot_AProjectBelowHomeStillRecords/a_git_project_below_a_plain_home
=== RUN   TestHomeRoot_AProjectBelowHomeStillRecords/a_git_project_below_a_dotfiles_home
=== RUN   TestHomeRoot_AProjectBelowHomeStillRecords/a_plain_directory_below_a_plain_home
--- PASS: TestHomeRoot_AProjectBelowHomeStillRecords (0.32s)
    --- PASS: TestHomeRoot_AProjectBelowHomeStillRecords/a_git_project_below_a_plain_home (0.09s)
    --- PASS: TestHomeRoot_AProjectBelowHomeStillRecords/a_git_project_below_a_dotfiles_home (0.07s)
    --- PASS: TestHomeRoot_AProjectBelowHomeStillRecords/a_plain_directory_below_a_plain_home (0.16s)
=== RUN   TestHomeRoot_MCPToolsAnswerWithTheStableRefusal
--- PASS: TestHomeRoot_MCPToolsAnswerWithTheStableRefusal (0.01s)
=== RUN   TestHomeRoot_DaemonStartsNothing
=== RUN   TestHomeRoot_DaemonStartsNothing/from_the_override
=== RUN   TestHomeRoot_DaemonStartsNothing/from_--project
--- PASS: TestHomeRoot_DaemonStartsNothing (0.05s)
    --- PASS: TestHomeRoot_DaemonStartsNothing/from_the_override (0.02s)
    --- PASS: TestHomeRoot_DaemonStartsNothing/from_--project (0.03s)
PASS
ok  	github.com/qompack/qompack/internal/cli	1.125s
