=== RUN   TestHookCapture_HardBoundPrecedesConfiguration
--- PASS: TestHookCapture_HardBoundPrecedesConfiguration (0.08s)
=== RUN   TestHomeRoot_StatusSaysWhy
--- PASS: TestHomeRoot_StatusSaysWhy (0.01s)
=== RUN   TestHomeRoot_DoctorSaysWhy
--- PASS: TestHomeRoot_DoctorSaysWhy (0.01s)
=== RUN   TestHomeRoot_StoreCommandsRefuseWithANonZeroExit
=== RUN   TestHomeRoot_StoreCommandsRefuseWithANonZeroExit/fsck
=== RUN   TestHomeRoot_StoreCommandsRefuseWithANonZeroExit/fsck_--json
=== RUN   TestHomeRoot_StoreCommandsRefuseWithANonZeroExit/fsck_--seal-check
=== RUN   TestHomeRoot_StoreCommandsRefuseWithANonZeroExit/fsck_--repair_--yes
=== RUN   TestHomeRoot_StoreCommandsRefuseWithANonZeroExit/fsck_--project_<home>
=== RUN   TestHomeRoot_StoreCommandsRefuseWithANonZeroExit/backup_create
=== RUN   TestHomeRoot_StoreCommandsRefuseWithANonZeroExit/backup_verify
=== RUN   TestHomeRoot_StoreCommandsRefuseWithANonZeroExit/backup_create_--project_<home>
=== RUN   TestHomeRoot_StoreCommandsRefuseWithANonZeroExit/admin_delivery-seal_--check
=== RUN   TestHomeRoot_StoreCommandsRefuseWithANonZeroExit/admin_delivery-seal_--project_<home>_--check
=== RUN   TestHomeRoot_StoreCommandsRefuseWithANonZeroExit/self-test
=== RUN   TestHomeRoot_StoreCommandsRefuseWithANonZeroExit/self-test_--json
=== RUN   TestHomeRoot_StoreCommandsRefuseWithANonZeroExit/recall
=== RUN   TestHomeRoot_StoreCommandsRefuseWithANonZeroExit/why
=== RUN   TestHomeRoot_StoreCommandsRefuseWithANonZeroExit/dropped
=== RUN   TestHomeRoot_StoreCommandsRefuseWithANonZeroExit/pin
=== RUN   TestHomeRoot_StoreCommandsRefuseWithANonZeroExit/pin_--list
--- PASS: TestHomeRoot_StoreCommandsRefuseWithANonZeroExit (0.13s)
    --- PASS: TestHomeRoot_StoreCommandsRefuseWithANonZeroExit/fsck (0.01s)
    --- PASS: TestHomeRoot_StoreCommandsRefuseWithANonZeroExit/fsck_--json (0.02s)
    --- PASS: TestHomeRoot_StoreCommandsRefuseWithANonZeroExit/fsck_--seal-check (0.01s)
    --- PASS: TestHomeRoot_StoreCommandsRefuseWithANonZeroExit/fsck_--repair_--yes (0.01s)
    --- PASS: TestHomeRoot_StoreCommandsRefuseWithANonZeroExit/fsck_--project_<home> (0.01s)
    --- PASS: TestHomeRoot_StoreCommandsRefuseWithANonZeroExit/backup_create (0.02s)
    --- PASS: TestHomeRoot_StoreCommandsRefuseWithANonZeroExit/backup_verify (0.02s)
    --- PASS: TestHomeRoot_StoreCommandsRefuseWithANonZeroExit/backup_create_--project_<home> (0.01s)
    --- PASS: TestHomeRoot_StoreCommandsRefuseWithANonZeroExit/admin_delivery-seal_--check (0.01s)
    --- PASS: TestHomeRoot_StoreCommandsRefuseWithANonZeroExit/admin_delivery-seal_--project_<home>_--check (0.01s)
    --- PASS: TestHomeRoot_StoreCommandsRefuseWithANonZeroExit/self-test (0.00s)
    --- PASS: TestHomeRoot_StoreCommandsRefuseWithANonZeroExit/self-test_--json (0.01s)
    --- PASS: TestHomeRoot_StoreCommandsRefuseWithANonZeroExit/recall (0.01s)
    --- PASS: TestHomeRoot_StoreCommandsRefuseWithANonZeroExit/why (0.00s)
    --- PASS: TestHomeRoot_StoreCommandsRefuseWithANonZeroExit/dropped (0.01s)
    --- PASS: TestHomeRoot_StoreCommandsRefuseWithANonZeroExit/pin (0.01s)
    --- PASS: TestHomeRoot_StoreCommandsRefuseWithANonZeroExit/pin_--list (0.00s)
=== RUN   TestHomeRoot_ARelativeProjectFlagTypedInHomeIsRefused
--- PASS: TestHomeRoot_ARelativeProjectFlagTypedInHomeIsRefused (0.00s)
=== RUN   TestHomeRoot_RecallJSONReportsTheRefusalAsUnavailable
--- PASS: TestHomeRoot_RecallJSONReportsTheRefusalAsUnavailable (0.01s)
=== RUN   TestHomeRoot_BackupRestoreRefusesTheHomeDirectoryAsItsDestination
--- PASS: TestHomeRoot_BackupRestoreRefusesTheHomeDirectoryAsItsDestination (0.03s)
=== RUN   TestHomeRoot_ConfigPrintShowsOnlyTheUserGlobalLayer
--- PASS: TestHomeRoot_ConfigPrintShowsOnlyTheUserGlobalLayer (0.01s)
=== RUN   TestHomeRoot_EveryHookRecordsNothingAndOnlySessionStartSpeaks
=== RUN   TestHomeRoot_EveryHookRecordsNothingAndOnlySessionStartSpeaks/QOMPACK_PROJECT_ROOT_names_home
=== RUN   TestHomeRoot_EveryHookRecordsNothingAndOnlySessionStartSpeaks/session_started_in_the_home_directory
=== RUN   TestHomeRoot_EveryHookRecordsNothingAndOnlySessionStartSpeaks/payload_cwd_is_the_home_directory
=== RUN   TestHomeRoot_EveryHookRecordsNothingAndOnlySessionStartSpeaks/session_below_a_dotfiles_home
=== RUN   TestHomeRoot_EveryHookRecordsNothingAndOnlySessionStartSpeaks/payload_cwd_below_a_dotfiles_home
--- PASS: TestHomeRoot_EveryHookRecordsNothingAndOnlySessionStartSpeaks (0.31s)
    --- PASS: TestHomeRoot_EveryHookRecordsNothingAndOnlySessionStartSpeaks/QOMPACK_PROJECT_ROOT_names_home (0.01s)
    --- PASS: TestHomeRoot_EveryHookRecordsNothingAndOnlySessionStartSpeaks/session_started_in_the_home_directory (0.01s)
    --- PASS: TestHomeRoot_EveryHookRecordsNothingAndOnlySessionStartSpeaks/payload_cwd_is_the_home_directory (0.13s)
    --- PASS: TestHomeRoot_EveryHookRecordsNothingAndOnlySessionStartSpeaks/session_below_a_dotfiles_home (0.01s)
    --- PASS: TestHomeRoot_EveryHookRecordsNothingAndOnlySessionStartSpeaks/payload_cwd_below_a_dotfiles_home (0.16s)
=== RUN   TestHomeRoot_ASessionStartedInHomeStaysRefusedWhenAPayloadNamesAProject
--- PASS: TestHomeRoot_ASessionStartedInHomeStaysRefusedWhenAPayloadNamesAProject (0.02s)
=== RUN   TestHomeRoot_SessionStartNoticeIsShortAndSaysHowToFixIt
--- PASS: TestHomeRoot_SessionStartNoticeIsShortAndSaysHowToFixIt (0.00s)
=== RUN   TestHomeRoot_AProjectBelowHomeStillRecords
=== RUN   TestHomeRoot_AProjectBelowHomeStillRecords/a_git_project_below_a_plain_home
=== RUN   TestHomeRoot_AProjectBelowHomeStillRecords/a_git_project_below_a_dotfiles_home
=== RUN   TestHomeRoot_AProjectBelowHomeStillRecords/a_plain_directory_below_a_plain_home
--- PASS: TestHomeRoot_AProjectBelowHomeStillRecords (0.14s)
    --- PASS: TestHomeRoot_AProjectBelowHomeStillRecords/a_git_project_below_a_plain_home (0.05s)
    --- PASS: TestHomeRoot_AProjectBelowHomeStillRecords/a_git_project_below_a_dotfiles_home (0.05s)
    --- PASS: TestHomeRoot_AProjectBelowHomeStillRecords/a_plain_directory_below_a_plain_home (0.04s)
=== RUN   TestHomeRoot_MCPToolsAnswerWithTheStableRefusal
--- PASS: TestHomeRoot_MCPToolsAnswerWithTheStableRefusal (0.01s)
=== RUN   TestHomeRoot_DaemonStartsNothing
=== RUN   TestHomeRoot_DaemonStartsNothing/from_the_override
=== RUN   TestHomeRoot_DaemonStartsNothing/from_--project
--- PASS: TestHomeRoot_DaemonStartsNothing (0.01s)
    --- PASS: TestHomeRoot_DaemonStartsNothing/from_the_override (0.00s)
    --- PASS: TestHomeRoot_DaemonStartsNothing/from_--project (0.00s)
PASS
ok  	github.com/qompack/qompack/internal/cli	0.974s
