# TEMPORARY DIAGNOSTIC, reconstructed and committed: diag/zz_w10red_test.go.txt + diag/zz_w10dup_test.go.txt against the NON-test files
# of test/bench/hotpath at 8245d4e (the count-based census and guard, before the fix). Both are the RED half; both must FAIL.
# Windows, product at d74d45e2 (unchanged since 8245d4e). Command: bash plans/sdd/V6-closeout/w10-lostev/diag/reproduce.sh red
# (reproduce.sh runs: go test -count=1 -v ./_w10diag/red/ and prints go test's own exit code as exit=)

=== RUN   TestW10Red_OldGuardLetsADuplicateHideALoss
    zz_w10dup_test.go:29: 
        	Error Trace:	C:/Users/Quant/Documents/Programming/Projects/qompack-cx-w10-lostev/_w10diag/red/zz_w10dup_test.go:29
        	Error:      	An error is expected but got nil.
        	Test:       	TestW10Red_OldGuardLetsADuplicateHideALoss
        	Messages:   	one request is nowhere; the guard must say LOST (it reported {Sent:3 Delivered:2 Deferred:1 Lost:0})
--- FAIL: TestW10Red_OldGuardLetsADuplicateHideALoss (0.03s)
=== RUN   TestW10Red_OldGuardCallsAReplayedDeferralLost
    zz_w10red_test.go:134: 
        	Error Trace:	C:/Users/Quant/Documents/Programming/Projects/qompack-cx-w10-lostev/_w10diag/red/zz_w10red_test.go:134
        	Error:      	Received unexpected error:
        	            	hotpath: delivery integrity check failed: of the 2130 hot-path requests this harness sent, the daemon's own l0_ingest histogram observed 1537 and only 575 are accounted for by a deferred request line in the client spool — 18 are LOST (in neither place, so the spool append itself was refused: see internal/ipc/client.go's appendToSpool drop path). A lost event biases every derived number and cannot be replayed; refusing to report a Report rather than silently passing a gate on partial data
        	Test:       	TestW10Red_OldGuardCallsAReplayedDeferralLost
        	Messages:   	no request was lost: 575 are in client spools and 18 are in the store
--- FAIL: TestW10Red_OldGuardCallsAReplayedDeferralLost (6.09s)
FAIL
FAIL	github.com/qompack/qompack/_w10diag/red	7.178s
FAIL
exit=1
