run_id=cx-w3-startroute-changed-rows-x20-8d80aa6-20260926T161339Z
container=qompack-v6-linux-verification
repo=C:/Users/Quant/Documents/Programming/Projects/qompack-cx-w3-startroute
rev=8d80aa6
commit=8d80aa63d51bae61f7dee5fcf5d15896f1050d12
bundle_sha256=d309f202a9e1f2e5739a2ba5f01bdc52a9ff757e4b80f050c0987bbae57c0f9c
host_started_utc=2026-09-26T16:14:03Z
inner_args=--run ^(TestSentinelScan_|TestSessionStartReplay_|TestCheckpointReplay_|TestDispatchOp_AReplayIsNotAServedRequest|TestService_|TestSessionStartCompact_|TestCompactDeferredNote_) --count 20 --timeout 60m -- ./internal/daemon ./internal/cli
/work/cx-w3-startroute-changed-rows-x20-8d80aa6-20260926T161339Z.bundle: OK
run_id=cx-w3-startroute-changed-rows-x20-8d80aa6-20260926T161339Z
commit=8d80aa63d51bae61f7dee5fcf5d15896f1050d12
tree=015f1844801b13ac5222480e22c1e7ca6e81e836
bundle_sha256=d309f202a9e1f2e5739a2ba5f01bdc52a9ff757e4b80f050c0987bbae57c0f9c
started_utc=2026-09-26T16:14:09Z
uid=10001 user=qompack-test groups=qompack-test
race=1 count=20 timeout=60m gomaxprocs=4 coload=0
run=^(TestSentinelScan_|TestSessionStartReplay_|TestCheckpointReplay_|TestDispatchOp_AReplayIsNotAServedRequest|TestService_|TestSessionStartCompact_|TestCompactDeferredNote_)
skip=
extra_env=
go version go1.26.6 linux/amd64
linux
amd64
1
/home/qompack-test/.cache/go-build
/go/pkg/mod
-mod=readonly
off
Linux e09d55cfc09b 5.15.167.4-microsoft-standard-WSL2 #1 SMP Tue Nov 5 00:21:55 UTC 2024 x86_64 GNU/Linux
22
PASS      github.com/qompack/qompack/internal/daemon  (pass=1060 fail=0 skip=0)
PASS      github.com/qompack/qompack/internal/cli  (pass=300 fail=0 skip=0)
go_test_exit=0
exit=0
artifacts: C:/Users/Quant/Documents/Programming/Projects/qompack-cx-w3-startroute/plans/sdd/V6-closeout/w3-startroute/runs/linux-head/cx-w3-startroute-changed-rows-x20-8d80aa6-20260926T161339Z-artifacts
exit=0
exit=0
