# static checks at 91db668
## fmt-check
exit=0
## GOOS=windows go vet paths store ipc devtool
exit=0
## GOOS=linux go vet paths store ipc devtool
exit=0
## GOOS=darwin go vet paths store ipc devtool
exit=0
## nomagic
exit=0
## GOOS=windows pinned golangci-lint run paths store ipc
Error: parallel golangci-lint is running
Failed executing command with error: parallel golangci-lint is running
exit status 3
exit=1
## GOOS=linux pinned golangci-lint run paths store ipc
exec: "C:\\Users\\Quant\\AppData\\Local\\go-build\\76\\76f92b22881dc602d0c16d5faa36e5da96078f14520da1e8bff11b0522a8791a-d\\golangci-lint": executable file not found in %PATH%
exit=1
## GOOS=darwin pinned golangci-lint run paths store ipc
exec: "C:\\Users\\Quant\\AppData\\Local\\Temp\\go-build802121417\\b001\\exe\\golangci-lint": executable file not found in %PATH%
exit=1
## GOOS=windows pinned golangci-lint (built from tools/pinned) run --allow-parallel-runners paths store ipc
exit=0
## GOOS=linux pinned golangci-lint (built from tools/pinned) run --allow-parallel-runners paths store ipc
exit=0
## GOOS=darwin pinned golangci-lint (built from tools/pinned) run --allow-parallel-runners paths store ipc
exit=0
