=== RUN   TestV3_HotPathUnchangedWithLedgerResident
    v3_x11_test.go:473: X11 resident state: ToolUses=2000 RawBytes=43120000 (41.1 MB) StoredBytes=3682837 DedupRatio=11.71; DAG Nodes=9041 Edges=17920; ledger Active=5000 Stale=0 FillRatio=0.306 tried.bloom=24056B
    v3_x11_test.go:511: no-ledger run (the X11 corpus without the ledger): the bench harness took 2m0s; stdout:
        hotpath: building C:\Users\Quant\AppData\Local\Temp\qompack-bench-build-1055230756\qompack.exe...
        hotpath: starting daemon (\\.\pipe\qompack-bench-66600-1d6c34f4d386b09d)...
        hotpath: daemon is reachable
        hotpath: warming daemon (64 hot-path observe.tool + 1936 admin.ping)...
        hotpath: warm-up sent ~1.1 MB across 64 hot-path requests (plus 1936 admin.ping round trips)
        hotpath: measuring spawn floor (200 x qompack version)...
        hotpath: measuring B-A/B-D (2000 x qompack [observe tool])...
        hotpath: measuring B-E (50 x qompack checkpoint)...
        hotpath: measuring hook ACK round trip (64 x in-process observe.tool)...
        
        hotpath bench summary (windows/amd64, n=2000)
          spawn floor: p50=18.718ms p99=59.965ms (n=200)
          b_a_method: daemon status hook_controlled (observed + hotPathTailAllowance), p99 gated against obs.Budgets() B-A's limit (reported, not gated, under --under-coload — see the notes); see the B-A_spawn_estimate row for the wall-clock, floor-subtracted diagnostic (unbiased at p50, dispersion-contaminated at p99 — spec step 6 amended by controller ruling #29)
        
          B-A                 n=2064  p50=  24.576ms p95=  30.720ms p99=  36.864ms p999=  57.344ms max=  168.000ms limit=50.000ms   [PASS]
          B-B                 n=2064  p50=  14.336ms p95=  20.480ms p99=  24.576ms p999=  53.248ms max=  144.282ms limit=50.000ms   [PASS]
          B-D                 n=2000  p50=  47.384ms p95=  56.043ms p99=  95.502ms p999= 103.629ms max=  122.320ms limit=n/a        [reported]
          B-E                 n=50    p50= 172.777ms p95= 191.623ms p99= 231.378ms p999= 231.378ms max=  231.378ms limit=2000.000ms [PASS]
          B-E_cpu             n=50    p50=  15.625ms p95=  46.875ms p99=  46.875ms p999=  46.875ms max=   46.875ms limit=2000.000ms [PASS]
          B-A_spawn_estimate  n=2000  p50=  28.666ms p95=  37.325ms p99=  76.784ms p999=  84.911ms max=  103.602ms limit=n/a        [reported]
          hook_ack_rtt        n=64    p50=  20.645ms p95=  26.246ms p99=  29.912ms p999=  29.912ms max=   29.912ms limit=n/a        [reported]
        
          note: B-C not measured in wave 1: the processing seams are stubs
          note: hook_ack_rtt is REPORTED, never gated: it is the client-side ACK round trip of 64 in-process observe.tool deliveries, each with a fresh nonce and a real lease, timed through the same ipc.Client a hook uses. Design §7.5 sizes the ACK deadline from it as AckDeadlineMs = L0IngestMs + ceil(slack99), where slack99 = p99(hook_ack_rtt) - p99(B-B) over this same run. The timed samples are preceded by 2 DISCARDED warm-up requests on the same session: without them sample #0 paid a session-registry insertion and a WAL segment create on top of the round trip, and at 64 samples with nearest-rank percentiles p99 IS the maximum sample, so that one sample became the number the deadline was sized from. Its traffic IS real hot-path traffic, so all 66 requests do reach the daemon's l0_ingest and hook_controlled histograms — but this run reads both of those for the gated B-A and B-B rows BEFORE any of the tranche is sent, warm-ups included, so none of it is inside either gated population, and the B-B this row is differenced against contains none of its own deliveries. They are reconciled rather than ignored: a second status read after the tranche counts every one of them, warm-ups included, into the delivery ledger, so a deferral of this tranche's own cannot pass unnoticed. The in-process traffic that does sit inside the gated populations is the warm-up's, disclosed with its own computed proportion. A p99 over 64 samples is still that set's own top sample, which is why §7.5 takes the maximum across three runs rather than trusting one
          note: daemon-observed hook_controlled_observed (recvTS-reqTS, strict lower bound, no hotPathTailAllowance): p50=5.120ms p99=8.192ms n=2064 — informational cross-check against the gated B-A row above, which adds the tail allowance
          note: B-A's gated n=2064 includes 64 in-process warm-up observe.tool requests (Send-time TS, not a spawned process's main() entry) alongside 2000 real hook spawns from the B-A/B-D loop — the warm-up hot-path tranche (warmHotTranche=64, a small, fixed constant) is 3.1% of the gated population for this run; see B-A_spawn_estimate for the wall-clock diagnostic derived purely from real spawns
          note: B-B's n includes the 64 warm-up hot-path (observe.tool) requests, not just the B-A/B-D measurement loop — the daemon's own l0_ingest count, reported verbatim (conservative for B-B: warm-up payloads run 4KB-256KB, larger than B-A/B-D's fixed representative payload). The other 1936 warm-up requests are admin.ping round trips and never reach l0_ingest at all (FIX ROUND 2, N-1)
        
    v3_x11_test.go:511: no-ledger run (the X11 corpus without the ledger): bench artifact C:\Users\Quant\AppData\Local\Temp\TestV3_HotPathUnchangedWithLedgerResident1638957173\004\v3-hotpath.json:
        {
          "platform": "windows/amd64",
          "n": 2000,
          "b_a_method": "daemon status hook_controlled (observed + hotPathTailAllowance), p99 gated against obs.Budgets() B-A's limit (reported, not gated, under --under-coload — see the notes); see the B-A_spawn_estimate row for the wall-clock, floor-subtracted diagnostic (unbiased at p50, dispersion-contaminated at p99 — spec step 6 amended by controller ruling #29)",
          "spawn_floor_ms": {
            "n": 200,
            "p50": 18.718,
            "p99": 59.965
          },
          "notes": [
            "B-C not measured in wave 1: the processing seams are stubs",
            "hook_ack_rtt is REPORTED, never gated: it is the client-side ACK round trip of 64 in-process observe.tool deliveries, each with a fresh nonce and a real lease, timed through the same ipc.Client a hook uses. Design §7.5 sizes the ACK deadline from it as AckDeadlineMs = L0IngestMs + ceil(slack99), where slack99 = p99(hook_ack_rtt) - p99(B-B) over this same run. The timed samples are preceded by 2 DISCARDED warm-up requests on the same session: without them sample #0 paid a session-registry insertion and a WAL segment create on top of the round trip, and at 64 samples with nearest-rank percentiles p99 IS the maximum sample, so that one sample became the number the deadline was sized from. Its traffic IS real hot-path traffic, so all 66 requests do reach the daemon's l0_ingest and hook_controlled histograms — but this run reads both of those for the gated B-A and B-B rows BEFORE any of the tranche is sent, warm-ups included, so none of it is inside either gated population, and the B-B this row is differenced against contains none of its own deliveries. They are reconciled rather than ignored: a second status read after the tranche counts every one of them, warm-ups included, into the delivery ledger, so a deferral of this tranche's own cannot pass unnoticed. The in-process traffic that does sit inside the gated populations is the warm-up's, disclosed with its own computed proportion. A p99 over 64 samples is still that set's own top sample, which is why §7.5 takes the maximum across three runs rather than trusting one",
            "daemon-observed hook_controlled_observed (recvTS-reqTS, strict lower bound, no hotPathTailAllowance): p50=5.120ms p99=8.192ms n=2064 — informational cross-check against the gated B-A row above, which adds the tail allowance",
            "B-A's gated n=2064 includes 64 in-process warm-up observe.tool requests (Send-time TS, not a spawned process's main() entry) alongside 2000 real hook spawns from the B-A/B-D loop — the warm-up hot-path tranche (warmHotTranche=64, a small, fixed constant) is 3.1% of the gated population for this run; see B-A_spawn_estimate for the wall-clock diagnostic derived purely from real spawns",
            "B-B's n includes the 64 warm-up hot-path (observe.tool) requests, not just the B-A/B-D measurement loop — the daemon's own l0_ingest count, reported verbatim (conservative for B-B: warm-up payloads run 4KB-256KB, larger than B-A/B-D's fixed representative payload). The other 1936 warm-up requests are admin.ping round trips and never reach l0_ingest at all (FIX ROUND 2, N-1)"
          ],
          "budgets": [
            {
              "budget_id": "B-A",
              "n": 2064,
              "p50": 24.576,
              "p95": 30.72,
              "p99": 36.864,
              "p999": 57.344,
              "max": 168,
              "limit_ms": 50,
              "pass": true
            },
            {
              "budget_id": "B-B",
              "n": 2064,
              "p50": 14.336,
              "p95": 20.48,
              "p99": 24.576,
              "p999": 53.248,
              "max": 144.282,
              "limit_ms": 50,
              "pass": true
            },
            {
              "budget_id": "B-D",
              "n": 2000,
              "p50": 47.384,
              "p95": 56.043,
              "p99": 95.502,
              "p999": 103.629,
              "max": 122.32,
              "limit_ms": null,
              "pass": null
            },
            {
              "budget_id": "B-E",
              "n": 50,
              "p50": 172.777,
              "p95": 191.623,
              "p99": 231.378,
              "p999": 231.378,
              "max": 231.378,
              "limit_ms": 2000,
              "pass": true
            },
            {
              "budget_id": "B-E_cpu",
              "n": 50,
              "p50": 15.625,
              "p95": 46.875,
              "p99": 46.875,
              "p999": 46.875,
              "max": 46.875,
              "limit_ms": 2000,
              "pass": true
            },
            {
              "budget_id": "B-A_spawn_estimate",
              "n": 2000,
              "p50": 28.666,
              "p95": 37.325,
              "p99": 76.784,
              "p999": 84.911,
              "max": 103.602,
              "limit_ms": null,
              "pass": null
            },
            {
              "budget_id": "hook_ack_rtt",
              "n": 64,
              "p50": 20.645,
              "p95": 26.246,
              "p99": 29.912,
              "p999": 29.912,
              "max": 29.912,
              "limit_ms": null,
              "pass": null
            }
          ]
        }
    v3_x11_test.go:512: X11 no-ledger run (the X11 corpus without the ledger) measured (platform windows/amd64, n=2000): B-A p99 = 36.864 ms (limit 50 ms; gated) | B-B p99=24.576ms (limit 50ms; gated) | B-E_cpu p99=46.875ms (limit 2000ms, n=50) | B-E wall p50=172.777ms p99=231.378ms (limit 2000ms; gated) | B-D p50=47.384ms p99=95.502ms max=122.320ms (n=2000) | spawn_floor p50=18.718ms p99=59.965ms (n=200) | b_a_method="daemon status hook_controlled (observed + hotPathTailAllowance), p99 gated against obs.Budgets() B-A's limit (reported, not gated, under --under-coload — see the notes); see the B-A_spawn_estimate row for the wall-clock, floor-subtracted diagnostic (unbiased at p50, dispersion-contaminated at p99 — spec step 6 amended by controller ruling #29)"
    v3_x11_test.go:512: no-ledger run (the X11 corpus without the ledger) bench note: B-C not measured in wave 1: the processing seams are stubs
    v3_x11_test.go:512: no-ledger run (the X11 corpus without the ledger) bench note: hook_ack_rtt is REPORTED, never gated: it is the client-side ACK round trip of 64 in-process observe.tool deliveries, each with a fresh nonce and a real lease, timed through the same ipc.Client a hook uses. Design §7.5 sizes the ACK deadline from it as AckDeadlineMs = L0IngestMs + ceil(slack99), where slack99 = p99(hook_ack_rtt) - p99(B-B) over this same run. The timed samples are preceded by 2 DISCARDED warm-up requests on the same session: without them sample #0 paid a session-registry insertion and a WAL segment create on top of the round trip, and at 64 samples with nearest-rank percentiles p99 IS the maximum sample, so that one sample became the number the deadline was sized from. Its traffic IS real hot-path traffic, so all 66 requests do reach the daemon's l0_ingest and hook_controlled histograms — but this run reads both of those for the gated B-A and B-B rows BEFORE any of the tranche is sent, warm-ups included, so none of it is inside either gated population, and the B-B this row is differenced against contains none of its own deliveries. They are reconciled rather than ignored: a second status read after the tranche counts every one of them, warm-ups included, into the delivery ledger, so a deferral of this tranche's own cannot pass unnoticed. The in-process traffic that does sit inside the gated populations is the warm-up's, disclosed with its own computed proportion. A p99 over 64 samples is still that set's own top sample, which is why §7.5 takes the maximum across three runs rather than trusting one
    v3_x11_test.go:512: no-ledger run (the X11 corpus without the ledger) bench note: daemon-observed hook_controlled_observed (recvTS-reqTS, strict lower bound, no hotPathTailAllowance): p50=5.120ms p99=8.192ms n=2064 — informational cross-check against the gated B-A row above, which adds the tail allowance
    v3_x11_test.go:512: no-ledger run (the X11 corpus without the ledger) bench note: B-A's gated n=2064 includes 64 in-process warm-up observe.tool requests (Send-time TS, not a spawned process's main() entry) alongside 2000 real hook spawns from the B-A/B-D loop — the warm-up hot-path tranche (warmHotTranche=64, a small, fixed constant) is 3.1% of the gated population for this run; see B-A_spawn_estimate for the wall-clock diagnostic derived purely from real spawns
    v3_x11_test.go:512: no-ledger run (the X11 corpus without the ledger) bench note: B-B's n includes the 64 warm-up hot-path (observe.tool) requests, not just the B-A/B-D measurement loop — the daemon's own l0_ingest count, reported verbatim (conservative for B-B: warm-up payloads run 4KB-256KB, larger than B-A/B-D's fixed representative payload). The other 1936 warm-up requests are admin.ping round trips and never reach l0_ingest at all (FIX ROUND 2, N-1)
    v3_x11_test.go:513: ledger-resident run (the X11 corpus with the 5 000-entry ledger): the bench harness took 2m0s; stdout:
        hotpath: building C:\Users\Quant\AppData\Local\Temp\qompack-bench-build-2644230483\qompack.exe...
        hotpath: starting daemon (\\.\pipe\qompack-bench-10816-f864f7ab560a8ed4)...
        hotpath: daemon is reachable
        hotpath: warming daemon (64 hot-path observe.tool + 1936 admin.ping)...
        hotpath: warm-up sent ~1.1 MB across 64 hot-path requests (plus 1936 admin.ping round trips)
        hotpath: measuring spawn floor (200 x qompack version)...
        hotpath: measuring B-A/B-D (2000 x qompack [observe tool])...
        hotpath: measuring B-E (50 x qompack checkpoint)...
        hotpath: measuring hook ACK round trip (64 x in-process observe.tool)...
        
        hotpath bench summary (windows/amd64, n=2000)
          spawn floor: p50=17.640ms p99=64.994ms (n=200)
          b_a_method: daemon status hook_controlled (observed + hotPathTailAllowance), p99 gated against obs.Budgets() B-A's limit (reported, not gated, under --under-coload — see the notes); see the B-A_spawn_estimate row for the wall-clock, floor-subtracted diagnostic (unbiased at p50, dispersion-contaminated at p99 — spec step 6 amended by controller ruling #29)
        
          B-A                 n=2064  p50=  24.576ms p95=  30.720ms p99=  36.864ms p999=  73.728ms max=  153.000ms limit=50.000ms   [PASS]
          B-B                 n=2064  p50=  14.336ms p95=  20.480ms p99=  22.528ms p999=  57.344ms max=  131.108ms limit=50.000ms   [PASS]
          B-D                 n=2000  p50=  47.715ms p95=  56.397ms p99=  97.622ms p999= 103.285ms max=  119.140ms limit=n/a        [reported]
          B-E                 n=50    p50= 170.497ms p95= 206.109ms p99= 236.851ms p999= 236.851ms max=  236.851ms limit=2000.000ms [PASS]
          B-E_cpu             n=50    p50=  15.625ms p95=  46.875ms p99=  46.875ms p999=  46.875ms max=   46.875ms limit=2000.000ms [PASS]
          B-A_spawn_estimate  n=2000  p50=  30.075ms p95=  38.757ms p99=  79.982ms p999=  85.645ms max=  101.500ms limit=n/a        [reported]
          hook_ack_rtt        n=64    p50=  20.368ms p95=  24.421ms p99=  26.219ms p999=  26.219ms max=   26.219ms limit=n/a        [reported]
        
          note: B-C not measured in wave 1: the processing seams are stubs
          note: hook_ack_rtt is REPORTED, never gated: it is the client-side ACK round trip of 64 in-process observe.tool deliveries, each with a fresh nonce and a real lease, timed through the same ipc.Client a hook uses. Design §7.5 sizes the ACK deadline from it as AckDeadlineMs = L0IngestMs + ceil(slack99), where slack99 = p99(hook_ack_rtt) - p99(B-B) over this same run. The timed samples are preceded by 2 DISCARDED warm-up requests on the same session: without them sample #0 paid a session-registry insertion and a WAL segment create on top of the round trip, and at 64 samples with nearest-rank percentiles p99 IS the maximum sample, so that one sample became the number the deadline was sized from. Its traffic IS real hot-path traffic, so all 66 requests do reach the daemon's l0_ingest and hook_controlled histograms — but this run reads both of those for the gated B-A and B-B rows BEFORE any of the tranche is sent, warm-ups included, so none of it is inside either gated population, and the B-B this row is differenced against contains none of its own deliveries. They are reconciled rather than ignored: a second status read after the tranche counts every one of them, warm-ups included, into the delivery ledger, so a deferral of this tranche's own cannot pass unnoticed. The in-process traffic that does sit inside the gated populations is the warm-up's, disclosed with its own computed proportion. A p99 over 64 samples is still that set's own top sample, which is why §7.5 takes the maximum across three runs rather than trusting one
          note: daemon-observed hook_controlled_observed (recvTS-reqTS, strict lower bound, no hotPathTailAllowance): p50=5.120ms p99=8.192ms n=2064 — informational cross-check against the gated B-A row above, which adds the tail allowance
          note: B-A's gated n=2064 includes 64 in-process warm-up observe.tool requests (Send-time TS, not a spawned process's main() entry) alongside 2000 real hook spawns from the B-A/B-D loop — the warm-up hot-path tranche (warmHotTranche=64, a small, fixed constant) is 3.1% of the gated population for this run; see B-A_spawn_estimate for the wall-clock diagnostic derived purely from real spawns
          note: B-B's n includes the 64 warm-up hot-path (observe.tool) requests, not just the B-A/B-D measurement loop — the daemon's own l0_ingest count, reported verbatim (conservative for B-B: warm-up payloads run 4KB-256KB, larger than B-A/B-D's fixed representative payload). The other 1936 warm-up requests are admin.ping round trips and never reach l0_ingest at all (FIX ROUND 2, N-1)
        
    v3_x11_test.go:513: ledger-resident run (the X11 corpus with the 5 000-entry ledger): bench artifact C:\Users\Quant\AppData\Local\Temp\TestV3_HotPathUnchangedWithLedgerResident1638957173\005\v3-hotpath.json:
        {
          "platform": "windows/amd64",
          "n": 2000,
          "b_a_method": "daemon status hook_controlled (observed + hotPathTailAllowance), p99 gated against obs.Budgets() B-A's limit (reported, not gated, under --under-coload — see the notes); see the B-A_spawn_estimate row for the wall-clock, floor-subtracted diagnostic (unbiased at p50, dispersion-contaminated at p99 — spec step 6 amended by controller ruling #29)",
          "spawn_floor_ms": {
            "n": 200,
            "p50": 17.64,
            "p99": 64.994
          },
          "notes": [
            "B-C not measured in wave 1: the processing seams are stubs",
            "hook_ack_rtt is REPORTED, never gated: it is the client-side ACK round trip of 64 in-process observe.tool deliveries, each with a fresh nonce and a real lease, timed through the same ipc.Client a hook uses. Design §7.5 sizes the ACK deadline from it as AckDeadlineMs = L0IngestMs + ceil(slack99), where slack99 = p99(hook_ack_rtt) - p99(B-B) over this same run. The timed samples are preceded by 2 DISCARDED warm-up requests on the same session: without them sample #0 paid a session-registry insertion and a WAL segment create on top of the round trip, and at 64 samples with nearest-rank percentiles p99 IS the maximum sample, so that one sample became the number the deadline was sized from. Its traffic IS real hot-path traffic, so all 66 requests do reach the daemon's l0_ingest and hook_controlled histograms — but this run reads both of those for the gated B-A and B-B rows BEFORE any of the tranche is sent, warm-ups included, so none of it is inside either gated population, and the B-B this row is differenced against contains none of its own deliveries. They are reconciled rather than ignored: a second status read after the tranche counts every one of them, warm-ups included, into the delivery ledger, so a deferral of this tranche's own cannot pass unnoticed. The in-process traffic that does sit inside the gated populations is the warm-up's, disclosed with its own computed proportion. A p99 over 64 samples is still that set's own top sample, which is why §7.5 takes the maximum across three runs rather than trusting one",
            "daemon-observed hook_controlled_observed (recvTS-reqTS, strict lower bound, no hotPathTailAllowance): p50=5.120ms p99=8.192ms n=2064 — informational cross-check against the gated B-A row above, which adds the tail allowance",
            "B-A's gated n=2064 includes 64 in-process warm-up observe.tool requests (Send-time TS, not a spawned process's main() entry) alongside 2000 real hook spawns from the B-A/B-D loop — the warm-up hot-path tranche (warmHotTranche=64, a small, fixed constant) is 3.1% of the gated population for this run; see B-A_spawn_estimate for the wall-clock diagnostic derived purely from real spawns",
            "B-B's n includes the 64 warm-up hot-path (observe.tool) requests, not just the B-A/B-D measurement loop — the daemon's own l0_ingest count, reported verbatim (conservative for B-B: warm-up payloads run 4KB-256KB, larger than B-A/B-D's fixed representative payload). The other 1936 warm-up requests are admin.ping round trips and never reach l0_ingest at all (FIX ROUND 2, N-1)"
          ],
          "budgets": [
            {
              "budget_id": "B-A",
              "n": 2064,
              "p50": 24.576,
              "p95": 30.72,
              "p99": 36.864,
              "p999": 73.728,
              "max": 153,
              "limit_ms": 50,
              "pass": true
            },
            {
              "budget_id": "B-B",
              "n": 2064,
              "p50": 14.336,
              "p95": 20.48,
              "p99": 22.528,
              "p999": 57.344,
              "max": 131.108,
              "limit_ms": 50,
              "pass": true
            },
            {
              "budget_id": "B-D",
              "n": 2000,
              "p50": 47.715,
              "p95": 56.397,
              "p99": 97.622,
              "p999": 103.285,
              "max": 119.14,
              "limit_ms": null,
              "pass": null
            },
            {
              "budget_id": "B-E",
              "n": 50,
              "p50": 170.497,
              "p95": 206.109,
              "p99": 236.851,
              "p999": 236.851,
              "max": 236.851,
              "limit_ms": 2000,
              "pass": true
            },
            {
              "budget_id": "B-E_cpu",
              "n": 50,
              "p50": 15.625,
              "p95": 46.875,
              "p99": 46.875,
              "p999": 46.875,
              "max": 46.875,
              "limit_ms": 2000,
              "pass": true
            },
            {
              "budget_id": "B-A_spawn_estimate",
              "n": 2000,
              "p50": 30.075,
              "p95": 38.757,
              "p99": 79.982,
              "p999": 85.645,
              "max": 101.5,
              "limit_ms": null,
              "pass": null
            },
            {
              "budget_id": "hook_ack_rtt",
              "n": 64,
              "p50": 20.368,
              "p95": 24.421,
              "p99": 26.219,
              "p999": 26.219,
              "max": 26.219,
              "limit_ms": null,
              "pass": null
            }
          ]
        }
    v3_x11_test.go:514: X11 ledger-resident run (the X11 corpus with the 5 000-entry ledger) measured (platform windows/amd64, n=2000): B-A p99 = 36.864 ms (limit 50 ms; gated) | B-B p99=22.528ms (limit 50ms; gated) | B-E_cpu p99=46.875ms (limit 2000ms, n=50) | B-E wall p50=170.497ms p99=236.851ms (limit 2000ms; gated) | B-D p50=47.715ms p99=97.622ms max=119.140ms (n=2000) | spawn_floor p50=17.640ms p99=64.994ms (n=200) | b_a_method="daemon status hook_controlled (observed + hotPathTailAllowance), p99 gated against obs.Budgets() B-A's limit (reported, not gated, under --under-coload — see the notes); see the B-A_spawn_estimate row for the wall-clock, floor-subtracted diagnostic (unbiased at p50, dispersion-contaminated at p99 — spec step 6 amended by controller ruling #29)"
    v3_x11_test.go:514: ledger-resident run (the X11 corpus with the 5 000-entry ledger) bench note: B-C not measured in wave 1: the processing seams are stubs
    v3_x11_test.go:514: ledger-resident run (the X11 corpus with the 5 000-entry ledger) bench note: hook_ack_rtt is REPORTED, never gated: it is the client-side ACK round trip of 64 in-process observe.tool deliveries, each with a fresh nonce and a real lease, timed through the same ipc.Client a hook uses. Design §7.5 sizes the ACK deadline from it as AckDeadlineMs = L0IngestMs + ceil(slack99), where slack99 = p99(hook_ack_rtt) - p99(B-B) over this same run. The timed samples are preceded by 2 DISCARDED warm-up requests on the same session: without them sample #0 paid a session-registry insertion and a WAL segment create on top of the round trip, and at 64 samples with nearest-rank percentiles p99 IS the maximum sample, so that one sample became the number the deadline was sized from. Its traffic IS real hot-path traffic, so all 66 requests do reach the daemon's l0_ingest and hook_controlled histograms — but this run reads both of those for the gated B-A and B-B rows BEFORE any of the tranche is sent, warm-ups included, so none of it is inside either gated population, and the B-B this row is differenced against contains none of its own deliveries. They are reconciled rather than ignored: a second status read after the tranche counts every one of them, warm-ups included, into the delivery ledger, so a deferral of this tranche's own cannot pass unnoticed. The in-process traffic that does sit inside the gated populations is the warm-up's, disclosed with its own computed proportion. A p99 over 64 samples is still that set's own top sample, which is why §7.5 takes the maximum across three runs rather than trusting one
    v3_x11_test.go:514: ledger-resident run (the X11 corpus with the 5 000-entry ledger) bench note: daemon-observed hook_controlled_observed (recvTS-reqTS, strict lower bound, no hotPathTailAllowance): p50=5.120ms p99=8.192ms n=2064 — informational cross-check against the gated B-A row above, which adds the tail allowance
    v3_x11_test.go:514: ledger-resident run (the X11 corpus with the 5 000-entry ledger) bench note: B-A's gated n=2064 includes 64 in-process warm-up observe.tool requests (Send-time TS, not a spawned process's main() entry) alongside 2000 real hook spawns from the B-A/B-D loop — the warm-up hot-path tranche (warmHotTranche=64, a small, fixed constant) is 3.1% of the gated population for this run; see B-A_spawn_estimate for the wall-clock diagnostic derived purely from real spawns
    v3_x11_test.go:514: ledger-resident run (the X11 corpus with the 5 000-entry ledger) bench note: B-B's n includes the 64 warm-up hot-path (observe.tool) requests, not just the B-A/B-D measurement loop — the daemon's own l0_ingest count, reported verbatim (conservative for B-B: warm-up payloads run 4KB-256KB, larger than B-A/B-D's fixed representative payload). The other 1936 warm-up requests are admin.ping round trips and never reach l0_ingest at all (FIX ROUND 2, N-1)
    v3_x11_test.go:553: X11 pair (gated: PASS): hook_controlled_observed p50 no-ledger=5.120ms (p99 8.192ms, n=2064) | ledger=5.120ms (p99 8.192ms, n=2064) | ceiling 6.400ms (x1.25, floor one 1.024ms tick)
    v3_x11_test.go:558: X11 B-A p99, REPORTED not gated against V2: no-ledger=36.864ms, ledger=36.864ms, V2 recorded 3.072ms — V2's B-A excluded the handler and its ingest was not durable, so the figures measure different quantities (D42); B-A is gated only against its obs.Budgets() limit (50ms)
--- PASS: TestV3_HotPathUnchangedWithLedgerResident (615.51s)
PASS
ok  	github.com/qompack/qompack/test/e2e	615.816s
