=== RUN   TestIntegration_HotPathWarmWithRealResidentState
    hotpath_test.go:999: §4.6 resident state: ToolUses=2000 RawBytes=43020000 (41.0 MB) StoredBytes=3781969 DedupRatio=11.38 Objects=9555 Files=40; DAG Nodes=6240 Edges=16000 LogBytes=8056239
    hotpath_test.go:1009: §4.6 resident sketch set on disk: tried.bloom=12072B touch.cms=54474B explore.hll=2102B
    hotpath_test.go:1127: bench harness stdout:
        hotpath: building C:\Users\Quant\AppData\Local\Temp\qompack-bench-build-1085533600\qompack.exe...
        hotpath: starting daemon (\\.\pipe\qompack-bench-22932-fd48f7755410ffd0)...
        hotpath: daemon is reachable
        hotpath: warming daemon (64 hot-path observe.tool + 1936 admin.ping)...
        hotpath: warm-up sent ~1.1 MB across 64 hot-path requests (plus 1936 admin.ping round trips)
        hotpath: measuring spawn floor (200 x qompack version)...
        hotpath: measuring B-A/B-D (2000 x qompack [observe tool])...
        hotpath: measuring B-E (50 x qompack checkpoint)...
        hotpath: measuring hook ACK round trip (64 x in-process observe.tool)...
        
        hotpath bench summary (windows/amd64, n=2000)
          spawn floor: p50=18.578ms p99=63.171ms (n=200)
          b_a_method: daemon status hook_controlled (observed + hotPathTailAllowance), p99 gated against obs.Budgets() B-A's limit (reported, not gated, under --under-coload — see the notes); see the B-A_spawn_estimate row for the wall-clock, floor-subtracted diagnostic (unbiased at p50, dispersion-contaminated at p99 — spec step 6 amended by controller ruling #29)
        
          B-A                 n=2064  p50=  24.576ms p95=  30.720ms p99=  36.864ms p999=  49.152ms max=  143.000ms limit=50.000ms   [PASS]
          B-B                 n=2064  p50=  14.336ms p95=  20.480ms p99=  24.576ms p999=  36.864ms max=  131.411ms limit=50.000ms   [PASS]
          B-D                 n=2000  p50=  47.188ms p95=  56.284ms p99=  95.685ms p999= 100.968ms max=  109.021ms limit=n/a        [reported]
          B-E                 n=50    p50= 161.646ms p95= 194.957ms p99= 204.867ms p999= 204.867ms max=  204.867ms limit=2000.000ms [PASS]
          B-E_cpu             n=50    p50=  31.250ms p95=  46.875ms p99=  78.125ms p999=  78.125ms max=   78.125ms limit=2000.000ms [PASS]
          B-A_spawn_estimate  n=2000  p50=  28.610ms p95=  37.706ms p99=  77.107ms p999=  82.389ms max=   90.443ms limit=n/a        [reported]
          hook_ack_rtt        n=64    p50=  18.968ms p95=  23.781ms p99=  25.253ms p999=  25.253ms max=   25.253ms limit=n/a        [reported]
        
          note: B-C not measured in wave 1: the processing seams are stubs
          note: hook_ack_rtt is REPORTED, never gated: it is the client-side ACK round trip of 64 in-process observe.tool deliveries, each with a fresh nonce and a real lease, timed through the same ipc.Client a hook uses. Design §7.5 sizes the ACK deadline from it as AckDeadlineMs = L0IngestMs + ceil(slack99), where slack99 = p99(hook_ack_rtt) - p99(B-B) over this same run. The timed samples are preceded by 2 DISCARDED warm-up requests on the same session: without them sample #0 paid a session-registry insertion and a WAL segment create on top of the round trip, and at 64 samples with nearest-rank percentiles p99 IS the maximum sample, so that one sample became the number the deadline was sized from. Its traffic IS real hot-path traffic, so all 66 requests do reach the daemon's l0_ingest and hook_controlled histograms — but this run reads both of those for the gated B-A and B-B rows BEFORE any of the tranche is sent, warm-ups included, so none of it is inside either gated population, and the B-B this row is differenced against contains none of its own deliveries. They are reconciled rather than ignored: a second status read after the tranche counts every one of them, warm-ups included, into the delivery ledger, so a deferral of this tranche's own cannot pass unnoticed. The in-process traffic that does sit inside the gated populations is the warm-up's, disclosed with its own computed proportion. A p99 over 64 samples is still that set's own top sample, which is why §7.5 takes the maximum across three runs rather than trusting one
          note: daemon-observed hook_controlled_observed (recvTS-reqTS, strict lower bound, no hotPathTailAllowance): p50=5.120ms p99=8.192ms n=2064 — informational cross-check against the gated B-A row above, which adds the tail allowance
          note: B-A's gated n=2064 includes 64 in-process warm-up observe.tool requests (Send-time TS, not a spawned process's main() entry) alongside 2000 real hook spawns from the B-A/B-D loop — the warm-up hot-path tranche (warmHotTranche=64, a small, fixed constant) is 3.1% of the gated population for this run; see B-A_spawn_estimate for the wall-clock diagnostic derived purely from real spawns
          note: B-B's n includes the 64 warm-up hot-path (observe.tool) requests, not just the B-A/B-D measurement loop — the daemon's own l0_ingest count, reported verbatim (conservative for B-B: warm-up payloads run 4KB-256KB, larger than B-A/B-D's fixed representative payload). The other 1936 warm-up requests are admin.ping round trips and never reach l0_ingest at all (FIX ROUND 2, N-1)
        
    hotpath_test.go:1129: bench artifact C:\Users\Quant\AppData\Local\Temp\TestIntegration_HotPathWarmWithRealResidentState2461575649\003\v2-bench-hotpath.json:
        {
          "platform": "windows/amd64",
          "n": 2000,
          "b_a_method": "daemon status hook_controlled (observed + hotPathTailAllowance), p99 gated against obs.Budgets() B-A's limit (reported, not gated, under --under-coload — see the notes); see the B-A_spawn_estimate row for the wall-clock, floor-subtracted diagnostic (unbiased at p50, dispersion-contaminated at p99 — spec step 6 amended by controller ruling #29)",
          "spawn_floor_ms": {
            "n": 200,
            "p50": 18.578,
            "p99": 63.171
          },
          "notes": [
            "B-C not measured in wave 1: the processing seams are stubs",
            "hook_ack_rtt is REPORTED, never gated: it is the client-side ACK round trip of 64 in-process observe.tool deliveries, each with a fresh nonce and a real lease, timed through the same ipc.Client a hook uses. Design §7.5 sizes the ACK deadline from it as AckDeadlineMs = L0IngestMs + ceil(slack99), where slack99 = p99(hook_ack_rtt) - p99(B-B) over this same run. The timed samples are preceded by 2 DISCARDED warm-up requests on the same session: without them sample #0 paid a session-registry insertion and a WAL segment create on top of the round trip, and at 64 samples with nearest-rank percentiles p99 IS the maximum sample, so that one sample became the number the deadline was sized from. Its traffic IS real hot-path traffic, so all 66 requests do reach the daemon's l0_ingest and hook_controlled histograms — but this run reads both of those for the gated B-A and B-B rows BEFORE any of the tranche is sent, warm-ups included, so none of it is inside either gated population, and the B-B this row is differenced against contains none of its own deliveries. They are reconciled rather than ignored: a second status read after the tranche counts every one of them, warm-ups included, into the delivery ledger, so a deferral of this tranche's own cannot pass unnoticed. The in-process traffic that does sit inside the gated populations is the warm-up's, disclosed with its own computed proportion. A p99 over 64 samples is still that set's own top sample, which is why §7.5 takes the maximum across three runs rather than trusting one",
            "daemon-observed hook_controlled_observed (recvTS-reqTS, strict lower bound, no hotPathTailAllowance): p50=5.120ms p99=8.192ms n=2064 — informational cross-check against the gated B-A row above, which adds the tail allowance",
            "B-A's gated n=2064 includes 64 in-process warm-up observe.tool requests (Send-time TS, not a spawned process's main() entry) alongside 2000 real hook spawns from the B-A/B-D loop — the warm-up hot-path tranche (warmHotTranche=64, a small, fixed constant) is 3.1% of the gated population for this run; see B-A_spawn_estimate for the wall-clock diagnostic derived purely from real spawns",
            "B-B's n includes the 64 warm-up hot-path (observe.tool) requests, not just the B-A/B-D measurement loop — the daemon's own l0_ingest count, reported verbatim (conservative for B-B: warm-up payloads run 4KB-256KB, larger than B-A/B-D's fixed representative payload). The other 1936 warm-up requests are admin.ping round trips and never reach l0_ingest at all (FIX ROUND 2, N-1)"
          ],
          "budgets": [
            {
              "budget_id": "B-A",
              "n": 2064,
              "p50": 24.576,
              "p95": 30.72,
              "p99": 36.864,
              "p999": 49.152,
              "max": 143,
              "limit_ms": 50,
              "pass": true
            },
            {
              "budget_id": "B-B",
              "n": 2064,
              "p50": 14.336,
              "p95": 20.48,
              "p99": 24.576,
              "p999": 36.864,
              "max": 131.411,
              "limit_ms": 50,
              "pass": true
            },
            {
              "budget_id": "B-D",
              "n": 2000,
              "p50": 47.188,
              "p95": 56.284,
              "p99": 95.685,
              "p999": 100.968,
              "max": 109.021,
              "limit_ms": null,
              "pass": null
            },
            {
              "budget_id": "B-E",
              "n": 50,
              "p50": 161.646,
              "p95": 194.957,
              "p99": 204.867,
              "p999": 204.867,
              "max": 204.867,
              "limit_ms": 2000,
              "pass": true
            },
            {
              "budget_id": "B-E_cpu",
              "n": 50,
              "p50": 31.25,
              "p95": 46.875,
              "p99": 78.125,
              "p999": 78.125,
              "max": 78.125,
              "limit_ms": 2000,
              "pass": true
            },
            {
              "budget_id": "B-A_spawn_estimate",
              "n": 2000,
              "p50": 28.61,
              "p95": 37.706,
              "p99": 77.107,
              "p999": 82.389,
              "max": 90.443,
              "limit_ms": null,
              "pass": null
            },
            {
              "budget_id": "hook_ack_rtt",
              "n": 64,
              "p50": 18.968,
              "p95": 23.781,
              "p99": 25.253,
              "p999": 25.253,
              "max": 25.253,
              "limit_ms": null,
              "pass": null
            }
          ]
        }
    hotpath_test.go:1192: §4.6 populations: planned 2064 hot-path sends; B-A n=2064 (0 never reached hook_controlled), B-B n=2064 (0 never reached l0_ingest); delivery ledger <nil>
    hotpath_test.go:1352: §4.6 measured (platform windows/amd64, n=2000): B-A p99=36.864ms (limit 50ms, n=2064; gated) | B-B p99=24.576ms (limit 50ms, n=2064; gated) | B-E_cpu p99=78.125ms (limit 2000ms, n=50) | B-E wall p50=161.646ms p99=204.867ms (limit 2000ms; gated) | B-D p50=47.188ms p99=95.685ms max=109.021ms | spawn_floor p50=18.578ms p99=63.171ms (n=200) | B-A_spawn_estimate p50=28.610ms p99=77.107ms | b_a_method="daemon status hook_controlled (observed + hotPathTailAllowance), p99 gated against obs.Budgets() B-A's limit (reported, not gated, under --under-coload — see the notes); see the B-A_spawn_estimate row for the wall-clock, floor-subtracted diagnostic (unbiased at p50, dispersion-contaminated at p99 — spec step 6 amended by controller ruling #29)"
    hotpath_test.go:1361: bench note: B-C not measured in wave 1: the processing seams are stubs
    hotpath_test.go:1361: bench note: hook_ack_rtt is REPORTED, never gated: it is the client-side ACK round trip of 64 in-process observe.tool deliveries, each with a fresh nonce and a real lease, timed through the same ipc.Client a hook uses. Design §7.5 sizes the ACK deadline from it as AckDeadlineMs = L0IngestMs + ceil(slack99), where slack99 = p99(hook_ack_rtt) - p99(B-B) over this same run. The timed samples are preceded by 2 DISCARDED warm-up requests on the same session: without them sample #0 paid a session-registry insertion and a WAL segment create on top of the round trip, and at 64 samples with nearest-rank percentiles p99 IS the maximum sample, so that one sample became the number the deadline was sized from. Its traffic IS real hot-path traffic, so all 66 requests do reach the daemon's l0_ingest and hook_controlled histograms — but this run reads both of those for the gated B-A and B-B rows BEFORE any of the tranche is sent, warm-ups included, so none of it is inside either gated population, and the B-B this row is differenced against contains none of its own deliveries. They are reconciled rather than ignored: a second status read after the tranche counts every one of them, warm-ups included, into the delivery ledger, so a deferral of this tranche's own cannot pass unnoticed. The in-process traffic that does sit inside the gated populations is the warm-up's, disclosed with its own computed proportion. A p99 over 64 samples is still that set's own top sample, which is why §7.5 takes the maximum across three runs rather than trusting one
    hotpath_test.go:1361: bench note: daemon-observed hook_controlled_observed (recvTS-reqTS, strict lower bound, no hotPathTailAllowance): p50=5.120ms p99=8.192ms n=2064 — informational cross-check against the gated B-A row above, which adds the tail allowance
    hotpath_test.go:1361: bench note: B-A's gated n=2064 includes 64 in-process warm-up observe.tool requests (Send-time TS, not a spawned process's main() entry) alongside 2000 real hook spawns from the B-A/B-D loop — the warm-up hot-path tranche (warmHotTranche=64, a small, fixed constant) is 3.1% of the gated population for this run; see B-A_spawn_estimate for the wall-clock diagnostic derived purely from real spawns
    hotpath_test.go:1361: bench note: B-B's n includes the 64 warm-up hot-path (observe.tool) requests, not just the B-A/B-D measurement loop — the daemon's own l0_ingest count, reported verbatim (conservative for B-B: warm-up payloads run 4KB-256KB, larger than B-A/B-D's fixed representative payload). The other 1936 warm-up requests are admin.ping round trips and never reach l0_ingest at all (FIX ROUND 2, N-1)
--- PASS: TestIntegration_HotPathWarmWithRealResidentState (162.61s)
PASS
ok  	github.com/qompack/qompack/test/integration	162.910s
