== start focused 17:44:14Z
run_id=cx-w3-paths-fix-relative-guard-focused-34ddb55-20260926T174415Z
container=qompack-v6-linux-verification
repo=C:/Users/Quant/Documents/Programming/Projects/qompack-cx-w3-paths
rev=34ddb55
commit=34ddb550fc0b75df2c0294c2383be12c4ef3afc0
bundle_sha256=81a8726486b449325b6f53bcd93324a69e32d0efc3a3f01e124f950bff2456d1
host_started_utc=2026-09-26T17:44:24Z
inner_args=--run ^(TestWriteAtomic_RefusesAProtectedPathNamedRelatively|TestAppendOnlyGuard|TestMayBeProtected_NeverHidesAProtectedPath|TestMayBeProtected_EveryProtectedLocationTakesTheWalk)$ --count 3 -- ./internal/paths
/work/cx-w3-paths-fix-relative-guard-focused-34ddb55-20260926T174415Z.bundle: OK
run_id=cx-w3-paths-fix-relative-guard-focused-34ddb55-20260926T174415Z
commit=34ddb550fc0b75df2c0294c2383be12c4ef3afc0
tree=3c091c8fc83c2535a385772a6f453342d58f7ed3
bundle_sha256=81a8726486b449325b6f53bcd93324a69e32d0efc3a3f01e124f950bff2456d1
started_utc=2026-09-26T17:44:27Z
uid=10001 user=qompack-test groups=qompack-test
race=1 count=3 timeout=30m gomaxprocs=4 coload=0
run=^(TestWriteAtomic_RefusesAProtectedPathNamedRelatively|TestAppendOnlyGuard|TestMayBeProtected_NeverHidesAProtectedPath|TestMayBeProtected_EveryProtectedLocationTakesTheWalk)$
skip=
extra_env=
go version go1.26.6 linux/amd64
linux
amd64
1
/home/qompack-test/.cache/go-build
/go/pkg/mod
-mod=readonly
off
Linux e09d55cfc09b 5.15.167.4-microsoft-standard-WSL2 #1 SMP Tue Nov 5 00:21:55 UTC 2024 x86_64 GNU/Linux
22
PASS      github.com/qompack/qompack/internal/paths  (pass=39 fail=0 skip=0)
go_test_exit=0
exit=0
artifacts: C:/Users/Quant/Documents/Programming/Projects/qompack-cx-w3-paths/plans/sdd/V6-closeout/w3-paths/runs/fix/linux/cx-w3-paths-fix-relative-guard-focused-34ddb55-20260926T174415Z-artifacts
exit=0
== gate exit=0 focused
run_id=cx-w3-paths-fix-paths-full-34ddb55-20260926T174454Z
container=qompack-v6-linux-verification
repo=C:/Users/Quant/Documents/Programming/Projects/qompack-cx-w3-paths
rev=34ddb55
commit=34ddb550fc0b75df2c0294c2383be12c4ef3afc0
bundle_sha256=91eed6d6fe4f1c4e6afe7df60f7f7ca416872ca38604fb616b568808dc3a1902
host_started_utc=2026-09-26T17:45:01Z
inner_args=-- ./internal/paths
/work/cx-w3-paths-fix-paths-full-34ddb55-20260926T174454Z.bundle: OK
run_id=cx-w3-paths-fix-paths-full-34ddb55-20260926T174454Z
commit=34ddb550fc0b75df2c0294c2383be12c4ef3afc0
tree=3c091c8fc83c2535a385772a6f453342d58f7ed3
bundle_sha256=91eed6d6fe4f1c4e6afe7df60f7f7ca416872ca38604fb616b568808dc3a1902
started_utc=2026-09-26T17:45:05Z
uid=10001 user=qompack-test groups=qompack-test
race=1 count=1 timeout=30m gomaxprocs=4 coload=0
run=
skip=
extra_env=
go version go1.26.6 linux/amd64
linux
amd64
1
/home/qompack-test/.cache/go-build
/go/pkg/mod
-mod=readonly
off
Linux e09d55cfc09b 5.15.167.4-microsoft-standard-WSL2 #1 SMP Tue Nov 5 00:21:55 UTC 2024 x86_64 GNU/Linux
22
PASS      github.com/qompack/qompack/internal/paths  (pass=162 fail=0 skip=18)
go_test_exit=0
exit=0
artifacts: C:/Users/Quant/Documents/Programming/Projects/qompack-cx-w3-paths/plans/sdd/V6-closeout/w3-paths/runs/fix/linux/cx-w3-paths-fix-paths-full-34ddb55-20260926T174454Z-artifacts
exit=0
== gate exit=0 full
