ts=2026-09-30T01:21:31.0558941Z level=info msg="scheduler: idle work registered" tasks="[act.advance_frontier precompute_slice refresh_delta rebuild_bloom compact_dag gc]" maintainer=false
ts=2026-09-30T01:21:31.1103391Z level=info msg="observer: session registered" session=e99d07d3-0359-42f9-8d15-aecdd132b4d5 source=startup turn=0 segment=1
ts=2026-09-30T01:21:31.1103391Z level=info msg="scheduler: session bound" session=e99d07d3-0359-42f9-8d15-aecdd132b4d5 effective_window=180000 max_output=32000 window_source=1 host_trigger_absent=false regime=unknown changepoints=0
ts=2026-09-30T01:21:56.3537369Z level=info msg="observer: gc" scanned=15 deleted=0 freed=0 truncated=false
ts=2026-09-30T01:24:01.0968478Z level=warn msg="checkpoint: no usable source set; the frontier is not advancing" err="checkpoint: SourceSet.Ledger is nil: its accessor resolved to no ledger: qompack: running in degraded mode"
ts=2026-09-30T01:24:01.1211889Z level=warn msg="scheduler: frontier advance failed; local frontier unchanged"
ts=2026-09-30T01:24:01.1211889Z level=warn msg="daemon: idle task returned an error" name=act.advance_frontier err="checkpoint: frontier sources unavailable: checkpoint: SourceSet.Ledger is nil: its accessor resolved to no ledger: qompack: running in degraded mode"
ts=2026-09-30T01:24:31.1317563Z level=warn msg="scheduler: frontier advance failed; local frontier unchanged"
ts=2026-09-30T01:24:31.1317563Z level=warn msg="daemon: idle task returned an error" name=act.advance_frontier err="checkpoint: frontier sources unavailable: checkpoint: SourceSet.Ledger is nil: its accessor resolved to no ledger: qompack: running in degraded mode"
ts=2026-09-30T01:25:01.1245802Z level=warn msg="scheduler: frontier advance failed; local frontier unchanged"
ts=2026-09-30T01:25:01.1245802Z level=warn msg="daemon: idle task returned an error" name=act.advance_frontier err="checkpoint: frontier sources unavailable: checkpoint: SourceSet.Ledger is nil: its accessor resolved to no ledger: qompack: running in degraded mode"
ts=2026-09-30T01:25:31.1427303Z level=warn msg="scheduler: frontier advance failed; local frontier unchanged"
ts=2026-09-30T01:25:31.1427303Z level=warn msg="daemon: idle task returned an error" name=act.advance_frontier err="checkpoint: frontier sources unavailable: checkpoint: SourceSet.Ledger is nil: its accessor resolved to no ledger: qompack: running in degraded mode"
ts=2026-09-30T01:26:01.133408Z level=warn msg="scheduler: frontier advance failed; local frontier unchanged"
ts=2026-09-30T01:26:01.133408Z level=warn msg="daemon: idle task returned an error" name=act.advance_frontier err="checkpoint: frontier sources unavailable: checkpoint: SourceSet.Ledger is nil: its accessor resolved to no ledger: qompack: running in degraded mode"
ts=2026-09-30T01:26:31.1401562Z level=warn msg="scheduler: frontier advance failed; local frontier unchanged"
ts=2026-09-30T01:26:31.1401562Z level=warn msg="daemon: idle task returned an error" name=act.advance_frontier err="checkpoint: frontier sources unavailable: checkpoint: SourceSet.Ledger is nil: its accessor resolved to no ledger: qompack: running in degraded mode"
ts=2026-09-30T01:27:01.1226643Z level=warn msg="scheduler: frontier advance failed; local frontier unchanged"
ts=2026-09-30T01:27:01.1226643Z level=warn msg="daemon: idle task returned an error" name=act.advance_frontier err="checkpoint: frontier sources unavailable: checkpoint: SourceSet.Ledger is nil: its accessor resolved to no ledger: qompack: running in degraded mode"
ts=2026-09-30T01:27:31.1340093Z level=warn msg="scheduler: frontier advance failed; local frontier unchanged"
ts=2026-09-30T01:27:31.1340093Z level=warn msg="daemon: idle task returned an error" name=act.advance_frontier err="checkpoint: frontier sources unavailable: checkpoint: SourceSet.Ledger is nil: its accessor resolved to no ledger: qompack: running in degraded mode"
ts=2026-09-30T01:28:01.1253526Z level=warn msg="scheduler: frontier advance failed; local frontier unchanged"
ts=2026-09-30T01:28:01.1253526Z level=warn msg="daemon: idle task returned an error" name=act.advance_frontier err="checkpoint: frontier sources unavailable: checkpoint: SourceSet.Ledger is nil: its accessor resolved to no ledger: qompack: running in degraded mode"
ts=2026-09-30T01:28:31.1334592Z level=warn msg="scheduler: frontier advance failed; local frontier unchanged"
ts=2026-09-30T01:28:31.1334592Z level=warn msg="daemon: idle task returned an error" name=act.advance_frontier err="checkpoint: frontier sources unavailable: checkpoint: SourceSet.Ledger is nil: its accessor resolved to no ledger: qompack: running in degraded mode"
ts=2026-09-30T01:29:01.1200849Z level=warn msg="scheduler: frontier advance failed; local frontier unchanged"
ts=2026-09-30T01:29:01.1200849Z level=warn msg="daemon: idle task returned an error" name=act.advance_frontier err="checkpoint: frontier sources unavailable: checkpoint: SourceSet.Ledger is nil: its accessor resolved to no ledger: qompack: running in degraded mode"
ts=2026-09-30T01:29:31.1307703Z level=warn msg="scheduler: frontier advance failed; local frontier unchanged"
ts=2026-09-30T01:29:31.1307703Z level=warn msg="daemon: idle task returned an error" name=act.advance_frontier err="checkpoint: frontier sources unavailable: checkpoint: SourceSet.Ledger is nil: its accessor resolved to no ledger: qompack: running in degraded mode"
ts=2026-09-30T01:30:01.1289336Z level=warn msg="scheduler: frontier advance failed; local frontier unchanged"
ts=2026-09-30T01:30:01.1289336Z level=warn msg="daemon: idle task returned an error" name=act.advance_frontier err="checkpoint: frontier sources unavailable: checkpoint: SourceSet.Ledger is nil: its accessor resolved to no ledger: qompack: running in degraded mode"
ts=2026-09-30T01:30:31.1304868Z level=warn msg="scheduler: frontier advance failed; local frontier unchanged"
ts=2026-09-30T01:30:31.1304868Z level=warn msg="daemon: idle task returned an error" name=act.advance_frontier err="checkpoint: frontier sources unavailable: checkpoint: SourceSet.Ledger is nil: its accessor resolved to no ledger: qompack: running in degraded mode"
ts=2026-09-30T01:31:01.1280732Z level=warn msg="scheduler: frontier advance failed; local frontier unchanged"
ts=2026-09-30T01:31:01.1286429Z level=warn msg="daemon: idle task returned an error" name=act.advance_frontier err="checkpoint: frontier sources unavailable: checkpoint: SourceSet.Ledger is nil: its accessor resolved to no ledger: qompack: running in degraded mode"
ts=2026-09-30T01:31:31.1370881Z level=warn msg="scheduler: frontier advance failed; local frontier unchanged"
ts=2026-09-30T01:31:31.1375991Z level=warn msg="daemon: idle task returned an error" name=act.advance_frontier err="checkpoint: frontier sources unavailable: checkpoint: SourceSet.Ledger is nil: its accessor resolved to no ledger: qompack: running in degraded mode"
ts=2026-09-30T01:32:01.1251626Z level=warn msg="scheduler: frontier advance failed; local frontier unchanged"
ts=2026-09-30T01:32:01.1251626Z level=warn msg="daemon: idle task returned an error" name=act.advance_frontier err="checkpoint: frontier sources unavailable: checkpoint: SourceSet.Ledger is nil: its accessor resolved to no ledger: qompack: running in degraded mode"
ts=2026-09-30T01:32:31.1245381Z level=warn msg="scheduler: frontier advance failed; local frontier unchanged"
ts=2026-09-30T01:32:31.1245381Z level=warn msg="daemon: idle task returned an error" name=act.advance_frontier err="checkpoint: frontier sources unavailable: checkpoint: SourceSet.Ledger is nil: its accessor resolved to no ledger: qompack: running in degraded mode"
ts=2026-09-30T01:33:01.1242997Z level=warn msg="scheduler: frontier advance failed; local frontier unchanged"
ts=2026-09-30T01:33:01.1242997Z level=warn msg="daemon: idle task returned an error" name=act.advance_frontier err="checkpoint: frontier sources unavailable: checkpoint: SourceSet.Ledger is nil: its accessor resolved to no ledger: qompack: running in degraded mode"
ts=2026-09-30T01:33:31.1466579Z level=warn msg="scheduler: frontier advance failed; local frontier unchanged"
ts=2026-09-30T01:33:31.1466579Z level=warn msg="daemon: idle task returned an error" name=act.advance_frontier err="checkpoint: frontier sources unavailable: checkpoint: SourceSet.Ledger is nil: its accessor resolved to no ledger: qompack: running in degraded mode"
ts=2026-09-30T01:34:01.1399621Z level=warn msg="scheduler: frontier advance failed; local frontier unchanged"
ts=2026-09-30T01:34:01.1399621Z level=warn msg="daemon: idle task returned an error" name=act.advance_frontier err="checkpoint: frontier sources unavailable: checkpoint: SourceSet.Ledger is nil: its accessor resolved to no ledger: qompack: running in degraded mode"
ts=2026-09-30T01:34:31.1242161Z level=warn msg="scheduler: frontier advance failed; local frontier unchanged"
ts=2026-09-30T01:34:31.1242161Z level=warn msg="daemon: idle task returned an error" name=act.advance_frontier err="checkpoint: frontier sources unavailable: checkpoint: SourceSet.Ledger is nil: its accessor resolved to no ledger: qompack: running in degraded mode"
ts=2026-09-30T01:35:01.1460455Z level=warn msg="scheduler: frontier advance failed; local frontier unchanged"
ts=2026-09-30T01:35:01.1460455Z level=warn msg="daemon: idle task returned an error" name=act.advance_frontier err="checkpoint: frontier sources unavailable: checkpoint: SourceSet.Ledger is nil: its accessor resolved to no ledger: qompack: running in degraded mode"
ts=2026-09-30T01:35:31.145872Z level=warn msg="scheduler: frontier advance failed; local frontier unchanged"
ts=2026-09-30T01:35:31.145872Z level=warn msg="daemon: idle task returned an error" name=act.advance_frontier err="checkpoint: frontier sources unavailable: checkpoint: SourceSet.Ledger is nil: its accessor resolved to no ledger: qompack: running in degraded mode"
ts=2026-09-30T01:36:01.1268969Z level=warn msg="scheduler: frontier advance failed; local frontier unchanged"
ts=2026-09-30T01:36:01.1274413Z level=warn msg="daemon: idle task returned an error" name=act.advance_frontier err="checkpoint: frontier sources unavailable: checkpoint: SourceSet.Ledger is nil: its accessor resolved to no ledger: qompack: running in degraded mode"
ts=2026-09-30T01:36:31.1369183Z level=warn msg="scheduler: frontier advance failed; local frontier unchanged"
ts=2026-09-30T01:36:31.1369183Z level=warn msg="daemon: idle task returned an error" name=act.advance_frontier err="checkpoint: frontier sources unavailable: checkpoint: SourceSet.Ledger is nil: its accessor resolved to no ledger: qompack: running in degraded mode"
ts=2026-09-30T01:37:01.1279631Z level=warn msg="scheduler: frontier advance failed; local frontier unchanged"
ts=2026-09-30T01:37:01.1279631Z level=warn msg="daemon: idle task returned an error" name=act.advance_frontier err="checkpoint: frontier sources unavailable: checkpoint: SourceSet.Ledger is nil: its accessor resolved to no ledger: qompack: running in degraded mode"
ts=2026-09-30T01:37:31.1545734Z level=warn msg="scheduler: frontier advance failed; local frontier unchanged"
ts=2026-09-30T01:37:31.1545734Z level=warn msg="daemon: idle task returned an error" name=act.advance_frontier err="checkpoint: frontier sources unavailable: checkpoint: SourceSet.Ledger is nil: its accessor resolved to no ledger: qompack: running in degraded mode"
ts=2026-09-30T01:38:01.1429668Z level=warn msg="scheduler: frontier advance failed; local frontier unchanged"
ts=2026-09-30T01:38:01.1429668Z level=warn msg="daemon: idle task returned an error" name=act.advance_frontier err="checkpoint: frontier sources unavailable: checkpoint: SourceSet.Ledger is nil: its accessor resolved to no ledger: qompack: running in degraded mode"
ts=2026-09-30T01:38:31.1353118Z level=warn msg="scheduler: frontier advance failed; local frontier unchanged"
ts=2026-09-30T01:38:31.1353118Z level=warn msg="daemon: idle task returned an error" name=act.advance_frontier err="checkpoint: frontier sources unavailable: checkpoint: SourceSet.Ledger is nil: its accessor resolved to no ledger: qompack: running in degraded mode"
ts=2026-09-30T01:39:01.147862Z level=warn msg="scheduler: frontier advance failed; local frontier unchanged"
ts=2026-09-30T01:39:01.147862Z level=warn msg="daemon: idle task returned an error" name=act.advance_frontier err="checkpoint: frontier sources unavailable: checkpoint: SourceSet.Ledger is nil: its accessor resolved to no ledger: qompack: running in degraded mode"
ts=2026-09-30T01:39:31.1296521Z level=warn msg="scheduler: frontier advance failed; local frontier unchanged"
ts=2026-09-30T01:39:31.1296521Z level=warn msg="daemon: idle task returned an error" name=act.advance_frontier err="checkpoint: frontier sources unavailable: checkpoint: SourceSet.Ledger is nil: its accessor resolved to no ledger: qompack: running in degraded mode"
ts=2026-09-30T01:40:01.1441859Z level=warn msg="scheduler: frontier advance failed; local frontier unchanged"
ts=2026-09-30T01:40:01.1441859Z level=warn msg="daemon: idle task returned an error" name=act.advance_frontier err="checkpoint: frontier sources unavailable: checkpoint: SourceSet.Ledger is nil: its accessor resolved to no ledger: qompack: running in degraded mode"
ts=2026-09-30T01:40:31.147151Z level=warn msg="scheduler: frontier advance failed; local frontier unchanged"
ts=2026-09-30T01:40:31.1478379Z level=warn msg="daemon: idle task returned an error" name=act.advance_frontier err="checkpoint: frontier sources unavailable: checkpoint: SourceSet.Ledger is nil: its accessor resolved to no ledger: qompack: running in degraded mode"
ts=2026-09-30T01:41:01.1357273Z level=warn msg="scheduler: frontier advance failed; local frontier unchanged"
ts=2026-09-30T01:41:01.1357273Z level=warn msg="daemon: idle task returned an error" name=act.advance_frontier err="checkpoint: frontier sources unavailable: checkpoint: SourceSet.Ledger is nil: its accessor resolved to no ledger: qompack: running in degraded mode"
ts=2026-09-30T01:41:31.1475585Z level=warn msg="scheduler: frontier advance failed; local frontier unchanged"
ts=2026-09-30T01:41:31.1475585Z level=warn msg="daemon: idle task returned an error" name=act.advance_frontier err="checkpoint: frontier sources unavailable: checkpoint: SourceSet.Ledger is nil: its accessor resolved to no ledger: qompack: running in degraded mode"
ts=2026-09-30T01:42:01.1459505Z level=warn msg="scheduler: frontier advance failed; local frontier unchanged"
ts=2026-09-30T01:42:01.1459505Z level=warn msg="daemon: idle task returned an error" name=act.advance_frontier err="checkpoint: frontier sources unavailable: checkpoint: SourceSet.Ledger is nil: its accessor resolved to no ledger: qompack: running in degraded mode"
ts=2026-09-30T01:42:31.1282719Z level=warn msg="scheduler: frontier advance failed; local frontier unchanged"
ts=2026-09-30T01:42:31.1282719Z level=warn msg="daemon: idle task returned an error" name=act.advance_frontier err="checkpoint: frontier sources unavailable: checkpoint: SourceSet.Ledger is nil: its accessor resolved to no ledger: qompack: running in degraded mode"
ts=2026-09-30T01:43:01.1396781Z level=warn msg="scheduler: frontier advance failed; local frontier unchanged"
ts=2026-09-30T01:43:01.1396781Z level=warn msg="daemon: idle task returned an error" name=act.advance_frontier err="checkpoint: frontier sources unavailable: checkpoint: SourceSet.Ledger is nil: its accessor resolved to no ledger: qompack: running in degraded mode"
ts=2026-09-30T01:43:31.1403882Z level=warn msg="scheduler: frontier advance failed; local frontier unchanged"
ts=2026-09-30T01:43:31.1403882Z level=warn msg="daemon: idle task returned an error" name=act.advance_frontier err="checkpoint: frontier sources unavailable: checkpoint: SourceSet.Ledger is nil: its accessor resolved to no ledger: qompack: running in degraded mode"
ts=2026-09-30T01:44:01.1249489Z level=warn msg="scheduler: frontier advance failed; local frontier unchanged"
ts=2026-09-30T01:44:01.1249489Z level=warn msg="daemon: idle task returned an error" name=act.advance_frontier err="checkpoint: frontier sources unavailable: checkpoint: SourceSet.Ledger is nil: its accessor resolved to no ledger: qompack: running in degraded mode"
ts=2026-09-30T01:44:31.1398819Z level=warn msg="scheduler: frontier advance failed; local frontier unchanged"
ts=2026-09-30T01:44:31.1398819Z level=warn msg="daemon: idle task returned an error" name=act.advance_frontier err="checkpoint: frontier sources unavailable: checkpoint: SourceSet.Ledger is nil: its accessor resolved to no ledger: qompack: running in degraded mode"
ts=2026-09-30T01:45:01.1414478Z level=warn msg="scheduler: frontier advance failed; local frontier unchanged"
ts=2026-09-30T01:45:01.1414478Z level=warn msg="daemon: idle task returned an error" name=act.advance_frontier err="checkpoint: frontier sources unavailable: checkpoint: SourceSet.Ledger is nil: its accessor resolved to no ledger: qompack: running in degraded mode"
ts=2026-09-30T01:45:31.1423439Z level=warn msg="scheduler: frontier advance failed; local frontier unchanged"
ts=2026-09-30T01:45:31.1423439Z level=warn msg="daemon: idle task returned an error" name=act.advance_frontier err="checkpoint: frontier sources unavailable: checkpoint: SourceSet.Ledger is nil: its accessor resolved to no ledger: qompack: running in degraded mode"
ts=2026-09-30T01:46:01.1403904Z level=warn msg="scheduler: frontier advance failed; local frontier unchanged"
ts=2026-09-30T01:46:01.1403904Z level=warn msg="daemon: idle task returned an error" name=act.advance_frontier err="checkpoint: frontier sources unavailable: checkpoint: SourceSet.Ledger is nil: its accessor resolved to no ledger: qompack: running in degraded mode"
ts=2026-09-30T01:46:31.1438166Z level=warn msg="scheduler: frontier advance failed; local frontier unchanged"
ts=2026-09-30T01:46:31.1438166Z level=warn msg="daemon: idle task returned an error" name=act.advance_frontier err="checkpoint: frontier sources unavailable: checkpoint: SourceSet.Ledger is nil: its accessor resolved to no ledger: qompack: running in degraded mode"
ts=2026-09-30T01:47:01.1417307Z level=warn msg="scheduler: frontier advance failed; local frontier unchanged"
ts=2026-09-30T01:47:01.1417307Z level=warn msg="daemon: idle task returned an error" name=act.advance_frontier err="checkpoint: frontier sources unavailable: checkpoint: SourceSet.Ledger is nil: its accessor resolved to no ledger: qompack: running in degraded mode"
ts=2026-09-30T01:47:31.1380737Z level=warn msg="scheduler: frontier advance failed; local frontier unchanged"
ts=2026-09-30T01:47:31.1384341Z level=warn msg="daemon: idle task returned an error" name=act.advance_frontier err="checkpoint: frontier sources unavailable: checkpoint: SourceSet.Ledger is nil: its accessor resolved to no ledger: qompack: running in degraded mode"
ts=2026-09-30T01:48:01.1374135Z level=warn msg="scheduler: frontier advance failed; local frontier unchanged"
ts=2026-09-30T01:48:01.1374135Z level=warn msg="daemon: idle task returned an error" name=act.advance_frontier err="checkpoint: frontier sources unavailable: checkpoint: SourceSet.Ledger is nil: its accessor resolved to no ledger: qompack: running in degraded mode"
ts=2026-09-30T01:48:31.1380684Z level=warn msg="scheduler: frontier advance failed; local frontier unchanged"
ts=2026-09-30T01:48:31.1380684Z level=warn msg="daemon: idle task returned an error" name=act.advance_frontier err="checkpoint: frontier sources unavailable: checkpoint: SourceSet.Ledger is nil: its accessor resolved to no ledger: qompack: running in degraded mode"
ts=2026-09-30T01:49:01.1352584Z level=warn msg="scheduler: frontier advance failed; local frontier unchanged"
ts=2026-09-30T01:49:01.1352584Z level=warn msg="daemon: idle task returned an error" name=act.advance_frontier err="checkpoint: frontier sources unavailable: checkpoint: SourceSet.Ledger is nil: its accessor resolved to no ledger: qompack: running in degraded mode"
ts=2026-09-30T01:49:31.1428296Z level=warn msg="scheduler: frontier advance failed; local frontier unchanged"
ts=2026-09-30T01:49:31.1428296Z level=warn msg="daemon: idle task returned an error" name=act.advance_frontier err="checkpoint: frontier sources unavailable: checkpoint: SourceSet.Ledger is nil: its accessor resolved to no ledger: qompack: running in degraded mode"
ts=2026-09-30T01:50:01.139232Z level=warn msg="scheduler: frontier advance failed; local frontier unchanged"
ts=2026-09-30T01:50:01.1397756Z level=warn msg="daemon: idle task returned an error" name=act.advance_frontier err="checkpoint: frontier sources unavailable: checkpoint: SourceSet.Ledger is nil: its accessor resolved to no ledger: qompack: running in degraded mode"
ts=2026-09-30T01:50:31.1407518Z level=warn msg="scheduler: frontier advance failed; local frontier unchanged"
ts=2026-09-30T01:50:31.1407518Z level=warn msg="daemon: idle task returned an error" name=act.advance_frontier err="checkpoint: frontier sources unavailable: checkpoint: SourceSet.Ledger is nil: its accessor resolved to no ledger: qompack: running in degraded mode"
ts=2026-09-30T01:51:01.1419384Z level=warn msg="scheduler: frontier advance failed; local frontier unchanged"
ts=2026-09-30T01:51:01.1419384Z level=warn msg="daemon: idle task returned an error" name=act.advance_frontier err="checkpoint: frontier sources unavailable: checkpoint: SourceSet.Ledger is nil: its accessor resolved to no ledger: qompack: running in degraded mode"
ts=2026-09-30T01:51:31.1325155Z level=warn msg="scheduler: frontier advance failed; local frontier unchanged"
ts=2026-09-30T01:51:31.1325155Z level=warn msg="daemon: idle task returned an error" name=act.advance_frontier err="checkpoint: frontier sources unavailable: checkpoint: SourceSet.Ledger is nil: its accessor resolved to no ledger: qompack: running in degraded mode"
ts=2026-09-30T01:52:01.1383872Z level=warn msg="scheduler: frontier advance failed; local frontier unchanged"
ts=2026-09-30T01:52:01.1383872Z level=warn msg="daemon: idle task returned an error" name=act.advance_frontier err="checkpoint: frontier sources unavailable: checkpoint: SourceSet.Ledger is nil: its accessor resolved to no ledger: qompack: running in degraded mode"
ts=2026-09-30T01:52:38.8750409Z level=info msg="scheduler: idle work registered" tasks="[act.advance_frontier precompute_slice refresh_delta rebuild_bloom compact_dag gc]" maintainer=false
ts=2026-09-30T01:53:08.9401242Z level=warn msg="checkpoint: no usable source set; the frontier is not advancing" err="checkpoint: SourceSet.Ledger is nil: its accessor resolved to no ledger: qompack: running in degraded mode"
