=== RUN   TestZZStartroute_ColdStart
    zz_startroute_coldstart_diag_test.go:241: GOOS=windows NumCPU=22 cpu-coload="" iters=6
    zz_startroute_coldstart_diag_test.go:252: ROW mode=unstaged    source=startup i=0 wall=  350ms up=  290ms(ok=true) spooled=false answer=probe                                    probe_minted=true  sessions=1 mode=full drop=""
    zz_startroute_coldstart_diag_test.go:252: ROW mode=unstaged    source=startup i=1 wall=  179ms up=  111ms(ok=true) spooled=false answer=probe                                    probe_minted=true  sessions=1 mode=full drop=""
    zz_startroute_coldstart_diag_test.go:252: ROW mode=unstaged    source=startup i=2 wall=  182ms up=  121ms(ok=true) spooled=false answer=probe                                    probe_minted=true  sessions=1 mode=full drop=""
    zz_startroute_coldstart_diag_test.go:252: ROW mode=unstaged    source=startup i=3 wall=  176ms up=  111ms(ok=true) spooled=false answer=probe                                    probe_minted=true  sessions=1 mode=full drop=""
    zz_startroute_coldstart_diag_test.go:252: ROW mode=unstaged    source=startup i=4 wall=  163ms up=  100ms(ok=true) spooled=false answer=probe                                    probe_minted=true  sessions=1 mode=full drop=""
    zz_startroute_coldstart_diag_test.go:252: ROW mode=unstaged    source=startup i=5 wall=  244ms up=  151ms(ok=true) spooled=false answer=probe                                    probe_minted=true  sessions=1 mode=full drop=""
    zz_startroute_coldstart_diag_test.go:252: ROW mode=unstaged    source=resume  i=0 wall=  191ms up=  121ms(ok=true) spooled=false answer=probe                                    probe_minted=true  sessions=1 mode=full drop=""
    zz_startroute_coldstart_diag_test.go:252: ROW mode=unstaged    source=resume  i=1 wall=  192ms up=  120ms(ok=true) spooled=false answer=probe                                    probe_minted=true  sessions=1 mode=full drop=""
    zz_startroute_coldstart_diag_test.go:252: ROW mode=unstaged    source=resume  i=2 wall=  184ms up=  120ms(ok=true) spooled=false answer=probe                                    probe_minted=true  sessions=1 mode=full drop=""
    zz_startroute_coldstart_diag_test.go:252: ROW mode=unstaged    source=resume  i=3 wall=  216ms up=  131ms(ok=true) spooled=false answer=probe                                    probe_minted=true  sessions=1 mode=full drop=""
    zz_startroute_coldstart_diag_test.go:252: ROW mode=unstaged    source=resume  i=4 wall=  196ms up=  121ms(ok=true) spooled=false answer=probe                                    probe_minted=true  sessions=1 mode=full drop=""
    zz_startroute_coldstart_diag_test.go:252: ROW mode=unstaged    source=resume  i=5 wall=  209ms up=  121ms(ok=true) spooled=false answer=probe                                    probe_minted=true  sessions=1 mode=full drop=""
    zz_startroute_coldstart_diag_test.go:252: ROW mode=unstaged    source=compact i=0 wall=  492ms up=  388ms(ok=true) spooled=false answer=rehydration+probe                        probe_minted=true  sessions=2 mode=full drop="pointer_git_unavailable:checkpoint: no .git at the project root"
    zz_startroute_coldstart_diag_test.go:252: ROW mode=unstaged    source=compact i=1 wall=  411ms up=  305ms(ok=true) spooled=false answer=rehydration+probe                        probe_minted=true  sessions=2 mode=full drop="pointer_git_unavailable:checkpoint: no .git at the project root"
    zz_startroute_coldstart_diag_test.go:252: ROW mode=unstaged    source=compact i=2 wall=  400ms up=  294ms(ok=true) spooled=false answer=rehydration+probe                        probe_minted=true  sessions=2 mode=full drop="pointer_git_unavailable:checkpoint: no .git at the project root"
    zz_startroute_coldstart_diag_test.go:252: ROW mode=unstaged    source=compact i=3 wall=  391ms up=  287ms(ok=true) spooled=false answer=rehydration+probe                        probe_minted=true  sessions=2 mode=full drop="pointer_git_unavailable:checkpoint: no .git at the project root"
    zz_startroute_coldstart_diag_test.go:252: ROW mode=unstaged    source=compact i=4 wall=  411ms up=  304ms(ok=true) spooled=false answer=rehydration+probe                        probe_minted=true  sessions=2 mode=full drop="pointer_git_unavailable:checkpoint: no .git at the project root"
    zz_startroute_coldstart_diag_test.go:252: ROW mode=unstaged    source=compact i=5 wall=  419ms up=  316ms(ok=true) spooled=false answer=rehydration+probe                        probe_minted=true  sessions=2 mode=full drop="pointer_git_unavailable:checkpoint: no .git at the project root"
    zz_startroute_coldstart_diag_test.go:252: ROW mode=staged-cold source=startup i=0 wall=  755ms up=  672ms(ok=true) spooled=false answer=probe                                    probe_minted=true  sessions=1 mode=full drop=""
    zz_startroute_coldstart_diag_test.go:252: ROW mode=staged-cold source=startup i=1 wall=  682ms up=  611ms(ok=true) spooled=false answer=probe                                    probe_minted=true  sessions=1 mode=full drop=""
    zz_startroute_coldstart_diag_test.go:252: ROW mode=staged-cold source=startup i=2 wall=  644ms up=  571ms(ok=true) spooled=false answer=probe                                    probe_minted=true  sessions=1 mode=full drop=""
    zz_startroute_coldstart_diag_test.go:252: ROW mode=staged-cold source=startup i=3 wall=  683ms up=  601ms(ok=true) spooled=false answer=probe                                    probe_minted=true  sessions=1 mode=full drop=""
    zz_startroute_coldstart_diag_test.go:252: ROW mode=staged-cold source=startup i=4 wall=  655ms up=  591ms(ok=true) spooled=false answer=probe                                    probe_minted=true  sessions=1 mode=full drop=""
    zz_startroute_coldstart_diag_test.go:252: ROW mode=staged-cold source=startup i=5 wall=  649ms up=  571ms(ok=true) spooled=false answer=probe                                    probe_minted=true  sessions=1 mode=full drop=""
    zz_startroute_coldstart_diag_test.go:252: ROW mode=staged-cold source=resume  i=0 wall=  615ms up=  551ms(ok=true) spooled=false answer=probe                                    probe_minted=true  sessions=1 mode=full drop=""
    zz_startroute_coldstart_diag_test.go:252: ROW mode=staged-cold source=resume  i=1 wall=  654ms up=  581ms(ok=true) spooled=false answer=probe                                    probe_minted=true  sessions=1 mode=full drop=""
    zz_startroute_coldstart_diag_test.go:252: ROW mode=staged-cold source=resume  i=2 wall=  626ms up=  570ms(ok=true) spooled=false answer=probe                                    probe_minted=true  sessions=1 mode=full drop=""
    zz_startroute_coldstart_diag_test.go:252: ROW mode=staged-cold source=resume  i=3 wall=  602ms up=  552ms(ok=true) spooled=false answer=probe                                    probe_minted=true  sessions=1 mode=full drop=""
    zz_startroute_coldstart_diag_test.go:252: ROW mode=staged-cold source=resume  i=4 wall=  677ms up=  611ms(ok=true) spooled=false answer=probe                                    probe_minted=true  sessions=1 mode=full drop=""
    zz_startroute_coldstart_diag_test.go:252: ROW mode=staged-cold source=resume  i=5 wall=  698ms up=  612ms(ok=true) spooled=false answer=probe                                    probe_minted=true  sessions=1 mode=full drop=""
    zz_startroute_coldstart_diag_test.go:252: ROW mode=staged-cold source=compact i=0 wall=  661ms up=  555ms(ok=true) spooled=false answer=rehydration+probe                        probe_minted=true  sessions=2 mode=full drop="pointer_git_unavailable:checkpoint: no .git at the project root"
    zz_startroute_coldstart_diag_test.go:252: ROW mode=staged-cold source=compact i=1 wall=  751ms up=  635ms(ok=true) spooled=false answer=rehydration+probe                        probe_minted=true  sessions=2 mode=full drop="pointer_git_unavailable:checkpoint: no .git at the project root"
    zz_startroute_coldstart_diag_test.go:252: ROW mode=staged-cold source=compact i=2 wall=  716ms up=  594ms(ok=true) spooled=false answer=rehydration+probe                        probe_minted=true  sessions=2 mode=full drop="pointer_git_unavailable:checkpoint: no .git at the project root"
    zz_startroute_coldstart_diag_test.go:252: ROW mode=staged-cold source=compact i=3 wall=  716ms up=  587ms(ok=true) spooled=false answer=rehydration+probe                        probe_minted=true  sessions=2 mode=full drop="pointer_git_unavailable:checkpoint: no .git at the project root"
    zz_startroute_coldstart_diag_test.go:252: ROW mode=staged-cold source=compact i=4 wall=  672ms up=  534ms(ok=true) spooled=false answer=rehydration+probe                        probe_minted=true  sessions=2 mode=full drop="pointer_git_unavailable:checkpoint: no .git at the project root"
    zz_startroute_coldstart_diag_test.go:252: ROW mode=staged-cold source=compact i=5 wall=  724ms up=  615ms(ok=true) spooled=false answer=rehydration+probe                        probe_minted=true  sessions=2 mode=full drop="pointer_git_unavailable:checkpoint: no .git at the project root"
    zz_startroute_coldstart_diag_test.go:287: SUMMARY mode=unstaged    source=startup n=6 spooled=0 wall p50=179ms max=350ms up p50=111ms max=290ms answers=map[probe:6] not-full=0
    zz_startroute_coldstart_diag_test.go:287: SUMMARY mode=unstaged    source=resume  n=6 spooled=0 wall p50=192ms max=216ms up p50=121ms max=131ms answers=map[probe:6] not-full=0
    zz_startroute_coldstart_diag_test.go:287: SUMMARY mode=unstaged    source=compact n=6 spooled=0 wall p50=411ms max=492ms up p50=304ms max=388ms answers=map[rehydration+probe:6] not-full=0
    zz_startroute_coldstart_diag_test.go:287: SUMMARY mode=staged-cold source=startup n=6 spooled=0 wall p50=655ms max=755ms up p50=591ms max=672ms answers=map[probe:6] not-full=0
    zz_startroute_coldstart_diag_test.go:287: SUMMARY mode=staged-cold source=resume  n=6 spooled=0 wall p50=626ms max=698ms up p50=570ms max=612ms answers=map[probe:6] not-full=0
    zz_startroute_coldstart_diag_test.go:287: SUMMARY mode=staged-cold source=compact n=6 spooled=0 wall p50=716ms max=751ms up p50=587ms max=635ms answers=map[rehydration+probe:6] not-full=0
--- PASS: TestZZStartroute_ColdStart (93.89s)
PASS
ok  	github.com/qompack/qompack/test/e2e	94.101s
