=== RUN   TestZZStartroute_ColdStart
    zz_startroute_coldstart_diag_test.go:241: GOOS=windows NumCPU=22 cpu-coload="1" iters=6
    zz_startroute_coldstart_diag_test.go:252: ROW mode=unstaged    source=startup i=0 wall=  852ms up=  836ms(ok=true) spooled=false answer=probe                                    probe_minted=true  sessions=1 mode=full drop=""
    zz_startroute_coldstart_diag_test.go:252: ROW mode=unstaged    source=startup i=1 wall=  275ms up=  198ms(ok=true) spooled=false answer=probe                                    probe_minted=true  sessions=1 mode=full drop=""
    zz_startroute_coldstart_diag_test.go:252: ROW mode=unstaged    source=startup i=2 wall=  549ms up=  533ms(ok=true) spooled=false answer=probe                                    probe_minted=true  sessions=1 mode=full drop=""
    zz_startroute_coldstart_diag_test.go:252: ROW mode=unstaged    source=startup i=3 wall=  427ms up=  406ms(ok=true) spooled=false answer=probe                                    probe_minted=true  sessions=1 mode=full drop=""
    zz_startroute_coldstart_diag_test.go:252: ROW mode=unstaged    source=startup i=4 wall=  596ms up=  579ms(ok=true) spooled=false answer=probe                                    probe_minted=true  sessions=1 mode=full drop=""
    zz_startroute_coldstart_diag_test.go:252: ROW mode=unstaged    source=startup i=5 wall=  321ms up=  276ms(ok=true) spooled=false answer=probe                                    probe_minted=true  sessions=1 mode=full drop=""
    zz_startroute_coldstart_diag_test.go:252: ROW mode=unstaged    source=compact i=0 wall=  612ms up=  606ms(ok=true) spooled=false answer=rehydration+probe                        probe_minted=true  sessions=2 mode=full drop="pointer_git_unavailable:checkpoint: no .git at the project root"
    zz_startroute_coldstart_diag_test.go:252: ROW mode=unstaged    source=compact i=1 wall=  801ms up=  801ms(ok=true) spooled=false answer=rehydration+probe                        probe_minted=true  sessions=2 mode=full drop="pointer_git_unavailable:checkpoint: no .git at the project root"
    zz_startroute_coldstart_diag_test.go:252: ROW mode=unstaged    source=compact i=2 wall=  618ms up=  546ms(ok=true) spooled=false answer=rehydration+probe                        probe_minted=true  sessions=2 mode=full drop="pointer_git_unavailable:checkpoint: no .git at the project root"
    zz_startroute_coldstart_diag_test.go:252: ROW mode=unstaged    source=compact i=3 wall= 5542ms up= 5524ms(ok=true) spooled=false answer=rehydration+probe                        probe_minted=true  sessions=2 mode=full drop="pointer_git_unavailable:checkpoint: no .git at the project root"
    zz_startroute_coldstart_diag_test.go:252: ROW mode=unstaged    source=compact i=4 wall= 5824ms up= 5851ms(ok=true) spooled=false answer=rehydration+probe                        probe_minted=true  sessions=2 mode=full drop="pointer_git_unavailable:checkpoint: no .git at the project root"
    zz_startroute_coldstart_diag_test.go:252: ROW mode=unstaged    source=compact i=5 wall=  559ms up=  561ms(ok=true) spooled=false answer=rehydration+probe                        probe_minted=true  sessions=2 mode=full drop="pointer_git_unavailable:checkpoint: no .git at the project root"
    zz_startroute_coldstart_diag_test.go:252: ROW mode=staged-cold source=startup i=0 wall= 1646ms up= 1516ms(ok=true) spooled=false answer=probe                                    probe_minted=true  sessions=1 mode=full drop=""
    zz_startroute_coldstart_diag_test.go:252: ROW mode=staged-cold source=startup i=1 wall= 1386ms up= 1478ms(ok=true) spooled=false answer=probe                                    probe_minted=true  sessions=1 mode=full drop=""
    zz_startroute_coldstart_diag_test.go:252: ROW mode=staged-cold source=startup i=2 wall= 1580ms up= 1553ms(ok=true) spooled=false answer=probe                                    probe_minted=true  sessions=1 mode=full drop=""
    zz_startroute_coldstart_diag_test.go:252: ROW mode=staged-cold source=startup i=3 wall= 1951ms up= 2060ms(ok=true) spooled=false answer=probe                                    probe_minted=true  sessions=1 mode=full drop=""
    zz_startroute_coldstart_diag_test.go:252: ROW mode=staged-cold source=startup i=4 wall= 5019ms up= 5049ms(ok=true) spooled=false answer=probe                                    probe_minted=true  sessions=1 mode=full drop=""
    zz_startroute_coldstart_diag_test.go:252: ROW mode=staged-cold source=startup i=5 wall=11275ms up=11343ms(ok=true) spooled=false answer=probe                                    probe_minted=true  sessions=1 mode=full drop=""
    zz_startroute_coldstart_diag_test.go:252: ROW mode=staged-cold source=compact i=0 wall= 1473ms up= 1346ms(ok=true) spooled=false answer=rehydration+probe                        probe_minted=true  sessions=2 mode=full drop="pointer_git_unavailable:checkpoint: no .git at the project root"
    zz_startroute_coldstart_diag_test.go:252: ROW mode=staged-cold source=compact i=1 wall= 1425ms up= 1727ms(ok=true) spooled=false answer=rehydration+probe                        probe_minted=true  sessions=2 mode=full drop="pointer_git_unavailable:checkpoint: no .git at the project root"
    zz_startroute_coldstart_diag_test.go:252: ROW mode=staged-cold source=compact i=2 wall= 1772ms up= 1676ms(ok=true) spooled=false answer=rehydration+probe                        probe_minted=true  sessions=2 mode=full drop="pointer_git_unavailable:checkpoint: no .git at the project root"
    zz_startroute_coldstart_diag_test.go:252: ROW mode=staged-cold source=compact i=3 wall= 1191ms up= 1116ms(ok=true) spooled=false answer=rehydration+probe                        probe_minted=true  sessions=2 mode=full drop="pointer_git_unavailable:checkpoint: no .git at the project root"
    zz_startroute_coldstart_diag_test.go:252: ROW mode=staged-cold source=compact i=4 wall= 1253ms up= 1352ms(ok=true) spooled=false answer=rehydration+probe                        probe_minted=true  sessions=2 mode=full drop="pointer_git_unavailable:checkpoint: no .git at the project root"
    zz_startroute_coldstart_diag_test.go:252: ROW mode=staged-cold source=compact i=5 wall= 5480ms up= 5389ms(ok=true) spooled=false answer=rehydration+probe                        probe_minted=true  sessions=2 mode=full drop="pointer_git_unavailable:checkpoint: no .git at the project root"
    zz_startroute_coldstart_diag_test.go:287: SUMMARY mode=unstaged    source=startup n=6 spooled=0 wall p50=427ms max=852ms up p50=406ms max=836ms answers=map[probe:6] not-full=0
    zz_startroute_coldstart_diag_test.go:287: SUMMARY mode=unstaged    source=compact n=6 spooled=0 wall p50=618ms max=5824ms up p50=606ms max=5851ms answers=map[rehydration+probe:6] not-full=0
    zz_startroute_coldstart_diag_test.go:287: SUMMARY mode=staged-cold source=startup n=6 spooled=0 wall p50=1646ms max=11275ms up p50=1553ms max=11343ms answers=map[probe:6] not-full=0
    zz_startroute_coldstart_diag_test.go:287: SUMMARY mode=staged-cold source=compact n=6 spooled=0 wall p50=1425ms max=5480ms up p50=1352ms max=5389ms answers=map[rehydration+probe:6] not-full=0
--- PASS: TestZZStartroute_ColdStart (196.70s)
PASS
ok  	github.com/qompack/qompack/test/e2e	196.921s
