=== RUN   TestZZStartroute_ColdStart
    zz_startroute_coldstart_diag_test.go:247: GOOS=windows NumCPU=22 cpu-coload="1" iters=12
    zz_startroute_coldstart_diag_test.go:258: ROW mode=prespawned  source=startup i=0 wall=17998ms up=30000ms(ok=false) spooled=true  answer={}                                       probe_minted=false sessions=0 mode= drop=""
    zz_startroute_coldstart_diag_test.go:258: ROW mode=prespawned  source=startup i=1 wall=15476ms up=30000ms(ok=false) spooled=true  answer={}                                       probe_minted=false sessions=0 mode= drop=""
    zz_startroute_coldstart_diag_test.go:258: ROW mode=prespawned  source=startup i=2 wall=17558ms up=30000ms(ok=false) spooled=true  answer={}                                       probe_minted=false sessions=0 mode= drop=""
    zz_startroute_coldstart_diag_test.go:258: ROW mode=prespawned  source=startup i=3 wall=18239ms up=30000ms(ok=false) spooled=true  answer={}                                       probe_minted=false sessions=0 mode= drop=""
    zz_startroute_coldstart_diag_test.go:258: ROW mode=prespawned  source=startup i=4 wall=15330ms up=30000ms(ok=false) spooled=true  answer={}                                       probe_minted=false sessions=0 mode= drop=""
    zz_startroute_coldstart_diag_test.go:258: ROW mode=prespawned  source=startup i=5 wall= 3911ms up=16050ms(ok=true) spooled=true  answer={}                                       probe_minted=false sessions=1 mode=full drop=""
    zz_startroute_coldstart_diag_test.go:258: ROW mode=prespawned  source=startup i=6 wall= 1373ms up=  970ms(ok=true) spooled=false answer=probe                                    probe_minted=true  sessions=1 mode=full drop=""
    zz_startroute_coldstart_diag_test.go:258: ROW mode=prespawned  source=startup i=7 wall= 4333ms up= 6493ms(ok=true) spooled=true  answer={}                                       probe_minted=false sessions=1 mode=full drop=""
    zz_startroute_coldstart_diag_test.go:258: ROW mode=prespawned  source=startup i=8 wall= 3088ms up= 6700ms(ok=true) spooled=true  answer={}                                       probe_minted=false sessions=1 mode=full drop=""
    zz_startroute_coldstart_diag_test.go:258: ROW mode=prespawned  source=startup i=9 wall= 1502ms up= 1342ms(ok=true) spooled=false answer=probe                                    probe_minted=true  sessions=1 mode=full drop=""
    zz_startroute_coldstart_diag_test.go:258: ROW mode=prespawned  source=startup i=10 wall= 2316ms up=15036ms(ok=true) spooled=true  answer={}                                       probe_minted=false sessions=1 mode=full drop=""
    zz_startroute_coldstart_diag_test.go:258: ROW mode=prespawned  source=startup i=11 wall= 2040ms up= 2316ms(ok=true) spooled=false answer=probe                                    probe_minted=true  sessions=1 mode=full drop=""
    zz_startroute_coldstart_diag_test.go:258: ROW mode=prespawned  source=compact i=0 wall= 3500ms up= 8442ms(ok=true) spooled=true  answer=note(the Qompack daemon did not answer in time) probe_minted=false sessions=2 mode=degraded-passive drop=""
    zz_startroute_coldstart_diag_test.go:258: ROW mode=prespawned  source=compact i=1 wall= 3575ms up= 2888ms(ok=true) spooled=false answer=rehydration+probe                        probe_minted=true  sessions=2 mode=full drop="pointer_git_unavailable:checkpoint: no .git at the project root"
    zz_startroute_coldstart_diag_test.go:258: ROW mode=prespawned  source=compact i=2 wall= 3651ms up= 6729ms(ok=true) spooled=true  answer=note(the Qompack daemon did not answer in time) probe_minted=true  sessions=2 mode=full drop="rehydration:not delivered: no answer from the daemon reached the Session"
    zz_startroute_coldstart_diag_test.go:258: ROW mode=prespawned  source=compact i=3 wall= 2878ms up= 4149ms(ok=true) spooled=true  answer=note(the Qompack daemon did not answer in time) probe_minted=true  sessions=2 mode=full drop="rehydration:not delivered: no answer from the daemon reached the Session"
    zz_startroute_coldstart_diag_test.go:258: ROW mode=prespawned  source=compact i=4 wall= 2718ms up= 2189ms(ok=true) spooled=false answer=rehydration+probe                        probe_minted=true  sessions=2 mode=full drop="pointer_git_unavailable:checkpoint: no .git at the project root"
    zz_startroute_coldstart_diag_test.go:258: ROW mode=prespawned  source=compact i=5 wall= 3205ms up= 2775ms(ok=true) spooled=false answer={}+banner                                probe_minted=true  sessions=2 mode=degraded-passive drop=""
    zz_startroute_coldstart_diag_test.go:258: ROW mode=prespawned  source=compact i=6 wall= 2868ms up= 2874ms(ok=true) spooled=false answer=rehydration+probe                        probe_minted=true  sessions=2 mode=full drop="pointer_git_unavailable:checkpoint: no .git at the project root"
    zz_startroute_coldstart_diag_test.go:258: ROW mode=prespawned  source=compact i=7 wall= 3356ms up= 2223ms(ok=true) spooled=false answer=rehydration+probe                        probe_minted=true  sessions=2 mode=full drop="pointer_git_unavailable:checkpoint: no .git at the project root"
    zz_startroute_coldstart_diag_test.go:258: ROW mode=prespawned  source=compact i=8 wall= 3421ms up= 4351ms(ok=true) spooled=true  answer=note(the Qompack daemon did not answer in time) probe_minted=true  sessions=2 mode=full drop="rehydration:not delivered: no answer from the daemon reached the Session"
    zz_startroute_coldstart_diag_test.go:258: ROW mode=prespawned  source=compact i=9 wall= 3084ms up= 2437ms(ok=true) spooled=false answer=rehydration+probe                        probe_minted=true  sessions=2 mode=full drop="pointer_git_unavailable:checkpoint: no .git at the project root"
    zz_startroute_coldstart_diag_test.go:258: ROW mode=prespawned  source=compact i=10 wall= 4432ms up= 5559ms(ok=true) spooled=true  answer=note(the Qompack daemon did not answer in time) probe_minted=true  sessions=2 mode=full drop="rehydration:not delivered: no answer from the daemon reached the Session"
    zz_startroute_coldstart_diag_test.go:258: ROW mode=prespawned  source=compact i=11 wall= 3811ms up= 3188ms(ok=true) spooled=false answer=rehydration+probe                        probe_minted=true  sessions=2 mode=full drop="pointer_git_unavailable:checkpoint: no .git at the project root"
    zz_startroute_coldstart_diag_test.go:293: SUMMARY mode=prespawned  source=startup n=12 spooled=9 wall p50=3911ms max=18239ms up p50=15036ms max=30000ms answers=map[probe:3 {}:9] not-full=0
    zz_startroute_coldstart_diag_test.go:293: SUMMARY mode=prespawned  source=compact n=12 spooled=5 wall p50=3356ms max=4432ms up p50=2888ms max=8442ms answers=map[note(the Qompack daemon did not answer in time):5 rehydration+probe:6 {}+banner:1] not-full=2
--- PASS: TestZZStartroute_ColdStart (511.12s)
PASS
ok  	github.com/qompack/qompack/test/e2e	511.359s
