=== RUN   TestE2E_SessionStartCompactFitsTheHostCap
    c114_hostcap_test.go:59: compact additionalContext: 7378 host characters (ceiling 9500, host cap 10000); restorable rules offered: 15750
--- PASS: TestE2E_SessionStartCompactFitsTheHostCap (4.73s)
=== RUN   TestE2EHookRoundTrip
--- PASS: TestE2EHookRoundTrip (13.57s)
=== RUN   TestE2ELazySpawn
--- PASS: TestE2ELazySpawn (1.65s)
=== RUN   TestHooksExitZeroUnderFaults
=== RUN   TestHooksExitZeroUnderFaults/PostToolUse/stdin-eof
=== RUN   TestHooksExitZeroUnderFaults/PostToolUse/stdin-garbage
=== RUN   TestHooksExitZeroUnderFaults/PostToolUse/oversize
=== RUN   TestHooksExitZeroUnderFaults/PostToolUse/daemon-down
=== RUN   TestHooksExitZeroUnderFaults/PostToolUse/spool-readonly
=== RUN   TestHooksExitZeroUnderFaults/PostToolUse/spool-full:0
=== RUN   TestHooksExitZeroUnderFaults/PostToolUse/disk-full
=== RUN   TestHooksExitZeroUnderFaults/PostToolUse/state-corrupt
=== RUN   TestHooksExitZeroUnderFaults/PostToolUse/config-corrupt
=== RUN   TestHooksExitZeroUnderFaults/PostToolUse/panic:hook
=== RUN   TestHooksExitZeroUnderFaults/PostToolUse/panic:client
=== RUN   TestHooksExitZeroUnderFaults/UserPromptSubmit/stdin-eof
=== RUN   TestHooksExitZeroUnderFaults/UserPromptSubmit/stdin-garbage
=== RUN   TestHooksExitZeroUnderFaults/UserPromptSubmit/oversize
=== RUN   TestHooksExitZeroUnderFaults/UserPromptSubmit/daemon-down
=== RUN   TestHooksExitZeroUnderFaults/UserPromptSubmit/spool-readonly
=== RUN   TestHooksExitZeroUnderFaults/UserPromptSubmit/spool-full:0
=== RUN   TestHooksExitZeroUnderFaults/UserPromptSubmit/disk-full
=== RUN   TestHooksExitZeroUnderFaults/UserPromptSubmit/state-corrupt
=== RUN   TestHooksExitZeroUnderFaults/UserPromptSubmit/config-corrupt
=== RUN   TestHooksExitZeroUnderFaults/UserPromptSubmit/panic:hook
=== RUN   TestHooksExitZeroUnderFaults/UserPromptSubmit/panic:client
=== RUN   TestHooksExitZeroUnderFaults/Stop/stdin-eof
=== RUN   TestHooksExitZeroUnderFaults/Stop/stdin-garbage
=== RUN   TestHooksExitZeroUnderFaults/Stop/oversize
=== RUN   TestHooksExitZeroUnderFaults/Stop/daemon-down
=== RUN   TestHooksExitZeroUnderFaults/Stop/spool-readonly
=== RUN   TestHooksExitZeroUnderFaults/Stop/spool-full:0
=== RUN   TestHooksExitZeroUnderFaults/Stop/disk-full
=== RUN   TestHooksExitZeroUnderFaults/Stop/state-corrupt
=== RUN   TestHooksExitZeroUnderFaults/Stop/config-corrupt
=== RUN   TestHooksExitZeroUnderFaults/Stop/panic:hook
=== RUN   TestHooksExitZeroUnderFaults/Stop/panic:client
=== RUN   TestHooksExitZeroUnderFaults/SessionStart/stdin-eof
=== RUN   TestHooksExitZeroUnderFaults/SessionStart/stdin-garbage
=== RUN   TestHooksExitZeroUnderFaults/SessionStart/oversize
=== RUN   TestHooksExitZeroUnderFaults/SessionStart/daemon-down
=== RUN   TestHooksExitZeroUnderFaults/SessionStart/spool-readonly
=== RUN   TestHooksExitZeroUnderFaults/SessionStart/spool-full:0
=== RUN   TestHooksExitZeroUnderFaults/SessionStart/disk-full
=== RUN   TestHooksExitZeroUnderFaults/SessionStart/state-corrupt
=== RUN   TestHooksExitZeroUnderFaults/SessionStart/config-corrupt
=== RUN   TestHooksExitZeroUnderFaults/SessionStart/panic:hook
=== RUN   TestHooksExitZeroUnderFaults/SessionStart/panic:client
=== RUN   TestHooksExitZeroUnderFaults/PreCompact/stdin-eof
=== RUN   TestHooksExitZeroUnderFaults/PreCompact/stdin-garbage
=== RUN   TestHooksExitZeroUnderFaults/PreCompact/oversize
=== RUN   TestHooksExitZeroUnderFaults/PreCompact/daemon-down
=== RUN   TestHooksExitZeroUnderFaults/PreCompact/spool-readonly
=== RUN   TestHooksExitZeroUnderFaults/PreCompact/spool-full:0
=== RUN   TestHooksExitZeroUnderFaults/PreCompact/disk-full
=== RUN   TestHooksExitZeroUnderFaults/PreCompact/state-corrupt
=== RUN   TestHooksExitZeroUnderFaults/PreCompact/config-corrupt
=== RUN   TestHooksExitZeroUnderFaults/PreCompact/panic:hook
=== RUN   TestHooksExitZeroUnderFaults/PreCompact/panic:client
=== RUN   TestHooksExitZeroUnderFaults/SessionEnd/stdin-eof
=== RUN   TestHooksExitZeroUnderFaults/SessionEnd/stdin-garbage
=== RUN   TestHooksExitZeroUnderFaults/SessionEnd/oversize
=== RUN   TestHooksExitZeroUnderFaults/SessionEnd/daemon-down
=== RUN   TestHooksExitZeroUnderFaults/SessionEnd/spool-readonly
=== RUN   TestHooksExitZeroUnderFaults/SessionEnd/spool-full:0
=== RUN   TestHooksExitZeroUnderFaults/SessionEnd/disk-full
=== RUN   TestHooksExitZeroUnderFaults/SessionEnd/state-corrupt
=== RUN   TestHooksExitZeroUnderFaults/SessionEnd/config-corrupt
=== RUN   TestHooksExitZeroUnderFaults/SessionEnd/panic:hook
=== RUN   TestHooksExitZeroUnderFaults/SessionEnd/panic:client
=== NAME  TestHooksExitZeroUnderFaults
    faultinject_test.go:101: TestHooksExitZeroUnderFaults: 6 hooks x 11 sites = 66 combinations run
--- PASS: TestHooksExitZeroUnderFaults (140.13s)
    --- PASS: TestHooksExitZeroUnderFaults/PostToolUse/stdin-eof (0.99s)
    --- PASS: TestHooksExitZeroUnderFaults/PostToolUse/stdin-garbage (1.18s)
    --- PASS: TestHooksExitZeroUnderFaults/PostToolUse/oversize (1.14s)
    --- PASS: TestHooksExitZeroUnderFaults/PostToolUse/daemon-down (10.10s)
    --- PASS: TestHooksExitZeroUnderFaults/PostToolUse/spool-readonly (0.57s)
    --- PASS: TestHooksExitZeroUnderFaults/PostToolUse/spool-full:0 (0.63s)
    --- PASS: TestHooksExitZeroUnderFaults/PostToolUse/disk-full (0.76s)
    --- PASS: TestHooksExitZeroUnderFaults/PostToolUse/state-corrupt (2.27s)
    --- PASS: TestHooksExitZeroUnderFaults/PostToolUse/config-corrupt (2.24s)
    --- PASS: TestHooksExitZeroUnderFaults/PostToolUse/panic:hook (1.98s)
    --- PASS: TestHooksExitZeroUnderFaults/PostToolUse/panic:client (2.09s)
    --- PASS: TestHooksExitZeroUnderFaults/UserPromptSubmit/stdin-eof (2.71s)
    --- PASS: TestHooksExitZeroUnderFaults/UserPromptSubmit/stdin-garbage (3.01s)
    --- PASS: TestHooksExitZeroUnderFaults/UserPromptSubmit/oversize (2.60s)
    --- PASS: TestHooksExitZeroUnderFaults/UserPromptSubmit/daemon-down (10.89s)
    --- PASS: TestHooksExitZeroUnderFaults/UserPromptSubmit/spool-readonly (1.13s)
    --- PASS: TestHooksExitZeroUnderFaults/UserPromptSubmit/spool-full:0 (1.91s)
    --- PASS: TestHooksExitZeroUnderFaults/UserPromptSubmit/disk-full (2.46s)
    --- PASS: TestHooksExitZeroUnderFaults/UserPromptSubmit/state-corrupt (1.25s)
    --- PASS: TestHooksExitZeroUnderFaults/UserPromptSubmit/config-corrupt (1.59s)
    --- PASS: TestHooksExitZeroUnderFaults/UserPromptSubmit/panic:hook (1.71s)
    --- PASS: TestHooksExitZeroUnderFaults/UserPromptSubmit/panic:client (1.72s)
    --- PASS: TestHooksExitZeroUnderFaults/Stop/stdin-eof (1.01s)
    --- PASS: TestHooksExitZeroUnderFaults/Stop/stdin-garbage (0.95s)
    --- PASS: TestHooksExitZeroUnderFaults/Stop/oversize (1.04s)
    --- PASS: TestHooksExitZeroUnderFaults/Stop/daemon-down (10.11s)
    --- PASS: TestHooksExitZeroUnderFaults/Stop/spool-readonly (0.50s)
    --- PASS: TestHooksExitZeroUnderFaults/Stop/spool-full:0 (0.61s)
    --- PASS: TestHooksExitZeroUnderFaults/Stop/disk-full (1.34s)
    --- PASS: TestHooksExitZeroUnderFaults/Stop/state-corrupt (1.35s)
    --- PASS: TestHooksExitZeroUnderFaults/Stop/config-corrupt (1.64s)
    --- PASS: TestHooksExitZeroUnderFaults/Stop/panic:hook (1.62s)
    --- PASS: TestHooksExitZeroUnderFaults/Stop/panic:client (1.58s)
    --- PASS: TestHooksExitZeroUnderFaults/SessionStart/stdin-eof (0.60s)
    --- PASS: TestHooksExitZeroUnderFaults/SessionStart/stdin-garbage (0.63s)
    --- PASS: TestHooksExitZeroUnderFaults/SessionStart/oversize (0.77s)
    --- PASS: TestHooksExitZeroUnderFaults/SessionStart/daemon-down (10.11s)
    --- PASS: TestHooksExitZeroUnderFaults/SessionStart/spool-readonly (0.72s)
    --- PASS: TestHooksExitZeroUnderFaults/SessionStart/spool-full:0 (0.79s)
    --- PASS: TestHooksExitZeroUnderFaults/SessionStart/disk-full (0.76s)
    --- PASS: TestHooksExitZeroUnderFaults/SessionStart/state-corrupt (0.80s)
    --- PASS: TestHooksExitZeroUnderFaults/SessionStart/config-corrupt (1.60s)
    --- PASS: TestHooksExitZeroUnderFaults/SessionStart/panic:hook (1.62s)
    --- PASS: TestHooksExitZeroUnderFaults/SessionStart/panic:client (0.82s)
    --- PASS: TestHooksExitZeroUnderFaults/PreCompact/stdin-eof (1.10s)
    --- PASS: TestHooksExitZeroUnderFaults/PreCompact/stdin-garbage (1.08s)
    --- PASS: TestHooksExitZeroUnderFaults/PreCompact/oversize (1.43s)
    --- PASS: TestHooksExitZeroUnderFaults/PreCompact/daemon-down (10.13s)
    --- PASS: TestHooksExitZeroUnderFaults/PreCompact/spool-readonly (0.69s)
    --- PASS: TestHooksExitZeroUnderFaults/PreCompact/spool-full:0 (0.64s)
    --- PASS: TestHooksExitZeroUnderFaults/PreCompact/disk-full (0.66s)
    --- PASS: TestHooksExitZeroUnderFaults/PreCompact/state-corrupt (1.31s)
    --- PASS: TestHooksExitZeroUnderFaults/PreCompact/config-corrupt (1.61s)
    --- PASS: TestHooksExitZeroUnderFaults/PreCompact/panic:hook (1.59s)
    --- PASS: TestHooksExitZeroUnderFaults/PreCompact/panic:client (1.60s)
    --- PASS: TestHooksExitZeroUnderFaults/SessionEnd/stdin-eof (1.25s)
    --- PASS: TestHooksExitZeroUnderFaults/SessionEnd/stdin-garbage (1.29s)
    --- PASS: TestHooksExitZeroUnderFaults/SessionEnd/oversize (1.41s)
    --- PASS: TestHooksExitZeroUnderFaults/SessionEnd/daemon-down (10.12s)
    --- PASS: TestHooksExitZeroUnderFaults/SessionEnd/spool-readonly (0.77s)
    --- PASS: TestHooksExitZeroUnderFaults/SessionEnd/spool-full:0 (0.65s)
    --- PASS: TestHooksExitZeroUnderFaults/SessionEnd/disk-full (0.71s)
    --- PASS: TestHooksExitZeroUnderFaults/SessionEnd/state-corrupt (1.35s)
    --- PASS: TestHooksExitZeroUnderFaults/SessionEnd/config-corrupt (1.62s)
    --- PASS: TestHooksExitZeroUnderFaults/SessionEnd/panic:hook (1.60s)
    --- PASS: TestHooksExitZeroUnderFaults/SessionEnd/panic:client (1.60s)
=== RUN   TestE2E_AllSixHooksExitZero
=== RUN   TestE2E_AllSixHooksExitZero/PostToolUse
=== RUN   TestE2E_AllSixHooksExitZero/UserPromptSubmit
=== RUN   TestE2E_AllSixHooksExitZero/Stop
=== RUN   TestE2E_AllSixHooksExitZero/SessionStart
=== RUN   TestE2E_AllSixHooksExitZero/PreCompact
=== RUN   TestE2E_AllSixHooksExitZero/SessionEnd
--- PASS: TestE2E_AllSixHooksExitZero (2.99s)
    --- PASS: TestE2E_AllSixHooksExitZero/PostToolUse (0.09s)
    --- PASS: TestE2E_AllSixHooksExitZero/UserPromptSubmit (0.07s)
    --- PASS: TestE2E_AllSixHooksExitZero/Stop (0.11s)
    --- PASS: TestE2E_AllSixHooksExitZero/SessionStart (1.22s)
    --- PASS: TestE2E_AllSixHooksExitZero/PreCompact (0.27s)
    --- PASS: TestE2E_AllSixHooksExitZero/SessionEnd (0.11s)
=== RUN   TestE2E_SessionStartCompact
--- PASS: TestE2E_SessionStartCompact (1.31s)
=== RUN   TestE2E_SessionStartCompactRestoresCheckpointItems
--- PASS: TestE2E_SessionStartCompactRestoresCheckpointItems (0.98s)
=== RUN   TestE2E_ContractSentinelIsAppendedByTheDaemon
--- PASS: TestE2E_ContractSentinelIsAppendedByTheDaemon (0.84s)
=== RUN   TestE2E_AdditionalContextProducerIsDeclared
--- PASS: TestE2E_AdditionalContextProducerIsDeclared (0.46s)
=== RUN   TestE2E_SessionStartCompactUnderBudget
--- PASS: TestE2E_SessionStartCompactUnderBudget (0.90s)
=== RUN   TestE2E_SessionStartClear
--- PASS: TestE2E_SessionStartClear (0.99s)
=== RUN   TestE2E_SessionStartCompactNoStore
--- PASS: TestE2E_SessionStartCompactNoStore (1.67s)
=== RUN   TestE2E_SessionStartCompactAfterFailedSummary
--- PASS: TestE2E_SessionStartCompactAfterFailedSummary (1.17s)
=== RUN   TestE2E_DropReporterSatisfiesMCP
--- PASS: TestE2E_DropReporterSatisfiesMCP (0.07s)
=== RUN   TestE2E_SessionStartLatency
--- PASS: TestE2E_SessionStartLatency (6.42s)
=== RUN   TestE2E_SessionStartCompactUnreadableCheckpointStore
--- PASS: TestE2E_SessionStartCompactUnreadableCheckpointStore (2.90s)
=== RUN   TestE2E_SpooledSessionStartNeverDegradesTheProject
--- PASS: TestE2E_SpooledSessionStartNeverDegradesTheProject (3.18s)
=== RUN   TestV1_HookLifecycleThroughRealBinary
--- PASS: TestV1_HookLifecycleThroughRealBinary (3.37s)
=== RUN   TestV4_PreCompactToCheckpointToRehydrateRoundTrip
--- PASS: TestV4_PreCompactToCheckpointToRehydrateRoundTrip (4.73s)
=== RUN   TestV5_PreCompactToRehydrateToDroppedRoundTrip
=== RUN   TestV5_PreCompactToRehydrateToDroppedRoundTrip/full_budget_round_trip
=== RUN   TestV5_PreCompactToRehydrateToDroppedRoundTrip/bounded_budget_reports_complete_drops
    v5_x04_test.go:526: bounded arm: tokens=572 budget=600 degraded=false dropped=41 item7_rendered=true
=== RUN   TestV5_PreCompactToRehydrateToDroppedRoundTrip/negative_control_reinjection_disabled
--- PASS: TestV5_PreCompactToRehydrateToDroppedRoundTrip (38.22s)
    --- PASS: TestV5_PreCompactToRehydrateToDroppedRoundTrip/full_budget_round_trip (16.72s)
    --- PASS: TestV5_PreCompactToRehydrateToDroppedRoundTrip/bounded_budget_reports_complete_drops (17.94s)
    --- PASS: TestV5_PreCompactToRehydrateToDroppedRoundTrip/negative_control_reinjection_disabled (3.56s)
=== RUN   TestV5_EveryContractAssertionHasARealProducer
=== RUN   TestV5_EveryContractAssertionHasARealProducer/full_composition_records_per_capability_evidence
=== RUN   TestV5_EveryContractAssertionHasARealProducer/full_composition_records_per_capability_evidence/self_test_reads_the_same_ids_and_writes_no_evidence
=== RUN   TestV5_EveryContractAssertionHasARealProducer/negative_control_severed_delivery_is_failed_and_loud
=== RUN   TestV5_EveryContractAssertionHasARealProducer/observer_only_composition_declares_a_different_producer_set
--- PASS: TestV5_EveryContractAssertionHasARealProducer (9.60s)
    --- PASS: TestV5_EveryContractAssertionHasARealProducer/full_composition_records_per_capability_evidence (4.38s)
        --- PASS: TestV5_EveryContractAssertionHasARealProducer/full_composition_records_per_capability_evidence/self_test_reads_the_same_ids_and_writes_no_evidence (0.09s)
    --- PASS: TestV5_EveryContractAssertionHasARealProducer/negative_control_severed_delivery_is_failed_and_loud (3.11s)
    --- PASS: TestV5_EveryContractAssertionHasARealProducer/observer_only_composition_declares_a_different_producer_set (2.11s)
PASS
ok  	github.com/qompack/qompack/test/e2e	240.298s
exit=0
