=== RUN   TestZZStartroute_PromptDoubleCount
    zz_startroute_doublecount_diag_test.go:68: ITER i=0 tok0=qompack-contract-8507cacc04d6 c0=0 c1(after prompt)=1 spool1=[observe.prompt] c2(after precompact)=1 spool2=[observe.prompt] c3(after shutdown)=1 spool3=[admin.shutdown admin.shutdown observe.prompt] c4(after compact start)=0 tok4=qompack-contract-4a26391e3692 spool4=[] mode=full answer=rehydration+probe
    zz_startroute_doublecount_diag_test.go:68: ITER i=1 tok0=qompack-contract-5a46a6e266e2 c0=0 c1(after prompt)=1 spool1=[observe.prompt] c2(after precompact)=1 spool2=[observe.prompt] c3(after shutdown)=1 spool3=[admin.shutdown admin.shutdown admin.shutdown observe.prompt] c4(after compact start)=0 tok4=qompack-contract-03c0cb6fee05 spool4=[] mode=full answer=rehydration+probe
    zz_startroute_doublecount_diag_test.go:68: ITER i=2 tok0=qompack-contract-113c1b156a94 c0=0 c1(after prompt)=1 spool1=[observe.prompt] c2(after precompact)=1 spool2=[observe.prompt] c3(after shutdown)=1 spool3=[admin.shutdown admin.shutdown observe.prompt] c4(after compact start)=0 tok4=qompack-contract-1ae0cffe81a2 spool4=[] mode=full answer=rehydration+probe
    zz_startroute_doublecount_diag_test.go:68: ITER i=3 tok0=qompack-contract-b21572dd941e c0=0 c1(after prompt)=1 spool1=[observe.prompt] c2(after precompact)=1 spool2=[observe.prompt] c3(after shutdown)=1 spool3=[admin.shutdown admin.shutdown observe.prompt] c4(after compact start)=0 tok4=qompack-contract-8a37cb876175 spool4=[] mode=full answer=rehydration+probe
    zz_startroute_doublecount_diag_test.go:68: ITER i=4 tok0=qompack-contract-d736d0f652c1 c0=0 c1(after prompt)=1 spool1=[observe.prompt] c2(after precompact)=1 spool2=[observe.prompt] c3(after shutdown)=1 spool3=[admin.shutdown admin.shutdown observe.prompt] c4(after compact start)=0 tok4=qompack-contract-45363bfdf812 spool4=[] mode=full answer=rehydration+probe
    zz_startroute_doublecount_diag_test.go:68: ITER i=5 tok0=qompack-contract-c8ba8e046a9e c0=0 c1(after prompt)=1 spool1=[observe.prompt] c2(after precompact)=1 spool2=[observe.prompt] c3(after shutdown)=1 spool3=[admin.shutdown admin.shutdown observe.prompt] c4(after compact start)=0 tok4=qompack-contract-d76475175530 spool4=[] mode=full answer=rehydration+probe
    zz_startroute_doublecount_diag_test.go:68: ITER i=6 tok0=qompack-contract-72e2fe22f050 c0=0 c1(after prompt)=1 spool1=[observe.prompt] c2(after precompact)=1 spool2=[observe.prompt] c3(after shutdown)=1 spool3=[admin.shutdown admin.shutdown observe.prompt] c4(after compact start)=0 tok4=qompack-contract-0e97acc731d7 spool4=[] mode=full answer=rehydration+probe
    zz_startroute_doublecount_diag_test.go:68: ITER i=7 tok0=qompack-contract-5b4aff16db6c c0=0 c1(after prompt)=1 spool1=[observe.prompt] c2(after precompact)=1 spool2=[observe.prompt] c3(after shutdown)=1 spool3=[admin.shutdown admin.shutdown observe.prompt] c4(after compact start)=0 tok4=qompack-contract-d7a0343d49ed spool4=[] mode=full answer=rehydration+probe
    zz_startroute_doublecount_diag_test.go:68: ITER i=8 tok0=qompack-contract-e5929946b732 c0=0 c1(after prompt)=1 spool1=[observe.prompt] c2(after precompact)=1 spool2=[observe.prompt] c3(after shutdown)=1 spool3=[admin.shutdown admin.shutdown observe.prompt] c4(after compact start)=0 tok4=qompack-contract-2374bab33dad spool4=[] mode=full answer=rehydration+probe
    zz_startroute_doublecount_diag_test.go:68: ITER i=9 tok0=qompack-contract-e0d4e8d084fb c0=0 c1(after prompt)=1 spool1=[observe.prompt] c2(after precompact)=1 spool2=[observe.prompt] c3(after shutdown)=1 spool3=[admin.shutdown admin.shutdown observe.prompt] c4(after compact start)=0 tok4=qompack-contract-995bed2e1ad6 spool4=[] mode=full answer=rehydration+probe
    zz_startroute_doublecount_diag_test.go:68: ITER i=10 tok0=qompack-contract-710ea1c95a42 c0=0 c1(after prompt)=1 spool1=[observe.prompt observe.prompt] c2(after precompact)=1 spool2=[observe.prompt observe.prompt] c3(after shutdown)=1 spool3=[admin.shutdown admin.shutdown admin.shutdown observe.prompt] c4(after compact start)=0 tok4=qompack-contract-df932f4996c2 spool4=[] mode=full answer=rehydration+probe
    zz_startroute_doublecount_diag_test.go:68: ITER i=11 tok0=qompack-contract-fe81d7966d55 c0=0 c1(after prompt)=1 spool1=[observe.prompt] c2(after precompact)=1 spool2=[observe.prompt] c3(after shutdown)=1 spool3=[admin.shutdown admin.shutdown observe.prompt] c4(after compact start)=0 tok4=qompack-contract-ff89e83630c0 spool4=[] mode=full answer=rehydration+probe
    zz_startroute_doublecount_diag_test.go:68: ITER i=12 tok0=qompack-contract-009577c64d0c c0=0 c1(after prompt)=1 spool1=[observe.prompt] c2(after precompact)=1 spool2=[observe.prompt] c3(after shutdown)=1 spool3=[admin.shutdown admin.shutdown observe.prompt] c4(after compact start)=0 tok4=qompack-contract-0b65fceaf31a spool4=[] mode=full answer=rehydration+probe
    zz_startroute_doublecount_diag_test.go:68: ITER i=13 tok0=qompack-contract-5a53e3e7a1d3 c0=0 c1(after prompt)=1 spool1=[observe.prompt] c2(after precompact)=1 spool2=[observe.prompt] c3(after shutdown)=1 spool3=[admin.shutdown admin.shutdown observe.prompt] c4(after compact start)=0 tok4=qompack-contract-b63f792144e3 spool4=[] mode=full answer=rehydration+probe
    zz_startroute_doublecount_diag_test.go:68: ITER i=14 tok0=qompack-contract-bbb075c3bfef c0=0 c1(after prompt)=1 spool1=[observe.prompt] c2(after precompact)=1 spool2=[observe.prompt] c3(after shutdown)=1 spool3=[admin.shutdown admin.shutdown admin.shutdown observe.prompt] c4(after compact start)=0 tok4=qompack-contract-2a43de2d4f8e spool4=[] mode=full answer=rehydration+probe
    zz_startroute_doublecount_diag_test.go:68: ITER i=15 tok0=qompack-contract-fbb2d2c403de c0=0 c1(after prompt)=1 spool1=[observe.prompt] c2(after precompact)=1 spool2=[observe.prompt] c3(after shutdown)=1 spool3=[admin.shutdown admin.shutdown observe.prompt] c4(after compact start)=0 tok4=qompack-contract-4a2d587781a4 spool4=[] mode=full answer=rehydration+probe
--- PASS: TestZZStartroute_PromptDoubleCount (26.68s)
PASS
ok  	github.com/qompack/qompack/test/e2e	26.914s
exit=0
