=== RUN   TestZZStartroute_ColdStart
    zz_startroute_coldstart_diag_test.go:275: GOOS=windows NumCPU=22 cpu-coload="" iters=12
    zz_startroute_coldstart_diag_test.go:286: ROW mode=unstaged    source=compact i=0 wall=  470ms up=  343ms(ok=true) spooled=false answer=rehydration+probe                        probe_minted=true  sessions=2 mode=full drop="pointer_git_unavailable:checkpoint: no .git at the project root"
    zz_startroute_coldstart_diag_test.go:286: ROW mode=unstaged    source=compact i=1 wall=  498ms up=  366ms(ok=true) spooled=false answer=rehydration+probe                        probe_minted=true  sessions=2 mode=full drop="pointer_git_unavailable:checkpoint: no .git at the project root"
    zz_startroute_coldstart_diag_test.go:286: ROW mode=unstaged    source=compact i=2 wall=  532ms up=  398ms(ok=true) spooled=false answer=rehydration+probe                        probe_minted=true  sessions=2 mode=full drop="pointer_git_unavailable:checkpoint: no .git at the project root"
    zz_startroute_coldstart_diag_test.go:286: ROW mode=unstaged    source=compact i=3 wall=  477ms up=  356ms(ok=true) spooled=false answer=rehydration+probe                        probe_minted=true  sessions=2 mode=full drop="pointer_git_unavailable:checkpoint: no .git at the project root"
    zz_startroute_coldstart_diag_test.go:286: ROW mode=unstaged    source=compact i=4 wall=  469ms up=  356ms(ok=true) spooled=false answer=rehydration+probe                        probe_minted=true  sessions=2 mode=full drop="pointer_git_unavailable:checkpoint: no .git at the project root"
    zz_startroute_coldstart_diag_test.go:286: ROW mode=unstaged    source=compact i=5 wall=  566ms up=  427ms(ok=true) spooled=false answer=rehydration+probe                        probe_minted=true  sessions=2 mode=full drop="pointer_git_unavailable:checkpoint: no .git at the project root"
    zz_startroute_coldstart_diag_test.go:286: ROW mode=unstaged    source=compact i=6 wall=  440ms up=  325ms(ok=true) spooled=false answer=rehydration+probe                        probe_minted=true  sessions=2 mode=full drop="pointer_git_unavailable:checkpoint: no .git at the project root"
    zz_startroute_coldstart_diag_test.go:286: ROW mode=unstaged    source=compact i=7 wall=  485ms up=  364ms(ok=true) spooled=false answer=rehydration+probe                        probe_minted=true  sessions=2 mode=full drop="pointer_git_unavailable:checkpoint: no .git at the project root"
    zz_startroute_coldstart_diag_test.go:286: ROW mode=unstaged    source=compact i=8 wall=  463ms up=  345ms(ok=true) spooled=false answer=rehydration+probe                        probe_minted=true  sessions=2 mode=full drop="pointer_git_unavailable:checkpoint: no .git at the project root"
    zz_startroute_coldstart_diag_test.go:286: ROW mode=unstaged    source=compact i=9 wall=  455ms up=  345ms(ok=true) spooled=false answer=rehydration+probe                        probe_minted=true  sessions=2 mode=full drop="pointer_git_unavailable:checkpoint: no .git at the project root"
    zz_startroute_coldstart_diag_test.go:286: ROW mode=unstaged    source=compact i=10 wall=  431ms up=  314ms(ok=true) spooled=false answer=rehydration+probe                        probe_minted=true  sessions=2 mode=full drop="pointer_git_unavailable:checkpoint: no .git at the project root"
    zz_startroute_coldstart_diag_test.go:286: ROW mode=unstaged    source=compact i=11 wall=  435ms up=  314ms(ok=true) spooled=false answer=rehydration+probe                        probe_minted=true  sessions=2 mode=full drop="pointer_git_unavailable:checkpoint: no .git at the project root"
    zz_startroute_coldstart_diag_test.go:286: ROW mode=staged-cold source=compact i=0 wall=  718ms up=  616ms(ok=true) spooled=false answer=rehydration+probe                        probe_minted=true  sessions=2 mode=full drop="pointer_git_unavailable:checkpoint: no .git at the project root"
    zz_startroute_coldstart_diag_test.go:286: ROW mode=staged-cold source=compact i=1 wall=  832ms up=  705ms(ok=true) spooled=false answer=rehydration+probe                        probe_minted=true  sessions=2 mode=full drop="pointer_git_unavailable:checkpoint: no .git at the project root"
    zz_startroute_coldstart_diag_test.go:286: ROW mode=staged-cold source=compact i=2 wall=  690ms up=  585ms(ok=true) spooled=false answer=rehydration+probe                        probe_minted=true  sessions=2 mode=full drop="pointer_git_unavailable:checkpoint: no .git at the project root"
    zz_startroute_coldstart_diag_test.go:286: ROW mode=staged-cold source=compact i=3 wall=  655ms up=  554ms(ok=true) spooled=false answer=rehydration+probe                        probe_minted=true  sessions=2 mode=full drop="pointer_git_unavailable:checkpoint: no .git at the project root"
    zz_startroute_coldstart_diag_test.go:286: ROW mode=staged-cold source=compact i=4 wall=  682ms up=  555ms(ok=true) spooled=false answer=rehydration+probe                        probe_minted=true  sessions=2 mode=full drop="pointer_git_unavailable:checkpoint: no .git at the project root"
    zz_startroute_coldstart_diag_test.go:286: ROW mode=staged-cold source=compact i=5 wall=  738ms up=  625ms(ok=true) spooled=false answer=rehydration+probe                        probe_minted=true  sessions=2 mode=full drop="pointer_git_unavailable:checkpoint: no .git at the project root"
    zz_startroute_coldstart_diag_test.go:286: ROW mode=staged-cold source=compact i=6 wall=  776ms up=  658ms(ok=true) spooled=false answer=rehydration+probe                        probe_minted=true  sessions=2 mode=full drop="pointer_git_unavailable:checkpoint: no .git at the project root"
    zz_startroute_coldstart_diag_test.go:286: ROW mode=staged-cold source=compact i=7 wall=  931ms up=  708ms(ok=true) spooled=false answer=rehydration+probe                        probe_minted=true  sessions=2 mode=full drop="pointer_git_unavailable:checkpoint: no .git at the project root"
    zz_startroute_coldstart_diag_test.go:286: ROW mode=staged-cold source=compact i=8 wall=  717ms up=  585ms(ok=true) spooled=false answer=rehydration+probe                        probe_minted=true  sessions=2 mode=full drop="pointer_git_unavailable:checkpoint: no .git at the project root"
    zz_startroute_coldstart_diag_test.go:286: ROW mode=staged-cold source=compact i=9 wall=  761ms up=  655ms(ok=true) spooled=false answer=rehydration+probe                        probe_minted=true  sessions=2 mode=full drop="pointer_git_unavailable:checkpoint: no .git at the project root"
    zz_startroute_coldstart_diag_test.go:286: ROW mode=staged-cold source=compact i=10 wall=  705ms up=  586ms(ok=true) spooled=false answer=rehydration+probe                        probe_minted=true  sessions=2 mode=full drop="pointer_git_unavailable:checkpoint: no .git at the project root"
    zz_startroute_coldstart_diag_test.go:286: ROW mode=staged-cold source=compact i=11 wall=  707ms up=  594ms(ok=true) spooled=false answer=rehydration+probe                        probe_minted=true  sessions=2 mode=full drop="pointer_git_unavailable:checkpoint: no .git at the project root"
    zz_startroute_coldstart_diag_test.go:321: SUMMARY mode=unstaged    source=compact n=12 spooled=0 wall p50=469ms max=566ms up p50=345ms max=427ms answers=map[rehydration+probe:12] not-full=0
    zz_startroute_coldstart_diag_test.go:321: SUMMARY mode=staged-cold source=compact n=12 spooled=0 wall p50=717ms max=931ms up p50=594ms max=708ms answers=map[rehydration+probe:12] not-full=0
--- PASS: TestZZStartroute_ColdStart (87.84s)
PASS
ok  	github.com/qompack/qompack/test/e2e	88.099s
