=== RUN   TestZZStartroute_ColdStart
    zz_startroute_coldstart_diag_test.go:275: GOOS=windows NumCPU=22 cpu-coload="" iters=6
    zz_startroute_coldstart_diag_test.go:286: ROW mode=unstaged    source=startup i=0 wall=  550ms up=  412ms(ok=true) spooled=false answer=probe                                    probe_minted=true  sessions=1 mode=full drop=""
    zz_startroute_coldstart_diag_test.go:286: ROW mode=unstaged    source=startup i=1 wall=  815ms up=  458ms(ok=true) spooled=false answer=probe                                    probe_minted=true  sessions=1 mode=full drop=""
    zz_startroute_coldstart_diag_test.go:286: ROW mode=unstaged    source=startup i=2 wall=  327ms up=  237ms(ok=true) spooled=false answer=probe                                    probe_minted=true  sessions=1 mode=full drop=""
    zz_startroute_coldstart_diag_test.go:286: ROW mode=unstaged    source=startup i=3 wall=  292ms up=  193ms(ok=true) spooled=false answer=probe                                    probe_minted=true  sessions=1 mode=full drop=""
    zz_startroute_coldstart_diag_test.go:286: ROW mode=unstaged    source=startup i=4 wall=  295ms up=  201ms(ok=true) spooled=false answer=probe                                    probe_minted=true  sessions=1 mode=full drop=""
    zz_startroute_coldstart_diag_test.go:286: ROW mode=unstaged    source=startup i=5 wall=  296ms up=  192ms(ok=true) spooled=false answer=probe                                    probe_minted=true  sessions=1 mode=full drop=""
    zz_startroute_coldstart_diag_test.go:286: ROW mode=unstaged    source=resume  i=0 wall=  585ms up=  181ms(ok=true) spooled=false answer=probe                                    probe_minted=true  sessions=1 mode=full drop=""
    zz_startroute_coldstart_diag_test.go:286: ROW mode=unstaged    source=resume  i=1 wall=  309ms up=  202ms(ok=true) spooled=false answer=probe                                    probe_minted=true  sessions=1 mode=full drop=""
    zz_startroute_coldstart_diag_test.go:286: ROW mode=unstaged    source=resume  i=2 wall=  295ms up=  202ms(ok=true) spooled=false answer=probe                                    probe_minted=true  sessions=1 mode=full drop=""
    zz_startroute_coldstart_diag_test.go:286: ROW mode=unstaged    source=resume  i=3 wall=  267ms up=  181ms(ok=true) spooled=false answer=probe                                    probe_minted=true  sessions=1 mode=full drop=""
    zz_startroute_coldstart_diag_test.go:286: ROW mode=unstaged    source=resume  i=4 wall=  374ms up=  272ms(ok=true) spooled=false answer=probe                                    probe_minted=true  sessions=1 mode=full drop=""
    zz_startroute_coldstart_diag_test.go:286: ROW mode=unstaged    source=resume  i=5 wall=  274ms up=  181ms(ok=true) spooled=false answer=probe                                    probe_minted=true  sessions=1 mode=full drop=""
    zz_startroute_coldstart_diag_test.go:286: ROW mode=unstaged    source=compact i=0 wall=  536ms up=  415ms(ok=true) spooled=false answer=rehydration+probe                        probe_minted=true  sessions=2 mode=full drop="pointer_git_unavailable:checkpoint: no .git at the project root"
    zz_startroute_coldstart_diag_test.go:286: ROW mode=unstaged    source=compact i=1 wall=  473ms up=  356ms(ok=true) spooled=false answer=rehydration+probe                        probe_minted=true  sessions=2 mode=full drop="pointer_git_unavailable:checkpoint: no .git at the project root"
    zz_startroute_coldstart_diag_test.go:286: ROW mode=unstaged    source=compact i=2 wall=  511ms up=  387ms(ok=true) spooled=false answer=rehydration+probe                        probe_minted=true  sessions=2 mode=full drop="pointer_git_unavailable:checkpoint: no .git at the project root"
    zz_startroute_coldstart_diag_test.go:286: ROW mode=unstaged    source=compact i=3 wall=  541ms up=  416ms(ok=true) spooled=false answer=rehydration+probe                        probe_minted=true  sessions=2 mode=full drop="pointer_git_unavailable:checkpoint: no .git at the project root"
    zz_startroute_coldstart_diag_test.go:286: ROW mode=unstaged    source=compact i=4 wall=  490ms up=  376ms(ok=true) spooled=false answer=rehydration+probe                        probe_minted=true  sessions=2 mode=full drop="pointer_git_unavailable:checkpoint: no .git at the project root"
    zz_startroute_coldstart_diag_test.go:286: ROW mode=unstaged    source=compact i=5 wall=  762ms up=  520ms(ok=true) spooled=false answer=rehydration+probe                        probe_minted=true  sessions=2 mode=full drop="pointer_git_unavailable:checkpoint: no .git at the project root"
    zz_startroute_coldstart_diag_test.go:286: ROW mode=staged-cold source=startup i=0 wall=  796ms up=  692ms(ok=true) spooled=false answer=probe                                    probe_minted=true  sessions=1 mode=full drop=""
    zz_startroute_coldstart_diag_test.go:286: ROW mode=staged-cold source=startup i=1 wall=  825ms up=  722ms(ok=true) spooled=false answer=probe                                    probe_minted=true  sessions=1 mode=full drop=""
    zz_startroute_coldstart_diag_test.go:286: ROW mode=staged-cold source=startup i=2 wall=  735ms up=  641ms(ok=true) spooled=false answer=probe                                    probe_minted=true  sessions=1 mode=full drop=""
    zz_startroute_coldstart_diag_test.go:286: ROW mode=staged-cold source=startup i=3 wall=  590ms up=  491ms(ok=true) spooled=false answer=probe                                    probe_minted=true  sessions=1 mode=full drop=""
    zz_startroute_coldstart_diag_test.go:286: ROW mode=staged-cold source=startup i=4 wall=  887ms up=  784ms(ok=true) spooled=false answer=probe                                    probe_minted=true  sessions=1 mode=full drop=""
    zz_startroute_coldstart_diag_test.go:286: ROW mode=staged-cold source=startup i=5 wall=  755ms up=  671ms(ok=true) spooled=false answer=probe                                    probe_minted=true  sessions=1 mode=full drop=""
    zz_startroute_coldstart_diag_test.go:286: ROW mode=staged-cold source=resume  i=0 wall=  921ms up=  814ms(ok=true) spooled=false answer=probe                                    probe_minted=true  sessions=1 mode=full drop=""
    zz_startroute_coldstart_diag_test.go:286: ROW mode=staged-cold source=resume  i=1 wall=  747ms up=  652ms(ok=true) spooled=false answer=probe                                    probe_minted=true  sessions=1 mode=full drop=""
    zz_startroute_coldstart_diag_test.go:286: ROW mode=staged-cold source=resume  i=2 wall=  648ms up=  551ms(ok=true) spooled=false answer=probe                                    probe_minted=true  sessions=1 mode=full drop=""
    zz_startroute_coldstart_diag_test.go:286: ROW mode=staged-cold source=resume  i=3 wall=  948ms up=  856ms(ok=true) spooled=false answer=probe                                    probe_minted=true  sessions=1 mode=full drop=""
    zz_startroute_coldstart_diag_test.go:286: ROW mode=staged-cold source=resume  i=4 wall=  740ms up=  652ms(ok=true) spooled=false answer=probe                                    probe_minted=true  sessions=1 mode=full drop=""
    zz_startroute_coldstart_diag_test.go:286: ROW mode=staged-cold source=resume  i=5 wall=  750ms up=  662ms(ok=true) spooled=false answer=probe                                    probe_minted=true  sessions=1 mode=full drop=""
    zz_startroute_coldstart_diag_test.go:286: ROW mode=staged-cold source=compact i=0 wall=  711ms up=  596ms(ok=true) spooled=false answer=rehydration+probe                        probe_minted=true  sessions=2 mode=full drop="pointer_git_unavailable:checkpoint: no .git at the project root"
    zz_startroute_coldstart_diag_test.go:286: ROW mode=staged-cold source=compact i=1 wall=  892ms up=  758ms(ok=true) spooled=false answer=rehydration+probe                        probe_minted=true  sessions=2 mode=full drop="pointer_git_unavailable:checkpoint: no .git at the project root"
    zz_startroute_coldstart_diag_test.go:286: ROW mode=staged-cold source=compact i=2 wall= 1031ms up=  839ms(ok=true) spooled=false answer=rehydration+probe                        probe_minted=true  sessions=2 mode=full drop="pointer_git_unavailable:checkpoint: no .git at the project root"
    zz_startroute_coldstart_diag_test.go:286: ROW mode=staged-cold source=compact i=3 wall= 1161ms up= 1034ms(ok=true) spooled=false answer=rehydration+probe                        probe_minted=true  sessions=2 mode=full drop="pointer_git_unavailable:checkpoint: no .git at the project root"
    zz_startroute_coldstart_diag_test.go:286: ROW mode=staged-cold source=compact i=4 wall=  811ms up=  675ms(ok=true) spooled=false answer=rehydration+probe                        probe_minted=true  sessions=2 mode=full drop="pointer_git_unavailable:checkpoint: no .git at the project root"
    zz_startroute_coldstart_diag_test.go:286: ROW mode=staged-cold source=compact i=5 wall=  773ms up=  646ms(ok=true) spooled=false answer=rehydration+probe                        probe_minted=true  sessions=2 mode=full drop="pointer_git_unavailable:checkpoint: no .git at the project root"
    zz_startroute_coldstart_diag_test.go:286: ROW mode=prespawned  source=startup i=0 wall=  919ms up=  828ms(ok=true) spooled=false answer=probe                                    probe_minted=true  sessions=1 mode=full drop=""
    zz_startroute_coldstart_diag_test.go:286: ROW mode=prespawned  source=startup i=1 wall=  781ms up=  690ms(ok=true) spooled=false answer=probe                                    probe_minted=true  sessions=1 mode=full drop=""
    zz_startroute_coldstart_diag_test.go:286: ROW mode=prespawned  source=startup i=2 wall=  763ms up=  683ms(ok=true) spooled=false answer=probe                                    probe_minted=true  sessions=1 mode=full drop=""
    zz_startroute_coldstart_diag_test.go:286: ROW mode=prespawned  source=startup i=3 wall=  907ms up=  786ms(ok=true) spooled=false answer=probe                                    probe_minted=true  sessions=1 mode=full drop=""
    zz_startroute_coldstart_diag_test.go:286: ROW mode=prespawned  source=startup i=4 wall=  867ms up=  774ms(ok=true) spooled=false answer=probe                                    probe_minted=true  sessions=1 mode=full drop=""
    zz_startroute_coldstart_diag_test.go:286: ROW mode=prespawned  source=startup i=5 wall=  730ms up=  639ms(ok=true) spooled=false answer=probe                                    probe_minted=true  sessions=1 mode=full drop=""
    zz_startroute_coldstart_diag_test.go:286: ROW mode=prespawned  source=resume  i=0 wall=  749ms up=  660ms(ok=true) spooled=false answer=probe                                    probe_minted=true  sessions=1 mode=full drop=""
    zz_startroute_coldstart_diag_test.go:286: ROW mode=prespawned  source=resume  i=1 wall= 1070ms up=  974ms(ok=true) spooled=false answer=probe                                    probe_minted=true  sessions=1 mode=full drop=""
    zz_startroute_coldstart_diag_test.go:286: ROW mode=prespawned  source=resume  i=2 wall= 1435ms up= 1273ms(ok=true) spooled=false answer=probe                                    probe_minted=true  sessions=1 mode=full drop=""
    zz_startroute_coldstart_diag_test.go:286: ROW mode=prespawned  source=resume  i=3 wall=  989ms up=  915ms(ok=true) spooled=false answer=probe                                    probe_minted=true  sessions=1 mode=full drop=""
    zz_startroute_coldstart_diag_test.go:286: ROW mode=prespawned  source=resume  i=4 wall=  777ms up=  702ms(ok=true) spooled=false answer=probe                                    probe_minted=true  sessions=1 mode=full drop=""
    zz_startroute_coldstart_diag_test.go:286: ROW mode=prespawned  source=resume  i=5 wall=  879ms up=  793ms(ok=true) spooled=false answer=probe                                    probe_minted=true  sessions=1 mode=full drop=""
    zz_startroute_coldstart_diag_test.go:286: ROW mode=prespawned  source=compact i=0 wall=  938ms up=  825ms(ok=true) spooled=false answer=rehydration+probe                        probe_minted=true  sessions=2 mode=full drop="pointer_git_unavailable:checkpoint: no .git at the project root"
    zz_startroute_coldstart_diag_test.go:286: ROW mode=prespawned  source=compact i=1 wall=  927ms up=  805ms(ok=true) spooled=false answer=rehydration+probe                        probe_minted=true  sessions=2 mode=full drop="pointer_git_unavailable:checkpoint: no .git at the project root"
    zz_startroute_coldstart_diag_test.go:286: ROW mode=prespawned  source=compact i=2 wall= 1044ms up=  902ms(ok=true) spooled=false answer=rehydration+probe                        probe_minted=true  sessions=2 mode=full drop="pointer_git_unavailable:checkpoint: no .git at the project root"
    zz_startroute_coldstart_diag_test.go:286: ROW mode=prespawned  source=compact i=3 wall= 1167ms up=  940ms(ok=true) spooled=false answer=rehydration+probe                        probe_minted=true  sessions=2 mode=full drop="pointer_git_unavailable:checkpoint: no .git at the project root"
    zz_startroute_coldstart_diag_test.go:286: ROW mode=prespawned  source=compact i=4 wall= 1087ms up=  816ms(ok=true) spooled=false answer=rehydration+probe                        probe_minted=true  sessions=2 mode=full drop="pointer_git_unavailable:checkpoint: no .git at the project root"
    zz_startroute_coldstart_diag_test.go:286: ROW mode=prespawned  source=compact i=5 wall= 1151ms up= 1017ms(ok=true) spooled=false answer=rehydration+probe                        probe_minted=true  sessions=2 mode=full drop="pointer_git_unavailable:checkpoint: no .git at the project root"
    zz_startroute_coldstart_diag_test.go:321: SUMMARY mode=unstaged    source=startup n=6 spooled=0 wall p50=296ms max=815ms up p50=201ms max=458ms answers=map[probe:6] not-full=0
    zz_startroute_coldstart_diag_test.go:321: SUMMARY mode=unstaged    source=resume  n=6 spooled=0 wall p50=295ms max=585ms up p50=181ms max=272ms answers=map[probe:6] not-full=0
    zz_startroute_coldstart_diag_test.go:321: SUMMARY mode=unstaged    source=compact n=6 spooled=0 wall p50=511ms max=762ms up p50=387ms max=520ms answers=map[rehydration+probe:6] not-full=0
    zz_startroute_coldstart_diag_test.go:321: SUMMARY mode=staged-cold source=startup n=6 spooled=0 wall p50=755ms max=887ms up p50=671ms max=784ms answers=map[probe:6] not-full=0
    zz_startroute_coldstart_diag_test.go:321: SUMMARY mode=staged-cold source=resume  n=6 spooled=0 wall p50=747ms max=948ms up p50=652ms max=856ms answers=map[probe:6] not-full=0
    zz_startroute_coldstart_diag_test.go:321: SUMMARY mode=staged-cold source=compact n=6 spooled=0 wall p50=811ms max=1161ms up p50=675ms max=1034ms answers=map[rehydration+probe:6] not-full=0
    zz_startroute_coldstart_diag_test.go:321: SUMMARY mode=prespawned  source=startup n=6 spooled=0 wall p50=781ms max=919ms up p50=690ms max=828ms answers=map[probe:6] not-full=0
    zz_startroute_coldstart_diag_test.go:321: SUMMARY mode=prespawned  source=resume  n=6 spooled=0 wall p50=879ms max=1435ms up p50=793ms max=1273ms answers=map[probe:6] not-full=0
    zz_startroute_coldstart_diag_test.go:321: SUMMARY mode=prespawned  source=compact n=6 spooled=0 wall p50=1044ms max=1167ms up p50=825ms max=1017ms answers=map[rehydration+probe:6] not-full=0
--- PASS: TestZZStartroute_ColdStart (169.54s)
PASS
ok  	github.com/qompack/qompack/test/e2e	169.766s
exit=0
