=== RUN   TestZZStartroute_ColdStart
    zz_startroute_coldstart_diag_test.go:278: GOOS=windows NumCPU=22 cpu-coload="1" iters=5
    zz_startroute_coldstart_diag_test.go:289: ROW mode=staged-cold source=startup i=0 wall=12261ms up=17057ms(ok=true) spooled=true  answer={}                                       probe_minted=false sessions=1 mode=full drop=""
    zz_startroute_coldstart_diag_test.go:289: ROW mode=staged-cold source=startup i=1 wall= 6207ms up= 6461ms(ok=true) spooled=false answer=probe                                    probe_minted=true  sessions=1 mode=full drop=""
    zz_startroute_coldstart_diag_test.go:289: ROW mode=staged-cold source=startup i=2 wall= 9065ms up=17140ms(ok=true) spooled=true  answer={}                                       probe_minted=false sessions=1 mode=full drop=""
    zz_startroute_coldstart_diag_test.go:289: ROW mode=staged-cold source=startup i=3 wall= 6053ms up= 5140ms(ok=true) spooled=false answer=probe                                    probe_minted=true  sessions=1 mode=full drop=""
    zz_startroute_coldstart_diag_test.go:289: ROW mode=staged-cold source=startup i=4 wall=13416ms up=11700ms(ok=true) spooled=false answer=probe                                    probe_minted=true  sessions=1 mode=full drop=""
    zz_startroute_coldstart_diag_test.go:289: ROW mode=staged-cold source=compact i=0 wall= 5695ms up=15846ms(ok=true) spooled=true  answer=note(the Qompack daemon did not answer in time) probe_minted=true  sessions=2 mode=full drop="rehydration:not delivered: no answer from the daemon reached the Session"
    zz_startroute_coldstart_diag_test.go:289: ROW mode=staged-cold source=compact i=1 wall= 8154ms up=14818ms(ok=true) spooled=true  answer=note(the Qompack daemon did not answer in time) probe_minted=true  sessions=2 mode=full drop="rehydration:not delivered: no answer from the daemon reached the Session"
    zz_startroute_coldstart_diag_test.go:289: ROW mode=staged-cold source=compact i=2 wall= 7247ms up= 7478ms(ok=true) spooled=true  answer=note(the Qompack daemon did not answer in time) probe_minted=false sessions=2 mode=full drop="rehydration:not delivered: no answer from the daemon reached the Session"
    zz_startroute_coldstart_diag_test.go:289: ROW mode=staged-cold source=compact i=3 wall= 8902ms up=11377ms(ok=true) spooled=true  answer=note(the Qompack daemon did not answer in time) probe_minted=true  sessions=2 mode=full drop="rehydration:not delivered: no answer from the daemon reached the Session"
    zz_startroute_coldstart_diag_test.go:289: ROW mode=staged-cold source=compact i=4 wall= 9005ms up=16631ms(ok=true) spooled=true  answer=note(the Qompack daemon did not answer in time) probe_minted=false sessions=2 mode=full drop="rehydration:not delivered: no answer from the daemon reached the Session"
    zz_startroute_coldstart_diag_test.go:289: ROW mode=prespawned  source=startup i=0 wall= 3451ms up= 3529ms(ok=true) spooled=false answer=probe                                    probe_minted=true  sessions=1 mode=full drop=""
    zz_startroute_coldstart_diag_test.go:289: ROW mode=prespawned  source=startup i=1 wall= 2319ms up= 2254ms(ok=true) spooled=false answer=probe                                    probe_minted=true  sessions=1 mode=full drop=""
    zz_startroute_coldstart_diag_test.go:289: ROW mode=prespawned  source=startup i=2 wall= 2032ms up= 1749ms(ok=true) spooled=false answer=probe                                    probe_minted=true  sessions=1 mode=full drop=""
    zz_startroute_coldstart_diag_test.go:289: ROW mode=prespawned  source=startup i=3 wall= 2645ms up= 2463ms(ok=true) spooled=false answer=probe                                    probe_minted=true  sessions=1 mode=full drop=""
    zz_startroute_coldstart_diag_test.go:289: ROW mode=prespawned  source=startup i=4 wall= 2983ms up= 3135ms(ok=true) spooled=false answer=probe                                    probe_minted=true  sessions=1 mode=full drop=""
    zz_startroute_coldstart_diag_test.go:289: ROW mode=prespawned  source=compact i=0 wall= 2503ms up= 2079ms(ok=true) spooled=false answer=rehydration+probe                        probe_minted=true  sessions=2 mode=full drop="pointer_git_unavailable:checkpoint: no .git at the project root"
    zz_startroute_coldstart_diag_test.go:289: ROW mode=prespawned  source=compact i=1 wall= 2941ms up= 2439ms(ok=true) spooled=false answer=rehydration+probe                        probe_minted=true  sessions=2 mode=full drop="pointer_git_unavailable:checkpoint: no .git at the project root"
    zz_startroute_coldstart_diag_test.go:289: ROW mode=prespawned  source=compact i=2 wall= 3236ms up= 2787ms(ok=true) spooled=false answer=rehydration+probe                        probe_minted=true  sessions=2 mode=full drop="pointer_git_unavailable:checkpoint: no .git at the project root"
    zz_startroute_coldstart_diag_test.go:289: ROW mode=prespawned  source=compact i=3 wall= 2108ms up= 1791ms(ok=true) spooled=false answer=rehydration+probe                        probe_minted=true  sessions=2 mode=full drop="pointer_git_unavailable:checkpoint: no .git at the project root"
    zz_startroute_coldstart_diag_test.go:289: ROW mode=prespawned  source=compact i=4 wall= 2546ms up= 3039ms(ok=true) spooled=true  answer=note(the Qompack daemon did not answer in time) probe_minted=true  sessions=2 mode=full drop="rehydration:not delivered: no answer from the daemon reached the Session"
    zz_startroute_coldstart_diag_test.go:289: ROW mode=unstaged    source=startup i=0 wall= 2095ms up= 1833ms(ok=true) spooled=false answer=probe                                    probe_minted=true  sessions=1 mode=full drop=""
    zz_startroute_coldstart_diag_test.go:289: ROW mode=unstaged    source=startup i=1 wall= 1194ms up= 1657ms(ok=true) spooled=false answer=probe                                    probe_minted=true  sessions=1 mode=full drop=""
    zz_startroute_coldstart_diag_test.go:289: ROW mode=unstaged    source=startup i=2 wall= 2440ms up= 1867ms(ok=true) spooled=false answer=probe                                    probe_minted=true  sessions=1 mode=full drop=""
    zz_startroute_coldstart_diag_test.go:289: ROW mode=unstaged    source=startup i=3 wall= 1536ms up= 1187ms(ok=true) spooled=false answer=probe                                    probe_minted=true  sessions=1 mode=full drop=""
    zz_startroute_coldstart_diag_test.go:289: ROW mode=unstaged    source=startup i=4 wall= 1390ms up= 1310ms(ok=true) spooled=false answer=probe                                    probe_minted=true  sessions=1 mode=full drop=""
    zz_startroute_coldstart_diag_test.go:289: ROW mode=unstaged    source=compact i=0 wall= 2226ms up= 2182ms(ok=true) spooled=false answer=rehydration+probe                        probe_minted=true  sessions=2 mode=full drop="pointer_git_unavailable:checkpoint: no .git at the project root"
    zz_startroute_coldstart_diag_test.go:289: ROW mode=unstaged    source=compact i=1 wall= 1963ms up= 1525ms(ok=true) spooled=false answer=rehydration+probe                        probe_minted=true  sessions=2 mode=full drop="pointer_git_unavailable:checkpoint: no .git at the project root"
    zz_startroute_coldstart_diag_test.go:289: ROW mode=unstaged    source=compact i=2 wall= 2506ms up= 3040ms(ok=true) spooled=false answer=rehydration+probe                        probe_minted=true  sessions=2 mode=full drop="pointer_git_unavailable:checkpoint: no .git at the project root"
    zz_startroute_coldstart_diag_test.go:289: ROW mode=unstaged    source=compact i=3 wall= 3023ms up= 2860ms(ok=true) spooled=false answer=rehydration+probe                        probe_minted=true  sessions=2 mode=full drop="pointer_git_unavailable:checkpoint: no .git at the project root"
    zz_startroute_coldstart_diag_test.go:289: ROW mode=unstaged    source=compact i=4 wall= 1535ms up= 1210ms(ok=true) spooled=false answer=rehydration+probe                        probe_minted=true  sessions=2 mode=full drop="pointer_git_unavailable:checkpoint: no .git at the project root"
    zz_startroute_coldstart_diag_test.go:324: SUMMARY mode=staged-cold source=startup n=5 spooled=2 wall p50=9065ms max=13416ms up p50=11700ms max=17140ms answers=map[probe:3 {}:2] not-full=0
    zz_startroute_coldstart_diag_test.go:324: SUMMARY mode=staged-cold source=compact n=5 spooled=5 wall p50=8154ms max=9005ms up p50=14818ms max=16631ms answers=map[note(the Qompack daemon did not answer in time):5] not-full=0
    zz_startroute_coldstart_diag_test.go:324: SUMMARY mode=prespawned  source=startup n=5 spooled=0 wall p50=2645ms max=3451ms up p50=2463ms max=3529ms answers=map[probe:5] not-full=0
    zz_startroute_coldstart_diag_test.go:324: SUMMARY mode=prespawned  source=compact n=5 spooled=1 wall p50=2546ms max=3236ms up p50=2439ms max=3039ms answers=map[note(the Qompack daemon did not answer in time):1 rehydration+probe:4] not-full=0
    zz_startroute_coldstart_diag_test.go:324: SUMMARY mode=unstaged    source=startup n=5 spooled=0 wall p50=1536ms max=2440ms up p50=1657ms max=1867ms answers=map[probe:5] not-full=0
    zz_startroute_coldstart_diag_test.go:324: SUMMARY mode=unstaged    source=compact n=5 spooled=0 wall p50=2226ms max=3023ms up p50=2182ms max=3040ms answers=map[rehydration+probe:5] not-full=0
--- PASS: TestZZStartroute_ColdStart (626.20s)
PASS
ok  	github.com/qompack/qompack/test/e2e	626.449s
exit=0
