=== RUN   TestAuditPublication_NewerSchemaAloneIsASupportGap
--- PASS: TestAuditPublication_NewerSchemaAloneIsASupportGap (0.13s)
=== RUN   TestAuditPublication_NewerSchemaBesideOtherIncompletenessIsNotASupportGap
=== RUN   TestAuditPublication_NewerSchemaBesideOtherIncompletenessIsNotASupportGap/an_older_schema
=== RUN   TestAuditPublication_NewerSchemaBesideOtherIncompletenessIsNotASupportGap/an_unknown_op
=== RUN   TestAuditPublication_NewerSchemaBesideOtherIncompletenessIsNotASupportGap/an_unexpected_entry_in_the_capture_tree
--- PASS: TestAuditPublication_NewerSchemaBesideOtherIncompletenessIsNotASupportGap (0.24s)
    --- PASS: TestAuditPublication_NewerSchemaBesideOtherIncompletenessIsNotASupportGap/an_older_schema (0.08s)
    --- PASS: TestAuditPublication_NewerSchemaBesideOtherIncompletenessIsNotASupportGap/an_unknown_op (0.08s)
    --- PASS: TestAuditPublication_NewerSchemaBesideOtherIncompletenessIsNotASupportGap/an_unexpected_entry_in_the_capture_tree (0.07s)
=== RUN   TestAuditPublication_CompletePassIsNotASupportGap
--- PASS: TestAuditPublication_CompletePassIsNotASupportGap (0.08s)
=== RUN   TestAuditPublication_ClassifiesCaptureSidecars
--- PASS: TestAuditPublication_ClassifiesCaptureSidecars (0.24s)
=== RUN   TestAuditPublication_DeniedCaptureIsNotAGap
--- PASS: TestAuditPublication_DeniedCaptureIsNotAGap (0.08s)
=== RUN   TestAuditPublication_EmptyOkCaptureIsNotAGap
--- PASS: TestAuditPublication_EmptyOkCaptureIsNotAGap (0.10s)
=== RUN   TestAuditPublication_UnknownOutcomeIsIncomplete
--- PASS: TestAuditPublication_UnknownOutcomeIsIncomplete (0.08s)
=== RUN   TestAuditPublication_UnknownOpIsIncomplete
--- PASS: TestAuditPublication_UnknownOpIsIncomplete (0.08s)
=== RUN   TestAuditPublication_FutureSchemaIsIncompleteNotEmpty
--- PASS: TestAuditPublication_FutureSchemaIsIncompleteNotEmpty (0.08s)
=== RUN   TestAuditPublication_MissingOrOlderSchemaIsIncomplete
--- PASS: TestAuditPublication_MissingOrOlderSchemaIsIncomplete (0.08s)
=== RUN   TestAuditPublication_MalformedTrailingJSONIsIncomplete
--- PASS: TestAuditPublication_MalformedTrailingJSONIsIncomplete (0.08s)
=== RUN   TestAuditPublication_UnreadableSidecarIsIncomplete
--- PASS: TestAuditPublication_UnreadableSidecarIsIncomplete (0.08s)
=== RUN   TestAuditPublication_UnindexedObjectCandidate
--- PASS: TestAuditPublication_UnindexedObjectCandidate (0.06s)
=== RUN   TestAuditPublication_IndexedObjectsAreNotCandidates
--- PASS: TestAuditPublication_IndexedObjectsAreNotCandidates (0.13s)
=== RUN   TestAuditPublication_KeepRawPutCreatesNoCandidates
--- PASS: TestAuditPublication_KeepRawPutCreatesNoCandidates (0.14s)
=== RUN   TestAuditPublication_PendingObjectIsNotACandidate
--- PASS: TestAuditPublication_PendingObjectIsNotACandidate (0.09s)
=== RUN   TestAuditPublication_EmptyProjectIsCleanAndComplete
--- PASS: TestAuditPublication_EmptyProjectIsCleanAndComplete (0.07s)
=== RUN   TestAuditPublication_RespectsTheCaptureCap
--- PASS: TestAuditPublication_RespectsTheCaptureCap (0.15s)
=== RUN   TestAuditPublication_RespectsTheEntryBudget
--- PASS: TestAuditPublication_RespectsTheEntryBudget (0.17s)
=== RUN   TestAuditPublication_ClosedStoreDegrades
--- PASS: TestAuditPublication_ClosedStoreDegrades (0.05s)
=== RUN   TestAuditPublication_HonoursCancellation
--- PASS: TestAuditPublication_HonoursCancellation (0.08s)
=== RUN   TestAuditPublication_StopReferenceRequirementIsQualified
=== RUN   TestAuditPublication_StopReferenceRequirementIsQualified/ordinary_stop
=== RUN   TestAuditPublication_StopReferenceRequirementIsQualified/subagent_stop
=== RUN   TestAuditPublication_StopReferenceRequirementIsQualified/unknown_stop
=== RUN   TestAuditPublication_StopReferenceRequirementIsQualified/denied_stop
--- PASS: TestAuditPublication_StopReferenceRequirementIsQualified (0.36s)
    --- PASS: TestAuditPublication_StopReferenceRequirementIsQualified/ordinary_stop (0.09s)
    --- PASS: TestAuditPublication_StopReferenceRequirementIsQualified/subagent_stop (0.08s)
    --- PASS: TestAuditPublication_StopReferenceRequirementIsQualified/unknown_stop (0.10s)
    --- PASS: TestAuditPublication_StopReferenceRequirementIsQualified/denied_stop (0.09s)
PASS
ok  	github.com/qompack/qompack/internal/store	2.882s
