# x13 row with the unaccounted check, working tree over 994a7cf, -count=3
=== RUN   TestV4_HotPathUnchangedWithTheFullWave3ResidentSet
    v4_x13_test.go:904: arm sess-e2e-v4-x13: client fallback files read []: 0 late-ACK duplicates [], 0 never reached the daemon live []; the daemon received 9 hot-path requests live and holds 9 hot-path WAL lines
    v4_x13_test.go:926: arm sess-e2e-v4-x13-ref: client fallback files read []: 0 late-ACK duplicates [], 0 never reached the daemon live []; the daemon received 9 hot-path requests live and holds 9 hot-path WAL lines
    v4_x13_test.go:942: new capture sidecars in C:\Users\Quant\AppData\Local\Temp\TestV4_HotPathUnchangedWithTheFullWave3ResidentSet4172012393\002\project: 8 from the burst (observe.tool, sess-e2e-v4-x13-ref); setup deliveries that landed late: map[]
    v4_x13_test.go:944: new capture sidecars in C:\Users\Quant\AppData\Local\Temp\TestV4_HotPathUnchangedWithTheFullWave3ResidentSet4172012393\001\project: 8 from the burst (observe.tool, sess-e2e-v4-x13); setup deliveries that landed late: map[]
--- PASS: TestV4_HotPathUnchangedWithTheFullWave3ResidentSet (8.26s)
=== RUN   TestV4_HotPathUnchangedWithTheFullWave3ResidentSet
    v4_x13_test.go:904: arm sess-e2e-v4-x13: client fallback files read []: 0 late-ACK duplicates [], 0 never reached the daemon live []; the daemon received 9 hot-path requests live and holds 9 hot-path WAL lines
    v4_x13_test.go:926: arm sess-e2e-v4-x13-ref: client fallback files read []: 0 late-ACK duplicates [], 0 never reached the daemon live []; the daemon received 9 hot-path requests live and holds 9 hot-path WAL lines
    v4_x13_test.go:942: new capture sidecars in C:\Users\Quant\AppData\Local\Temp\TestV4_HotPathUnchangedWithTheFullWave3ResidentSet718747118\002\project: 8 from the burst (observe.tool, sess-e2e-v4-x13-ref); setup deliveries that landed late: map[]
    v4_x13_test.go:944: new capture sidecars in C:\Users\Quant\AppData\Local\Temp\TestV4_HotPathUnchangedWithTheFullWave3ResidentSet718747118\001\project: 8 from the burst (observe.tool, sess-e2e-v4-x13); setup deliveries that landed late: map[]
--- PASS: TestV4_HotPathUnchangedWithTheFullWave3ResidentSet (8.90s)
=== RUN   TestV4_HotPathUnchangedWithTheFullWave3ResidentSet
    v4_x13_test.go:904: arm sess-e2e-v4-x13: client fallback files read []: 0 late-ACK duplicates [], 0 never reached the daemon live []; the daemon received 9 hot-path requests live and holds 9 hot-path WAL lines
    v4_x13_test.go:926: arm sess-e2e-v4-x13-ref: client fallback files read []: 0 late-ACK duplicates [], 0 never reached the daemon live []; the daemon received 9 hot-path requests live and holds 9 hot-path WAL lines
    v4_x13_test.go:942: new capture sidecars in C:\Users\Quant\AppData\Local\Temp\TestV4_HotPathUnchangedWithTheFullWave3ResidentSet2546420004\002\project: 8 from the burst (observe.tool, sess-e2e-v4-x13-ref); setup deliveries that landed late: map[]
    v4_x13_test.go:944: new capture sidecars in C:\Users\Quant\AppData\Local\Temp\TestV4_HotPathUnchangedWithTheFullWave3ResidentSet2546420004\001\project: 8 from the burst (observe.tool, sess-e2e-v4-x13); setup deliveries that landed late: map[]
--- PASS: TestV4_HotPathUnchangedWithTheFullWave3ResidentSet (7.31s)
PASS
ok  	github.com/qompack/qompack/test/e2e	24.724s
exit=0
