# re-run alone of the whole-package timing red, Windows, HEAD d1431ae, QOMPACK_UNDER_COLOAD unset (this seat's Linux e2e gate still running in the container; other workstreams active)
=== RUN   TestV3_HotPathUnchangedWithLedgerResident
    v3_x11_test.go:434: X11 resident state: ToolUses=2000 RawBytes=43120000 (41.1 MB) StoredBytes=3682837 DedupRatio=11.71; DAG Nodes=9041 Edges=17920; ledger Active=5000 Stale=0 FillRatio=0.306 tried.bloom=24056B
    v3_x11_test.go:483: bench harness stdout:
        hotpath: building C:\Users\Quant\AppData\Local\Temp\qompack-bench-build-3258560310\qompack.exe...
        hotpath: starting daemon (\\.\pipe\qompack-bench-50220-3b1bff88cbc3231e)...
        hotpath: daemon is reachable
        hotpath: warming daemon (64 hot-path observe.tool + 1936 admin.ping)...
        hotpath: warm-up sent ~1.1 MB across 64 hot-path requests (plus 1936 admin.ping round trips)
        hotpath: measuring spawn floor (200 x qompack version)...
        hotpath: measuring B-A/B-D (2000 x qompack [observe tool])...
        hotpath: measuring B-E (50 x qompack checkpoint)...
        hotpath: measuring hook ACK round trip (64 x in-process observe.tool)...
        
        hotpath bench summary (windows/amd64, n=2000)
          spawn floor: p50=28.179ms p99=63.897ms (n=200)
          b_a_method: daemon status hook_controlled (observed + hotPathTailAllowance), p99 gated against obs.Budgets() B-A's limit (reported, not gated, under --under-coload — see the notes); see the B-A_spawn_estimate row for the wall-clock, floor-subtracted diagnostic (unbiased at p50, dispersion-contaminated at p99 — spec step 6 amended by controller ruling #29)
        
          B-A                 n=1537  p50=  36.864ms p95= 106.496ms p99= 245.760ms p999= 655.360ms max=  650.000ms limit=15.000ms   [FAIL]
          B-B                 n=1537  p50=  26.624ms p95=  53.248ms p99= 212.992ms p999= 393.216ms max=  597.622ms limit=50.000ms   [FAIL]
          B-D                 n=2000  p50=  50.546ms p95= 110.580ms p99= 210.278ms p999= 349.659ms max=  521.324ms limit=n/a        [reported]
          B-E                 n=50    p50= 228.676ms p95= 444.866ms p99= 791.222ms p999= 791.222ms max=  791.222ms limit=2000.000ms [PASS]
          B-E_cpu             n=50    p50=  15.625ms p95=  31.250ms p99=  46.875ms p999=  46.875ms max=   46.875ms limit=2000.000ms [PASS]
          B-A_spawn_estimate  n=2000  p50=  22.367ms p95=  82.401ms p99= 182.098ms p999= 321.480ms max=  493.144ms limit=n/a        [reported]
          hook_ack_rtt        n=64    p50=   0.000ms p95=   0.000ms p99=   0.538ms p999=   0.538ms max=    0.538ms limit=n/a        [reported]
        
          note: B-C not measured in wave 1: the processing seams are stubs
          note: delivery ledger: 2130 hot-path requests sent, 1538 delivered live to the daemon, 592 DEFERRED to the client spool and 0 lost. A deferral is §8.1/§12.2's documented degrade-rather-than-block path (internal/ipc/client.go's Send spools and returns instead of waiting), so the event is durable and the daemon replays it on its next drain — but it is still a sample missing from the top of every gated daemon-side population, so it is counted back in as an over-budget sample rather than dropped
          note: B-A's p99 CANNOT be certified and its gate is failed on that ground: 527 of the 2064 planned samples never reached the daemon's histogram and are counted as over-budget samples, which puts the full population's nearest-rank p99 at rank 2044 of 2064 — inside the un-delivered block, since only 1537 samples were observed. The p99 field reports the DELIVERED set's own p99 for diagnosis only; it is a lower bound on the real one, never the gated number
          note: B-B's p99 CANNOT be certified and its gate is failed on that ground: 527 of the 2064 planned samples never reached the daemon's histogram and are counted as over-budget samples, which puts the full population's nearest-rank p99 at rank 2044 of 2064 — inside the un-delivered block, since only 1537 samples were observed. The p99 field reports the DELIVERED set's own p99 for diagnosis only; it is a lower bound on the real one, never the gated number
          note: hook_ack_rtt is REPORTED, never gated: it is the client-side ACK round trip of 64 in-process observe.tool deliveries, each with a fresh nonce and a real lease, timed through the same ipc.Client a hook uses. Design §7.5 sizes the ACK deadline from it as AckDeadlineMs = L0IngestMs + ceil(slack99), where slack99 = p99(hook_ack_rtt) - p99(B-B) over this same run. The timed samples are preceded by 2 DISCARDED warm-up requests on the same session: without them sample #0 paid a session-registry insertion and a WAL segment create on top of the round trip, and at 64 samples with nearest-rank percentiles p99 IS the maximum sample, so that one sample became the number the deadline was sized from. Its traffic IS real hot-path traffic, so all 66 requests do reach the daemon's l0_ingest and hook_controlled histograms — but this run reads both of those for the gated B-A and B-B rows BEFORE any of the tranche is sent, warm-ups included, so none of it is inside either gated population, and the B-B this row is differenced against contains none of its own deliveries. They are reconciled rather than ignored: a second status read after the tranche counts every one of them, warm-ups included, into the delivery ledger, so a deferral of this tranche's own cannot pass unnoticed. The in-process traffic that does sit inside the gated populations is the warm-up's, disclosed with its own computed proportion. A p99 over 64 samples is still that set's own top sample, which is why §7.5 takes the maximum across three runs rather than trusting one
          note: daemon-observed hook_controlled_observed (recvTS-reqTS, strict lower bound, no hotPathTailAllowance): p50=5.120ms p99=57.344ms n=1537 — informational cross-check against the gated B-A row above, which adds the tail allowance
          note: B-A's gated n=2064 includes 64 in-process warm-up observe.tool requests (Send-time TS, not a spawned process's main() entry) alongside 2000 real hook spawns from the B-A/B-D loop — the warm-up hot-path tranche (warmHotTranche=64, a small, fixed constant) is 3.1% of the gated population for this run; see B-A_spawn_estimate for the wall-clock diagnostic derived purely from real spawns
          note: B-B's n includes the 64 warm-up hot-path (observe.tool) requests, not just the B-A/B-D measurement loop — the daemon's own l0_ingest count, reported verbatim (conservative for B-B: warm-up payloads run 4KB-256KB, larger than B-A/B-D's fixed representative payload). The other 1936 warm-up requests are admin.ping round trips and never reach l0_ingest at all (FIX ROUND 2, N-1)
        
    v3_x11_test.go:485: bench artifact C:\Users\Quant\AppData\Local\Temp\TestV3_HotPathUnchangedWithLedgerResident3088832771\003\v3-hotpath.json:
        {
          "platform": "windows/amd64",
          "n": 2000,
          "b_a_method": "daemon status hook_controlled (observed + hotPathTailAllowance), p99 gated against obs.Budgets() B-A's limit (reported, not gated, under --under-coload — see the notes); see the B-A_spawn_estimate row for the wall-clock, floor-subtracted diagnostic (unbiased at p50, dispersion-contaminated at p99 — spec step 6 amended by controller ruling #29)",
          "spawn_floor_ms": {
            "n": 200,
            "p50": 28.179,
            "p99": 63.897
          },
          "notes": [
            "B-C not measured in wave 1: the processing seams are stubs",
            "delivery ledger: 2130 hot-path requests sent, 1538 delivered live to the daemon, 592 DEFERRED to the client spool and 0 lost. A deferral is §8.1/§12.2's documented degrade-rather-than-block path (internal/ipc/client.go's Send spools and returns instead of waiting), so the event is durable and the daemon replays it on its next drain — but it is still a sample missing from the top of every gated daemon-side population, so it is counted back in as an over-budget sample rather than dropped",
            "B-A's p99 CANNOT be certified and its gate is failed on that ground: 527 of the 2064 planned samples never reached the daemon's histogram and are counted as over-budget samples, which puts the full population's nearest-rank p99 at rank 2044 of 2064 — inside the un-delivered block, since only 1537 samples were observed. The p99 field reports the DELIVERED set's own p99 for diagnosis only; it is a lower bound on the real one, never the gated number",
            "B-B's p99 CANNOT be certified and its gate is failed on that ground: 527 of the 2064 planned samples never reached the daemon's histogram and are counted as over-budget samples, which puts the full population's nearest-rank p99 at rank 2044 of 2064 — inside the un-delivered block, since only 1537 samples were observed. The p99 field reports the DELIVERED set's own p99 for diagnosis only; it is a lower bound on the real one, never the gated number",
            "hook_ack_rtt is REPORTED, never gated: it is the client-side ACK round trip of 64 in-process observe.tool deliveries, each with a fresh nonce and a real lease, timed through the same ipc.Client a hook uses. Design §7.5 sizes the ACK deadline from it as AckDeadlineMs = L0IngestMs + ceil(slack99), where slack99 = p99(hook_ack_rtt) - p99(B-B) over this same run. The timed samples are preceded by 2 DISCARDED warm-up requests on the same session: without them sample #0 paid a session-registry insertion and a WAL segment create on top of the round trip, and at 64 samples with nearest-rank percentiles p99 IS the maximum sample, so that one sample became the number the deadline was sized from. Its traffic IS real hot-path traffic, so all 66 requests do reach the daemon's l0_ingest and hook_controlled histograms — but this run reads both of those for the gated B-A and B-B rows BEFORE any of the tranche is sent, warm-ups included, so none of it is inside either gated population, and the B-B this row is differenced against contains none of its own deliveries. They are reconciled rather than ignored: a second status read after the tranche counts every one of them, warm-ups included, into the delivery ledger, so a deferral of this tranche's own cannot pass unnoticed. The in-process traffic that does sit inside the gated populations is the warm-up's, disclosed with its own computed proportion. A p99 over 64 samples is still that set's own top sample, which is why §7.5 takes the maximum across three runs rather than trusting one",
            "daemon-observed hook_controlled_observed (recvTS-reqTS, strict lower bound, no hotPathTailAllowance): p50=5.120ms p99=57.344ms n=1537 — informational cross-check against the gated B-A row above, which adds the tail allowance",
            "B-A's gated n=2064 includes 64 in-process warm-up observe.tool requests (Send-time TS, not a spawned process's main() entry) alongside 2000 real hook spawns from the B-A/B-D loop — the warm-up hot-path tranche (warmHotTranche=64, a small, fixed constant) is 3.1% of the gated population for this run; see B-A_spawn_estimate for the wall-clock diagnostic derived purely from real spawns",
            "B-B's n includes the 64 warm-up hot-path (observe.tool) requests, not just the B-A/B-D measurement loop — the daemon's own l0_ingest count, reported verbatim (conservative for B-B: warm-up payloads run 4KB-256KB, larger than B-A/B-D's fixed representative payload). The other 1936 warm-up requests are admin.ping round trips and never reach l0_ingest at all (FIX ROUND 2, N-1)"
          ],
          "budgets": [
            {
              "budget_id": "B-A",
              "n": 1537,
              "p50": 36.864,
              "p95": 106.496,
              "p99": 245.76,
              "p999": 655.36,
              "max": 650,
              "limit_ms": 15,
              "pass": false
            },
            {
              "budget_id": "B-B",
              "n": 1537,
              "p50": 26.624,
              "p95": 53.248,
              "p99": 212.992,
              "p999": 393.216,
              "max": 597.622,
              "limit_ms": 50,
              "pass": false
            },
            {
              "budget_id": "B-D",
              "n": 2000,
              "p50": 50.546,
              "p95": 110.58,
              "p99": 210.278,
              "p999": 349.659,
              "max": 521.324,
              "limit_ms": null,
              "pass": null
            },
            {
              "budget_id": "B-E",
              "n": 50,
              "p50": 228.676,
              "p95": 444.866,
              "p99": 791.222,
              "p999": 791.222,
              "max": 791.222,
              "limit_ms": 2000,
              "pass": true
            },
            {
              "budget_id": "B-E_cpu",
              "n": 50,
              "p50": 15.625,
              "p95": 31.25,
              "p99": 46.875,
              "p999": 46.875,
              "max": 46.875,
              "limit_ms": 2000,
              "pass": true
            },
            {
              "budget_id": "B-A_spawn_estimate",
              "n": 2000,
              "p50": 22.367,
              "p95": 82.401,
              "p99": 182.098,
              "p999": 321.48,
              "max": 493.144,
              "limit_ms": null,
              "pass": null
            },
            {
              "budget_id": "hook_ack_rtt",
              "n": 64,
              "p50": 0,
              "p95": 0,
              "p99": 0.538,
              "p999": 0.538,
              "max": 0.538,
              "limit_ms": null,
              "pass": null
            }
          ]
        }
    v3_x11_test.go:487: 
        	Error Trace:	C:/Users/Quant/Documents/Programming/Projects/qompack-cx-w5-helpers/test/e2e/v3_x11_test.go:487
        	Error:      	Received unexpected error:
        	            	exit status 1
        	Test:       	TestV3_HotPathUnchangedWithLedgerResident
        	Messages:   	bench-hotpath exited non-zero with the observer and the 5 000-elimination ledger resident (QOMPACK_UNDER_COLOAD=false): either a gated budget (B-E_cpu p99<2000ms always; without --under-coload also B-B p99<50ms, B-A p99<15ms and B-E's wall row p99<2000ms) breached, or the harness itself failed
        	            	stderr:
        	            	hotpath: a gated budget breached its limit — see the summary above
--- FAIL: TestV3_HotPathUnchangedWithLedgerResident (354.14s)
FAIL
FAIL	github.com/qompack/qompack/test/e2e	354.370s
FAIL
exit=1
