run_id=cx-int4-int4-hotpath-alone-898bb8b-20260928T022919Z
container=qompack-v6-linux-verification
repo=C:/Users/Quant/Documents/Programming/Projects/qompack-cx-int
rev=898bb8b
commit=898bb8b27b0b29370e6198aeab73763f1c5f498a
bundle_sha256=3aca198992eaf345edb095fb8fd43004626bb748cbfe43171b4da1b820aae0d8
host_started_utc=2026-09-28T02:29:37Z
inner_args=--no-race --count 2 --timeout 30m --run ^TestIntegration_HotPathWarmWithRealResidentState$ -- ./test/integration
/work/cx-int4-int4-hotpath-alone-898bb8b-20260928T022919Z.bundle: OK
run_id=cx-int4-int4-hotpath-alone-898bb8b-20260928T022919Z
commit=898bb8b27b0b29370e6198aeab73763f1c5f498a
tree=e1d448b8717edd75cdb26f8a94e005982a74de97
bundle_sha256=3aca198992eaf345edb095fb8fd43004626bb748cbfe43171b4da1b820aae0d8
started_utc=2026-09-28T02:29:42Z
uid=10001 user=qompack-test groups=qompack-test
race=0 count=2 timeout=30m gomaxprocs=4 coload=0
run=^TestIntegration_HotPathWarmWithRealResidentState$
skip=
extra_env=
go version go1.26.6 linux/amd64
linux
amd64
0
/home/qompack-test/.cache/go-build
/go/pkg/mod
-mod=readonly
off
Linux e09d55cfc09b 5.15.167.4-microsoft-standard-WSL2 #1 SMP Tue Nov 5 00:21:55 UTC 2024 x86_64 GNU/Linux
22
FAIL      github.com/qompack/qompack/test/integration  (pass=0 fail=2 skip=0)
    FAIL TestIntegration_HotPathWarmWithRealResidentState
    FAIL TestIntegration_HotPathWarmWithRealResidentState
go_test_exit=1
exit=1
artifacts: C:/Users/Quant/Documents/Programming/Projects/qompack-cx-int/plans/sdd/V6-closeout/integration/runs/run4/cx-int4-int4-hotpath-alone-898bb8b-20260928T022919Z-artifacts
exit=1
