=== RUN   TestSessionStartBudget_SplitsTheManifestTimeout
--- PASS: TestSessionStartBudget_SplitsTheManifestTimeout (0.00s)
=== RUN   TestSessionStartBudget_APreSendOverrunCutsTheReplyWait
    sessionstart_budget_test.go:151: 
        	Error Trace:	C:/Users/Quant/Documents/Programming/Projects/qompack-cx-w5-coldstart/internal/cli/sessionstart_budget_test.go:151
        	Error:      	"5.2577247s" is not less than "4.5s"
        	Test:       	TestSessionStartBudget_APreSendOverrunCutsTheReplyWait
        	Messages:   	the hook must end by its bound (3.5s) however long the pre-send step took; it took 5.2577247s
--- FAIL: TestSessionStartBudget_APreSendOverrunCutsTheReplyWait (5.35s)
=== RUN   TestSessionStartBudget_NoTimeLeftSpoolsWithoutDialling
    sessionstart_budget_test.go:172: 
        	Error Trace:	C:/Users/Quant/Documents/Programming/Projects/qompack-cx-w5-coldstart/internal/cli/sessionstart_budget_test.go:172
        	Error:      	"6.6024958s" is not less than "4.5s"
        	Test:       	TestSessionStartBudget_NoTimeLeftSpoolsWithoutDialling
        	Messages:   	the hook ends as soon as the pre-send step does; it took 6.6024958s
--- FAIL: TestSessionStartBudget_NoTimeLeftSpoolsWithoutDialling (6.65s)
FAIL
FAIL	github.com/qompack/qompack/internal/cli	12.187s
FAIL
exit=1
