--- FAIL: TestRunCtxDoneGoesThroughStop (0.07s)
    daemon_test.go:1332: 
        	Error Trace:	C:/Users/Quant/Documents/Programming/Projects/qompack-cx-w5-coldstart/internal/daemon/daemon_test.go:1332
        	Error:      	Received unexpected error:
        	            	context canceled
        	Test:       	TestRunCtxDoneGoesThroughStop
--- FAIL: TestRunCtxDoneGoesThroughStop (0.08s)
    daemon_test.go:1332: 
        	Error Trace:	C:/Users/Quant/Documents/Programming/Projects/qompack-cx-w5-coldstart/internal/daemon/daemon_test.go:1332
        	Error:      	Received unexpected error:
        	            	context canceled
        	Test:       	TestRunCtxDoneGoesThroughStop
--- FAIL: TestRunCtxDoneGoesThroughStop (0.08s)
    daemon_test.go:1332: 
        	Error Trace:	C:/Users/Quant/Documents/Programming/Projects/qompack-cx-w5-coldstart/internal/daemon/daemon_test.go:1332
        	Error:      	Received unexpected error:
        	            	context canceled
        	Test:       	TestRunCtxDoneGoesThroughStop
--- FAIL: TestRunCtxDoneGoesThroughStop (0.07s)
    daemon_test.go:1332: 
        	Error Trace:	C:/Users/Quant/Documents/Programming/Projects/qompack-cx-w5-coldstart/internal/daemon/daemon_test.go:1332
        	Error:      	Received unexpected error:
        	            	context canceled
        	Test:       	TestRunCtxDoneGoesThroughStop
--- FAIL: TestRunCtxDoneGoesThroughStop (0.06s)
    daemon_test.go:1332: 
        	Error Trace:	C:/Users/Quant/Documents/Programming/Projects/qompack-cx-w5-coldstart/internal/daemon/daemon_test.go:1332
        	Error:      	Received unexpected error:
        	            	context canceled
        	Test:       	TestRunCtxDoneGoesThroughStop
--- FAIL: TestRunCtxDoneGoesThroughStop (0.06s)
    daemon_test.go:1332: 
        	Error Trace:	C:/Users/Quant/Documents/Programming/Projects/qompack-cx-w5-coldstart/internal/daemon/daemon_test.go:1332
        	Error:      	Received unexpected error:
        	            	context canceled
        	Test:       	TestRunCtxDoneGoesThroughStop
--- FAIL: TestRunCtxDoneGoesThroughStop (0.07s)
    daemon_test.go:1332: 
        	Error Trace:	C:/Users/Quant/Documents/Programming/Projects/qompack-cx-w5-coldstart/internal/daemon/daemon_test.go:1332
        	Error:      	Received unexpected error:
        	            	context canceled
        	Test:       	TestRunCtxDoneGoesThroughStop
--- FAIL: TestRunCtxDoneGoesThroughStop (0.06s)
    daemon_test.go:1332: 
        	Error Trace:	C:/Users/Quant/Documents/Programming/Projects/qompack-cx-w5-coldstart/internal/daemon/daemon_test.go:1332
        	Error:      	Received unexpected error:
        	            	context canceled
        	Test:       	TestRunCtxDoneGoesThroughStop
--- FAIL: TestRunCtxDoneGoesThroughStop (0.06s)
    daemon_test.go:1332: 
        	Error Trace:	C:/Users/Quant/Documents/Programming/Projects/qompack-cx-w5-coldstart/internal/daemon/daemon_test.go:1332
        	Error:      	Received unexpected error:
        	            	context canceled
        	Test:       	TestRunCtxDoneGoesThroughStop
FAIL
FAIL	github.com/qompack/qompack/internal/daemon	1.743s
FAIL
exit=1
