=== RUN   TestZZW5_ColdStart
    zz_w5_coldstart_diag_test.go:426: GOOS=windows NumCPU=22 cpu-coload="1" mult=2 fsync=8 iters=3 up="marks"
    zz_w5_coldstart_diag_test.go:442: ROW mode=unstaged    source=startup i=0 wall= 4893ms sswall= 4893ms overhead= 788ms presend=  212ms dialable= 4598ms stall=  45ms up= 4598ms(ok=true) spooled=false daemons=1 leaseOK=1 lockHeld=0 answer=probe                                    probe_minted=true  sessions=1 mode=full drop=""
    zz_w5_coldstart_diag_test.go:446: TIMELINE mode=unstaged source=startup i=0
           +682ms pid=40432 ppid=23960 +25ms hook-start [op session.start]
          +4410ms pid=40432 ppid=23960 +3753ms presend-start []
          +4410ms pid=40432 ppid=23960 +3753ms ensure-probe-miss []
          +4410ms pid=40432 ppid=23960 +3753ms stage-start []
          +4410ms pid=40432 ppid=23960 +3753ms stage-end [err <nil>]
          +4417ms pid=40432 ppid=23960 +3760ms spawn-start [program C:\Users\Quant\AppData\Local\Temp\qompack-e2e-1646320503\qompack.exe]
          +4462ms pid=40432 ppid=23960 +3805ms spawn-started [child 44664]
          +4462ms pid=40432 ppid=23960 +3805ms ensure-spawned []
          +4502ms pid=44664 ppid=40432 +25ms daemon-enter []
          +4502ms pid=44664 ppid=40432 +26ms lease-try []
          +4524ms pid=44664 ppid=40432 +48ms lease-result [err <nil>]
          +4547ms pid=44664 ppid=40432 +71ms wired []
          +4574ms pid=44664 ppid=40432 +97ms run-call []
          +4574ms pid=44664 ppid=40432 +97ms run-enter []
          +4575ms pid=44664 ppid=40432 +98ms lock-ok []
          +4575ms pid=44664 ppid=40432 +98ms ing-started []
          +4575ms pid=44664 ppid=40432 +99ms listen-start []
          +4582ms pid=44664 ppid=40432 +106ms listening []
          +4589ms pid=44664 ppid=40432 +113ms state-written []
          +4589ms pid=44664 ppid=40432 +113ms drain-start []
          +4595ms pid=44664 ppid=40432 +119ms drain-end []
          +4595ms pid=44664 ppid=40432 +119ms sweep-end []
          +4598ms pid=44664 ppid=40432 +122ms audit-end []
          +4598ms pid=44664 ppid=40432 +122ms serving []
          +4622ms pid=40432 ppid=23960 +3966ms ensure-up []
          +4622ms pid=40432 ppid=23960 +3966ms presend-end []
          +4622ms pid=40432 ppid=23960 +3966ms send-start []
          +4637ms pid=40432 ppid=23960 +3981ms connect [err <nil>]
          +4786ms pid=40432 ppid=23960 +4129ms reply [err <nil>]
          +4787ms pid=40432 ppid=23960 +4130ms send-end [ok true out true]
          +4787ms pid=40432 ppid=23960 +4130ms hook-end []
    zz_w5_coldstart_diag_test.go:442: ROW mode=unstaged    source=startup i=1 wall= 3007ms sswall= 3007ms overhead= 395ms presend=  248ms dialable= 2629ms stall=  10ms up= 2629ms(ok=true) spooled=false daemons=1 leaseOK=1 lockHeld=0 answer=probe                                    probe_minted=true  sessions=1 mode=full drop=""
    zz_w5_coldstart_diag_test.go:446: TIMELINE mode=unstaged source=startup i=1
           +107ms pid=34420 ppid=23960 +24ms hook-start [op session.start]
          +2387ms pid=34420 ppid=23960 +2304ms presend-start []
          +2389ms pid=34420 ppid=23960 +2306ms ensure-probe-miss []
          +2389ms pid=34420 ppid=23960 +2306ms stage-start []
          +2389ms pid=34420 ppid=23960 +2306ms stage-end [err <nil>]
          +2389ms pid=34420 ppid=23960 +2306ms spawn-start [program C:\Users\Quant\AppData\Local\Temp\qompack-e2e-1646320503\qompack.exe]
          +2399ms pid=34420 ppid=23960 +2316ms spawn-started [child 41964]
          +2399ms pid=34420 ppid=23960 +2316ms ensure-spawned []
          +2455ms pid=41964 ppid=34420 +42ms daemon-enter []
          +2455ms pid=41964 ppid=34420 +42ms lease-try []
          +2484ms pid=41964 ppid=34420 +72ms lease-result [err <nil>]
          +2551ms pid=41964 ppid=34420 +139ms wired []
          +2597ms pid=41964 ppid=34420 +185ms run-call []
          +2597ms pid=41964 ppid=34420 +185ms run-enter []
          +2597ms pid=41964 ppid=34420 +185ms lock-ok []
          +2597ms pid=41964 ppid=34420 +185ms ing-started []
          +2597ms pid=41964 ppid=34420 +185ms listen-start []
          +2610ms pid=41964 ppid=34420 +197ms listening []
          +2616ms pid=41964 ppid=34420 +204ms state-written []
          +2616ms pid=41964 ppid=34420 +204ms drain-start []
          +2626ms pid=41964 ppid=34420 +214ms drain-end []
          +2627ms pid=41964 ppid=34420 +214ms sweep-end []
          +2629ms pid=41964 ppid=34420 +216ms audit-end []
          +2629ms pid=41964 ppid=34420 +216ms serving []
          +2635ms pid=34420 ppid=23960 +2553ms ensure-up []
          +2635ms pid=34420 ppid=23960 +2553ms presend-end []
          +2635ms pid=34420 ppid=23960 +2553ms send-start []
          +2637ms pid=34420 ppid=23960 +2554ms connect [err <nil>]
          +2718ms pid=34420 ppid=23960 +2635ms reply [err <nil>]
          +2719ms pid=34420 ppid=23960 +2636ms send-end [ok true out true]
          +2719ms pid=34420 ppid=23960 +2636ms hook-end []
    zz_w5_coldstart_diag_test.go:442: ROW mode=unstaged    source=startup i=2 wall= 1632ms sswall= 1632ms overhead= 249ms presend=  158ms dialable= 1470ms stall=  20ms up= 1470ms(ok=true) spooled=false daemons=1 leaseOK=1 lockHeld=0 answer=probe                                    probe_minted=true  sessions=1 mode=full drop=""
    zz_w5_coldstart_diag_test.go:446: TIMELINE mode=unstaged source=startup i=2
           +144ms pid=45976 ppid=23960 +29ms hook-start [op session.start]
          +1315ms pid=45976 ppid=23960 +1200ms presend-start []
          +1315ms pid=45976 ppid=23960 +1200ms ensure-probe-miss []
          +1315ms pid=45976 ppid=23960 +1200ms stage-start []
          +1315ms pid=45976 ppid=23960 +1200ms stage-end [err <nil>]
          +1316ms pid=45976 ppid=23960 +1201ms spawn-start [program C:\Users\Quant\AppData\Local\Temp\qompack-e2e-1646320503\qompack.exe]
          +1336ms pid=45976 ppid=23960 +1221ms spawn-started [child 51088]
          +1337ms pid=45976 ppid=23960 +1222ms ensure-spawned []
          +1373ms pid=51088 ppid=45976 +25ms daemon-enter []
          +1377ms pid=51088 ppid=45976 +28ms lease-try []
          +1412ms pid=51088 ppid=45976 +64ms lease-result [err <nil>]
          +1425ms pid=51088 ppid=45976 +76ms wired []
          +1445ms pid=51088 ppid=45976 +96ms run-call []
          +1445ms pid=51088 ppid=45976 +96ms run-enter []
          +1445ms pid=51088 ppid=45976 +96ms lock-ok []
          +1445ms pid=51088 ppid=45976 +97ms ing-started []
          +1445ms pid=51088 ppid=45976 +97ms listen-start []
          +1451ms pid=51088 ppid=45976 +102ms listening []
          +1457ms pid=51088 ppid=45976 +109ms state-written []
          +1457ms pid=51088 ppid=45976 +109ms drain-start []
          +1467ms pid=51088 ppid=45976 +119ms drain-end []
          +1468ms pid=51088 ppid=45976 +120ms sweep-end []
          +1470ms pid=51088 ppid=45976 +122ms audit-end []
          +1470ms pid=51088 ppid=45976 +122ms serving []
          +1473ms pid=45976 ppid=23960 +1358ms ensure-up []
          +1473ms pid=45976 ppid=23960 +1358ms presend-end []
          +1473ms pid=45976 ppid=23960 +1358ms send-start []
          +1474ms pid=45976 ppid=23960 +1359ms connect [err <nil>]
          +1527ms pid=45976 ppid=23960 +1412ms reply [err <nil>]
          +1527ms pid=45976 ppid=23960 +1412ms send-end [ok true out true]
          +1527ms pid=45976 ppid=23960 +1412ms hook-end []
    zz_w5_coldstart_diag_test.go:442: ROW mode=unstaged    source=resume  i=0 wall= 1413ms sswall= 1413ms overhead= 319ms presend=  117ms dialable= 1108ms stall=  16ms up= 1108ms(ok=true) spooled=false daemons=1 leaseOK=1 lockHeld=0 answer=probe                                    probe_minted=true  sessions=1 mode=full drop=""
    zz_w5_coldstart_diag_test.go:446: TIMELINE mode=unstaged source=resume i=0
            +90ms pid=51848 ppid=23960 +22ms hook-start [op session.start]
           +999ms pid=51848 ppid=23960 +932ms presend-start []
           +999ms pid=51848 ppid=23960 +932ms ensure-probe-miss []
           +999ms pid=51848 ppid=23960 +932ms stage-start []
           +999ms pid=51848 ppid=23960 +932ms stage-end [err <nil>]
           +999ms pid=51848 ppid=23960 +932ms spawn-start [program C:\Users\Quant\AppData\Local\Temp\qompack-e2e-1646320503\qompack.exe]
          +1015ms pid=51848 ppid=23960 +947ms spawn-started [child 51900]
          +1015ms pid=51848 ppid=23960 +947ms ensure-spawned []
          +1036ms pid=51900 ppid=51848 +15ms daemon-enter []
          +1036ms pid=51900 ppid=51848 +15ms lease-try []
          +1050ms pid=51900 ppid=51848 +29ms lease-result [err <nil>]
          +1055ms pid=51900 ppid=51848 +34ms wired []
          +1079ms pid=51900 ppid=51848 +58ms run-call []
          +1079ms pid=51900 ppid=51848 +58ms run-enter []
          +1079ms pid=51900 ppid=51848 +58ms lock-ok []
          +1079ms pid=51900 ppid=51848 +58ms ing-started []
          +1079ms pid=51900 ppid=51848 +58ms listen-start []
          +1082ms pid=51900 ppid=51848 +61ms listening []
          +1087ms pid=51900 ppid=51848 +66ms state-written []
          +1087ms pid=51900 ppid=51848 +66ms drain-start []
          +1107ms pid=51900 ppid=51848 +86ms drain-end []
          +1107ms pid=51900 ppid=51848 +87ms sweep-end []
          +1108ms pid=51900 ppid=51848 +88ms audit-end []
          +1108ms pid=51900 ppid=51848 +88ms serving []
          +1116ms pid=51848 ppid=23960 +1048ms ensure-up []
          +1116ms pid=51848 ppid=23960 +1048ms presend-end []
          +1116ms pid=51848 ppid=23960 +1048ms send-start []
          +1116ms pid=51848 ppid=23960 +1049ms connect [err <nil>]
          +1184ms pid=51848 ppid=23960 +1117ms reply [err <nil>]
          +1184ms pid=51848 ppid=23960 +1117ms send-end [ok true out true]
          +1184ms pid=51848 ppid=23960 +1117ms hook-end []
    zz_w5_coldstart_diag_test.go:442: ROW mode=unstaged    source=resume  i=1 wall= 2186ms sswall= 2186ms overhead= 290ms presend=   95ms dialable= 1987ms stall=   9ms up= 1987ms(ok=true) spooled=false daemons=1 leaseOK=1 lockHeld=0 answer=probe                                    probe_minted=true  sessions=1 mode=full drop=""
    zz_w5_coldstart_diag_test.go:446: TIMELINE mode=unstaged source=resume i=1
           +151ms pid=51616 ppid=23960 +35ms hook-start [op session.start]
          +1896ms pid=51616 ppid=23960 +1780ms presend-start []
          +1896ms pid=51616 ppid=23960 +1780ms ensure-probe-miss []
          +1896ms pid=51616 ppid=23960 +1780ms stage-start []
          +1896ms pid=51616 ppid=23960 +1780ms stage-end [err <nil>]
          +1896ms pid=51616 ppid=23960 +1780ms spawn-start [program C:\Users\Quant\AppData\Local\Temp\qompack-e2e-1646320503\qompack.exe]
          +1905ms pid=51616 ppid=23960 +1789ms spawn-started [child 52184]
          +1905ms pid=51616 ppid=23960 +1789ms ensure-spawned []
          +1939ms pid=52184 ppid=51616 +28ms daemon-enter []
          +1939ms pid=52184 ppid=51616 +28ms lease-try []
          +1952ms pid=52184 ppid=51616 +41ms lease-result [err <nil>]
          +1957ms pid=52184 ppid=51616 +47ms wired []
          +1971ms pid=52184 ppid=51616 +60ms run-call []
          +1971ms pid=52184 ppid=51616 +60ms run-enter []
          +1972ms pid=52184 ppid=51616 +61ms lock-ok []
          +1972ms pid=52184 ppid=51616 +61ms ing-started []
          +1972ms pid=52184 ppid=51616 +61ms listen-start []
          +1975ms pid=52184 ppid=51616 +64ms listening []
          +1980ms pid=52184 ppid=51616 +70ms state-written []
          +1980ms pid=52184 ppid=51616 +70ms drain-start []
          +1985ms pid=52184 ppid=51616 +74ms drain-end []
          +1986ms pid=52184 ppid=51616 +75ms sweep-end []
          +1986ms pid=52184 ppid=51616 +75ms audit-end []
          +1987ms pid=52184 ppid=51616 +76ms serving []
          +1991ms pid=51616 ppid=23960 +1876ms ensure-up []
          +1991ms pid=51616 ppid=23960 +1876ms presend-end []
          +1991ms pid=51616 ppid=23960 +1876ms send-start []
          +1992ms pid=51616 ppid=23960 +1876ms connect [err <nil>]
          +2047ms pid=51616 ppid=23960 +1932ms reply [err <nil>]
          +2047ms pid=51616 ppid=23960 +1932ms send-end [ok true out true]
          +2047ms pid=51616 ppid=23960 +1932ms hook-end []
    zz_w5_coldstart_diag_test.go:442: ROW mode=unstaged    source=resume  i=2 wall= 1739ms sswall= 1739ms overhead= 192ms presend=  164ms dialable= 1584ms stall=  11ms up= 1584ms(ok=true) spooled=false daemons=1 leaseOK=1 lockHeld=0 answer=probe                                    probe_minted=true  sessions=1 mode=full drop=""
    zz_w5_coldstart_diag_test.go:446: TIMELINE mode=unstaged source=resume i=2
            +80ms pid=51816 ppid=23960 +25ms hook-start [op session.start]
          +1423ms pid=51816 ppid=23960 +1368ms presend-start []
          +1423ms pid=51816 ppid=23960 +1368ms ensure-probe-miss []
          +1423ms pid=51816 ppid=23960 +1368ms stage-start []
          +1423ms pid=51816 ppid=23960 +1368ms stage-end [err <nil>]
          +1424ms pid=51816 ppid=23960 +1369ms spawn-start [program C:\Users\Quant\AppData\Local\Temp\qompack-e2e-1646320503\qompack.exe]
          +1435ms pid=51816 ppid=23960 +1380ms spawn-started [child 48628]
          +1436ms pid=51816 ppid=23960 +1381ms ensure-spawned []
          +1489ms pid=48628 ppid=51816 +42ms daemon-enter []
          +1489ms pid=48628 ppid=51816 +42ms lease-try []
          +1515ms pid=48628 ppid=51816 +68ms lease-result [err <nil>]
          +1540ms pid=48628 ppid=51816 +93ms wired []
          +1558ms pid=48628 ppid=51816 +111ms run-call []
          +1558ms pid=48628 ppid=51816 +111ms run-enter []
          +1559ms pid=48628 ppid=51816 +112ms lock-ok []
          +1559ms pid=48628 ppid=51816 +112ms ing-started []
          +1559ms pid=48628 ppid=51816 +112ms listen-start []
          +1562ms pid=48628 ppid=51816 +115ms listening []
          +1569ms pid=48628 ppid=51816 +122ms state-written []
          +1569ms pid=48628 ppid=51816 +122ms drain-start []
          +1582ms pid=48628 ppid=51816 +135ms drain-end []
          +1583ms pid=48628 ppid=51816 +136ms sweep-end []
          +1584ms pid=48628 ppid=51816 +137ms audit-end []
          +1584ms pid=48628 ppid=51816 +137ms serving []
          +1587ms pid=51816 ppid=23960 +1532ms ensure-up []
          +1587ms pid=51816 ppid=23960 +1532ms presend-end []
          +1587ms pid=51816 ppid=23960 +1532ms send-start []
          +1587ms pid=51816 ppid=23960 +1532ms connect [err <nil>]
          +1627ms pid=51816 ppid=23960 +1572ms reply [err <nil>]
          +1627ms pid=51816 ppid=23960 +1572ms send-end [ok true out true]
          +1627ms pid=51816 ppid=23960 +1572ms hook-end []
    zz_w5_coldstart_diag_test.go:442: ROW mode=staged-warm source=startup i=0 wall= 1311ms sswall= 1311ms overhead= 740ms presend=  131ms dialable= 1152ms stall=  10ms up= 1152ms(ok=true) spooled=false daemons=1 leaseOK=1 lockHeld=0 answer=probe                                    probe_minted=true  sessions=1 mode=full drop=""
    zz_w5_coldstart_diag_test.go:446: TIMELINE mode=staged-warm source=startup i=0
           +627ms pid=7860 ppid=23960 +20ms hook-start [op session.start]
          +1027ms pid=7860 ppid=23960 +420ms presend-start []
          +1027ms pid=7860 ppid=23960 +420ms ensure-probe-miss []
          +1027ms pid=7860 ppid=23960 +420ms stage-start []
          +1047ms pid=7860 ppid=23960 +441ms stage-end [err <nil>]
          +1047ms pid=7860 ppid=23960 +441ms spawn-start [program C:\Users\Quant\AppData\Local\Temp\TestZZW5_ColdStart995535328\014\.qompack\bin\8a0b1bca9428f54b4dee58cf4ad1853dd79462bd1e8767d8a80f02e9301d2f65\qompack.exe]
          +1057ms pid=7860 ppid=23960 +450ms spawn-started [child 43732]
          +1057ms pid=7860 ppid=23960 +450ms ensure-spawned []
          +1087ms pid=43732 ppid=7860 +23ms daemon-enter []
          +1097ms pid=43732 ppid=7860 +32ms lease-try []
          +1107ms pid=43732 ppid=7860 +43ms lease-result [err <nil>]
          +1114ms pid=43732 ppid=7860 +50ms wired []
          +1133ms pid=43732 ppid=7860 +69ms run-call []
          +1133ms pid=43732 ppid=7860 +69ms run-enter []
          +1134ms pid=43732 ppid=7860 +70ms lock-ok []
          +1134ms pid=43732 ppid=7860 +70ms ing-started []
          +1134ms pid=43732 ppid=7860 +70ms listen-start []
          +1138ms pid=43732 ppid=7860 +73ms listening []
          +1144ms pid=43732 ppid=7860 +79ms state-written []
          +1145ms pid=43732 ppid=7860 +80ms drain-start []
          +1151ms pid=43732 ppid=7860 +86ms drain-end []
          +1151ms pid=43732 ppid=7860 +86ms sweep-end []
          +1152ms pid=43732 ppid=7860 +87ms audit-end []
          +1152ms pid=43732 ppid=7860 +87ms serving []
          +1158ms pid=7860 ppid=23960 +551ms ensure-up []
          +1158ms pid=7860 ppid=23960 +551ms presend-end []
          +1159ms pid=7860 ppid=23960 +552ms send-start []
          +1159ms pid=7860 ppid=23960 +552ms connect [err <nil>]
          +1198ms pid=7860 ppid=23960 +591ms reply [err <nil>]
          +1198ms pid=7860 ppid=23960 +591ms send-end [ok true out true]
          +1198ms pid=7860 ppid=23960 +591ms hook-end []
    zz_w5_coldstart_diag_test.go:442: ROW mode=staged-warm source=startup i=1 wall= 1803ms sswall= 1803ms overhead= 304ms presend=  303ms dialable= 1513ms stall=  33ms up= 1513ms(ok=true) spooled=false daemons=1 leaseOK=1 lockHeld=0 answer=probe                                    probe_minted=true  sessions=1 mode=full drop=""
    zz_w5_coldstart_diag_test.go:446: TIMELINE mode=staged-warm source=startup i=1
           +101ms pid=49260 ppid=23960 +29ms hook-start [op session.start]
          +1215ms pid=49260 ppid=23960 +1143ms presend-start []
          +1215ms pid=49260 ppid=23960 +1143ms ensure-probe-miss []
          +1215ms pid=49260 ppid=23960 +1143ms stage-start []
          +1241ms pid=49260 ppid=23960 +1169ms stage-end [err <nil>]
          +1243ms pid=49260 ppid=23960 +1171ms spawn-start [program C:\Users\Quant\AppData\Local\Temp\TestZZW5_ColdStart995535328\014\.qompack\bin\8a0b1bca9428f54b4dee58cf4ad1853dd79462bd1e8767d8a80f02e9301d2f65\qompack.exe]
          +1276ms pid=49260 ppid=23960 +1208ms spawn-started [child 48636]
          +1280ms pid=49260 ppid=23960 +1208ms ensure-spawned []
          +1313ms pid=48636 ppid=49260 +23ms daemon-enter []
          +1313ms pid=48636 ppid=49260 +23ms lease-try []
          +1354ms pid=48636 ppid=49260 +64ms lease-result [err <nil>]
          +1365ms pid=48636 ppid=49260 +75ms wired []
          +1398ms pid=48636 ppid=49260 +108ms run-call []
          +1398ms pid=48636 ppid=49260 +108ms run-enter []
          +1411ms pid=48636 ppid=49260 +121ms lock-ok []
          +1411ms pid=48636 ppid=49260 +121ms ing-started []
          +1411ms pid=48636 ppid=49260 +121ms listen-start []
          +1486ms pid=48636 ppid=49260 +196ms listening []
          +1505ms pid=48636 ppid=49260 +215ms state-written []
          +1507ms pid=48636 ppid=49260 +217ms drain-start []
          +1511ms pid=48636 ppid=49260 +222ms drain-end []
          +1512ms pid=48636 ppid=49260 +223ms sweep-end []
          +1513ms pid=48636 ppid=49260 +224ms audit-end []
          +1513ms pid=48636 ppid=49260 +224ms serving []
          +1518ms pid=49260 ppid=23960 +1446ms ensure-up []
          +1518ms pid=49260 ppid=23960 +1446ms presend-end []
          +1518ms pid=49260 ppid=23960 +1446ms send-start []
          +1529ms pid=49260 ppid=23960 +1457ms connect [err <nil>]
          +1600ms pid=49260 ppid=23960 +1528ms reply [err <nil>]
          +1600ms pid=49260 ppid=23960 +1528ms send-end [ok true out true]
          +1600ms pid=49260 ppid=23960 +1528ms hook-end []
    zz_w5_coldstart_diag_test.go:442: ROW mode=staged-warm source=startup i=2 wall= 1022ms sswall= 1022ms overhead= 241ms presend=  176ms dialable=  754ms stall=  14ms up=  754ms(ok=true) spooled=false daemons=1 leaseOK=1 lockHeld=0 answer=probe                                    probe_minted=true  sessions=1 mode=full drop=""
    zz_w5_coldstart_diag_test.go:446: TIMELINE mode=staged-warm source=startup i=2
            +75ms pid=49260 ppid=23960 +20ms hook-start [op session.start]
           +585ms pid=49260 ppid=23960 +530ms presend-start []
           +585ms pid=49260 ppid=23960 +530ms ensure-probe-miss []
           +585ms pid=49260 ppid=23960 +530ms stage-start []
           +611ms pid=49260 ppid=23960 +556ms stage-end [err <nil>]
           +611ms pid=49260 ppid=23960 +556ms spawn-start [program C:\Users\Quant\AppData\Local\Temp\TestZZW5_ColdStart995535328\014\.qompack\bin\8a0b1bca9428f54b4dee58cf4ad1853dd79462bd1e8767d8a80f02e9301d2f65\qompack.exe]
           +625ms pid=49260 ppid=23960 +570ms spawn-started [child 47204]
           +625ms pid=49260 ppid=23960 +570ms ensure-spawned []
           +660ms pid=47204 ppid=49260 +19ms daemon-enter []
           +660ms pid=47204 ppid=49260 +19ms lease-try []
           +674ms pid=47204 ppid=49260 +33ms lease-result [err <nil>]
           +681ms pid=47204 ppid=49260 +40ms wired []
           +724ms pid=47204 ppid=49260 +83ms run-call []
           +724ms pid=47204 ppid=49260 +83ms run-enter []
           +724ms pid=47204 ppid=49260 +83ms lock-ok []
           +724ms pid=47204 ppid=49260 +83ms ing-started []
           +724ms pid=47204 ppid=49260 +83ms listen-start []
           +728ms pid=47204 ppid=49260 +88ms listening []
           +746ms pid=47204 ppid=49260 +106ms state-written []
           +748ms pid=47204 ppid=49260 +107ms drain-start []
           +754ms pid=47204 ppid=49260 +113ms drain-end []
           +754ms pid=47204 ppid=49260 +113ms sweep-end []
           +754ms pid=47204 ppid=49260 +113ms audit-end []
           +754ms pid=47204 ppid=49260 +113ms serving []
           +761ms pid=49260 ppid=23960 +706ms ensure-up []
           +761ms pid=49260 ppid=23960 +706ms presend-end []
           +761ms pid=49260 ppid=23960 +706ms send-start []
           +761ms pid=49260 ppid=23960 +706ms connect [err <nil>]
           +856ms pid=49260 ppid=23960 +801ms reply [err <nil>]
           +856ms pid=49260 ppid=23960 +801ms send-end [ok true out true]
           +856ms pid=49260 ppid=23960 +801ms hook-end []
    zz_w5_coldstart_diag_test.go:442: ROW mode=staged-warm source=resume  i=0 wall= 2734ms sswall= 2734ms overhead= 289ms presend=  188ms dialable= 2471ms stall=  11ms up= 2471ms(ok=true) spooled=false daemons=1 leaseOK=1 lockHeld=0 answer=probe                                    probe_minted=true  sessions=1 mode=full drop=""
    zz_w5_coldstart_diag_test.go:446: TIMELINE mode=staged-warm source=resume i=0
           +110ms pid=47204 ppid=23960 +31ms hook-start [op session.start]
          +2292ms pid=47204 ppid=23960 +2213ms presend-start []
          +2292ms pid=47204 ppid=23960 +2213ms ensure-probe-miss []
          +2292ms pid=47204 ppid=23960 +2213ms stage-start []
          +2329ms pid=47204 ppid=23960 +2250ms stage-end [err <nil>]
          +2329ms pid=47204 ppid=23960 +2250ms spawn-start [program C:\Users\Quant\AppData\Local\Temp\TestZZW5_ColdStart995535328\014\.qompack\bin\8a0b1bca9428f54b4dee58cf4ad1853dd79462bd1e8767d8a80f02e9301d2f65\qompack.exe]
          +2340ms pid=47204 ppid=23960 +2261ms spawn-started [child 52460]
          +2340ms pid=47204 ppid=23960 +2261ms ensure-spawned []
          +2371ms pid=52460 ppid=47204 +22ms daemon-enter []
          +2372ms pid=52460 ppid=47204 +22ms lease-try []
          +2393ms pid=52460 ppid=47204 +43ms lease-result [err <nil>]
          +2404ms pid=52460 ppid=47204 +54ms wired []
          +2427ms pid=52460 ppid=47204 +77ms run-call []
          +2427ms pid=52460 ppid=47204 +77ms run-enter []
          +2427ms pid=52460 ppid=47204 +78ms lock-ok []
          +2427ms pid=52460 ppid=47204 +78ms ing-started []
          +2427ms pid=52460 ppid=47204 +78ms listen-start []
          +2439ms pid=52460 ppid=47204 +89ms listening []
          +2457ms pid=52460 ppid=47204 +107ms state-written []
          +2459ms pid=52460 ppid=47204 +109ms drain-start []
          +2468ms pid=52460 ppid=47204 +118ms drain-end []
          +2469ms pid=52460 ppid=47204 +119ms sweep-end []
          +2471ms pid=52460 ppid=47204 +122ms audit-end []
          +2471ms pid=52460 ppid=47204 +122ms serving []
          +2480ms pid=47204 ppid=23960 +2401ms ensure-up []
          +2480ms pid=47204 ppid=23960 +2401ms presend-end []
          +2480ms pid=47204 ppid=23960 +2401ms send-start []
          +2481ms pid=47204 ppid=23960 +2402ms connect [err <nil>]
          +2554ms pid=47204 ppid=23960 +2475ms reply [err <nil>]
          +2555ms pid=47204 ppid=23960 +2476ms send-end [ok true out true]
          +2555ms pid=47204 ppid=23960 +2476ms hook-end []
    zz_w5_coldstart_diag_test.go:442: ROW mode=staged-warm source=resume  i=1 wall= 1136ms sswall= 1136ms overhead= 215ms presend=  213ms dialable=  928ms stall=  12ms up=  928ms(ok=true) spooled=false daemons=1 leaseOK=1 lockHeld=0 answer=probe                                    probe_minted=true  sessions=1 mode=full drop=""
    zz_w5_coldstart_diag_test.go:446: TIMELINE mode=staged-warm source=resume i=1
            +60ms pid=52608 ppid=23960 +23ms hook-start [op session.start]
           +718ms pid=52608 ppid=23960 +682ms presend-start []
           +718ms pid=52608 ppid=23960 +682ms ensure-probe-miss []
           +718ms pid=52608 ppid=23960 +682ms stage-start []
           +743ms pid=52608 ppid=23960 +706ms stage-end [err <nil>]
           +743ms pid=52608 ppid=23960 +706ms spawn-start [program C:\Users\Quant\AppData\Local\Temp\TestZZW5_ColdStart995535328\014\.qompack\bin\8a0b1bca9428f54b4dee58cf4ad1853dd79462bd1e8767d8a80f02e9301d2f65\qompack.exe]
           +755ms pid=52608 ppid=23960 +719ms spawn-started [child 52796]
           +755ms pid=52608 ppid=23960 +719ms ensure-spawned []
           +780ms pid=52796 ppid=52608 +17ms daemon-enter []
           +780ms pid=52796 ppid=52608 +17ms lease-try []
           +816ms pid=52796 ppid=52608 +53ms lease-result [err <nil>]
           +823ms pid=52796 ppid=52608 +61ms wired []
           +911ms pid=52796 ppid=52608 +148ms run-call []
           +911ms pid=52796 ppid=52608 +148ms run-enter []
           +911ms pid=52796 ppid=52608 +148ms lock-ok []
           +911ms pid=52796 ppid=52608 +148ms ing-started []
           +911ms pid=52796 ppid=52608 +148ms listen-start []
           +915ms pid=52796 ppid=52608 +152ms listening []
           +920ms pid=52796 ppid=52608 +157ms state-written []
           +921ms pid=52796 ppid=52608 +159ms drain-start []
           +926ms pid=52796 ppid=52608 +164ms drain-end []
           +927ms pid=52796 ppid=52608 +164ms sweep-end []
           +928ms pid=52796 ppid=52608 +166ms audit-end []
           +928ms pid=52796 ppid=52608 +166ms serving []
           +931ms pid=52608 ppid=23960 +894ms ensure-up []
           +931ms pid=52608 ppid=23960 +894ms presend-end []
           +931ms pid=52608 ppid=23960 +895ms send-start []
           +931ms pid=52608 ppid=23960 +895ms connect [err <nil>]
           +981ms pid=52608 ppid=23960 +944ms reply [err <nil>]
           +981ms pid=52608 ppid=23960 +944ms send-end [ok true out true]
           +981ms pid=52608 ppid=23960 +944ms hook-end []
    zz_w5_coldstart_diag_test.go:442: ROW mode=staged-warm source=resume  i=2 wall=  814ms sswall=  814ms overhead= 162ms presend=  155ms dialable=  607ms stall=  11ms up=  607ms(ok=true) spooled=false daemons=1 leaseOK=1 lockHeld=0 answer=probe                                    probe_minted=true  sessions=1 mode=full drop=""
    zz_w5_coldstart_diag_test.go:446: TIMELINE mode=staged-warm source=resume i=2
           +113ms pid=40644 ppid=23960 +28ms hook-start [op session.start]
           +458ms pid=40644 ppid=23960 +373ms presend-start []
           +458ms pid=40644 ppid=23960 +373ms ensure-probe-miss []
           +458ms pid=40644 ppid=23960 +373ms stage-start []
           +492ms pid=40644 ppid=23960 +406ms stage-end [err <nil>]
           +492ms pid=40644 ppid=23960 +406ms spawn-start [program C:\Users\Quant\AppData\Local\Temp\TestZZW5_ColdStart995535328\014\.qompack\bin\8a0b1bca9428f54b4dee58cf4ad1853dd79462bd1e8767d8a80f02e9301d2f65\qompack.exe]
           +503ms pid=40644 ppid=23960 +417ms spawn-started [child 52648]
           +503ms pid=40644 ppid=23960 +417ms ensure-spawned []
           +535ms pid=52648 ppid=40644 +23ms daemon-enter []
           +535ms pid=52648 ppid=40644 +23ms lease-try []
           +557ms pid=52648 ppid=40644 +45ms lease-result [err <nil>]
           +567ms pid=52648 ppid=40644 +55ms wired []
           +588ms pid=52648 ppid=40644 +76ms run-call []
           +588ms pid=52648 ppid=40644 +76ms run-enter []
           +588ms pid=52648 ppid=40644 +76ms lock-ok []
           +589ms pid=52648 ppid=40644 +77ms ing-started []
           +589ms pid=52648 ppid=40644 +77ms listen-start []
           +593ms pid=52648 ppid=40644 +81ms listening []
           +598ms pid=52648 ppid=40644 +86ms state-written []
           +599ms pid=52648 ppid=40644 +87ms drain-start []
           +604ms pid=52648 ppid=40644 +92ms drain-end []
           +605ms pid=52648 ppid=40644 +93ms sweep-end []
           +607ms pid=52648 ppid=40644 +95ms audit-end []
           +607ms pid=52648 ppid=40644 +95ms serving []
           +613ms pid=40644 ppid=23960 +528ms ensure-up []
           +613ms pid=40644 ppid=23960 +528ms presend-end []
           +613ms pid=40644 ppid=23960 +528ms send-start []
           +614ms pid=40644 ppid=23960 +529ms connect [err <nil>]
           +765ms pid=40644 ppid=23960 +680ms reply [err <nil>]
           +765ms pid=40644 ppid=23960 +680ms send-end [ok true out true]
           +765ms pid=40644 ppid=23960 +680ms hook-end []
    zz_w5_coldstart_diag_test.go:487: SUMMARY mode=unstaged    source=startup n=3 spooled=0 noup=0 multi-daemon-rows=0 spawn-stalls>1s=0 sswall p50=3007ms p90=3007ms max=4893ms overhead p50=395ms max=788ms wall p50=3007ms p90=3007ms max=4893ms presend p50=212ms max=248ms up p50=2629ms max=4598ms answers=map[probe:3]
    zz_w5_coldstart_diag_test.go:487: SUMMARY mode=unstaged    source=resume  n=3 spooled=0 noup=0 multi-daemon-rows=0 spawn-stalls>1s=0 sswall p50=1739ms p90=1739ms max=2186ms overhead p50=290ms max=319ms wall p50=1739ms p90=1739ms max=2186ms presend p50=117ms max=164ms up p50=1584ms max=1987ms answers=map[probe:3]
    zz_w5_coldstart_diag_test.go:487: SUMMARY mode=staged-warm source=startup n=3 spooled=0 noup=0 multi-daemon-rows=0 spawn-stalls>1s=0 sswall p50=1311ms p90=1311ms max=1803ms overhead p50=304ms max=740ms wall p50=1311ms p90=1311ms max=1803ms presend p50=176ms max=303ms up p50=1152ms max=1513ms answers=map[probe:3]
    zz_w5_coldstart_diag_test.go:487: SUMMARY mode=staged-warm source=resume  n=3 spooled=0 noup=0 multi-daemon-rows=0 spawn-stalls>1s=0 sswall p50=1136ms p90=1136ms max=2734ms overhead p50=215ms max=289ms wall p50=1136ms p90=1136ms max=2734ms presend p50=188ms max=213ms up p50=928ms max=2471ms answers=map[probe:3]
--- PASS: TestZZW5_ColdStart (133.34s)
PASS
ok  	github.com/qompack/qompack/test/e2e	133.627s
exit=0
