=== RUN   TestZZW5_ColdStart
    zz_w5_coldstart_diag_test.go:426: GOOS=windows NumCPU=22 cpu-coload="1" mult=2 fsync=8 iters=3 up="marks"
    zz_w5_coldstart_diag_test.go:442: ROW mode=unstaged    source=startup i=0 wall= 5369ms sswall= 5369ms overhead= 954ms presend=  738ms dialable= 4838ms stall=  80ms up= 4902ms(ok=true) spooled=false daemons=1 leaseOK=1 lockHeld=0 answer=probe                                    probe_minted=true  sessions=1 mode=full drop=""
    zz_w5_coldstart_diag_test.go:446: TIMELINE mode=unstaged source=startup i=0
           +739ms pid=53280 ppid=44008 +57ms hook-start [op session.start]
          +4120ms pid=53280 ppid=44008 +3438ms presend-start [by_in_ms -126]
          +4120ms pid=53280 ppid=44008 +3438ms ensure-probe-miss []
          +4183ms pid=53280 ppid=44008 +3501ms ensure-claimed [claim 1]
          +4183ms pid=53280 ppid=44008 +3501ms stage-start []
          +4183ms pid=53280 ppid=44008 +3501ms stage-end [err <nil>]
          +4184ms pid=53280 ppid=44008 +3502ms spawn-start [program C:\Users\Quant\AppData\Local\Temp\qompack-e2e-792174811\qompack.exe]
          +4264ms pid=53280 ppid=44008 +3582ms spawn-started [child 40128]
          +4264ms pid=53280 ppid=44008 +3582ms ensure-spawned []
          +4394ms pid=40128 ppid=53280 +64ms daemon-enter []
          +4394ms pid=40128 ppid=53280 +64ms lease-try []
          +4464ms pid=40128 ppid=53280 +134ms lease-result [err <nil>]
          +4586ms pid=40128 ppid=53280 +256ms wired []
          +4777ms pid=40128 ppid=53280 +448ms run-call []
          +4790ms pid=40128 ppid=53280 +460ms run-enter []
          +4801ms pid=40128 ppid=53280 +471ms lock-ok []
          +4801ms pid=40128 ppid=53280 +471ms ing-started []
          +4802ms pid=40128 ppid=53280 +472ms listen-start []
          +4837ms pid=40128 ppid=53280 +507ms listening []
          +4838ms pid=40128 ppid=53280 +508ms accepting []
          +4858ms pid=53280 ppid=44008 +4176ms ensure-up [spawned true]
          +4858ms pid=53280 ppid=44008 +4176ms presend-end []
          +4864ms pid=40128 ppid=53280 +534ms state-written []
          +4865ms pid=40128 ppid=53280 +535ms drain-start []
          +4883ms pid=40128 ppid=53280 +553ms drain-end []
          +4900ms pid=40128 ppid=53280 +570ms sweep-end []
          +4902ms pid=40128 ppid=53280 +572ms audit-end []
          +4902ms pid=40128 ppid=53280 +572ms serving []
          +4915ms pid=53280 ppid=44008 +4234ms send-start [deadline_ms 9077]
          +4915ms pid=53280 ppid=44008 +4234ms connect [err <nil>]
          +5154ms pid=53280 ppid=44008 +4472ms reply [err <nil>]
          +5154ms pid=53280 ppid=44008 +4472ms send-end [ok true out true]
          +5154ms pid=53280 ppid=44008 +4472ms hook-end []
    zz_w5_coldstart_diag_test.go:442: ROW mode=unstaged    source=startup i=1 wall=  997ms sswall=  997ms overhead= 250ms presend=  150ms dialable=  806ms stall=  12ms up=  831ms(ok=true) spooled=false daemons=1 leaseOK=1 lockHeld=0 answer=probe                                    probe_minted=true  sessions=1 mode=full drop=""
    zz_w5_coldstart_diag_test.go:446: TIMELINE mode=unstaged source=startup i=1
           +146ms pid=53668 ppid=44008 +40ms hook-start [op session.start]
           +663ms pid=53668 ppid=44008 +556ms presend-start [by_in_ms 2733]
           +663ms pid=53668 ppid=44008 +556ms ensure-probe-miss []
           +668ms pid=53668 ppid=44008 +562ms ensure-claimed [claim 1]
           +668ms pid=53668 ppid=44008 +562ms stage-start []
           +668ms pid=53668 ppid=44008 +562ms stage-end [err <nil>]
           +668ms pid=53668 ppid=44008 +562ms spawn-start [program C:\Users\Quant\AppData\Local\Temp\qompack-e2e-792174811\qompack.exe]
           +680ms pid=53668 ppid=44008 +574ms spawn-started [child 53188]
           +680ms pid=53668 ppid=44008 +574ms ensure-spawned []
           +714ms pid=53188 ppid=53668 +23ms daemon-enter []
           +731ms pid=53188 ppid=53668 +40ms lease-try []
           +759ms pid=53188 ppid=53668 +68ms lease-result [err <nil>]
           +770ms pid=53188 ppid=53668 +79ms wired []
           +801ms pid=53188 ppid=53668 +109ms run-call []
           +801ms pid=53188 ppid=53668 +109ms run-enter []
           +801ms pid=53188 ppid=53668 +109ms lock-ok []
           +801ms pid=53188 ppid=53668 +109ms ing-started []
           +801ms pid=53188 ppid=53668 +109ms listen-start []
           +806ms pid=53188 ppid=53668 +115ms listening []
           +806ms pid=53188 ppid=53668 +115ms accepting []
           +813ms pid=53668 ppid=44008 +707ms ensure-up [spawned true]
           +813ms pid=53668 ppid=44008 +707ms presend-end []
           +816ms pid=53668 ppid=44008 +710ms send-start [deadline_ms 10000]
           +818ms pid=53188 ppid=53668 +127ms state-written []
           +819ms pid=53188 ppid=53668 +127ms drain-start []
           +826ms pid=53668 ppid=44008 +720ms connect [err <nil>]
           +830ms pid=53188 ppid=53668 +139ms drain-end []
           +830ms pid=53188 ppid=53668 +139ms sweep-end []
           +831ms pid=53188 ppid=53668 +139ms audit-end []
           +831ms pid=53188 ppid=53668 +139ms serving []
           +893ms pid=53668 ppid=44008 +786ms reply [err <nil>]
           +893ms pid=53668 ppid=44008 +786ms send-end [ok true out true]
           +893ms pid=53668 ppid=44008 +786ms hook-end []
    zz_w5_coldstart_diag_test.go:442: ROW mode=unstaged    source=startup i=2 wall= 2213ms sswall= 2213ms overhead= 555ms presend=  525ms dialable= 1754ms stall=  19ms up= 1769ms(ok=true) spooled=false daemons=1 leaseOK=1 lockHeld=0 answer=probe                                    probe_minted=true  sessions=1 mode=full drop=""
    zz_w5_coldstart_diag_test.go:446: TIMELINE mode=unstaged source=startup i=2
           +154ms pid=54804 ppid=44008 +41ms hook-start [op session.start]
          +1237ms pid=54804 ppid=44008 +1123ms presend-start [by_in_ms 2167]
          +1237ms pid=54804 ppid=44008 +1123ms ensure-probe-miss []
          +1254ms pid=54804 ppid=44008 +1141ms ensure-claimed [claim 1]
          +1254ms pid=54804 ppid=44008 +1141ms stage-start []
          +1254ms pid=54804 ppid=44008 +1141ms stage-end [err <nil>]
          +1255ms pid=54804 ppid=44008 +1142ms spawn-start [program C:\Users\Quant\AppData\Local\Temp\qompack-e2e-792174811\qompack.exe]
          +1274ms pid=54804 ppid=44008 +1161ms spawn-started [child 52044]
          +1275ms pid=54804 ppid=44008 +1162ms ensure-spawned []
          +1341ms pid=52044 ppid=54804 +33ms daemon-enter []
          +1341ms pid=52044 ppid=54804 +33ms lease-try []
          +1660ms pid=52044 ppid=54804 +351ms lease-result [err <nil>]
          +1699ms pid=52044 ppid=54804 +390ms wired []
          +1748ms pid=52044 ppid=54804 +439ms run-call []
          +1748ms pid=52044 ppid=54804 +439ms run-enter []
          +1748ms pid=52044 ppid=54804 +439ms lock-ok []
          +1749ms pid=52044 ppid=54804 +440ms ing-started []
          +1749ms pid=52044 ppid=54804 +440ms listen-start []
          +1754ms pid=52044 ppid=54804 +445ms listening []
          +1754ms pid=52044 ppid=54804 +446ms accepting []
          +1760ms pid=52044 ppid=54804 +451ms state-written []
          +1760ms pid=52044 ppid=54804 +451ms drain-start []
          +1762ms pid=54804 ppid=44008 +1649ms ensure-up [spawned true]
          +1762ms pid=54804 ppid=44008 +1649ms presend-end []
          +1764ms pid=54804 ppid=44008 +1651ms send-start [deadline_ms 10000]
          +1765ms pid=54804 ppid=44008 +1652ms connect [err <nil>]
          +1767ms pid=52044 ppid=54804 +459ms drain-end []
          +1768ms pid=52044 ppid=54804 +460ms sweep-end []
          +1769ms pid=52044 ppid=54804 +461ms audit-end []
          +1769ms pid=52044 ppid=54804 +461ms serving []
          +1812ms pid=54804 ppid=44008 +1699ms reply [err <nil>]
          +1812ms pid=54804 ppid=44008 +1699ms send-end [ok true out true]
          +1812ms pid=54804 ppid=44008 +1699ms hook-end []
    zz_w5_coldstart_diag_test.go:442: ROW mode=unstaged    source=resume  i=0 wall= 1095ms sswall= 1095ms overhead= 292ms presend=  176ms dialable=  844ms stall=  73ms up=  877ms(ok=true) spooled=false daemons=1 leaseOK=1 lockHeld=0 answer=probe                                    probe_minted=true  sessions=1 mode=full drop=""
    zz_w5_coldstart_diag_test.go:446: TIMELINE mode=unstaged source=resume i=0
           +110ms pid=2428 ppid=44008 +26ms hook-start [op session.start]
           +689ms pid=2428 ppid=44008 +606ms presend-start [by_in_ms 2671]
           +689ms pid=2428 ppid=44008 +606ms ensure-probe-miss []
           +694ms pid=2428 ppid=44008 +610ms ensure-claimed [claim 1]
           +694ms pid=2428 ppid=44008 +610ms stage-start []
           +694ms pid=2428 ppid=44008 +610ms stage-end [err <nil>]
           +694ms pid=2428 ppid=44008 +610ms spawn-start [program C:\Users\Quant\AppData\Local\Temp\qompack-e2e-792174811\qompack.exe]
           +767ms pid=2428 ppid=44008 +683ms spawn-started [child 55116]
           +767ms pid=2428 ppid=44008 +683ms ensure-spawned []
           +791ms pid=55116 ppid=2428 +16ms daemon-enter []
           +792ms pid=55116 ppid=2428 +17ms lease-try []
           +803ms pid=55116 ppid=2428 +28ms lease-result [err <nil>]
           +810ms pid=55116 ppid=2428 +35ms wired []
           +841ms pid=55116 ppid=2428 +66ms run-call []
           +841ms pid=55116 ppid=2428 +66ms run-enter []
           +841ms pid=55116 ppid=2428 +66ms lock-ok []
           +842ms pid=55116 ppid=2428 +67ms ing-started []
           +842ms pid=55116 ppid=2428 +67ms listen-start []
           +844ms pid=55116 ppid=2428 +69ms listening []
           +844ms pid=55116 ppid=2428 +69ms accepting []
           +858ms pid=55116 ppid=2428 +83ms state-written []
           +859ms pid=55116 ppid=2428 +84ms drain-start []
           +865ms pid=2428 ppid=44008 +781ms ensure-up [spawned true]
           +865ms pid=2428 ppid=44008 +781ms presend-end []
           +865ms pid=2428 ppid=44008 +782ms send-start [deadline_ms 10000]
           +866ms pid=2428 ppid=44008 +782ms connect [err <nil>]
           +876ms pid=55116 ppid=2428 +102ms drain-end []
           +876ms pid=55116 ppid=2428 +102ms sweep-end []
           +877ms pid=55116 ppid=2428 +102ms audit-end []
           +877ms pid=55116 ppid=2428 +102ms serving []
           +913ms pid=2428 ppid=44008 +830ms reply [err <nil>]
           +913ms pid=2428 ppid=44008 +830ms send-end [ok true out true]
           +913ms pid=2428 ppid=44008 +830ms hook-end []
    zz_w5_coldstart_diag_test.go:442: ROW mode=unstaged    source=resume  i=1 wall= 2027ms sswall= 2027ms overhead= 328ms presend=  101ms dialable= 1688ms stall=  15ms up= 1714ms(ok=true) spooled=false daemons=1 leaseOK=1 lockHeld=0 answer=probe                                    probe_minted=true  sessions=1 mode=full drop=""
    zz_w5_coldstart_diag_test.go:446: TIMELINE mode=unstaged source=resume i=1
           +111ms pid=47504 ppid=44008 +27ms hook-start [op session.start]
          +1600ms pid=47504 ppid=44008 +1516ms presend-start [by_in_ms 1761]
          +1600ms pid=47504 ppid=44008 +1516ms ensure-probe-miss []
          +1604ms pid=47504 ppid=44008 +1521ms ensure-claimed [claim 1]
          +1604ms pid=47504 ppid=44008 +1521ms stage-start []
          +1604ms pid=47504 ppid=44008 +1521ms stage-end [err <nil>]
          +1604ms pid=47504 ppid=44008 +1521ms spawn-start [program C:\Users\Quant\AppData\Local\Temp\qompack-e2e-792174811\qompack.exe]
          +1619ms pid=47504 ppid=44008 +1535ms spawn-started [child 54732]
          +1619ms pid=47504 ppid=44008 +1535ms ensure-spawned []
          +1646ms pid=54732 ppid=47504 +18ms daemon-enter []
          +1646ms pid=54732 ppid=47504 +18ms lease-try []
          +1660ms pid=54732 ppid=47504 +32ms lease-result [err <nil>]
          +1667ms pid=54732 ppid=47504 +38ms wired []
          +1683ms pid=54732 ppid=47504 +54ms run-call []
          +1683ms pid=54732 ppid=47504 +54ms run-enter []
          +1683ms pid=54732 ppid=47504 +54ms lock-ok []
          +1683ms pid=54732 ppid=47504 +54ms ing-started []
          +1683ms pid=54732 ppid=47504 +54ms listen-start []
          +1688ms pid=54732 ppid=47504 +60ms listening []
          +1688ms pid=54732 ppid=47504 +60ms accepting []
          +1694ms pid=54732 ppid=47504 +65ms state-written []
          +1694ms pid=54732 ppid=47504 +65ms drain-start []
          +1701ms pid=47504 ppid=44008 +1617ms ensure-up [spawned true]
          +1701ms pid=47504 ppid=44008 +1617ms presend-end []
          +1701ms pid=47504 ppid=44008 +1617ms send-start [deadline_ms 10000]
          +1702ms pid=47504 ppid=44008 +1618ms connect [err <nil>]
          +1710ms pid=54732 ppid=47504 +82ms drain-end []
          +1711ms pid=54732 ppid=47504 +83ms sweep-end []
          +1714ms pid=54732 ppid=47504 +85ms audit-end []
          +1714ms pid=54732 ppid=47504 +85ms serving []
          +1810ms pid=47504 ppid=44008 +1726ms reply [err <nil>]
          +1810ms pid=47504 ppid=44008 +1726ms send-end [ok true out true]
          +1810ms pid=47504 ppid=44008 +1726ms hook-end []
    zz_w5_coldstart_diag_test.go:442: ROW mode=unstaged    source=resume  i=2 wall= 2687ms sswall= 2687ms overhead=1209ms presend=  150ms dialable= 2569ms stall=   9ms up= 2587ms(ok=true) spooled=false daemons=1 leaseOK=1 lockHeld=0 answer=probe                                    probe_minted=true  sessions=1 mode=full drop=""
    zz_w5_coldstart_diag_test.go:446: TIMELINE mode=unstaged source=resume i=2
          +1139ms pid=39208 ppid=44008 +32ms hook-start [op session.start]
          +2434ms pid=39208 ppid=44008 +1327ms presend-start [by_in_ms 1955]
          +2434ms pid=39208 ppid=44008 +1327ms ensure-probe-miss []
          +2492ms pid=39208 ppid=44008 +1385ms ensure-claimed [claim 1]
          +2492ms pid=39208 ppid=44008 +1385ms stage-start []
          +2492ms pid=39208 ppid=44008 +1385ms stage-end [err <nil>]
          +2493ms pid=39208 ppid=44008 +1386ms spawn-start [program C:\Users\Quant\AppData\Local\Temp\qompack-e2e-792174811\qompack.exe]
          +2502ms pid=39208 ppid=44008 +1395ms spawn-started [child 55004]
          +2502ms pid=39208 ppid=44008 +1395ms ensure-spawned []
          +2529ms pid=55004 ppid=39208 +20ms daemon-enter []
          +2529ms pid=55004 ppid=39208 +20ms lease-try []
          +2543ms pid=55004 ppid=39208 +34ms lease-result [err <nil>]
          +2550ms pid=55004 ppid=39208 +41ms wired []
          +2565ms pid=55004 ppid=39208 +56ms run-call []
          +2565ms pid=55004 ppid=39208 +56ms run-enter []
          +2565ms pid=55004 ppid=39208 +56ms lock-ok []
          +2565ms pid=55004 ppid=39208 +56ms ing-started []
          +2565ms pid=55004 ppid=39208 +56ms listen-start []
          +2569ms pid=55004 ppid=39208 +60ms listening []
          +2569ms pid=55004 ppid=39208 +60ms accepting []
          +2580ms pid=55004 ppid=39208 +71ms state-written []
          +2581ms pid=55004 ppid=39208 +72ms drain-start []
          +2584ms pid=39208 ppid=44008 +1477ms ensure-up [spawned true]
          +2584ms pid=39208 ppid=44008 +1477ms presend-end []
          +2585ms pid=39208 ppid=44008 +1477ms send-start [deadline_ms 10000]
          +2585ms pid=39208 ppid=44008 +1477ms connect [err <nil>]
          +2586ms pid=55004 ppid=39208 +77ms drain-end []
          +2587ms pid=55004 ppid=39208 +78ms sweep-end []
          +2587ms pid=55004 ppid=39208 +78ms audit-end []
          +2587ms pid=55004 ppid=39208 +78ms serving []
          +2616ms pid=39208 ppid=44008 +1509ms reply [err <nil>]
          +2617ms pid=39208 ppid=44008 +1510ms send-end [ok true out true]
          +2617ms pid=39208 ppid=44008 +1510ms hook-end []
    zz_w5_coldstart_diag_test.go:442: ROW mode=staged-warm source=startup i=0 wall= 2412ms sswall= 2412ms overhead= 262ms presend=  152ms dialable= 2213ms stall=   8ms up= 2237ms(ok=true) spooled=false daemons=1 leaseOK=1 lockHeld=0 answer=probe                                    probe_minted=true  sessions=1 mode=full drop=""
    zz_w5_coldstart_diag_test.go:446: TIMELINE mode=staged-warm source=startup i=0
           +131ms pid=55192 ppid=44008 +37ms hook-start [op session.start]
          +2079ms pid=55192 ppid=44008 +1985ms presend-start [by_in_ms 1302]
          +2079ms pid=55192 ppid=44008 +1985ms ensure-probe-miss []
          +2085ms pid=55192 ppid=44008 +1990ms ensure-claimed [claim 1]
          +2085ms pid=55192 ppid=44008 +1990ms stage-start []
          +2107ms pid=55192 ppid=44008 +2013ms stage-end [err <nil>]
          +2107ms pid=55192 ppid=44008 +2013ms spawn-start [program C:\Users\Quant\AppData\Local\Temp\TestZZW5_ColdStart3746061332\014\.qompack\bin\04207654cf86245d08714ee38125465ea96a9faead560ecae1a645a61b46092d\qompack.exe]
          +2115ms pid=55192 ppid=44008 +2021ms spawn-started [child 50196]
          +2116ms pid=55192 ppid=44008 +2022ms ensure-spawned []
          +2158ms pid=50196 ppid=55192 +36ms daemon-enter []
          +2158ms pid=50196 ppid=55192 +36ms lease-try []
          +2172ms pid=50196 ppid=55192 +50ms lease-result [err <nil>]
          +2180ms pid=50196 ppid=55192 +57ms wired []
          +2205ms pid=50196 ppid=55192 +83ms run-call []
          +2205ms pid=50196 ppid=55192 +83ms run-enter []
          +2206ms pid=50196 ppid=55192 +84ms lock-ok []
          +2206ms pid=50196 ppid=55192 +84ms ing-started []
          +2206ms pid=50196 ppid=55192 +84ms listen-start []
          +2213ms pid=50196 ppid=55192 +91ms listening []
          +2213ms pid=50196 ppid=55192 +91ms accepting []
          +2226ms pid=50196 ppid=55192 +103ms state-written []
          +2228ms pid=50196 ppid=55192 +105ms drain-start []
          +2231ms pid=55192 ppid=44008 +2137ms ensure-up [spawned true]
          +2231ms pid=55192 ppid=44008 +2137ms presend-end []
          +2231ms pid=55192 ppid=44008 +2137ms send-start [deadline_ms 10000]
          +2231ms pid=55192 ppid=44008 +2137ms connect [err <nil>]
          +2236ms pid=50196 ppid=55192 +114ms drain-end []
          +2237ms pid=50196 ppid=55192 +115ms sweep-end []
          +2237ms pid=50196 ppid=55192 +115ms audit-end []
          +2237ms pid=50196 ppid=55192 +115ms serving []
          +2280ms pid=55192 ppid=44008 +2186ms reply [err <nil>]
          +2281ms pid=55192 ppid=44008 +2186ms send-end [ok true out true]
          +2281ms pid=55192 ppid=44008 +2186ms hook-end []
    zz_w5_coldstart_diag_test.go:442: ROW mode=staged-warm source=startup i=1 wall= 1628ms sswall= 1628ms overhead= 315ms presend=  151ms dialable= 1349ms stall=  14ms up= 1360ms(ok=true) spooled=false daemons=1 leaseOK=1 lockHeld=0 answer=probe                                    probe_minted=true  sessions=1 mode=full drop=""
    zz_w5_coldstart_diag_test.go:446: TIMELINE mode=staged-warm source=startup i=1
           +118ms pid=51348 ppid=44008 +22ms hook-start [op session.start]
          +1221ms pid=51348 ppid=44008 +1125ms presend-start [by_in_ms 2146]
          +1221ms pid=51348 ppid=44008 +1125ms ensure-probe-miss []
          +1227ms pid=51348 ppid=44008 +1131ms ensure-claimed [claim 1]
          +1227ms pid=51348 ppid=44008 +1131ms stage-start []
          +1249ms pid=51348 ppid=44008 +1153ms stage-end [err <nil>]
          +1249ms pid=51348 ppid=44008 +1153ms spawn-start [program C:\Users\Quant\AppData\Local\Temp\TestZZW5_ColdStart3746061332\014\.qompack\bin\04207654cf86245d08714ee38125465ea96a9faead560ecae1a645a61b46092d\qompack.exe]
          +1263ms pid=51348 ppid=44008 +1166ms spawn-started [child 1028]
          +1263ms pid=51348 ppid=44008 +1166ms ensure-spawned []
          +1285ms pid=1028 ppid=51348 +15ms daemon-enter []
          +1285ms pid=1028 ppid=51348 +15ms lease-try []
          +1298ms pid=1028 ppid=51348 +27ms lease-result [err <nil>]
          +1323ms pid=1028 ppid=51348 +52ms wired []
          +1345ms pid=1028 ppid=51348 +75ms run-call []
          +1345ms pid=1028 ppid=51348 +75ms run-enter []
          +1346ms pid=1028 ppid=51348 +76ms lock-ok []
          +1346ms pid=1028 ppid=51348 +76ms ing-started []
          +1346ms pid=1028 ppid=51348 +76ms listen-start []
          +1349ms pid=1028 ppid=51348 +78ms listening []
          +1349ms pid=1028 ppid=51348 +78ms accepting []
          +1354ms pid=1028 ppid=51348 +83ms state-written []
          +1355ms pid=1028 ppid=51348 +84ms drain-start []
          +1360ms pid=1028 ppid=51348 +89ms drain-end []
          +1360ms pid=1028 ppid=51348 +89ms sweep-end []
          +1360ms pid=1028 ppid=51348 +90ms audit-end []
          +1360ms pid=1028 ppid=51348 +90ms serving []
          +1372ms pid=51348 ppid=44008 +1276ms ensure-up [spawned true]
          +1372ms pid=51348 ppid=44008 +1276ms presend-end []
          +1372ms pid=51348 ppid=44008 +1276ms send-start [deadline_ms 10000]
          +1372ms pid=51348 ppid=44008 +1276ms connect [err <nil>]
          +1424ms pid=51348 ppid=44008 +1328ms reply [err <nil>]
          +1431ms pid=51348 ppid=44008 +1335ms send-end [ok true out true]
          +1431ms pid=51348 ppid=44008 +1335ms hook-end []
    zz_w5_coldstart_diag_test.go:442: ROW mode=staged-warm source=startup i=2 wall= 2252ms sswall= 2252ms overhead= 303ms presend=  152ms dialable= 2021ms stall=  35ms up= 2032ms(ok=true) spooled=false daemons=1 leaseOK=1 lockHeld=0 answer=probe                                    probe_minted=true  sessions=1 mode=full drop=""
    zz_w5_coldstart_diag_test.go:446: TIMELINE mode=staged-warm source=startup i=2
           +133ms pid=40388 ppid=44008 +26ms hook-start [op session.start]
          +1880ms pid=40388 ppid=44008 +1773ms presend-start [by_in_ms 1503]
          +1881ms pid=40388 ppid=44008 +1774ms ensure-probe-miss []
          +1892ms pid=40388 ppid=44008 +1786ms ensure-claimed [claim 1]
          +1892ms pid=40388 ppid=44008 +1786ms stage-start []
          +1918ms pid=40388 ppid=44008 +1811ms stage-end [err <nil>]
          +1918ms pid=40388 ppid=44008 +1811ms spawn-start [program C:\Users\Quant\AppData\Local\Temp\TestZZW5_ColdStart3746061332\014\.qompack\bin\04207654cf86245d08714ee38125465ea96a9faead560ecae1a645a61b46092d\qompack.exe]
          +1953ms pid=40388 ppid=44008 +1846ms spawn-started [child 44148]
          +1953ms pid=40388 ppid=44008 +1846ms ensure-spawned []
          +1982ms pid=44148 ppid=40388 +19ms daemon-enter []
          +1982ms pid=44148 ppid=40388 +19ms lease-try []
          +1992ms pid=44148 ppid=40388 +29ms lease-result [err <nil>]
          +1998ms pid=44148 ppid=40388 +35ms wired []
          +2018ms pid=44148 ppid=40388 +55ms run-call []
          +2018ms pid=44148 ppid=40388 +55ms run-enter []
          +2018ms pid=44148 ppid=40388 +55ms lock-ok []
          +2018ms pid=44148 ppid=40388 +56ms ing-started []
          +2018ms pid=44148 ppid=40388 +56ms listen-start []
          +2021ms pid=44148 ppid=40388 +59ms listening []
          +2021ms pid=44148 ppid=40388 +59ms accepting []
          +2026ms pid=44148 ppid=40388 +63ms state-written []
          +2027ms pid=44148 ppid=40388 +64ms drain-start []
          +2031ms pid=40388 ppid=44008 +1925ms ensure-up [spawned true]
          +2031ms pid=44148 ppid=40388 +69ms drain-end []
          +2032ms pid=40388 ppid=44008 +1925ms presend-end []
          +2032ms pid=40388 ppid=44008 +1925ms send-start [deadline_ms 10000]
          +2032ms pid=40388 ppid=44008 +1925ms connect [err <nil>]
          +2032ms pid=44148 ppid=40388 +69ms sweep-end []
          +2032ms pid=44148 ppid=40388 +70ms audit-end []
          +2032ms pid=44148 ppid=40388 +70ms serving []
          +2082ms pid=40388 ppid=44008 +1975ms reply [err <nil>]
          +2082ms pid=40388 ppid=44008 +1975ms send-end [ok true out true]
          +2082ms pid=40388 ppid=44008 +1975ms hook-end []
    zz_w5_coldstart_diag_test.go:442: ROW mode=staged-warm source=resume  i=0 wall= 1444ms sswall= 1444ms overhead= 471ms presend=  206ms dialable=  946ms stall=   8ms up=  977ms(ok=true) spooled=false daemons=1 leaseOK=1 lockHeld=0 answer=probe                                    probe_minted=true  sessions=1 mode=full drop=""
    zz_w5_coldstart_diag_test.go:446: TIMELINE mode=staged-warm source=resume i=0
            +77ms pid=40964 ppid=44008 +20ms hook-start [op session.start]
           +753ms pid=40964 ppid=44008 +696ms presend-start [by_in_ms 2574]
           +753ms pid=40964 ppid=44008 +696ms ensure-probe-miss []
           +760ms pid=40964 ppid=44008 +703ms ensure-claimed [claim 1]
           +760ms pid=40964 ppid=44008 +703ms stage-start []
           +786ms pid=40964 ppid=44008 +729ms stage-end [err <nil>]
           +786ms pid=40964 ppid=44008 +729ms spawn-start [program C:\Users\Quant\AppData\Local\Temp\TestZZW5_ColdStart3746061332\014\.qompack\bin\04207654cf86245d08714ee38125465ea96a9faead560ecae1a645a61b46092d\qompack.exe]
           +794ms pid=40964 ppid=44008 +737ms spawn-started [child 53148]
           +794ms pid=40964 ppid=44008 +737ms ensure-spawned []
           +845ms pid=53148 ppid=40964 +29ms daemon-enter []
           +846ms pid=53148 ppid=40964 +30ms lease-try []
           +874ms pid=53148 ppid=40964 +58ms lease-result [err <nil>]
           +905ms pid=53148 ppid=40964 +89ms wired []
           +940ms pid=53148 ppid=40964 +124ms run-call []
           +940ms pid=53148 ppid=40964 +124ms run-enter []
           +940ms pid=53148 ppid=40964 +124ms lock-ok []
           +940ms pid=53148 ppid=40964 +124ms ing-started []
           +940ms pid=53148 ppid=40964 +124ms listen-start []
           +946ms pid=53148 ppid=40964 +130ms listening []
           +946ms pid=53148 ppid=40964 +130ms accepting []
           +954ms pid=53148 ppid=40964 +138ms state-written []
           +955ms pid=53148 ppid=40964 +139ms drain-start []
           +959ms pid=40964 ppid=44008 +902ms ensure-up [spawned true]
           +959ms pid=40964 ppid=44008 +902ms presend-end []
           +959ms pid=40964 ppid=44008 +902ms send-start [deadline_ms 10000]
           +964ms pid=53148 ppid=40964 +148ms drain-end []
           +975ms pid=53148 ppid=40964 +159ms sweep-end []
           +977ms pid=53148 ppid=40964 +161ms audit-end []
           +977ms pid=53148 ppid=40964 +161ms serving []
           +978ms pid=40964 ppid=44008 +922ms connect [err <nil>]
          +1050ms pid=40964 ppid=44008 +994ms reply [err <nil>]
          +1050ms pid=40964 ppid=44008 +994ms send-end [ok true out true]
          +1050ms pid=40964 ppid=44008 +994ms hook-end []
    zz_w5_coldstart_diag_test.go:442: ROW mode=staged-warm source=resume  i=1 wall= 1501ms sswall= 1501ms overhead= 274ms presend=  327ms dialable= 1294ms stall= 115ms up= 1312ms(ok=true) spooled=false daemons=1 leaseOK=1 lockHeld=0 answer=probe                                    probe_minted=true  sessions=1 mode=full drop=""
    zz_w5_coldstart_diag_test.go:446: TIMELINE mode=staged-warm source=resume i=1
           +121ms pid=51668 ppid=44008 +34ms hook-start [op session.start]
           +974ms pid=51668 ppid=44008 +887ms presend-start [by_in_ms 2397]
           +974ms pid=51668 ppid=44008 +887ms ensure-probe-miss []
          +1041ms pid=51668 ppid=44008 +954ms ensure-claimed [claim 1]
          +1041ms pid=51668 ppid=44008 +954ms stage-start []
          +1075ms pid=51668 ppid=44008 +988ms stage-end [err <nil>]
          +1076ms pid=51668 ppid=44008 +989ms spawn-start [program C:\Users\Quant\AppData\Local\Temp\TestZZW5_ColdStart3746061332\014\.qompack\bin\04207654cf86245d08714ee38125465ea96a9faead560ecae1a645a61b46092d\qompack.exe]
          +1191ms pid=51668 ppid=44008 +1103ms spawn-started [child 35876]
          +1191ms pid=51668 ppid=44008 +1103ms ensure-spawned []
          +1237ms pid=35876 ppid=51668 +34ms daemon-enter []
          +1237ms pid=35876 ppid=51668 +34ms lease-try []
          +1252ms pid=35876 ppid=51668 +49ms lease-result [err <nil>]
          +1261ms pid=35876 ppid=51668 +58ms wired []
          +1287ms pid=35876 ppid=51668 +84ms run-call []
          +1287ms pid=35876 ppid=51668 +84ms run-enter []
          +1288ms pid=35876 ppid=51668 +85ms lock-ok []
          +1288ms pid=35876 ppid=51668 +85ms ing-started []
          +1288ms pid=35876 ppid=51668 +85ms listen-start []
          +1294ms pid=35876 ppid=51668 +91ms listening []
          +1294ms pid=35876 ppid=51668 +91ms accepting []
          +1301ms pid=51668 ppid=44008 +1214ms ensure-up [spawned true]
          +1301ms pid=51668 ppid=44008 +1214ms presend-end []
          +1301ms pid=51668 ppid=44008 +1214ms send-start [deadline_ms 10000]
          +1303ms pid=35876 ppid=51668 +99ms state-written []
          +1306ms pid=35876 ppid=51668 +102ms drain-start []
          +1311ms pid=35876 ppid=51668 +108ms drain-end []
          +1311ms pid=51668 ppid=44008 +1224ms connect [err <nil>]
          +1312ms pid=35876 ppid=51668 +108ms sweep-end []
          +1312ms pid=35876 ppid=51668 +109ms audit-end []
          +1312ms pid=35876 ppid=51668 +109ms serving []
          +1347ms pid=51668 ppid=44008 +1260ms reply [err <nil>]
          +1348ms pid=51668 ppid=44008 +1260ms send-end [ok true out true]
          +1348ms pid=51668 ppid=44008 +1260ms hook-end []
    zz_w5_coldstart_diag_test.go:442: ROW mode=staged-warm source=resume  i=2 wall= 1023ms sswall= 1023ms overhead= 106ms presend=  251ms dialable=  916ms stall=  15ms up=  933ms(ok=true) spooled=false daemons=1 leaseOK=1 lockHeld=0 answer=probe                                    probe_minted=true  sessions=1 mode=full drop=""
    zz_w5_coldstart_diag_test.go:446: TIMELINE mode=staged-warm source=resume i=2
            +62ms pid=55152 ppid=44008 +29ms hook-start [op session.start]
           +688ms pid=55152 ppid=44008 +655ms presend-start [by_in_ms 2623]
           +688ms pid=55152 ppid=44008 +655ms ensure-probe-miss []
           +758ms pid=55152 ppid=44008 +725ms ensure-claimed [claim 1]
           +758ms pid=55152 ppid=44008 +725ms stage-start []
           +789ms pid=55152 ppid=44008 +755ms stage-end [err <nil>]
           +789ms pid=55152 ppid=44008 +756ms spawn-start [program C:\Users\Quant\AppData\Local\Temp\TestZZW5_ColdStart3746061332\014\.qompack\bin\04207654cf86245d08714ee38125465ea96a9faead560ecae1a645a61b46092d\qompack.exe]
           +804ms pid=55152 ppid=44008 +771ms spawn-started [child 40964]
           +805ms pid=55152 ppid=44008 +772ms ensure-spawned []
           +848ms pid=40964 ppid=55152 +29ms daemon-enter []
           +850ms pid=40964 ppid=55152 +29ms lease-try []
           +869ms pid=40964 ppid=55152 +48ms lease-result [err <nil>]
           +878ms pid=40964 ppid=55152 +57ms wired []
           +910ms pid=40964 ppid=55152 +89ms run-call []
           +910ms pid=40964 ppid=55152 +89ms run-enter []
           +910ms pid=40964 ppid=55152 +90ms lock-ok []
           +910ms pid=40964 ppid=55152 +90ms ing-started []
           +910ms pid=40964 ppid=55152 +90ms listen-start []
           +916ms pid=40964 ppid=55152 +96ms listening []
           +916ms pid=40964 ppid=55152 +96ms accepting []
           +925ms pid=40964 ppid=55152 +105ms state-written []
           +926ms pid=40964 ppid=55152 +106ms drain-start []
           +932ms pid=40964 ppid=55152 +111ms drain-end []
           +933ms pid=40964 ppid=55152 +112ms sweep-end []
           +933ms pid=40964 ppid=55152 +113ms audit-end []
           +933ms pid=40964 ppid=55152 +113ms serving []
           +939ms pid=55152 ppid=44008 +905ms ensure-up [spawned true]
           +939ms pid=55152 ppid=44008 +905ms presend-end []
           +939ms pid=55152 ppid=44008 +905ms send-start [deadline_ms 10000]
           +939ms pid=55152 ppid=44008 +905ms connect [err <nil>]
           +979ms pid=55152 ppid=44008 +946ms reply [err <nil>]
           +979ms pid=55152 ppid=44008 +946ms send-end [ok true out true]
           +979ms pid=55152 ppid=44008 +946ms hook-end []
    zz_w5_coldstart_diag_test.go:487: SUMMARY mode=unstaged    source=startup n=3 spooled=0 noup=0 multi-daemon-rows=0 spawn-stalls>1s=0 sswall p50=2213ms p90=2213ms max=5369ms overhead p50=555ms max=954ms wall p50=2213ms p90=2213ms max=5369ms presend p50=525ms max=738ms up p50=1769ms max=4902ms answers=map[probe:3]
    zz_w5_coldstart_diag_test.go:487: SUMMARY mode=unstaged    source=resume  n=3 spooled=0 noup=0 multi-daemon-rows=0 spawn-stalls>1s=0 sswall p50=2027ms p90=2027ms max=2687ms overhead p50=328ms max=1209ms wall p50=2027ms p90=2027ms max=2687ms presend p50=150ms max=176ms up p50=1714ms max=2587ms answers=map[probe:3]
    zz_w5_coldstart_diag_test.go:487: SUMMARY mode=staged-warm source=startup n=3 spooled=0 noup=0 multi-daemon-rows=0 spawn-stalls>1s=0 sswall p50=2252ms p90=2252ms max=2412ms overhead p50=303ms max=315ms wall p50=2252ms p90=2252ms max=2412ms presend p50=152ms max=152ms up p50=2032ms max=2237ms answers=map[probe:3]
    zz_w5_coldstart_diag_test.go:487: SUMMARY mode=staged-warm source=resume  n=3 spooled=0 noup=0 multi-daemon-rows=0 spawn-stalls>1s=0 sswall p50=1444ms p90=1444ms max=1501ms overhead p50=274ms max=471ms wall p50=1444ms p90=1444ms max=1501ms presend p50=251ms max=327ms up p50=977ms max=1312ms answers=map[probe:3]
--- PASS: TestZZW5_ColdStart (129.21s)
PASS
ok  	github.com/qompack/qompack/test/e2e	129.425s
exit=0
