=== RUN   TestEnsureRunning_WaitsForTheDaemonAFreshSpawnLockAnnounces
--- PASS: TestEnsureRunning_WaitsForTheDaemonAFreshSpawnLockAnnounces (0.19s)
=== RUN   TestEnsureRunning_TwoColdHooksStartOneDaemon
--- PASS: TestEnsureRunning_TwoColdHooksStartOneDaemon (0.22s)
=== RUN   TestEnsureRunning_AHookArrivingWhileAStagedSpawnIsStartingWaits
--- PASS: TestEnsureRunning_AHookArrivingWhileAStagedSpawnIsStartingWaits (0.37s)
=== RUN   TestEnsureRunning_ItsSpawnHoldsOffALazySpawn
--- PASS: TestEnsureRunning_ItsSpawnHoldsOffALazySpawn (0.24s)
=== RUN   TestEnsureRunning_AnAbandonedSpawnLockBlocksOnlyUntilItIsStale
--- PASS: TestEnsureRunning_AnAbandonedSpawnLockBlocksOnlyUntilItIsStale (0.41s)
=== RUN   TestEnsureRunning_ReleasesItsClaimWhenTheSpawnFails
--- PASS: TestEnsureRunning_ReleasesItsClaimWhenTheSpawnFails (0.03s)
=== RUN   TestEnsureRunning_ALockItsDaemonFreedIsNoLicenceToSpawn
--- PASS: TestEnsureRunning_ALockItsDaemonFreedIsNoLicenceToSpawn (0.01s)
=== RUN   TestEnsureRunning_AClaimThatGoesStaleMidWaitIsReclaimed
--- PASS: TestEnsureRunning_AClaimThatGoesStaleMidWaitIsReclaimed (1.81s)
=== RUN   TestEnsureRunningUntil_PollsToItsDeadlineNotTheFixedBound
--- PASS: TestEnsureRunningUntil_PollsToItsDeadlineNotTheFixedBound (1.83s)
=== RUN   TestEnsureRunningUntil_ALateSpawnStillGetsTheClassicWait
--- PASS: TestEnsureRunningUntil_ALateSpawnStillGetsTheClassicWait (0.21s)
=== RUN   TestEnsureRunningUntil_APassedDeadlineStillStartsADaemon
--- PASS: TestEnsureRunningUntil_APassedDeadlineStillStartsADaemon (0.01s)
PASS
ok  	github.com/qompack/qompack/internal/daemon	5.622s
exit=0
