=== RUN   TestEnsureRunning_AClaimThatGoesStaleMidWaitIsReclaimed
    spawn_lock_test.go:352: 
        	Error Trace:	C:/Users/Quant/Documents/Programming/Projects/qompack-cx-w5-coldstart/internal/daemon/spawn_lock_test.go:352
        	Error:      	Received unexpected error:
        	            	qompack: not found
        	Test:       	TestEnsureRunning_AClaimThatGoesStaleMidWaitIsReclaimed
        	Messages:   	a daemon spawned on a claim reclaimed mid-wait must get its own wait to come up
--- FAIL: TestEnsureRunning_AClaimThatGoesStaleMidWaitIsReclaimed (1.63s)
=== RUN   TestEnsureRunning_AClaimThatGoesStaleMidWaitIsReclaimed
    spawn_lock_test.go:352: 
        	Error Trace:	C:/Users/Quant/Documents/Programming/Projects/qompack-cx-w5-coldstart/internal/daemon/spawn_lock_test.go:352
        	Error:      	Received unexpected error:
        	            	qompack: not found
        	Test:       	TestEnsureRunning_AClaimThatGoesStaleMidWaitIsReclaimed
        	Messages:   	a daemon spawned on a claim reclaimed mid-wait must get its own wait to come up
--- FAIL: TestEnsureRunning_AClaimThatGoesStaleMidWaitIsReclaimed (1.63s)
=== RUN   TestEnsureRunning_AClaimThatGoesStaleMidWaitIsReclaimed
    spawn_lock_test.go:352: 
        	Error Trace:	C:/Users/Quant/Documents/Programming/Projects/qompack-cx-w5-coldstart/internal/daemon/spawn_lock_test.go:352
        	Error:      	Received unexpected error:
        	            	qompack: not found
        	Test:       	TestEnsureRunning_AClaimThatGoesStaleMidWaitIsReclaimed
        	Messages:   	a daemon spawned on a claim reclaimed mid-wait must get its own wait to come up
--- FAIL: TestEnsureRunning_AClaimThatGoesStaleMidWaitIsReclaimed (1.64s)
=== RUN   TestEnsureRunning_AClaimThatGoesStaleMidWaitIsReclaimed
    spawn_lock_test.go:352: 
        	Error Trace:	C:/Users/Quant/Documents/Programming/Projects/qompack-cx-w5-coldstart/internal/daemon/spawn_lock_test.go:352
        	Error:      	Received unexpected error:
        	            	qompack: not found
        	Test:       	TestEnsureRunning_AClaimThatGoesStaleMidWaitIsReclaimed
        	Messages:   	a daemon spawned on a claim reclaimed mid-wait must get its own wait to come up
--- FAIL: TestEnsureRunning_AClaimThatGoesStaleMidWaitIsReclaimed (1.63s)
=== RUN   TestEnsureRunning_AClaimThatGoesStaleMidWaitIsReclaimed
    spawn_lock_test.go:352: 
        	Error Trace:	C:/Users/Quant/Documents/Programming/Projects/qompack-cx-w5-coldstart/internal/daemon/spawn_lock_test.go:352
        	Error:      	Received unexpected error:
        	            	qompack: not found
        	Test:       	TestEnsureRunning_AClaimThatGoesStaleMidWaitIsReclaimed
        	Messages:   	a daemon spawned on a claim reclaimed mid-wait must get its own wait to come up
--- FAIL: TestEnsureRunning_AClaimThatGoesStaleMidWaitIsReclaimed (1.62s)
FAIL
FAIL	github.com/qompack/qompack/internal/daemon	8.486s
FAIL
exit=1
