=== RUN   TestZZW5_ColdStart
    zz_w5_coldstart_diag_test.go:426: GOOS=windows NumCPU=22 cpu-coload="" mult=1 fsync=0 iters=6 up="marks"
    zz_w5_coldstart_diag_test.go:442: ROW mode=prespawned  source=startup i=0 wall=  818ms sswall=  492ms overhead=  63ms presend=   99ms dialable=  450ms stall=  16ms up=  742ms(ok=true) spooled=false daemons=2 leaseOK=1 lockHeld=1 answer=probe                                    probe_minted=true  sessions=1 mode=full drop=""
    zz_w5_coldstart_diag_test.go:442: ROW mode=prespawned  source=startup i=1 wall=  608ms sswall=  484ms overhead=  71ms presend=   78ms dialable=  263ms stall=  12ms up=  550ms(ok=true) spooled=false daemons=1 leaseOK=1 lockHeld=0 answer=probe                                    probe_minted=true  sessions=1 mode=full drop=""
    zz_w5_coldstart_diag_test.go:442: ROW mode=prespawned  source=startup i=2 wall=  608ms sswall=  493ms overhead=  75ms presend=   77ms dialable=  264ms stall=  14ms up=  552ms(ok=true) spooled=false daemons=1 leaseOK=1 lockHeld=0 answer=probe                                    probe_minted=true  sessions=1 mode=full drop=""
    zz_w5_coldstart_diag_test.go:442: ROW mode=prespawned  source=startup i=3 wall=  598ms sswall=  481ms overhead=  75ms presend=   63ms dialable=  243ms stall=  15ms up=  538ms(ok=true) spooled=false daemons=1 leaseOK=1 lockHeld=0 answer=probe                                    probe_minted=true  sessions=1 mode=full drop=""
    zz_w5_coldstart_diag_test.go:442: ROW mode=prespawned  source=startup i=4 wall=  571ms sswall=  460ms overhead=  68ms presend=   98ms dialable=  232ms stall=  12ms up=  514ms(ok=true) spooled=false daemons=2 leaseOK=1 lockHeld=1 answer=probe                                    probe_minted=true  sessions=1 mode=full drop=""
    zz_w5_coldstart_diag_test.go:442: ROW mode=prespawned  source=startup i=5 wall=  582ms sswall=  471ms overhead=  75ms presend=   77ms dialable=  249ms stall=  10ms up=  532ms(ok=true) spooled=false daemons=1 leaseOK=1 lockHeld=0 answer=probe                                    probe_minted=true  sessions=1 mode=full drop=""
    zz_w5_coldstart_diag_test.go:442: ROW mode=prespawned  source=resume  i=0 wall=  598ms sswall=  477ms overhead=  52ms presend=   79ms dialable=  245ms stall=  23ms up=  535ms(ok=true) spooled=false daemons=1 leaseOK=1 lockHeld=0 answer=probe                                    probe_minted=true  sessions=1 mode=full drop=""
    zz_w5_coldstart_diag_test.go:442: ROW mode=prespawned  source=resume  i=1 wall=  570ms sswall=  448ms overhead=  74ms presend=   95ms dialable=  259ms stall=  14ms up=  516ms(ok=true) spooled=false daemons=2 leaseOK=1 lockHeld=1 answer=probe                                    probe_minted=true  sessions=1 mode=full drop=""
    zz_w5_coldstart_diag_test.go:442: ROW mode=prespawned  source=resume  i=2 wall=  575ms sswall=  459ms overhead=  72ms presend=   94ms dialable=  245ms stall=  13ms up=  515ms(ok=true) spooled=false daemons=2 leaseOK=1 lockHeld=1 answer=probe                                    probe_minted=true  sessions=1 mode=full drop=""
    zz_w5_coldstart_diag_test.go:442: ROW mode=prespawned  source=resume  i=3 wall=  577ms sswall=  473ms overhead=  72ms presend=   77ms dialable=  242ms stall=  13ms up=  527ms(ok=true) spooled=false daemons=1 leaseOK=1 lockHeld=0 answer=probe                                    probe_minted=true  sessions=1 mode=full drop=""
    zz_w5_coldstart_diag_test.go:442: ROW mode=prespawned  source=resume  i=4 wall=  578ms sswall=  467ms overhead=  65ms presend=   97ms dialable=  241ms stall=  14ms up=  524ms(ok=true) spooled=false daemons=2 leaseOK=1 lockHeld=1 answer=probe                                    probe_minted=true  sessions=1 mode=full drop=""
    zz_w5_coldstart_diag_test.go:442: ROW mode=prespawned  source=resume  i=5 wall=  572ms sswall=  445ms overhead=  72ms presend=   56ms dialable=  246ms stall=  14ms up=  519ms(ok=true) spooled=false daemons=1 leaseOK=1 lockHeld=0 answer=probe                                    probe_minted=true  sessions=1 mode=full drop=""
    zz_w5_coldstart_diag_test.go:442: ROW mode=prespawned  source=compact i=0 wall=  885ms sswall=  764ms overhead=  70ms presend=  248ms dialable=  393ms stall=  13ms up=  786ms(ok=true) spooled=false daemons=2 leaseOK=1 lockHeld=1 answer=rehydration+probe                        probe_minted=true  sessions=2 mode=full drop="pointer_git_unavailable:checkpoint: no .git at the project root"
    zz_w5_coldstart_diag_test.go:442: ROW mode=prespawned  source=compact i=1 wall=  903ms sswall=  782ms overhead=  76ms presend=  247ms dialable=  393ms stall=  14ms up=  794ms(ok=true) spooled=false daemons=2 leaseOK=1 lockHeld=1 answer=rehydration+probe                        probe_minted=true  sessions=2 mode=full drop="pointer_git_unavailable:checkpoint: no .git at the project root"
    zz_w5_coldstart_diag_test.go:442: ROW mode=prespawned  source=compact i=2 wall=  911ms sswall=  785ms overhead=  74ms presend=  226ms dialable=  387ms stall=  14ms up=  810ms(ok=true) spooled=false daemons=2 leaseOK=1 lockHeld=1 answer=rehydration+probe                        probe_minted=true  sessions=2 mode=full drop="pointer_git_unavailable:checkpoint: no .git at the project root"
    zz_w5_coldstart_diag_test.go:442: ROW mode=prespawned  source=compact i=3 wall=  899ms sswall=  774ms overhead=  75ms presend=  202ms dialable=  395ms stall=  17ms up=  800ms(ok=true) spooled=false daemons=1 leaseOK=1 lockHeld=0 answer=rehydration+probe                        probe_minted=true  sessions=2 mode=full drop="pointer_git_unavailable:checkpoint: no .git at the project root"
    zz_w5_coldstart_diag_test.go:442: ROW mode=prespawned  source=compact i=4 wall=  905ms sswall=  784ms overhead=  68ms presend=  247ms dialable=  391ms stall=  13ms up=  798ms(ok=true) spooled=false daemons=2 leaseOK=1 lockHeld=1 answer=rehydration+probe                        probe_minted=true  sessions=2 mode=full drop="pointer_git_unavailable:checkpoint: no .git at the project root"
    zz_w5_coldstart_diag_test.go:442: ROW mode=prespawned  source=compact i=5 wall=  894ms sswall=  778ms overhead=  69ms presend=  225ms dialable=  368ms stall=  16ms up=  789ms(ok=true) spooled=false daemons=2 leaseOK=1 lockHeld=1 answer=rehydration+probe                        probe_minted=true  sessions=2 mode=full drop="pointer_git_unavailable:checkpoint: no .git at the project root"
    zz_w5_coldstart_diag_test.go:487: SUMMARY mode=prespawned  source=startup n=6 spooled=0 noup=0 multi-daemon-rows=2 spawn-stalls>1s=0 sswall p50=481ms p90=492ms max=493ms overhead p50=71ms max=75ms wall p50=598ms p90=608ms max=818ms presend p50=77ms max=99ms up p50=538ms max=742ms answers=map[probe:6]
    zz_w5_coldstart_diag_test.go:487: SUMMARY mode=prespawned  source=resume  n=6 spooled=0 noup=0 multi-daemon-rows=3 spawn-stalls>1s=0 sswall p50=459ms p90=473ms max=477ms overhead p50=72ms max=74ms wall p50=575ms p90=578ms max=598ms presend p50=79ms max=97ms up p50=519ms max=535ms answers=map[probe:6]
    zz_w5_coldstart_diag_test.go:487: SUMMARY mode=prespawned  source=compact n=6 spooled=0 noup=0 multi-daemon-rows=5 spawn-stalls>1s=0 sswall p50=778ms p90=784ms max=785ms overhead p50=70ms max=76ms wall p50=899ms p90=905ms max=911ms presend p50=226ms max=248ms up p50=794ms max=810ms answers=map[rehydration+probe:6]
--- PASS: TestZZW5_ColdStart (60.49s)
PASS
ok  	github.com/qompack/qompack/test/e2e	60.852s
exit=0
