=== RUN   TestZZW5_ColdStart
    zz_w5_coldstart_diag_test.go:426: GOOS=windows NumCPU=22 cpu-coload="" mult=1 fsync=0 iters=6 up="marks"
    zz_w5_coldstart_diag_test.go:442: ROW mode=prespawned  source=startup i=0 wall=  828ms sswall=  469ms overhead=  66ms presend=   52ms dialable=  469ms stall=  23ms up=  786ms(ok=true) spooled=false daemons=1 leaseOK=1 lockHeld=0 answer=probe                                    probe_minted=true  sessions=1 mode=full drop=""
    zz_w5_coldstart_diag_test.go:442: ROW mode=prespawned  source=startup i=1 wall=  540ms sswall=  435ms overhead=  66ms presend=   76ms dialable=  230ms stall=  14ms up=  499ms(ok=true) spooled=false daemons=1 leaseOK=1 lockHeld=0 answer=probe                                    probe_minted=true  sessions=1 mode=full drop=""
    zz_w5_coldstart_diag_test.go:442: ROW mode=prespawned  source=startup i=2 wall=  579ms sswall=  457ms overhead=  80ms presend=   77ms dialable=  261ms stall=  12ms up=  543ms(ok=true) spooled=false daemons=1 leaseOK=1 lockHeld=0 answer=probe                                    probe_minted=true  sessions=1 mode=full drop=""
    zz_w5_coldstart_diag_test.go:442: ROW mode=prespawned  source=startup i=3 wall=  548ms sswall=  442ms overhead=  69ms presend=   76ms dialable=  235ms stall=  12ms up=  508ms(ok=true) spooled=false daemons=1 leaseOK=1 lockHeld=0 answer=probe                                    probe_minted=true  sessions=1 mode=full drop=""
    zz_w5_coldstart_diag_test.go:442: ROW mode=prespawned  source=startup i=4 wall=  573ms sswall=  460ms overhead=  68ms presend=   76ms dialable=  249ms stall=  14ms up=  531ms(ok=true) spooled=false daemons=1 leaseOK=1 lockHeld=0 answer=probe                                    probe_minted=true  sessions=1 mode=full drop=""
    zz_w5_coldstart_diag_test.go:442: ROW mode=prespawned  source=startup i=5 wall=  583ms sswall=  462ms overhead=  70ms presend=   51ms dialable=  237ms stall=  12ms up=  540ms(ok=true) spooled=false daemons=1 leaseOK=1 lockHeld=0 answer=probe                                    probe_minted=true  sessions=1 mode=full drop=""
    zz_w5_coldstart_diag_test.go:442: ROW mode=prespawned  source=resume  i=0 wall=  544ms sswall=  441ms overhead=  65ms presend=   75ms dialable=  221ms stall=  12ms up=  505ms(ok=true) spooled=false daemons=1 leaseOK=1 lockHeld=0 answer=probe                                    probe_minted=true  sessions=1 mode=full drop=""
    zz_w5_coldstart_diag_test.go:442: ROW mode=prespawned  source=resume  i=1 wall=  603ms sswall=  478ms overhead=  73ms presend=  101ms dialable=  276ms stall=  13ms up=  564ms(ok=true) spooled=false daemons=1 leaseOK=1 lockHeld=0 answer=probe                                    probe_minted=true  sessions=1 mode=full drop=""
    zz_w5_coldstart_diag_test.go:442: ROW mode=prespawned  source=resume  i=2 wall=  591ms sswall=  488ms overhead=  77ms presend=   76ms dialable=  253ms stall=  14ms up=  546ms(ok=true) spooled=false daemons=1 leaseOK=1 lockHeld=0 answer=probe                                    probe_minted=true  sessions=1 mode=full drop=""
    zz_w5_coldstart_diag_test.go:442: ROW mode=prespawned  source=resume  i=3 wall=  568ms sswall=  452ms overhead=  70ms presend=   76ms dialable=  252ms stall=  20ms up=  525ms(ok=true) spooled=false daemons=1 leaseOK=1 lockHeld=0 answer=probe                                    probe_minted=true  sessions=1 mode=full drop=""
    zz_w5_coldstart_diag_test.go:442: ROW mode=prespawned  source=resume  i=4 wall=  580ms sswall=  468ms overhead=  64ms presend=   76ms dialable=  234ms stall=  13ms up=  539ms(ok=true) spooled=false daemons=1 leaseOK=1 lockHeld=0 answer=probe                                    probe_minted=true  sessions=1 mode=full drop=""
    zz_w5_coldstart_diag_test.go:442: ROW mode=prespawned  source=resume  i=5 wall=  614ms sswall=  489ms overhead=  84ms presend=  101ms dialable=  291ms stall=  23ms up=  575ms(ok=true) spooled=false daemons=1 leaseOK=1 lockHeld=0 answer=probe                                    probe_minted=true  sessions=1 mode=full drop=""
    zz_w5_coldstart_diag_test.go:442: ROW mode=prespawned  source=compact i=0 wall=  878ms sswall=  770ms overhead=  66ms presend=  203ms dialable=  366ms stall=  12ms up=  772ms(ok=true) spooled=false daemons=1 leaseOK=1 lockHeld=0 answer=rehydration+probe                        probe_minted=true  sessions=2 mode=full drop="pointer_git_unavailable:checkpoint: no .git at the project root"
    zz_w5_coldstart_diag_test.go:442: ROW mode=prespawned  source=compact i=1 wall=  914ms sswall=  790ms overhead=  83ms presend=  177ms dialable=  380ms stall=  13ms up=  797ms(ok=true) spooled=false daemons=1 leaseOK=1 lockHeld=0 answer=rehydration+probe                        probe_minted=true  sessions=2 mode=full drop="pointer_git_unavailable:checkpoint: no .git at the project root"
    zz_w5_coldstart_diag_test.go:442: ROW mode=prespawned  source=compact i=2 wall=  907ms sswall=  797ms overhead=  72ms presend=  176ms dialable=  352ms stall=  14ms up=  795ms(ok=true) spooled=false daemons=1 leaseOK=1 lockHeld=0 answer=rehydration+probe                        probe_minted=true  sessions=2 mode=full drop="pointer_git_unavailable:checkpoint: no .git at the project root"
    zz_w5_coldstart_diag_test.go:442: ROW mode=prespawned  source=compact i=3 wall=  885ms sswall=  760ms overhead=  71ms presend=  201ms dialable=  372ms stall=  12ms up=  779ms(ok=true) spooled=false daemons=1 leaseOK=1 lockHeld=0 answer=rehydration+probe                        probe_minted=true  sessions=2 mode=full drop="pointer_git_unavailable:checkpoint: no .git at the project root"
    zz_w5_coldstart_diag_test.go:442: ROW mode=prespawned  source=compact i=4 wall=  925ms sswall=  810ms overhead=  83ms presend=  203ms dialable=  398ms stall=  16ms up=  820ms(ok=true) spooled=false daemons=1 leaseOK=1 lockHeld=0 answer=rehydration+probe                        probe_minted=true  sessions=2 mode=full drop="pointer_git_unavailable:checkpoint: no .git at the project root"
    zz_w5_coldstart_diag_test.go:442: ROW mode=prespawned  source=compact i=5 wall=  883ms sswall=  767ms overhead=  65ms presend=  201ms dialable=  363ms stall=  14ms up=  767ms(ok=true) spooled=false daemons=1 leaseOK=1 lockHeld=0 answer=rehydration+probe                        probe_minted=true  sessions=2 mode=full drop="pointer_git_unavailable:checkpoint: no .git at the project root"
    zz_w5_coldstart_diag_test.go:487: SUMMARY mode=prespawned  source=startup n=6 spooled=0 noup=0 multi-daemon-rows=0 spawn-stalls>1s=0 sswall p50=457ms p90=462ms max=469ms overhead p50=68ms max=80ms wall p50=573ms p90=583ms max=828ms presend p50=76ms max=77ms up p50=531ms max=786ms answers=map[probe:6]
    zz_w5_coldstart_diag_test.go:487: SUMMARY mode=prespawned  source=resume  n=6 spooled=0 noup=0 multi-daemon-rows=0 spawn-stalls>1s=0 sswall p50=468ms p90=488ms max=489ms overhead p50=70ms max=84ms wall p50=580ms p90=603ms max=614ms presend p50=76ms max=101ms up p50=539ms max=575ms answers=map[probe:6]
    zz_w5_coldstart_diag_test.go:487: SUMMARY mode=prespawned  source=compact n=6 spooled=0 noup=0 multi-daemon-rows=0 spawn-stalls>1s=0 sswall p50=770ms p90=797ms max=810ms overhead p50=71ms max=83ms wall p50=885ms p90=914ms max=925ms presend p50=201ms max=203ms up p50=779ms max=820ms answers=map[rehydration+probe:6]
--- PASS: TestZZW5_ColdStart (52.32s)
PASS
ok  	github.com/qompack/qompack/test/e2e	52.655s
exit=0
