--- FAIL: TestDeliveryGeneration_CommitPublishesOnePackPerGenerationWhateverItsSize (1354.56s)
    --- FAIL: TestDeliveryGeneration_CommitPublishesOnePackPerGenerationWhateverItsSize/one-lease (0.32s)
        delivery_radix_pack_test.go:68: 
            	Error Trace:	C:/Users/Quant/Documents/Programming/Projects/qompack-cx-rollover/internal/daemon/delivery_radix_pack_test.go:68
            	Error:      	Not equal: 
            	            	expected: 1
            	            	actual  : 0
            	Test:       	TestDeliveryGeneration_CommitPublishesOnePackPerGenerationWhateverItsSize/one-lease
            	Messages:   	one generation publishes exactly one pack
    --- FAIL: TestDeliveryGeneration_CommitPublishesOnePackPerGenerationWhateverItsSize/four-hundred-leases (1354.24s)
        delivery_radix_pack_test.go:68: 
            	Error Trace:	C:/Users/Quant/Documents/Programming/Projects/qompack-cx-rollover/internal/daemon/delivery_radix_pack_test.go:68
            	Error:      	Not equal: 
            	            	expected: 1
            	            	actual  : 0
            	Test:       	TestDeliveryGeneration_CommitPublishesOnePackPerGenerationWhateverItsSize/four-hundred-leases
            	Messages:   	one generation publishes exactly one pack
FAIL
FAIL	github.com/qompack/qompack/internal/daemon	1354.876s
FAIL
