goos: windows
goarch: amd64
pkg: github.com/qompack/qompack/internal/hostperm
cpu: Intel(R) Core(TM) Ultra 7 155H
BenchmarkSnapshotUnchanged-22    	    2000	   1349549 ns/op	    9411 B/op	      79 allocs/op
BenchmarkSnapshotUnchanged-22    	    2000	   1374591 ns/op	    9473 B/op	      79 allocs/op
BenchmarkSnapshotUnchanged-22    	    2000	   1756477 ns/op	    9489 B/op	      80 allocs/op
BenchmarkSnapshotUnchanged-22    	    2000	    489075 ns/op	    9472 B/op	      79 allocs/op
BenchmarkSnapshotUnchanged-22    	    2000	    295124 ns/op	    9472 B/op	      79 allocs/op
BenchmarkSnapshotChanged-22      	    2000	   5171049 ns/op	   72900 B/op	     987 allocs/op
BenchmarkSnapshotChanged-22      	    2000	   2800719 ns/op	   72825 B/op	     987 allocs/op
BenchmarkSnapshotChanged-22      	    2000	   4754096 ns/op	   72992 B/op	     987 allocs/op
BenchmarkSnapshotChanged-22      	    2000	   3036706 ns/op	   72466 B/op	     985 allocs/op
BenchmarkSnapshotChanged-22      	    2000	   3057380 ns/op	   73068 B/op	     987 allocs/op
BenchmarkEvaluate-22             	    2000	    722832 ns/op	    8568 B/op	      98 allocs/op
BenchmarkEvaluate-22             	    2000	    563696 ns/op	    8568 B/op	      98 allocs/op
BenchmarkEvaluate-22             	    2000	    454629 ns/op	    8600 B/op	      98 allocs/op
BenchmarkEvaluate-22             	    2000	    500122 ns/op	    8600 B/op	      98 allocs/op
BenchmarkEvaluate-22             	    2000	   1745243 ns/op	    8600 B/op	      98 allocs/op
BenchmarkEvaluateNoRules-22      	    2000	         8.200 ns/op	       0 B/op	       0 allocs/op
BenchmarkEvaluateNoRules-22      	    2000	         6.400 ns/op	       0 B/op	       0 allocs/op
BenchmarkEvaluateNoRules-22      	    2000	        10.00 ns/op	       0 B/op	       0 allocs/op
BenchmarkEvaluateNoRules-22      	    2000	         8.850 ns/op	       0 B/op	       0 allocs/op
BenchmarkEvaluateNoRules-22      	    2000	         8.850 ns/op	       0 B/op	       0 allocs/op
PASS
ok  	github.com/qompack/qompack/internal/hostperm	70.652s
