/work/cx-hostperm-ee106e4-20260922T223425Z.bundle: OK
run_id=cx-hostperm-ee106e4-20260922T223425Z
commit=ee106e41a45ea9c10d594e4b3fc9da3c264442e2
tree=c318da73881b82e73a71b35532900dc3440a8936
bundle_sha256=50faa815f23189c8587a9286844204a3eba2c0f02fdd5d8d7e8f9456d4c5e146
started_utc=2026-09-22T23:21:28Z
uid=10001 user=qompack-test groups=qompack-test
race=0 count=1 timeout=30m gomaxprocs=4 coload=1
run=
skip=
extra_env=
go version go1.26.6 linux/amd64
linux
amd64
0
/home/qompack-test/.cache/go-build
/go/pkg/mod
-mod=readonly
off
Linux e09d55cfc09b 5.15.167.4-microsoft-standard-WSL2 #1 SMP Tue Nov 5 00:21:55 UTC 2024 x86_64 GNU/Linux
22
go: writing stat cache: open /go/pkg/mod/cache/download/github.com/qompack/qompack/@v/v0.0.0-20260922222314-ee106e41a45e.info66377483.tmp: permission denied
FAIL      github.com/qompack/qompack/test/security  (pass=22 fail=2 skip=0)
    FAIL TestSecurity_ReReadAnswersFromTheArchiveNotTheLiveDisk
    FAIL TestSecurity_ArchivedTextIsDataNeverAnInstruction
FAIL      github.com/qompack/qompack/test/guards  (pass=158 fail=10 skip=0)
    FAIL TestGuard_TheV1DeliveryPositionHasOneEncoder/every_deliveryPosition_marshal_site_is_named_here
    FAIL TestGuard_TheV1DeliveryPositionHasOneEncoder
    FAIL TestCarriedDefects_WaveReportRequiresResolution/SP06-D2
    FAIL TestCarriedDefects_WaveReportRequiresResolution/SP08-D1
    FAIL TestCarriedDefects_WaveReportRequiresResolution/SP10-D1
    FAIL TestCarriedDefects_WaveReportRequiresResolution/SP09-D1
    FAIL TestCarriedDefects_WaveReportRequiresResolution/SP20-D2
    FAIL TestCarriedDefects_WaveReportRequiresResolution/SP08-D3
    FAIL TestCarriedDefects_WaveReportRequiresResolution/SP20-D4
    FAIL TestCarriedDefects_WaveReportRequiresResolution
PASS      github.com/qompack/qompack/tools/devtool  (pass=250 fail=0 skip=0)
go_test_exit=1
exit=1
exit=1
