/work/cx-hostperm-ee106e4-20260922T223425Z.bundle: OK
run_id=cx-hostperm-base-cf31e01-20260922T233213Z
commit=cf31e01f38f3d3ba4afd96c4c75db3e4b87d54cd
tree=d139e4cabc5f1d96007241e70eec0895d592ecbf
bundle_sha256=50faa815f23189c8587a9286844204a3eba2c0f02fdd5d8d7e8f9456d4c5e146
started_utc=2026-09-22T23:32:16Z
uid=10001 user=qompack-test groups=qompack-test
race=0 count=1 timeout=30m gomaxprocs=4 coload=1
run=TestSecurity_ReReadAnswersFromTheArchiveNotTheLiveDisk|TestSecurity_ArchivedTextIsDataNeverAnInstruction|TestGuard_TheV1DeliveryPositionHasOneEncoder
skip=
extra_env=
go version go1.26.6 linux/amd64
linux
amd64
0
/home/qompack-test/.cache/go-build
/go/pkg/mod
-mod=readonly
off
Linux e09d55cfc09b 5.15.167.4-microsoft-standard-WSL2 #1 SMP Tue Nov 5 00:21:55 UTC 2024 x86_64 GNU/Linux
22
FAIL      github.com/qompack/qompack/test/security  (pass=0 fail=2 skip=0)
    FAIL TestSecurity_ReReadAnswersFromTheArchiveNotTheLiveDisk
    FAIL TestSecurity_ArchivedTextIsDataNeverAnInstruction
FAIL      github.com/qompack/qompack/test/guards  (pass=2 fail=2 skip=0)
    FAIL TestGuard_TheV1DeliveryPositionHasOneEncoder/every_deliveryPosition_marshal_site_is_named_here
    FAIL TestGuard_TheV1DeliveryPositionHasOneEncoder
go_test_exit=1
exit=1
exit=1
