goos: windows
goarch: amd64
pkg: github.com/qompack/qompack/internal/hostperm
cpu: Intel(R) Core(TM) Ultra 7 155H
BenchmarkEvaluateMatchOnly/globstar/10-22         	  352788	      3711 ns/op	     480 B/op	       8 allocs/op
BenchmarkEvaluateMatchOnly/globstar/10-22         	  368818	      3406 ns/op	     480 B/op	       8 allocs/op
BenchmarkEvaluateMatchOnly/globstar/10-22         	  296949	      3424 ns/op	     480 B/op	       8 allocs/op
BenchmarkEvaluateMatchOnly/globstar/1000-22       	    6007	    215381 ns/op	     480 B/op	       8 allocs/op
BenchmarkEvaluateMatchOnly/globstar/1000-22       	    4809	    209046 ns/op	     480 B/op	       8 allocs/op
BenchmarkEvaluateMatchOnly/globstar/1000-22       	    5232	    212241 ns/op	     480 B/op	       8 allocs/op
BenchmarkEvaluateMatchOnly/globstar/4096-22       	    1416	    845696 ns/op	     480 B/op	       8 allocs/op
BenchmarkEvaluateMatchOnly/globstar/4096-22       	    1543	    828196 ns/op	     480 B/op	       8 allocs/op
BenchmarkEvaluateMatchOnly/globstar/4096-22       	    1519	    822996 ns/op	     480 B/op	       8 allocs/op
BenchmarkEvaluateMatchOnly/anchored/10-22         	 1000000	      1136 ns/op	     464 B/op	       6 allocs/op
BenchmarkEvaluateMatchOnly/anchored/10-22         	 1000000	      1233 ns/op	     464 B/op	       6 allocs/op
BenchmarkEvaluateMatchOnly/anchored/10-22         	 1045699	      1541 ns/op	     464 B/op	       6 allocs/op
BenchmarkEvaluateMatchOnly/anchored/1000-22       	   48687	     25028 ns/op	     464 B/op	       6 allocs/op
BenchmarkEvaluateMatchOnly/anchored/1000-22       	   49228	     23419 ns/op	     464 B/op	       6 allocs/op
BenchmarkEvaluateMatchOnly/anchored/1000-22       	   42800	     27752 ns/op	     464 B/op	       6 allocs/op
BenchmarkEvaluateMatchOnly/anchored/4096-22       	   10000	    137039 ns/op	     464 B/op	       6 allocs/op
BenchmarkEvaluateMatchOnly/anchored/4096-22       	   10293	    110585 ns/op	     464 B/op	       6 allocs/op
BenchmarkEvaluateMatchOnly/anchored/4096-22       	   10000	    133591 ns/op	     464 B/op	       6 allocs/op
PASS
ok  	github.com/qompack/qompack/internal/hostperm	30.790s
