/work/cx-hostperm-fix-692343c-20260923T005941Z.bundle: OK
run_id=cx-hostperm-fix-692343c-20260923T005941Z-e2e-v4
commit=692343cb30b9fa0a731114ec7fdabefe4164a9d9
tree=92dcfef9441b1635048bf226ba31470dee0a66a8
bundle_sha256=bf4f5ce6ba3850bde265b7383c55fa140a689445f486fdbc9bff00dbfa68516d
started_utc=2026-09-23T01:35:31Z
uid=10001 user=qompack-test groups=qompack-test
race=0 count=1 timeout=30m gomaxprocs=4 coload=1
run=^TestV4
skip=
extra_env=
go version go1.26.6 linux/amd64
linux
amd64
0
/home/qompack-test/.cache/go-build
/go/pkg/mod
-mod=readonly
off
Linux e09d55cfc09b 5.15.167.4-microsoft-standard-WSL2 #1 SMP Tue Nov 5 00:21:55 UTC 2024 x86_64 GNU/Linux
22
FAIL      github.com/qompack/qompack/test/e2e  (pass=45 fail=2 skip=0)
    FAIL TestV4_TombstoneToRecallToExpandRoundTrip
    FAIL TestV4_HotPathUnchangedWithTheFullWave3ResidentSet
go_test_exit=1
exit=1
exit=1
