goos: windows
goarch: amd64
pkg: github.com/qompack/qompack/internal/hostperm
cpu: Intel(R) Core(TM) Ultra 7 155H
BenchmarkSnapshotChangedAtRuleCap-22    	       8	 188967488 ns/op	16885439 B/op	  208760 allocs/op
BenchmarkSnapshotChangedAtRuleCap-22    	       8	 174516900 ns/op	17012383 B/op	  208764 allocs/op
BenchmarkSnapshotChangedAtRuleCap-22    	       2	 634159450 ns/op	16972732 B/op	  208758 allocs/op
BenchmarkEvaluateMatchOnly/globstar/10-22         	  263364	      6936 ns/op	     480 B/op	       8 allocs/op
BenchmarkEvaluateMatchOnly/globstar/10-22         	  322113	      7756 ns/op	     480 B/op	       8 allocs/op
BenchmarkEvaluateMatchOnly/globstar/10-22         	   81135	     17898 ns/op	     480 B/op	       8 allocs/op
BenchmarkEvaluateMatchOnly/globstar/1000-22       	    2160	   2061788 ns/op	     480 B/op	       8 allocs/op
BenchmarkEvaluateMatchOnly/globstar/1000-22       	    1982	   1332455 ns/op	     480 B/op	       8 allocs/op
BenchmarkEvaluateMatchOnly/globstar/1000-22       	    3247	    560942 ns/op	     480 B/op	       8 allocs/op
BenchmarkEvaluateMatchOnly/globstar/5000-22       	     950	   1654488 ns/op	     480 B/op	       8 allocs/op
BenchmarkEvaluateMatchOnly/globstar/5000-22       	    1153	   1002431 ns/op	     480 B/op	       8 allocs/op
BenchmarkEvaluateMatchOnly/globstar/5000-22       	    1458	    867352 ns/op	     480 B/op	       8 allocs/op
BenchmarkEvaluateMatchOnly/anchored/10-22         	 1000000	      1009 ns/op	     464 B/op	       6 allocs/op
BenchmarkEvaluateMatchOnly/anchored/10-22         	 1000000	      1044 ns/op	     464 B/op	       6 allocs/op
BenchmarkEvaluateMatchOnly/anchored/10-22         	 1000000	      1035 ns/op	     464 B/op	       6 allocs/op
BenchmarkEvaluateMatchOnly/anchored/1000-22       	   77214	     15158 ns/op	     464 B/op	       6 allocs/op
BenchmarkEvaluateMatchOnly/anchored/1000-22       	   85563	     14599 ns/op	     464 B/op	       6 allocs/op
BenchmarkEvaluateMatchOnly/anchored/1000-22       	   76528	     13909 ns/op	     464 B/op	       6 allocs/op
BenchmarkEvaluateMatchOnly/anchored/5000-22       	   15728	     70411 ns/op	     464 B/op	       6 allocs/op
BenchmarkEvaluateMatchOnly/anchored/5000-22       	   16765	     69032 ns/op	     464 B/op	       6 allocs/op
BenchmarkEvaluateMatchOnly/anchored/5000-22       	   18319	     74252 ns/op	     464 B/op	       6 allocs/op
PASS
ok  	github.com/qompack/qompack/internal/hostperm	42.781s
