== head d6c103f; the Linux gate was running in the container at the same time (machine co-loaded)
== $ go test ./internal/daemon/ -run '^(TestEnsureRunningUntil_|TestEnsureRunning_)' -count=10 -v
=== RUN   TestEnsureRunning_RefusesTheHomeDirectory
--- PASS: TestEnsureRunning_RefusesTheHomeDirectory (0.22s)
=== RUN   TestEnsureRunning_WaitsForTheDaemonAFreshSpawnLockAnnounces
--- PASS: TestEnsureRunning_WaitsForTheDaemonAFreshSpawnLockAnnounces (0.18s)
=== RUN   TestEnsureRunning_TwoColdHooksStartOneDaemon
--- PASS: TestEnsureRunning_TwoColdHooksStartOneDaemon (0.22s)
=== RUN   TestEnsureRunning_AHookArrivingWhileAStagedSpawnIsStartingWaits
--- PASS: TestEnsureRunning_AHookArrivingWhileAStagedSpawnIsStartingWaits (0.37s)
=== RUN   TestEnsureRunning_ItsSpawnHoldsOffALazySpawn
--- PASS: TestEnsureRunning_ItsSpawnHoldsOffALazySpawn (0.22s)
=== RUN   TestEnsureRunning_AnAbandonedSpawnLockBlocksOnlyUntilItIsStale
--- PASS: TestEnsureRunning_AnAbandonedSpawnLockBlocksOnlyUntilItIsStale (0.41s)
=== RUN   TestEnsureRunning_ReleasesItsClaimWhenTheSpawnFails
--- PASS: TestEnsureRunning_ReleasesItsClaimWhenTheSpawnFails (0.05s)
=== RUN   TestEnsureRunning_ALockItsDaemonFreedIsNoLicenceToSpawn
--- PASS: TestEnsureRunning_ALockItsDaemonFreedIsNoLicenceToSpawn (0.02s)
=== RUN   TestEnsureRunning_AClaimThatGoesStaleMidWaitIsReclaimed
--- PASS: TestEnsureRunning_AClaimThatGoesStaleMidWaitIsReclaimed (1.81s)
=== RUN   TestEnsureRunningUntil_PollsToItsDeadlineNotTheFixedBound
--- PASS: TestEnsureRunningUntil_PollsToItsDeadlineNotTheFixedBound (1.83s)
=== RUN   TestEnsureRunningUntil_ALateSpawnStillGetsTheClassicWait
--- PASS: TestEnsureRunningUntil_ALateSpawnStillGetsTheClassicWait (0.18s)
=== RUN   TestEnsureRunningUntil_APassedDeadlineStillStartsADaemon
--- PASS: TestEnsureRunningUntil_APassedDeadlineStillStartsADaemon (0.02s)
=== RUN   TestEnsureRunningUntil_ThePollEndsAtItsDeadline
=== RUN   TestEnsureRunningUntil_ThePollEndsAtItsDeadline/claim_held_to_the_end
=== PAUSE TestEnsureRunningUntil_ThePollEndsAtItsDeadline/claim_held_to_the_end
=== RUN   TestEnsureRunningUntil_ThePollEndsAtItsDeadline/claim_freed_near_the_end
=== PAUSE TestEnsureRunningUntil_ThePollEndsAtItsDeadline/claim_freed_near_the_end
=== CONT  TestEnsureRunningUntil_ThePollEndsAtItsDeadline/claim_held_to_the_end
=== CONT  TestEnsureRunningUntil_ThePollEndsAtItsDeadline/claim_freed_near_the_end
--- PASS: TestEnsureRunningUntil_ThePollEndsAtItsDeadline (0.00s)
    --- PASS: TestEnsureRunningUntil_ThePollEndsAtItsDeadline/claim_held_to_the_end (1.01s)
    --- PASS: TestEnsureRunningUntil_ThePollEndsAtItsDeadline/claim_freed_near_the_end (1.01s)
=== RUN   TestEnsureRunning_AlreadyRunningNeverSpawns
--- PASS: TestEnsureRunning_AlreadyRunningNeverSpawns (0.01s)
=== RUN   TestEnsureRunning_SpawnFailureReportsImmediately
=== PAUSE TestEnsureRunning_SpawnFailureReportsImmediately
=== CONT  TestEnsureRunning_SpawnFailureReportsImmediately
--- PASS: TestEnsureRunning_SpawnFailureReportsImmediately (0.02s)
=== RUN   TestEnsureRunning_RefusesTheHomeDirectory
--- PASS: TestEnsureRunning_RefusesTheHomeDirectory (0.21s)
=== RUN   TestEnsureRunning_WaitsForTheDaemonAFreshSpawnLockAnnounces
--- PASS: TestEnsureRunning_WaitsForTheDaemonAFreshSpawnLockAnnounces (0.19s)
=== RUN   TestEnsureRunning_TwoColdHooksStartOneDaemon
--- PASS: TestEnsureRunning_TwoColdHooksStartOneDaemon (0.22s)
=== RUN   TestEnsureRunning_AHookArrivingWhileAStagedSpawnIsStartingWaits
--- PASS: TestEnsureRunning_AHookArrivingWhileAStagedSpawnIsStartingWaits (0.37s)
=== RUN   TestEnsureRunning_ItsSpawnHoldsOffALazySpawn
--- PASS: TestEnsureRunning_ItsSpawnHoldsOffALazySpawn (0.23s)
=== RUN   TestEnsureRunning_AnAbandonedSpawnLockBlocksOnlyUntilItIsStale
--- PASS: TestEnsureRunning_AnAbandonedSpawnLockBlocksOnlyUntilItIsStale (0.41s)
=== RUN   TestEnsureRunning_ReleasesItsClaimWhenTheSpawnFails
--- PASS: TestEnsureRunning_ReleasesItsClaimWhenTheSpawnFails (0.04s)
=== RUN   TestEnsureRunning_ALockItsDaemonFreedIsNoLicenceToSpawn
--- PASS: TestEnsureRunning_ALockItsDaemonFreedIsNoLicenceToSpawn (0.03s)
=== RUN   TestEnsureRunning_AClaimThatGoesStaleMidWaitIsReclaimed
--- PASS: TestEnsureRunning_AClaimThatGoesStaleMidWaitIsReclaimed (1.81s)
=== RUN   TestEnsureRunningUntil_PollsToItsDeadlineNotTheFixedBound
--- PASS: TestEnsureRunningUntil_PollsToItsDeadlineNotTheFixedBound (3.83s)
=== RUN   TestEnsureRunningUntil_ALateSpawnStillGetsTheClassicWait
--- PASS: TestEnsureRunningUntil_ALateSpawnStillGetsTheClassicWait (0.21s)
=== RUN   TestEnsureRunningUntil_APassedDeadlineStillStartsADaemon
--- PASS: TestEnsureRunningUntil_APassedDeadlineStillStartsADaemon (0.02s)
=== RUN   TestEnsureRunningUntil_ThePollEndsAtItsDeadline
=== RUN   TestEnsureRunningUntil_ThePollEndsAtItsDeadline/claim_held_to_the_end
=== PAUSE TestEnsureRunningUntil_ThePollEndsAtItsDeadline/claim_held_to_the_end
=== RUN   TestEnsureRunningUntil_ThePollEndsAtItsDeadline/claim_freed_near_the_end
=== PAUSE TestEnsureRunningUntil_ThePollEndsAtItsDeadline/claim_freed_near_the_end
=== CONT  TestEnsureRunningUntil_ThePollEndsAtItsDeadline/claim_held_to_the_end
=== CONT  TestEnsureRunningUntil_ThePollEndsAtItsDeadline/claim_freed_near_the_end
--- PASS: TestEnsureRunningUntil_ThePollEndsAtItsDeadline (0.00s)
    --- PASS: TestEnsureRunningUntil_ThePollEndsAtItsDeadline/claim_held_to_the_end (1.01s)
    --- PASS: TestEnsureRunningUntil_ThePollEndsAtItsDeadline/claim_freed_near_the_end (1.01s)
=== RUN   TestEnsureRunning_AlreadyRunningNeverSpawns
--- PASS: TestEnsureRunning_AlreadyRunningNeverSpawns (0.01s)
=== RUN   TestEnsureRunning_SpawnFailureReportsImmediately
=== PAUSE TestEnsureRunning_SpawnFailureReportsImmediately
=== CONT  TestEnsureRunning_SpawnFailureReportsImmediately
--- PASS: TestEnsureRunning_SpawnFailureReportsImmediately (0.03s)
=== RUN   TestEnsureRunning_RefusesTheHomeDirectory
--- PASS: TestEnsureRunning_RefusesTheHomeDirectory (0.21s)
=== RUN   TestEnsureRunning_WaitsForTheDaemonAFreshSpawnLockAnnounces
--- PASS: TestEnsureRunning_WaitsForTheDaemonAFreshSpawnLockAnnounces (0.18s)
=== RUN   TestEnsureRunning_TwoColdHooksStartOneDaemon
--- PASS: TestEnsureRunning_TwoColdHooksStartOneDaemon (0.22s)
=== RUN   TestEnsureRunning_AHookArrivingWhileAStagedSpawnIsStartingWaits
--- PASS: TestEnsureRunning_AHookArrivingWhileAStagedSpawnIsStartingWaits (0.37s)
=== RUN   TestEnsureRunning_ItsSpawnHoldsOffALazySpawn
--- PASS: TestEnsureRunning_ItsSpawnHoldsOffALazySpawn (0.23s)
=== RUN   TestEnsureRunning_AnAbandonedSpawnLockBlocksOnlyUntilItIsStale
--- PASS: TestEnsureRunning_AnAbandonedSpawnLockBlocksOnlyUntilItIsStale (0.41s)
=== RUN   TestEnsureRunning_ReleasesItsClaimWhenTheSpawnFails
--- PASS: TestEnsureRunning_ReleasesItsClaimWhenTheSpawnFails (0.04s)
=== RUN   TestEnsureRunning_ALockItsDaemonFreedIsNoLicenceToSpawn
--- PASS: TestEnsureRunning_ALockItsDaemonFreedIsNoLicenceToSpawn (0.03s)
=== RUN   TestEnsureRunning_AClaimThatGoesStaleMidWaitIsReclaimed
--- PASS: TestEnsureRunning_AClaimThatGoesStaleMidWaitIsReclaimed (1.81s)
=== RUN   TestEnsureRunningUntil_PollsToItsDeadlineNotTheFixedBound
--- PASS: TestEnsureRunningUntil_PollsToItsDeadlineNotTheFixedBound (1.90s)
=== RUN   TestEnsureRunningUntil_ALateSpawnStillGetsTheClassicWait
--- PASS: TestEnsureRunningUntil_ALateSpawnStillGetsTheClassicWait (0.42s)
=== RUN   TestEnsureRunningUntil_APassedDeadlineStillStartsADaemon
--- PASS: TestEnsureRunningUntil_APassedDeadlineStillStartsADaemon (0.29s)
=== RUN   TestEnsureRunningUntil_ThePollEndsAtItsDeadline
=== RUN   TestEnsureRunningUntil_ThePollEndsAtItsDeadline/claim_held_to_the_end
=== PAUSE TestEnsureRunningUntil_ThePollEndsAtItsDeadline/claim_held_to_the_end
=== RUN   TestEnsureRunningUntil_ThePollEndsAtItsDeadline/claim_freed_near_the_end
=== PAUSE TestEnsureRunningUntil_ThePollEndsAtItsDeadline/claim_freed_near_the_end
=== CONT  TestEnsureRunningUntil_ThePollEndsAtItsDeadline/claim_held_to_the_end
=== CONT  TestEnsureRunningUntil_ThePollEndsAtItsDeadline/claim_freed_near_the_end
    spawn_lock_test.go:540: 
        	Error Trace:	C:/Users/Quant/Documents/Programming/Projects/qompack-cx-w6-borrow/internal/daemon/spawn_lock_test.go:540
        	Error:      	"315.9298ms" is not less than "250ms"
        	Test:       	TestEnsureRunningUntil_ThePollEndsAtItsDeadline/claim_freed_near_the_end
        	Messages:   	the poll ends at its deadline; it ended 315.9298ms past it
--- FAIL: TestEnsureRunningUntil_ThePollEndsAtItsDeadline (0.00s)
    --- PASS: TestEnsureRunningUntil_ThePollEndsAtItsDeadline/claim_held_to_the_end (1.46s)
    --- FAIL: TestEnsureRunningUntil_ThePollEndsAtItsDeadline/claim_freed_near_the_end (1.60s)
=== RUN   TestEnsureRunning_AlreadyRunningNeverSpawns
--- PASS: TestEnsureRunning_AlreadyRunningNeverSpawns (0.17s)
=== RUN   TestEnsureRunning_SpawnFailureReportsImmediately
=== PAUSE TestEnsureRunning_SpawnFailureReportsImmediately
=== CONT  TestEnsureRunning_SpawnFailureReportsImmediately
--- PASS: TestEnsureRunning_SpawnFailureReportsImmediately (0.36s)
=== RUN   TestEnsureRunning_RefusesTheHomeDirectory
--- PASS: TestEnsureRunning_RefusesTheHomeDirectory (1.47s)
=== RUN   TestEnsureRunning_WaitsForTheDaemonAFreshSpawnLockAnnounces
--- PASS: TestEnsureRunning_WaitsForTheDaemonAFreshSpawnLockAnnounces (0.39s)
=== RUN   TestEnsureRunning_TwoColdHooksStartOneDaemon
--- PASS: TestEnsureRunning_TwoColdHooksStartOneDaemon (0.63s)
=== RUN   TestEnsureRunning_AHookArrivingWhileAStagedSpawnIsStartingWaits
--- PASS: TestEnsureRunning_AHookArrivingWhileAStagedSpawnIsStartingWaits (0.62s)
=== RUN   TestEnsureRunning_ItsSpawnHoldsOffALazySpawn
--- PASS: TestEnsureRunning_ItsSpawnHoldsOffALazySpawn (0.81s)
=== RUN   TestEnsureRunning_AnAbandonedSpawnLockBlocksOnlyUntilItIsStale
--- PASS: TestEnsureRunning_AnAbandonedSpawnLockBlocksOnlyUntilItIsStale (0.95s)
=== RUN   TestEnsureRunning_ReleasesItsClaimWhenTheSpawnFails
--- PASS: TestEnsureRunning_ReleasesItsClaimWhenTheSpawnFails (0.28s)
=== RUN   TestEnsureRunning_ALockItsDaemonFreedIsNoLicenceToSpawn
--- PASS: TestEnsureRunning_ALockItsDaemonFreedIsNoLicenceToSpawn (0.30s)
=== RUN   TestEnsureRunning_AClaimThatGoesStaleMidWaitIsReclaimed
--- PASS: TestEnsureRunning_AClaimThatGoesStaleMidWaitIsReclaimed (1.93s)
=== RUN   TestEnsureRunningUntil_PollsToItsDeadlineNotTheFixedBound
--- PASS: TestEnsureRunningUntil_PollsToItsDeadlineNotTheFixedBound (1.91s)
=== RUN   TestEnsureRunningUntil_ALateSpawnStillGetsTheClassicWait
--- PASS: TestEnsureRunningUntil_ALateSpawnStillGetsTheClassicWait (0.24s)
=== RUN   TestEnsureRunningUntil_APassedDeadlineStillStartsADaemon
--- PASS: TestEnsureRunningUntil_APassedDeadlineStillStartsADaemon (0.04s)
=== RUN   TestEnsureRunningUntil_ThePollEndsAtItsDeadline
=== RUN   TestEnsureRunningUntil_ThePollEndsAtItsDeadline/claim_held_to_the_end
=== PAUSE TestEnsureRunningUntil_ThePollEndsAtItsDeadline/claim_held_to_the_end
=== RUN   TestEnsureRunningUntil_ThePollEndsAtItsDeadline/claim_freed_near_the_end
=== PAUSE TestEnsureRunningUntil_ThePollEndsAtItsDeadline/claim_freed_near_the_end
=== CONT  TestEnsureRunningUntil_ThePollEndsAtItsDeadline/claim_held_to_the_end
=== CONT  TestEnsureRunningUntil_ThePollEndsAtItsDeadline/claim_freed_near_the_end
--- PASS: TestEnsureRunningUntil_ThePollEndsAtItsDeadline (0.00s)
    --- PASS: TestEnsureRunningUntil_ThePollEndsAtItsDeadline/claim_held_to_the_end (1.01s)
    --- PASS: TestEnsureRunningUntil_ThePollEndsAtItsDeadline/claim_freed_near_the_end (1.02s)
=== RUN   TestEnsureRunning_AlreadyRunningNeverSpawns
--- PASS: TestEnsureRunning_AlreadyRunningNeverSpawns (0.04s)
=== RUN   TestEnsureRunning_SpawnFailureReportsImmediately
=== PAUSE TestEnsureRunning_SpawnFailureReportsImmediately
=== CONT  TestEnsureRunning_SpawnFailureReportsImmediately
--- PASS: TestEnsureRunning_SpawnFailureReportsImmediately (0.11s)
=== RUN   TestEnsureRunning_RefusesTheHomeDirectory
--- PASS: TestEnsureRunning_RefusesTheHomeDirectory (0.27s)
=== RUN   TestEnsureRunning_WaitsForTheDaemonAFreshSpawnLockAnnounces
--- PASS: TestEnsureRunning_WaitsForTheDaemonAFreshSpawnLockAnnounces (0.19s)
=== RUN   TestEnsureRunning_TwoColdHooksStartOneDaemon
--- PASS: TestEnsureRunning_TwoColdHooksStartOneDaemon (0.29s)
=== RUN   TestEnsureRunning_AHookArrivingWhileAStagedSpawnIsStartingWaits
--- PASS: TestEnsureRunning_AHookArrivingWhileAStagedSpawnIsStartingWaits (0.47s)
=== RUN   TestEnsureRunning_ItsSpawnHoldsOffALazySpawn
--- PASS: TestEnsureRunning_ItsSpawnHoldsOffALazySpawn (0.24s)
=== RUN   TestEnsureRunning_AnAbandonedSpawnLockBlocksOnlyUntilItIsStale
--- PASS: TestEnsureRunning_AnAbandonedSpawnLockBlocksOnlyUntilItIsStale (0.45s)
=== RUN   TestEnsureRunning_ReleasesItsClaimWhenTheSpawnFails
--- PASS: TestEnsureRunning_ReleasesItsClaimWhenTheSpawnFails (0.11s)
=== RUN   TestEnsureRunning_ALockItsDaemonFreedIsNoLicenceToSpawn
--- PASS: TestEnsureRunning_ALockItsDaemonFreedIsNoLicenceToSpawn (0.05s)
=== RUN   TestEnsureRunning_AClaimThatGoesStaleMidWaitIsReclaimed
--- PASS: TestEnsureRunning_AClaimThatGoesStaleMidWaitIsReclaimed (1.87s)
=== RUN   TestEnsureRunningUntil_PollsToItsDeadlineNotTheFixedBound
--- PASS: TestEnsureRunningUntil_PollsToItsDeadlineNotTheFixedBound (1.84s)
=== RUN   TestEnsureRunningUntil_ALateSpawnStillGetsTheClassicWait
--- PASS: TestEnsureRunningUntil_ALateSpawnStillGetsTheClassicWait (0.21s)
=== RUN   TestEnsureRunningUntil_APassedDeadlineStillStartsADaemon
--- PASS: TestEnsureRunningUntil_APassedDeadlineStillStartsADaemon (0.02s)
=== RUN   TestEnsureRunningUntil_ThePollEndsAtItsDeadline
=== RUN   TestEnsureRunningUntil_ThePollEndsAtItsDeadline/claim_held_to_the_end
=== PAUSE TestEnsureRunningUntil_ThePollEndsAtItsDeadline/claim_held_to_the_end
=== RUN   TestEnsureRunningUntil_ThePollEndsAtItsDeadline/claim_freed_near_the_end
=== PAUSE TestEnsureRunningUntil_ThePollEndsAtItsDeadline/claim_freed_near_the_end
=== CONT  TestEnsureRunningUntil_ThePollEndsAtItsDeadline/claim_held_to_the_end
=== CONT  TestEnsureRunningUntil_ThePollEndsAtItsDeadline/claim_freed_near_the_end
--- PASS: TestEnsureRunningUntil_ThePollEndsAtItsDeadline (0.00s)
    --- PASS: TestEnsureRunningUntil_ThePollEndsAtItsDeadline/claim_held_to_the_end (1.01s)
    --- PASS: TestEnsureRunningUntil_ThePollEndsAtItsDeadline/claim_freed_near_the_end (1.01s)
=== RUN   TestEnsureRunning_AlreadyRunningNeverSpawns
--- PASS: TestEnsureRunning_AlreadyRunningNeverSpawns (0.01s)
=== RUN   TestEnsureRunning_SpawnFailureReportsImmediately
=== PAUSE TestEnsureRunning_SpawnFailureReportsImmediately
=== CONT  TestEnsureRunning_SpawnFailureReportsImmediately
--- PASS: TestEnsureRunning_SpawnFailureReportsImmediately (0.02s)
=== RUN   TestEnsureRunning_RefusesTheHomeDirectory
--- PASS: TestEnsureRunning_RefusesTheHomeDirectory (0.21s)
=== RUN   TestEnsureRunning_WaitsForTheDaemonAFreshSpawnLockAnnounces
--- PASS: TestEnsureRunning_WaitsForTheDaemonAFreshSpawnLockAnnounces (0.18s)
=== RUN   TestEnsureRunning_TwoColdHooksStartOneDaemon
--- PASS: TestEnsureRunning_TwoColdHooksStartOneDaemon (0.22s)
=== RUN   TestEnsureRunning_AHookArrivingWhileAStagedSpawnIsStartingWaits
--- PASS: TestEnsureRunning_AHookArrivingWhileAStagedSpawnIsStartingWaits (0.37s)
=== RUN   TestEnsureRunning_ItsSpawnHoldsOffALazySpawn
--- PASS: TestEnsureRunning_ItsSpawnHoldsOffALazySpawn (0.23s)
=== RUN   TestEnsureRunning_AnAbandonedSpawnLockBlocksOnlyUntilItIsStale
--- PASS: TestEnsureRunning_AnAbandonedSpawnLockBlocksOnlyUntilItIsStale (0.41s)
=== RUN   TestEnsureRunning_ReleasesItsClaimWhenTheSpawnFails
--- PASS: TestEnsureRunning_ReleasesItsClaimWhenTheSpawnFails (0.04s)
=== RUN   TestEnsureRunning_ALockItsDaemonFreedIsNoLicenceToSpawn
--- PASS: TestEnsureRunning_ALockItsDaemonFreedIsNoLicenceToSpawn (0.03s)
=== RUN   TestEnsureRunning_AClaimThatGoesStaleMidWaitIsReclaimed
--- PASS: TestEnsureRunning_AClaimThatGoesStaleMidWaitIsReclaimed (1.81s)
=== RUN   TestEnsureRunningUntil_PollsToItsDeadlineNotTheFixedBound
--- PASS: TestEnsureRunningUntil_PollsToItsDeadlineNotTheFixedBound (1.83s)
=== RUN   TestEnsureRunningUntil_ALateSpawnStillGetsTheClassicWait
--- PASS: TestEnsureRunningUntil_ALateSpawnStillGetsTheClassicWait (0.21s)
=== RUN   TestEnsureRunningUntil_APassedDeadlineStillStartsADaemon
--- PASS: TestEnsureRunningUntil_APassedDeadlineStillStartsADaemon (0.02s)
=== RUN   TestEnsureRunningUntil_ThePollEndsAtItsDeadline
=== RUN   TestEnsureRunningUntil_ThePollEndsAtItsDeadline/claim_held_to_the_end
=== PAUSE TestEnsureRunningUntil_ThePollEndsAtItsDeadline/claim_held_to_the_end
=== RUN   TestEnsureRunningUntil_ThePollEndsAtItsDeadline/claim_freed_near_the_end
=== PAUSE TestEnsureRunningUntil_ThePollEndsAtItsDeadline/claim_freed_near_the_end
=== CONT  TestEnsureRunningUntil_ThePollEndsAtItsDeadline/claim_held_to_the_end
=== CONT  TestEnsureRunningUntil_ThePollEndsAtItsDeadline/claim_freed_near_the_end
--- PASS: TestEnsureRunningUntil_ThePollEndsAtItsDeadline (0.00s)
    --- PASS: TestEnsureRunningUntil_ThePollEndsAtItsDeadline/claim_held_to_the_end (1.01s)
    --- PASS: TestEnsureRunningUntil_ThePollEndsAtItsDeadline/claim_freed_near_the_end (1.02s)
=== RUN   TestEnsureRunning_AlreadyRunningNeverSpawns
--- PASS: TestEnsureRunning_AlreadyRunningNeverSpawns (0.01s)
=== RUN   TestEnsureRunning_SpawnFailureReportsImmediately
=== PAUSE TestEnsureRunning_SpawnFailureReportsImmediately
=== CONT  TestEnsureRunning_SpawnFailureReportsImmediately
--- PASS: TestEnsureRunning_SpawnFailureReportsImmediately (0.08s)
=== RUN   TestEnsureRunning_RefusesTheHomeDirectory
--- PASS: TestEnsureRunning_RefusesTheHomeDirectory (0.62s)
=== RUN   TestEnsureRunning_WaitsForTheDaemonAFreshSpawnLockAnnounces
--- PASS: TestEnsureRunning_WaitsForTheDaemonAFreshSpawnLockAnnounces (0.18s)
=== RUN   TestEnsureRunning_TwoColdHooksStartOneDaemon
--- PASS: TestEnsureRunning_TwoColdHooksStartOneDaemon (0.28s)
=== RUN   TestEnsureRunning_AHookArrivingWhileAStagedSpawnIsStartingWaits
--- PASS: TestEnsureRunning_AHookArrivingWhileAStagedSpawnIsStartingWaits (0.40s)
=== RUN   TestEnsureRunning_ItsSpawnHoldsOffALazySpawn
--- PASS: TestEnsureRunning_ItsSpawnHoldsOffALazySpawn (0.24s)
=== RUN   TestEnsureRunning_AnAbandonedSpawnLockBlocksOnlyUntilItIsStale
--- PASS: TestEnsureRunning_AnAbandonedSpawnLockBlocksOnlyUntilItIsStale (0.45s)
=== RUN   TestEnsureRunning_ReleasesItsClaimWhenTheSpawnFails
--- PASS: TestEnsureRunning_ReleasesItsClaimWhenTheSpawnFails (0.09s)
=== RUN   TestEnsureRunning_ALockItsDaemonFreedIsNoLicenceToSpawn
--- PASS: TestEnsureRunning_ALockItsDaemonFreedIsNoLicenceToSpawn (0.02s)
=== RUN   TestEnsureRunning_AClaimThatGoesStaleMidWaitIsReclaimed
--- PASS: TestEnsureRunning_AClaimThatGoesStaleMidWaitIsReclaimed (1.82s)
=== RUN   TestEnsureRunningUntil_PollsToItsDeadlineNotTheFixedBound
--- PASS: TestEnsureRunningUntil_PollsToItsDeadlineNotTheFixedBound (1.88s)
=== RUN   TestEnsureRunningUntil_ALateSpawnStillGetsTheClassicWait
--- PASS: TestEnsureRunningUntil_ALateSpawnStillGetsTheClassicWait (0.24s)
=== RUN   TestEnsureRunningUntil_APassedDeadlineStillStartsADaemon
--- PASS: TestEnsureRunningUntil_APassedDeadlineStillStartsADaemon (0.02s)
=== RUN   TestEnsureRunningUntil_ThePollEndsAtItsDeadline
=== RUN   TestEnsureRunningUntil_ThePollEndsAtItsDeadline/claim_held_to_the_end
=== PAUSE TestEnsureRunningUntil_ThePollEndsAtItsDeadline/claim_held_to_the_end
=== RUN   TestEnsureRunningUntil_ThePollEndsAtItsDeadline/claim_freed_near_the_end
=== PAUSE TestEnsureRunningUntil_ThePollEndsAtItsDeadline/claim_freed_near_the_end
=== CONT  TestEnsureRunningUntil_ThePollEndsAtItsDeadline/claim_held_to_the_end
=== CONT  TestEnsureRunningUntil_ThePollEndsAtItsDeadline/claim_freed_near_the_end
--- PASS: TestEnsureRunningUntil_ThePollEndsAtItsDeadline (0.00s)
    --- PASS: TestEnsureRunningUntil_ThePollEndsAtItsDeadline/claim_held_to_the_end (1.01s)
    --- PASS: TestEnsureRunningUntil_ThePollEndsAtItsDeadline/claim_freed_near_the_end (1.11s)
=== RUN   TestEnsureRunning_AlreadyRunningNeverSpawns
--- PASS: TestEnsureRunning_AlreadyRunningNeverSpawns (0.02s)
=== RUN   TestEnsureRunning_SpawnFailureReportsImmediately
=== PAUSE TestEnsureRunning_SpawnFailureReportsImmediately
=== CONT  TestEnsureRunning_SpawnFailureReportsImmediately
--- PASS: TestEnsureRunning_SpawnFailureReportsImmediately (0.07s)
=== RUN   TestEnsureRunning_RefusesTheHomeDirectory
--- PASS: TestEnsureRunning_RefusesTheHomeDirectory (0.71s)
=== RUN   TestEnsureRunning_WaitsForTheDaemonAFreshSpawnLockAnnounces
--- PASS: TestEnsureRunning_WaitsForTheDaemonAFreshSpawnLockAnnounces (0.43s)
=== RUN   TestEnsureRunning_TwoColdHooksStartOneDaemon
--- PASS: TestEnsureRunning_TwoColdHooksStartOneDaemon (0.39s)
=== RUN   TestEnsureRunning_AHookArrivingWhileAStagedSpawnIsStartingWaits
--- PASS: TestEnsureRunning_AHookArrivingWhileAStagedSpawnIsStartingWaits (0.62s)
=== RUN   TestEnsureRunning_ItsSpawnHoldsOffALazySpawn
--- PASS: TestEnsureRunning_ItsSpawnHoldsOffALazySpawn (0.73s)
=== RUN   TestEnsureRunning_AnAbandonedSpawnLockBlocksOnlyUntilItIsStale
--- PASS: TestEnsureRunning_AnAbandonedSpawnLockBlocksOnlyUntilItIsStale (0.89s)
=== RUN   TestEnsureRunning_ReleasesItsClaimWhenTheSpawnFails
--- PASS: TestEnsureRunning_ReleasesItsClaimWhenTheSpawnFails (0.93s)
=== RUN   TestEnsureRunning_ALockItsDaemonFreedIsNoLicenceToSpawn
--- PASS: TestEnsureRunning_ALockItsDaemonFreedIsNoLicenceToSpawn (0.27s)
=== RUN   TestEnsureRunning_AClaimThatGoesStaleMidWaitIsReclaimed
--- PASS: TestEnsureRunning_AClaimThatGoesStaleMidWaitIsReclaimed (2.11s)
=== RUN   TestEnsureRunningUntil_PollsToItsDeadlineNotTheFixedBound
--- PASS: TestEnsureRunningUntil_PollsToItsDeadlineNotTheFixedBound (1.93s)
=== RUN   TestEnsureRunningUntil_ALateSpawnStillGetsTheClassicWait
--- PASS: TestEnsureRunningUntil_ALateSpawnStillGetsTheClassicWait (0.40s)
=== RUN   TestEnsureRunningUntil_APassedDeadlineStillStartsADaemon
--- PASS: TestEnsureRunningUntil_APassedDeadlineStillStartsADaemon (0.25s)
=== RUN   TestEnsureRunningUntil_ThePollEndsAtItsDeadline
=== RUN   TestEnsureRunningUntil_ThePollEndsAtItsDeadline/claim_held_to_the_end
=== PAUSE TestEnsureRunningUntil_ThePollEndsAtItsDeadline/claim_held_to_the_end
=== RUN   TestEnsureRunningUntil_ThePollEndsAtItsDeadline/claim_freed_near_the_end
=== PAUSE TestEnsureRunningUntil_ThePollEndsAtItsDeadline/claim_freed_near_the_end
=== CONT  TestEnsureRunningUntil_ThePollEndsAtItsDeadline/claim_held_to_the_end
=== CONT  TestEnsureRunningUntil_ThePollEndsAtItsDeadline/claim_freed_near_the_end
--- PASS: TestEnsureRunningUntil_ThePollEndsAtItsDeadline (0.00s)
    --- PASS: TestEnsureRunningUntil_ThePollEndsAtItsDeadline/claim_held_to_the_end (1.27s)
    --- PASS: TestEnsureRunningUntil_ThePollEndsAtItsDeadline/claim_freed_near_the_end (1.36s)
=== RUN   TestEnsureRunning_AlreadyRunningNeverSpawns
--- PASS: TestEnsureRunning_AlreadyRunningNeverSpawns (0.08s)
=== RUN   TestEnsureRunning_SpawnFailureReportsImmediately
=== PAUSE TestEnsureRunning_SpawnFailureReportsImmediately
=== CONT  TestEnsureRunning_SpawnFailureReportsImmediately
--- PASS: TestEnsureRunning_SpawnFailureReportsImmediately (0.32s)
=== RUN   TestEnsureRunning_RefusesTheHomeDirectory
--- PASS: TestEnsureRunning_RefusesTheHomeDirectory (0.32s)
=== RUN   TestEnsureRunning_WaitsForTheDaemonAFreshSpawnLockAnnounces
--- PASS: TestEnsureRunning_WaitsForTheDaemonAFreshSpawnLockAnnounces (0.20s)
=== RUN   TestEnsureRunning_TwoColdHooksStartOneDaemon
--- PASS: TestEnsureRunning_TwoColdHooksStartOneDaemon (0.27s)
=== RUN   TestEnsureRunning_AHookArrivingWhileAStagedSpawnIsStartingWaits
--- PASS: TestEnsureRunning_AHookArrivingWhileAStagedSpawnIsStartingWaits (0.38s)
=== RUN   TestEnsureRunning_ItsSpawnHoldsOffALazySpawn
--- PASS: TestEnsureRunning_ItsSpawnHoldsOffALazySpawn (0.33s)
=== RUN   TestEnsureRunning_AnAbandonedSpawnLockBlocksOnlyUntilItIsStale
--- PASS: TestEnsureRunning_AnAbandonedSpawnLockBlocksOnlyUntilItIsStale (0.44s)
=== RUN   TestEnsureRunning_ReleasesItsClaimWhenTheSpawnFails
--- PASS: TestEnsureRunning_ReleasesItsClaimWhenTheSpawnFails (0.15s)
=== RUN   TestEnsureRunning_ALockItsDaemonFreedIsNoLicenceToSpawn
--- PASS: TestEnsureRunning_ALockItsDaemonFreedIsNoLicenceToSpawn (0.09s)
=== RUN   TestEnsureRunning_AClaimThatGoesStaleMidWaitIsReclaimed
--- PASS: TestEnsureRunning_AClaimThatGoesStaleMidWaitIsReclaimed (1.81s)
=== RUN   TestEnsureRunningUntil_PollsToItsDeadlineNotTheFixedBound
--- PASS: TestEnsureRunningUntil_PollsToItsDeadlineNotTheFixedBound (1.83s)
=== RUN   TestEnsureRunningUntil_ALateSpawnStillGetsTheClassicWait
--- PASS: TestEnsureRunningUntil_ALateSpawnStillGetsTheClassicWait (0.21s)
=== RUN   TestEnsureRunningUntil_APassedDeadlineStillStartsADaemon
--- PASS: TestEnsureRunningUntil_APassedDeadlineStillStartsADaemon (0.02s)
=== RUN   TestEnsureRunningUntil_ThePollEndsAtItsDeadline
=== RUN   TestEnsureRunningUntil_ThePollEndsAtItsDeadline/claim_held_to_the_end
=== PAUSE TestEnsureRunningUntil_ThePollEndsAtItsDeadline/claim_held_to_the_end
=== RUN   TestEnsureRunningUntil_ThePollEndsAtItsDeadline/claim_freed_near_the_end
=== PAUSE TestEnsureRunningUntil_ThePollEndsAtItsDeadline/claim_freed_near_the_end
=== CONT  TestEnsureRunningUntil_ThePollEndsAtItsDeadline/claim_held_to_the_end
=== CONT  TestEnsureRunningUntil_ThePollEndsAtItsDeadline/claim_freed_near_the_end
--- PASS: TestEnsureRunningUntil_ThePollEndsAtItsDeadline (0.00s)
    --- PASS: TestEnsureRunningUntil_ThePollEndsAtItsDeadline/claim_held_to_the_end (1.01s)
    --- PASS: TestEnsureRunningUntil_ThePollEndsAtItsDeadline/claim_freed_near_the_end (1.01s)
=== RUN   TestEnsureRunning_AlreadyRunningNeverSpawns
--- PASS: TestEnsureRunning_AlreadyRunningNeverSpawns (0.01s)
=== RUN   TestEnsureRunning_SpawnFailureReportsImmediately
=== PAUSE TestEnsureRunning_SpawnFailureReportsImmediately
=== CONT  TestEnsureRunning_SpawnFailureReportsImmediately
--- PASS: TestEnsureRunning_SpawnFailureReportsImmediately (0.02s)
=== RUN   TestEnsureRunning_RefusesTheHomeDirectory
--- PASS: TestEnsureRunning_RefusesTheHomeDirectory (0.21s)
=== RUN   TestEnsureRunning_WaitsForTheDaemonAFreshSpawnLockAnnounces
--- PASS: TestEnsureRunning_WaitsForTheDaemonAFreshSpawnLockAnnounces (0.18s)
=== RUN   TestEnsureRunning_TwoColdHooksStartOneDaemon
--- PASS: TestEnsureRunning_TwoColdHooksStartOneDaemon (0.21s)
=== RUN   TestEnsureRunning_AHookArrivingWhileAStagedSpawnIsStartingWaits
--- PASS: TestEnsureRunning_AHookArrivingWhileAStagedSpawnIsStartingWaits (0.38s)
=== RUN   TestEnsureRunning_ItsSpawnHoldsOffALazySpawn
--- PASS: TestEnsureRunning_ItsSpawnHoldsOffALazySpawn (0.23s)
=== RUN   TestEnsureRunning_AnAbandonedSpawnLockBlocksOnlyUntilItIsStale
--- PASS: TestEnsureRunning_AnAbandonedSpawnLockBlocksOnlyUntilItIsStale (0.41s)
=== RUN   TestEnsureRunning_ReleasesItsClaimWhenTheSpawnFails
--- PASS: TestEnsureRunning_ReleasesItsClaimWhenTheSpawnFails (0.04s)
=== RUN   TestEnsureRunning_ALockItsDaemonFreedIsNoLicenceToSpawn
--- PASS: TestEnsureRunning_ALockItsDaemonFreedIsNoLicenceToSpawn (0.02s)
=== RUN   TestEnsureRunning_AClaimThatGoesStaleMidWaitIsReclaimed
--- PASS: TestEnsureRunning_AClaimThatGoesStaleMidWaitIsReclaimed (1.81s)
=== RUN   TestEnsureRunningUntil_PollsToItsDeadlineNotTheFixedBound
--- PASS: TestEnsureRunningUntil_PollsToItsDeadlineNotTheFixedBound (1.83s)
=== RUN   TestEnsureRunningUntil_ALateSpawnStillGetsTheClassicWait
--- PASS: TestEnsureRunningUntil_ALateSpawnStillGetsTheClassicWait (0.21s)
=== RUN   TestEnsureRunningUntil_APassedDeadlineStillStartsADaemon
--- PASS: TestEnsureRunningUntil_APassedDeadlineStillStartsADaemon (0.02s)
=== RUN   TestEnsureRunningUntil_ThePollEndsAtItsDeadline
=== RUN   TestEnsureRunningUntil_ThePollEndsAtItsDeadline/claim_held_to_the_end
=== PAUSE TestEnsureRunningUntil_ThePollEndsAtItsDeadline/claim_held_to_the_end
=== RUN   TestEnsureRunningUntil_ThePollEndsAtItsDeadline/claim_freed_near_the_end
=== PAUSE TestEnsureRunningUntil_ThePollEndsAtItsDeadline/claim_freed_near_the_end
=== CONT  TestEnsureRunningUntil_ThePollEndsAtItsDeadline/claim_held_to_the_end
=== CONT  TestEnsureRunningUntil_ThePollEndsAtItsDeadline/claim_freed_near_the_end
--- PASS: TestEnsureRunningUntil_ThePollEndsAtItsDeadline (0.00s)
    --- PASS: TestEnsureRunningUntil_ThePollEndsAtItsDeadline/claim_held_to_the_end (1.01s)
    --- PASS: TestEnsureRunningUntil_ThePollEndsAtItsDeadline/claim_freed_near_the_end (1.01s)
=== RUN   TestEnsureRunning_AlreadyRunningNeverSpawns
--- PASS: TestEnsureRunning_AlreadyRunningNeverSpawns (0.01s)
=== RUN   TestEnsureRunning_SpawnFailureReportsImmediately
=== PAUSE TestEnsureRunning_SpawnFailureReportsImmediately
=== CONT  TestEnsureRunning_SpawnFailureReportsImmediately
--- PASS: TestEnsureRunning_SpawnFailureReportsImmediately (0.03s)
FAIL
FAIL	github.com/qompack/qompack/internal/daemon	81.037s
FAIL
exit=1
== $ go test ./internal/cli/ -run '^TestSessionStartBudget_' -count=3 -v
=== RUN   TestSessionStartBudget_AnUnspoolableStartWithNoTimeLeftIsLoud
--- PASS: TestSessionStartBudget_AnUnspoolableStartWithNoTimeLeftIsLoud (3.70s)
=== RUN   TestSessionStartBudget_SplitsTheManifestTimeout
--- PASS: TestSessionStartBudget_SplitsTheManifestTimeout (0.00s)
=== RUN   TestSessionStartBudget_APreSendOverrunCutsTheReplyWait
--- PASS: TestSessionStartBudget_APreSendOverrunCutsTheReplyWait (3.33s)
=== RUN   TestSessionStartBudget_NoTimeLeftSpoolsWithoutDialling
--- PASS: TestSessionStartBudget_NoTimeLeftSpoolsWithoutDialling (3.70s)
=== RUN   TestSessionStartBudget_ANoTimeLeftStartTheSpoolDropsIsNotLoggedAsSpooled
--- PASS: TestSessionStartBudget_ANoTimeLeftStartTheSpoolDropsIsNotLoggedAsSpooled (3.70s)
=== RUN   TestSessionStartBudget_ADaemonUpWhileTheStepMayBorrowIsAnswered
=== RUN   TestSessionStartBudget_ADaemonUpWhileTheStepMayBorrowIsAnswered/4s
=== PAUSE TestSessionStartBudget_ADaemonUpWhileTheStepMayBorrowIsAnswered/4s
=== RUN   TestSessionStartBudget_ADaemonUpWhileTheStepMayBorrowIsAnswered/6s
=== PAUSE TestSessionStartBudget_ADaemonUpWhileTheStepMayBorrowIsAnswered/6s
=== RUN   TestSessionStartBudget_ADaemonUpWhileTheStepMayBorrowIsAnswered/8s
=== PAUSE TestSessionStartBudget_ADaemonUpWhileTheStepMayBorrowIsAnswered/8s
=== CONT  TestSessionStartBudget_ADaemonUpWhileTheStepMayBorrowIsAnswered/4s
=== CONT  TestSessionStartBudget_ADaemonUpWhileTheStepMayBorrowIsAnswered/6s
=== CONT  TestSessionStartBudget_ADaemonUpWhileTheStepMayBorrowIsAnswered/8s
--- PASS: TestSessionStartBudget_ADaemonUpWhileTheStepMayBorrowIsAnswered (0.00s)
    --- PASS: TestSessionStartBudget_ADaemonUpWhileTheStepMayBorrowIsAnswered/4s (4.10s)
    --- PASS: TestSessionStartBudget_ADaemonUpWhileTheStepMayBorrowIsAnswered/6s (6.10s)
    --- PASS: TestSessionStartBudget_ADaemonUpWhileTheStepMayBorrowIsAnswered/8s (8.11s)
=== RUN   TestSessionStartBudget_ADaemonThatNeverComesUpIsSpooledAtTheBorrowLimit
=== PAUSE TestSessionStartBudget_ADaemonThatNeverComesUpIsSpooledAtTheBorrowLimit
=== RUN   TestSessionStartBudget_ACompactStartUpAt8sKeepsTheCompactBound
=== PAUSE TestSessionStartBudget_ACompactStartUpAt8sKeepsTheCompactBound
=== CONT  TestSessionStartBudget_ADaemonThatNeverComesUpIsSpooledAtTheBorrowLimit
=== CONT  TestSessionStartBudget_ACompactStartUpAt8sKeepsTheCompactBound
--- PASS: TestSessionStartBudget_ADaemonThatNeverComesUpIsSpooledAtTheBorrowLimit (8.36s)
--- PASS: TestSessionStartBudget_ACompactStartUpAt8sKeepsTheCompactBound (13.16s)
=== RUN   TestSessionStartBudget_AnUnspoolableStartWithNoTimeLeftIsLoud
--- PASS: TestSessionStartBudget_AnUnspoolableStartWithNoTimeLeftIsLoud (4.12s)
=== RUN   TestSessionStartBudget_SplitsTheManifestTimeout
--- PASS: TestSessionStartBudget_SplitsTheManifestTimeout (0.00s)
=== RUN   TestSessionStartBudget_APreSendOverrunCutsTheReplyWait
--- PASS: TestSessionStartBudget_APreSendOverrunCutsTheReplyWait (3.54s)
=== RUN   TestSessionStartBudget_NoTimeLeftSpoolsWithoutDialling
--- PASS: TestSessionStartBudget_NoTimeLeftSpoolsWithoutDialling (3.81s)
=== RUN   TestSessionStartBudget_ANoTimeLeftStartTheSpoolDropsIsNotLoggedAsSpooled
--- PASS: TestSessionStartBudget_ANoTimeLeftStartTheSpoolDropsIsNotLoggedAsSpooled (3.72s)
=== RUN   TestSessionStartBudget_ADaemonUpWhileTheStepMayBorrowIsAnswered
=== RUN   TestSessionStartBudget_ADaemonUpWhileTheStepMayBorrowIsAnswered/4s
=== PAUSE TestSessionStartBudget_ADaemonUpWhileTheStepMayBorrowIsAnswered/4s
=== RUN   TestSessionStartBudget_ADaemonUpWhileTheStepMayBorrowIsAnswered/6s
=== PAUSE TestSessionStartBudget_ADaemonUpWhileTheStepMayBorrowIsAnswered/6s
=== RUN   TestSessionStartBudget_ADaemonUpWhileTheStepMayBorrowIsAnswered/8s
=== PAUSE TestSessionStartBudget_ADaemonUpWhileTheStepMayBorrowIsAnswered/8s
=== CONT  TestSessionStartBudget_ADaemonUpWhileTheStepMayBorrowIsAnswered/4s
=== CONT  TestSessionStartBudget_ADaemonUpWhileTheStepMayBorrowIsAnswered/8s
=== CONT  TestSessionStartBudget_ADaemonUpWhileTheStepMayBorrowIsAnswered/6s
--- PASS: TestSessionStartBudget_ADaemonUpWhileTheStepMayBorrowIsAnswered (0.00s)
    --- PASS: TestSessionStartBudget_ADaemonUpWhileTheStepMayBorrowIsAnswered/4s (4.11s)
    --- PASS: TestSessionStartBudget_ADaemonUpWhileTheStepMayBorrowIsAnswered/6s (6.12s)
    --- PASS: TestSessionStartBudget_ADaemonUpWhileTheStepMayBorrowIsAnswered/8s (8.11s)
=== RUN   TestSessionStartBudget_ADaemonThatNeverComesUpIsSpooledAtTheBorrowLimit
=== PAUSE TestSessionStartBudget_ADaemonThatNeverComesUpIsSpooledAtTheBorrowLimit
=== RUN   TestSessionStartBudget_ACompactStartUpAt8sKeepsTheCompactBound
=== PAUSE TestSessionStartBudget_ACompactStartUpAt8sKeepsTheCompactBound
=== CONT  TestSessionStartBudget_ADaemonThatNeverComesUpIsSpooledAtTheBorrowLimit
=== CONT  TestSessionStartBudget_ACompactStartUpAt8sKeepsTheCompactBound
--- PASS: TestSessionStartBudget_ADaemonThatNeverComesUpIsSpooledAtTheBorrowLimit (8.34s)
--- PASS: TestSessionStartBudget_ACompactStartUpAt8sKeepsTheCompactBound (13.09s)
=== RUN   TestSessionStartBudget_AnUnspoolableStartWithNoTimeLeftIsLoud
--- PASS: TestSessionStartBudget_AnUnspoolableStartWithNoTimeLeftIsLoud (3.68s)
=== RUN   TestSessionStartBudget_SplitsTheManifestTimeout
--- PASS: TestSessionStartBudget_SplitsTheManifestTimeout (0.00s)
=== RUN   TestSessionStartBudget_APreSendOverrunCutsTheReplyWait
--- PASS: TestSessionStartBudget_APreSendOverrunCutsTheReplyWait (3.33s)
=== RUN   TestSessionStartBudget_NoTimeLeftSpoolsWithoutDialling
--- PASS: TestSessionStartBudget_NoTimeLeftSpoolsWithoutDialling (3.68s)
=== RUN   TestSessionStartBudget_ANoTimeLeftStartTheSpoolDropsIsNotLoggedAsSpooled
--- PASS: TestSessionStartBudget_ANoTimeLeftStartTheSpoolDropsIsNotLoggedAsSpooled (3.70s)
=== RUN   TestSessionStartBudget_ADaemonUpWhileTheStepMayBorrowIsAnswered
=== RUN   TestSessionStartBudget_ADaemonUpWhileTheStepMayBorrowIsAnswered/4s
=== PAUSE TestSessionStartBudget_ADaemonUpWhileTheStepMayBorrowIsAnswered/4s
=== RUN   TestSessionStartBudget_ADaemonUpWhileTheStepMayBorrowIsAnswered/6s
=== PAUSE TestSessionStartBudget_ADaemonUpWhileTheStepMayBorrowIsAnswered/6s
=== RUN   TestSessionStartBudget_ADaemonUpWhileTheStepMayBorrowIsAnswered/8s
=== PAUSE TestSessionStartBudget_ADaemonUpWhileTheStepMayBorrowIsAnswered/8s
=== CONT  TestSessionStartBudget_ADaemonUpWhileTheStepMayBorrowIsAnswered/4s
=== CONT  TestSessionStartBudget_ADaemonUpWhileTheStepMayBorrowIsAnswered/8s
=== CONT  TestSessionStartBudget_ADaemonUpWhileTheStepMayBorrowIsAnswered/6s
--- PASS: TestSessionStartBudget_ADaemonUpWhileTheStepMayBorrowIsAnswered (0.00s)
    --- PASS: TestSessionStartBudget_ADaemonUpWhileTheStepMayBorrowIsAnswered/4s (4.10s)
    --- PASS: TestSessionStartBudget_ADaemonUpWhileTheStepMayBorrowIsAnswered/6s (6.09s)
    --- PASS: TestSessionStartBudget_ADaemonUpWhileTheStepMayBorrowIsAnswered/8s (8.10s)
=== RUN   TestSessionStartBudget_ADaemonThatNeverComesUpIsSpooledAtTheBorrowLimit
=== PAUSE TestSessionStartBudget_ADaemonThatNeverComesUpIsSpooledAtTheBorrowLimit
=== RUN   TestSessionStartBudget_ACompactStartUpAt8sKeepsTheCompactBound
=== PAUSE TestSessionStartBudget_ACompactStartUpAt8sKeepsTheCompactBound
=== CONT  TestSessionStartBudget_ADaemonThatNeverComesUpIsSpooledAtTheBorrowLimit
=== CONT  TestSessionStartBudget_ACompactStartUpAt8sKeepsTheCompactBound
--- PASS: TestSessionStartBudget_ADaemonThatNeverComesUpIsSpooledAtTheBorrowLimit (8.36s)
--- PASS: TestSessionStartBudget_ACompactStartUpAt8sKeepsTheCompactBound (13.08s)
PASS
ok  	github.com/qompack/qompack/internal/cli	108.009s
exit=0
