== head d6c103f; re-run alone after the 1-in-10 wall-clock failure in 30-*; the Linux gate still running in the container
== $ go test ./internal/daemon/ -run '^TestEnsureRunningUntil_ThePollEndsAtItsDeadline$' -count=20 -v
=== RUN   TestEnsureRunningUntil_ThePollEndsAtItsDeadline
=== RUN   TestEnsureRunningUntil_ThePollEndsAtItsDeadline/claim_held_to_the_end
=== PAUSE TestEnsureRunningUntil_ThePollEndsAtItsDeadline/claim_held_to_the_end
=== RUN   TestEnsureRunningUntil_ThePollEndsAtItsDeadline/claim_freed_near_the_end
=== PAUSE TestEnsureRunningUntil_ThePollEndsAtItsDeadline/claim_freed_near_the_end
=== CONT  TestEnsureRunningUntil_ThePollEndsAtItsDeadline/claim_held_to_the_end
=== CONT  TestEnsureRunningUntil_ThePollEndsAtItsDeadline/claim_freed_near_the_end
--- PASS: TestEnsureRunningUntil_ThePollEndsAtItsDeadline (0.00s)
    --- PASS: TestEnsureRunningUntil_ThePollEndsAtItsDeadline/claim_held_to_the_end (1.01s)
    --- PASS: TestEnsureRunningUntil_ThePollEndsAtItsDeadline/claim_freed_near_the_end (1.02s)
=== RUN   TestEnsureRunningUntil_ThePollEndsAtItsDeadline
=== RUN   TestEnsureRunningUntil_ThePollEndsAtItsDeadline/claim_held_to_the_end
=== PAUSE TestEnsureRunningUntil_ThePollEndsAtItsDeadline/claim_held_to_the_end
=== RUN   TestEnsureRunningUntil_ThePollEndsAtItsDeadline/claim_freed_near_the_end
=== PAUSE TestEnsureRunningUntil_ThePollEndsAtItsDeadline/claim_freed_near_the_end
=== CONT  TestEnsureRunningUntil_ThePollEndsAtItsDeadline/claim_held_to_the_end
=== CONT  TestEnsureRunningUntil_ThePollEndsAtItsDeadline/claim_freed_near_the_end
--- PASS: TestEnsureRunningUntil_ThePollEndsAtItsDeadline (0.00s)
    --- PASS: TestEnsureRunningUntil_ThePollEndsAtItsDeadline/claim_held_to_the_end (1.01s)
    --- PASS: TestEnsureRunningUntil_ThePollEndsAtItsDeadline/claim_freed_near_the_end (1.01s)
=== RUN   TestEnsureRunningUntil_ThePollEndsAtItsDeadline
=== RUN   TestEnsureRunningUntil_ThePollEndsAtItsDeadline/claim_held_to_the_end
=== PAUSE TestEnsureRunningUntil_ThePollEndsAtItsDeadline/claim_held_to_the_end
=== RUN   TestEnsureRunningUntil_ThePollEndsAtItsDeadline/claim_freed_near_the_end
=== PAUSE TestEnsureRunningUntil_ThePollEndsAtItsDeadline/claim_freed_near_the_end
=== CONT  TestEnsureRunningUntil_ThePollEndsAtItsDeadline/claim_held_to_the_end
=== CONT  TestEnsureRunningUntil_ThePollEndsAtItsDeadline/claim_freed_near_the_end
--- PASS: TestEnsureRunningUntil_ThePollEndsAtItsDeadline (0.00s)
    --- PASS: TestEnsureRunningUntil_ThePollEndsAtItsDeadline/claim_held_to_the_end (1.01s)
    --- PASS: TestEnsureRunningUntil_ThePollEndsAtItsDeadline/claim_freed_near_the_end (1.01s)
=== RUN   TestEnsureRunningUntil_ThePollEndsAtItsDeadline
=== RUN   TestEnsureRunningUntil_ThePollEndsAtItsDeadline/claim_held_to_the_end
=== PAUSE TestEnsureRunningUntil_ThePollEndsAtItsDeadline/claim_held_to_the_end
=== RUN   TestEnsureRunningUntil_ThePollEndsAtItsDeadline/claim_freed_near_the_end
=== PAUSE TestEnsureRunningUntil_ThePollEndsAtItsDeadline/claim_freed_near_the_end
=== CONT  TestEnsureRunningUntil_ThePollEndsAtItsDeadline/claim_held_to_the_end
=== CONT  TestEnsureRunningUntil_ThePollEndsAtItsDeadline/claim_freed_near_the_end
--- PASS: TestEnsureRunningUntil_ThePollEndsAtItsDeadline (0.00s)
    --- PASS: TestEnsureRunningUntil_ThePollEndsAtItsDeadline/claim_held_to_the_end (1.01s)
    --- PASS: TestEnsureRunningUntil_ThePollEndsAtItsDeadline/claim_freed_near_the_end (1.01s)
=== RUN   TestEnsureRunningUntil_ThePollEndsAtItsDeadline
=== RUN   TestEnsureRunningUntil_ThePollEndsAtItsDeadline/claim_held_to_the_end
=== PAUSE TestEnsureRunningUntil_ThePollEndsAtItsDeadline/claim_held_to_the_end
=== RUN   TestEnsureRunningUntil_ThePollEndsAtItsDeadline/claim_freed_near_the_end
=== PAUSE TestEnsureRunningUntil_ThePollEndsAtItsDeadline/claim_freed_near_the_end
=== CONT  TestEnsureRunningUntil_ThePollEndsAtItsDeadline/claim_held_to_the_end
=== CONT  TestEnsureRunningUntil_ThePollEndsAtItsDeadline/claim_freed_near_the_end
--- PASS: TestEnsureRunningUntil_ThePollEndsAtItsDeadline (0.00s)
    --- PASS: TestEnsureRunningUntil_ThePollEndsAtItsDeadline/claim_held_to_the_end (1.01s)
    --- PASS: TestEnsureRunningUntil_ThePollEndsAtItsDeadline/claim_freed_near_the_end (1.01s)
=== RUN   TestEnsureRunningUntil_ThePollEndsAtItsDeadline
=== RUN   TestEnsureRunningUntil_ThePollEndsAtItsDeadline/claim_held_to_the_end
=== PAUSE TestEnsureRunningUntil_ThePollEndsAtItsDeadline/claim_held_to_the_end
=== RUN   TestEnsureRunningUntil_ThePollEndsAtItsDeadline/claim_freed_near_the_end
=== PAUSE TestEnsureRunningUntil_ThePollEndsAtItsDeadline/claim_freed_near_the_end
=== CONT  TestEnsureRunningUntil_ThePollEndsAtItsDeadline/claim_held_to_the_end
=== CONT  TestEnsureRunningUntil_ThePollEndsAtItsDeadline/claim_freed_near_the_end
--- PASS: TestEnsureRunningUntil_ThePollEndsAtItsDeadline (0.00s)
    --- PASS: TestEnsureRunningUntil_ThePollEndsAtItsDeadline/claim_held_to_the_end (1.01s)
    --- PASS: TestEnsureRunningUntil_ThePollEndsAtItsDeadline/claim_freed_near_the_end (1.01s)
=== RUN   TestEnsureRunningUntil_ThePollEndsAtItsDeadline
=== RUN   TestEnsureRunningUntil_ThePollEndsAtItsDeadline/claim_held_to_the_end
=== PAUSE TestEnsureRunningUntil_ThePollEndsAtItsDeadline/claim_held_to_the_end
=== RUN   TestEnsureRunningUntil_ThePollEndsAtItsDeadline/claim_freed_near_the_end
=== PAUSE TestEnsureRunningUntil_ThePollEndsAtItsDeadline/claim_freed_near_the_end
=== CONT  TestEnsureRunningUntil_ThePollEndsAtItsDeadline/claim_held_to_the_end
=== CONT  TestEnsureRunningUntil_ThePollEndsAtItsDeadline/claim_freed_near_the_end
--- PASS: TestEnsureRunningUntil_ThePollEndsAtItsDeadline (0.00s)
    --- PASS: TestEnsureRunningUntil_ThePollEndsAtItsDeadline/claim_held_to_the_end (1.01s)
    --- PASS: TestEnsureRunningUntil_ThePollEndsAtItsDeadline/claim_freed_near_the_end (1.01s)
=== RUN   TestEnsureRunningUntil_ThePollEndsAtItsDeadline
=== RUN   TestEnsureRunningUntil_ThePollEndsAtItsDeadline/claim_held_to_the_end
=== PAUSE TestEnsureRunningUntil_ThePollEndsAtItsDeadline/claim_held_to_the_end
=== RUN   TestEnsureRunningUntil_ThePollEndsAtItsDeadline/claim_freed_near_the_end
=== PAUSE TestEnsureRunningUntil_ThePollEndsAtItsDeadline/claim_freed_near_the_end
=== CONT  TestEnsureRunningUntil_ThePollEndsAtItsDeadline/claim_held_to_the_end
=== CONT  TestEnsureRunningUntil_ThePollEndsAtItsDeadline/claim_freed_near_the_end
--- PASS: TestEnsureRunningUntil_ThePollEndsAtItsDeadline (0.00s)
    --- PASS: TestEnsureRunningUntil_ThePollEndsAtItsDeadline/claim_held_to_the_end (1.01s)
    --- PASS: TestEnsureRunningUntil_ThePollEndsAtItsDeadline/claim_freed_near_the_end (1.01s)
=== RUN   TestEnsureRunningUntil_ThePollEndsAtItsDeadline
=== RUN   TestEnsureRunningUntil_ThePollEndsAtItsDeadline/claim_held_to_the_end
=== PAUSE TestEnsureRunningUntil_ThePollEndsAtItsDeadline/claim_held_to_the_end
=== RUN   TestEnsureRunningUntil_ThePollEndsAtItsDeadline/claim_freed_near_the_end
=== PAUSE TestEnsureRunningUntil_ThePollEndsAtItsDeadline/claim_freed_near_the_end
=== CONT  TestEnsureRunningUntil_ThePollEndsAtItsDeadline/claim_held_to_the_end
=== CONT  TestEnsureRunningUntil_ThePollEndsAtItsDeadline/claim_freed_near_the_end
--- PASS: TestEnsureRunningUntil_ThePollEndsAtItsDeadline (0.00s)
    --- PASS: TestEnsureRunningUntil_ThePollEndsAtItsDeadline/claim_held_to_the_end (1.01s)
    --- PASS: TestEnsureRunningUntil_ThePollEndsAtItsDeadline/claim_freed_near_the_end (1.01s)
=== RUN   TestEnsureRunningUntil_ThePollEndsAtItsDeadline
=== RUN   TestEnsureRunningUntil_ThePollEndsAtItsDeadline/claim_held_to_the_end
=== PAUSE TestEnsureRunningUntil_ThePollEndsAtItsDeadline/claim_held_to_the_end
=== RUN   TestEnsureRunningUntil_ThePollEndsAtItsDeadline/claim_freed_near_the_end
=== PAUSE TestEnsureRunningUntil_ThePollEndsAtItsDeadline/claim_freed_near_the_end
=== CONT  TestEnsureRunningUntil_ThePollEndsAtItsDeadline/claim_held_to_the_end
=== CONT  TestEnsureRunningUntil_ThePollEndsAtItsDeadline/claim_freed_near_the_end
--- PASS: TestEnsureRunningUntil_ThePollEndsAtItsDeadline (0.00s)
    --- PASS: TestEnsureRunningUntil_ThePollEndsAtItsDeadline/claim_held_to_the_end (1.01s)
    --- PASS: TestEnsureRunningUntil_ThePollEndsAtItsDeadline/claim_freed_near_the_end (1.01s)
=== RUN   TestEnsureRunningUntil_ThePollEndsAtItsDeadline
=== RUN   TestEnsureRunningUntil_ThePollEndsAtItsDeadline/claim_held_to_the_end
=== PAUSE TestEnsureRunningUntil_ThePollEndsAtItsDeadline/claim_held_to_the_end
=== RUN   TestEnsureRunningUntil_ThePollEndsAtItsDeadline/claim_freed_near_the_end
=== PAUSE TestEnsureRunningUntil_ThePollEndsAtItsDeadline/claim_freed_near_the_end
=== CONT  TestEnsureRunningUntil_ThePollEndsAtItsDeadline/claim_held_to_the_end
=== CONT  TestEnsureRunningUntil_ThePollEndsAtItsDeadline/claim_freed_near_the_end
--- PASS: TestEnsureRunningUntil_ThePollEndsAtItsDeadline (0.00s)
    --- PASS: TestEnsureRunningUntil_ThePollEndsAtItsDeadline/claim_held_to_the_end (1.01s)
    --- PASS: TestEnsureRunningUntil_ThePollEndsAtItsDeadline/claim_freed_near_the_end (1.01s)
=== RUN   TestEnsureRunningUntil_ThePollEndsAtItsDeadline
=== RUN   TestEnsureRunningUntil_ThePollEndsAtItsDeadline/claim_held_to_the_end
=== PAUSE TestEnsureRunningUntil_ThePollEndsAtItsDeadline/claim_held_to_the_end
=== RUN   TestEnsureRunningUntil_ThePollEndsAtItsDeadline/claim_freed_near_the_end
=== PAUSE TestEnsureRunningUntil_ThePollEndsAtItsDeadline/claim_freed_near_the_end
=== CONT  TestEnsureRunningUntil_ThePollEndsAtItsDeadline/claim_held_to_the_end
=== CONT  TestEnsureRunningUntil_ThePollEndsAtItsDeadline/claim_freed_near_the_end
--- PASS: TestEnsureRunningUntil_ThePollEndsAtItsDeadline (0.00s)
    --- PASS: TestEnsureRunningUntil_ThePollEndsAtItsDeadline/claim_held_to_the_end (1.01s)
    --- PASS: TestEnsureRunningUntil_ThePollEndsAtItsDeadline/claim_freed_near_the_end (1.01s)
=== RUN   TestEnsureRunningUntil_ThePollEndsAtItsDeadline
=== RUN   TestEnsureRunningUntil_ThePollEndsAtItsDeadline/claim_held_to_the_end
=== PAUSE TestEnsureRunningUntil_ThePollEndsAtItsDeadline/claim_held_to_the_end
=== RUN   TestEnsureRunningUntil_ThePollEndsAtItsDeadline/claim_freed_near_the_end
=== PAUSE TestEnsureRunningUntil_ThePollEndsAtItsDeadline/claim_freed_near_the_end
=== CONT  TestEnsureRunningUntil_ThePollEndsAtItsDeadline/claim_held_to_the_end
=== CONT  TestEnsureRunningUntil_ThePollEndsAtItsDeadline/claim_freed_near_the_end
--- PASS: TestEnsureRunningUntil_ThePollEndsAtItsDeadline (0.00s)
    --- PASS: TestEnsureRunningUntil_ThePollEndsAtItsDeadline/claim_held_to_the_end (1.01s)
    --- PASS: TestEnsureRunningUntil_ThePollEndsAtItsDeadline/claim_freed_near_the_end (1.01s)
=== RUN   TestEnsureRunningUntil_ThePollEndsAtItsDeadline
=== RUN   TestEnsureRunningUntil_ThePollEndsAtItsDeadline/claim_held_to_the_end
=== PAUSE TestEnsureRunningUntil_ThePollEndsAtItsDeadline/claim_held_to_the_end
=== RUN   TestEnsureRunningUntil_ThePollEndsAtItsDeadline/claim_freed_near_the_end
=== PAUSE TestEnsureRunningUntil_ThePollEndsAtItsDeadline/claim_freed_near_the_end
=== CONT  TestEnsureRunningUntil_ThePollEndsAtItsDeadline/claim_held_to_the_end
=== CONT  TestEnsureRunningUntil_ThePollEndsAtItsDeadline/claim_freed_near_the_end
--- PASS: TestEnsureRunningUntil_ThePollEndsAtItsDeadline (0.00s)
    --- PASS: TestEnsureRunningUntil_ThePollEndsAtItsDeadline/claim_held_to_the_end (1.01s)
    --- PASS: TestEnsureRunningUntil_ThePollEndsAtItsDeadline/claim_freed_near_the_end (1.01s)
=== RUN   TestEnsureRunningUntil_ThePollEndsAtItsDeadline
=== RUN   TestEnsureRunningUntil_ThePollEndsAtItsDeadline/claim_held_to_the_end
=== PAUSE TestEnsureRunningUntil_ThePollEndsAtItsDeadline/claim_held_to_the_end
=== RUN   TestEnsureRunningUntil_ThePollEndsAtItsDeadline/claim_freed_near_the_end
=== PAUSE TestEnsureRunningUntil_ThePollEndsAtItsDeadline/claim_freed_near_the_end
=== CONT  TestEnsureRunningUntil_ThePollEndsAtItsDeadline/claim_held_to_the_end
=== CONT  TestEnsureRunningUntil_ThePollEndsAtItsDeadline/claim_freed_near_the_end
--- PASS: TestEnsureRunningUntil_ThePollEndsAtItsDeadline (0.00s)
    --- PASS: TestEnsureRunningUntil_ThePollEndsAtItsDeadline/claim_held_to_the_end (1.01s)
    --- PASS: TestEnsureRunningUntil_ThePollEndsAtItsDeadline/claim_freed_near_the_end (1.01s)
=== RUN   TestEnsureRunningUntil_ThePollEndsAtItsDeadline
=== RUN   TestEnsureRunningUntil_ThePollEndsAtItsDeadline/claim_held_to_the_end
=== PAUSE TestEnsureRunningUntil_ThePollEndsAtItsDeadline/claim_held_to_the_end
=== RUN   TestEnsureRunningUntil_ThePollEndsAtItsDeadline/claim_freed_near_the_end
=== PAUSE TestEnsureRunningUntil_ThePollEndsAtItsDeadline/claim_freed_near_the_end
=== CONT  TestEnsureRunningUntil_ThePollEndsAtItsDeadline/claim_held_to_the_end
=== CONT  TestEnsureRunningUntil_ThePollEndsAtItsDeadline/claim_freed_near_the_end
--- PASS: TestEnsureRunningUntil_ThePollEndsAtItsDeadline (0.00s)
    --- PASS: TestEnsureRunningUntil_ThePollEndsAtItsDeadline/claim_held_to_the_end (1.01s)
    --- PASS: TestEnsureRunningUntil_ThePollEndsAtItsDeadline/claim_freed_near_the_end (1.02s)
=== RUN   TestEnsureRunningUntil_ThePollEndsAtItsDeadline
=== RUN   TestEnsureRunningUntil_ThePollEndsAtItsDeadline/claim_held_to_the_end
=== PAUSE TestEnsureRunningUntil_ThePollEndsAtItsDeadline/claim_held_to_the_end
=== RUN   TestEnsureRunningUntil_ThePollEndsAtItsDeadline/claim_freed_near_the_end
=== PAUSE TestEnsureRunningUntil_ThePollEndsAtItsDeadline/claim_freed_near_the_end
=== CONT  TestEnsureRunningUntil_ThePollEndsAtItsDeadline/claim_held_to_the_end
=== CONT  TestEnsureRunningUntil_ThePollEndsAtItsDeadline/claim_freed_near_the_end
--- PASS: TestEnsureRunningUntil_ThePollEndsAtItsDeadline (0.00s)
    --- PASS: TestEnsureRunningUntil_ThePollEndsAtItsDeadline/claim_held_to_the_end (1.01s)
    --- PASS: TestEnsureRunningUntil_ThePollEndsAtItsDeadline/claim_freed_near_the_end (1.02s)
=== RUN   TestEnsureRunningUntil_ThePollEndsAtItsDeadline
=== RUN   TestEnsureRunningUntil_ThePollEndsAtItsDeadline/claim_held_to_the_end
=== PAUSE TestEnsureRunningUntil_ThePollEndsAtItsDeadline/claim_held_to_the_end
=== RUN   TestEnsureRunningUntil_ThePollEndsAtItsDeadline/claim_freed_near_the_end
=== PAUSE TestEnsureRunningUntil_ThePollEndsAtItsDeadline/claim_freed_near_the_end
=== CONT  TestEnsureRunningUntil_ThePollEndsAtItsDeadline/claim_held_to_the_end
=== CONT  TestEnsureRunningUntil_ThePollEndsAtItsDeadline/claim_freed_near_the_end
--- PASS: TestEnsureRunningUntil_ThePollEndsAtItsDeadline (0.00s)
    --- PASS: TestEnsureRunningUntil_ThePollEndsAtItsDeadline/claim_held_to_the_end (1.01s)
    --- PASS: TestEnsureRunningUntil_ThePollEndsAtItsDeadline/claim_freed_near_the_end (1.01s)
=== RUN   TestEnsureRunningUntil_ThePollEndsAtItsDeadline
=== RUN   TestEnsureRunningUntil_ThePollEndsAtItsDeadline/claim_held_to_the_end
=== PAUSE TestEnsureRunningUntil_ThePollEndsAtItsDeadline/claim_held_to_the_end
=== RUN   TestEnsureRunningUntil_ThePollEndsAtItsDeadline/claim_freed_near_the_end
=== PAUSE TestEnsureRunningUntil_ThePollEndsAtItsDeadline/claim_freed_near_the_end
=== CONT  TestEnsureRunningUntil_ThePollEndsAtItsDeadline/claim_held_to_the_end
=== CONT  TestEnsureRunningUntil_ThePollEndsAtItsDeadline/claim_freed_near_the_end
--- PASS: TestEnsureRunningUntil_ThePollEndsAtItsDeadline (0.00s)
    --- PASS: TestEnsureRunningUntil_ThePollEndsAtItsDeadline/claim_held_to_the_end (1.01s)
    --- PASS: TestEnsureRunningUntil_ThePollEndsAtItsDeadline/claim_freed_near_the_end (1.02s)
=== RUN   TestEnsureRunningUntil_ThePollEndsAtItsDeadline
=== RUN   TestEnsureRunningUntil_ThePollEndsAtItsDeadline/claim_held_to_the_end
=== PAUSE TestEnsureRunningUntil_ThePollEndsAtItsDeadline/claim_held_to_the_end
=== RUN   TestEnsureRunningUntil_ThePollEndsAtItsDeadline/claim_freed_near_the_end
=== PAUSE TestEnsureRunningUntil_ThePollEndsAtItsDeadline/claim_freed_near_the_end
=== CONT  TestEnsureRunningUntil_ThePollEndsAtItsDeadline/claim_held_to_the_end
=== CONT  TestEnsureRunningUntil_ThePollEndsAtItsDeadline/claim_freed_near_the_end
--- PASS: TestEnsureRunningUntil_ThePollEndsAtItsDeadline (0.00s)
    --- PASS: TestEnsureRunningUntil_ThePollEndsAtItsDeadline/claim_held_to_the_end (1.01s)
    --- PASS: TestEnsureRunningUntil_ThePollEndsAtItsDeadline/claim_freed_near_the_end (1.01s)
PASS
ok  	github.com/qompack/qompack/internal/daemon	20.659s
exit=0
