goos: windows
goarch: amd64
pkg: github.com/qompack/qompack/internal/store
cpu: Intel(R) Core(TM) Ultra 7 155H
BenchmarkPutBytes_100KB_Warm_NoRedact-22       	     415	   2766250 ns/op	  37.02 MB/s	  902226 B/op	      15 allocs/op
BenchmarkPutBytes_100KB_Cold_NoRedact-22       	      50	  34133242 ns/op	   3.00 MB/s	 1061739 B/op	     327 allocs/op
BenchmarkPutBytes_100KB_Cold-22                	      58	  19220016 ns/op	   5.33 MB/s	 1170231 B/op	     353 allocs/op
BenchmarkPutBytes_100KB_Warm-22                	     178	   6631283 ns/op	  15.44 MB/s	 1008965 B/op	      16 allocs/op
BenchmarkPutBytes_100KB_Warm_KeepRaw/verbatim-22         	     142	   8030763 ns/op	  12.75 MB/s	 1008876 B/op	      16 allocs/op
BenchmarkPutBytes_100KB_Warm_KeepRaw/delta-22            	     151	   8492263 ns/op	  12.06 MB/s	 1116603 B/op	      32 allocs/op
BenchmarkPutBytes_100KB_Warm_KeepRaw/full-22             	     792	   1816043 ns/op	  56.40 MB/s	  635379 B/op	      23 allocs/op
BenchmarkPutObject_NovelChunk-22                         	     434	   2340709 ns/op	   1.75 MB/s	    6872 B/op	      17 allocs/op
BenchmarkGetChunk-22                                     	    5013	    200125 ns/op	   19817 B/op	       9 allocs/op
BenchmarkOpenSpan_4KB_of_4MB-22                          	    6208	    204156 ns/op	   19943 B/op	      10 allocs/op
BenchmarkOpenStore_50kRoots-22                           	       2	 803457700 ns/op	97394776 B/op	 1062456 allocs/op
BenchmarkGC_50kObjects-22                                	       1	4838574800 ns/op	59741216 B/op	  560810 allocs/op
BenchmarkCountFold_4MiB-22                               	     274	   4412358 ns/op	 950.58 MB/s	       0 B/op	       0 allocs/op
BenchmarkSearch_1000Roots-22                             	      36	  27823175 ns/op	 9279892 B/op	    7344 allocs/op
BenchmarkSearch_1000Roots_DistinctChunks-22              	       1	1440474300 ns/op	14252800 B/op	   11820 allocs/op
BenchmarkMarkEncoded_100-22                              	    1250	    923692 ns/op	   16897 B/op	     301 allocs/op
PASS
pathstest: HOME is "C:\\Users\\Quant\\AppData\\Local\\Temp\\1661447237\\001\\home" at the end of the run, not the isolated home "C:\\Users\\Quant\\AppData\\Local\\Temp\\qompack-test-home-1351314729": a test changed it without restoring it, and every test after it ran against that directory
