goos: windows
goarch: amd64
pkg: github.com/qompack/qompack/internal/store
cpu: Intel(R) Core(TM) Ultra 7 155H
BenchmarkPutBytes_100KB_Warm_NoRedact-22       	     175	   6386089 ns/op	  16.03 MB/s	  902247 B/op	      15 allocs/op
BenchmarkPutBytes_100KB_Cold_NoRedact-22       	      28	  38454761 ns/op	   2.66 MB/s	 1061774 B/op	     327 allocs/op
BenchmarkPutBytes_100KB_Cold-22                	      31	  37819458 ns/op	   2.71 MB/s	 1168170 B/op	     344 allocs/op
BenchmarkPutBytes_100KB_Warm-22                	     147	   7808822 ns/op	  13.11 MB/s	 1008885 B/op	      16 allocs/op
BenchmarkPutBytes_100KB_Warm_KeepRaw/verbatim-22         	     146	   8371182 ns/op	  12.23 MB/s	 1008869 B/op	      16 allocs/op
BenchmarkPutBytes_100KB_Warm_KeepRaw/delta-22            	     144	   8449586 ns/op	  12.12 MB/s	 1116504 B/op	      31 allocs/op
BenchmarkPutBytes_100KB_Warm_KeepRaw/full-22             	     606	   1947959 ns/op	  52.58 MB/s	  635341 B/op	      23 allocs/op
BenchmarkPutObject_NovelChunk-22                         	     322	   3254441 ns/op	   1.26 MB/s	    6921 B/op	      17 allocs/op
BenchmarkGetChunk-22                                     	    5574	    206598 ns/op	   19854 B/op	       9 allocs/op
BenchmarkOpenSpan_4KB_of_4MB-22                          	    6277	    161856 ns/op	   20012 B/op	      10 allocs/op
BenchmarkOpenStore_50kRoots-22                           	       2	 954408300 ns/op	97399024 B/op	 1062463 allocs/op
BenchmarkGC_50kObjects-22                                	       1	1684600800 ns/op	59806600 B/op	  560810 allocs/op
BenchmarkCountFold_4MiB-22                               	     655	   1691903 ns/op	2479.04 MB/s	       0 B/op	       0 allocs/op
BenchmarkSearch_1000Roots-22                             	      87	  12391638 ns/op	 9260078 B/op	    7333 allocs/op
BenchmarkSearch_1000Roots_DistinctChunks-22              	       1	1293266200 ns/op	13995600 B/op	   11701 allocs/op
BenchmarkMarkEncoded_100-22                              	    4308	    275392 ns/op	   16897 B/op	     301 allocs/op
PASS
pathstest: HOME is "C:\\Users\\Quant\\AppData\\Local\\Temp\\2073238144\\001\\home" at the end of the run, not the isolated home "C:\\Users\\Quant\\AppData\\Local\\Temp\\qompack-test-home-723273027": a test changed it without restoring it, and every test after it ran against that directory
