goos: windows
goarch: amd64
pkg: github.com/qompack/qompack/internal/store
cpu: Intel(R) Core(TM) Ultra 7 155H
BenchmarkPutBytes_100KB_Warm_NoRedact-22       	     284	   4214515 ns/op	  24.30 MB/s	  902306 B/op	      15 allocs/op
BenchmarkPutBytes_100KB_Cold_NoRedact-22       	      61	  26063900 ns/op	   3.93 MB/s	 1061123 B/op	     325 allocs/op
BenchmarkPutBytes_100KB_Cold-22                	      64	  24970095 ns/op	   4.10 MB/s	 1170102 B/op	     353 allocs/op
BenchmarkPutBytes_100KB_Warm-22                	     234	   4946788 ns/op	  20.70 MB/s	 1008879 B/op	      16 allocs/op
BenchmarkPutBytes_100KB_Warm_KeepRaw/verbatim-22         	     250	   4518297 ns/op	  22.66 MB/s	 1008889 B/op	      16 allocs/op
BenchmarkPutBytes_100KB_Warm_KeepRaw/delta-22            	     225	   4941376 ns/op	  20.73 MB/s	 1116312 B/op	      31 allocs/op
BenchmarkPutBytes_100KB_Warm_KeepRaw/full-22             	    1082	   1096650 ns/op	  93.39 MB/s	  635323 B/op	      23 allocs/op
BenchmarkPutObject_NovelChunk-22                         	     573	   1817563 ns/op	   2.25 MB/s	    6822 B/op	      16 allocs/op
BenchmarkGetChunk-22                                     	   12044	    109670 ns/op	   19766 B/op	       9 allocs/op
BenchmarkOpenSpan_4KB_of_4MB-22                          	   14389	     84149 ns/op	   19836 B/op	      10 allocs/op
BenchmarkOpenStore_50kRoots-22                           	       2	 518484750 ns/op	97397268 B/op	 1062459 allocs/op
BenchmarkGC_50kObjects-22                                	       1	2342515300 ns/op	59609744 B/op	  560802 allocs/op
BenchmarkCountFold_4MiB-22                               	     454	   2380079 ns/op	1762.25 MB/s	       0 B/op	       0 allocs/op
BenchmarkSearch_1000Roots-22                             	      60	  17948367 ns/op	 9296690 B/op	    7352 allocs/op
BenchmarkSearch_1000Roots_DistinctChunks-22              	       1	1510778600 ns/op	14009248 B/op	   11702 allocs/op
BenchmarkMarkEncoded_100-22                              	    3130	    443431 ns/op	   16896 B/op	     301 allocs/op
PASS
pathstest: HOME is "C:\\Users\\Quant\\AppData\\Local\\Temp\\1567720712\\001\\home" at the end of the run, not the isolated home "C:\\Users\\Quant\\AppData\\Local\\Temp\\qompack-test-home-1236987487": a test changed it without restoring it, and every test after it ran against that directory
