goos: windows
goarch: amd64
pkg: github.com/qompack/qompack/internal/store
cpu: Intel(R) Core(TM) Ultra 7 155H
BenchmarkPutBytes_100KB_Warm_NoRedact-22       	     520	   2260097 ns/op	  45.31 MB/s	  902349 B/op	      15 allocs/op
BenchmarkPutBytes_100KB_Cold_NoRedact-22       	      91	  15931900 ns/op	   6.43 MB/s	 1060737 B/op	     324 allocs/op
BenchmarkPutBytes_100KB_Cold-22                	      96	  13679597 ns/op	   7.49 MB/s	 1170606 B/op	     353 allocs/op
BenchmarkPutBytes_100KB_Warm-22                	     452	   2627883 ns/op	  38.97 MB/s	 1008907 B/op	      16 allocs/op
BenchmarkPutBytes_100KB_Warm_KeepRaw/verbatim-22         	     422	   2989936 ns/op	  34.25 MB/s	 1008764 B/op	      16 allocs/op
BenchmarkPutBytes_100KB_Warm_KeepRaw/delta-22            	     408	   2923413 ns/op	  35.04 MB/s	 1116365 B/op	      31 allocs/op
BenchmarkPutBytes_100KB_Warm_KeepRaw/full-22             	    1587	    654245 ns/op	 156.55 MB/s	  635246 B/op	      23 allocs/op
BenchmarkPutObject_NovelChunk-22                         	    1636	    711788 ns/op	   5.75 MB/s	    6672 B/op	      15 allocs/op
BenchmarkGetChunk-22                                     	   21111	     51630 ns/op	   19739 B/op	       9 allocs/op
BenchmarkOpenSpan_4KB_of_4MB-22                          	   23166	     59050 ns/op	   19913 B/op	      10 allocs/op
BenchmarkOpenStore_50kRoots-22                           	       4	 282770275 ns/op	97394980 B/op	 1062454 allocs/op
BenchmarkGC_50kObjects-22                                	       1	1397119100 ns/op	59806232 B/op	  560806 allocs/op
BenchmarkCountFold_4MiB-22                               	     856	   1533045 ns/op	2735.93 MB/s	       0 B/op	       0 allocs/op
BenchmarkSearch_1000Roots-22                             	     104	   9894127 ns/op	 9257439 B/op	    7331 allocs/op
BenchmarkSearch_1000Roots_DistinctChunks-22              	       1	1147233200 ns/op	13900752 B/op	   11648 allocs/op
BenchmarkMarkEncoded_100-22                              	    5046	    245220 ns/op	   16896 B/op	     301 allocs/op
PASS
pathstest: HOME is "C:\\Users\\Quant\\AppData\\Local\\Temp\\1368367282\\001\\home" at the end of the run, not the isolated home "C:\\Users\\Quant\\AppData\\Local\\Temp\\qompack-test-home-3346439352": a test changed it without restoring it, and every test after it ran against that directory
