goos: windows
goarch: amd64
pkg: github.com/qompack/qompack/internal/store
cpu: Intel(R) Core(TM) Ultra 7 155H
BenchmarkPutBytes_100KB_Warm_NoRedact-22       	     558	   2221062 ns/op	  46.10 MB/s	  902312 B/op	      15 allocs/op
BenchmarkPutBytes_100KB_Cold_NoRedact-22       	      99	  12828975 ns/op	   7.98 MB/s	 1060156 B/op	     323 allocs/op
BenchmarkPutBytes_100KB_Cold-22                	      90	  14052332 ns/op	   7.29 MB/s	 1170277 B/op	     353 allocs/op
BenchmarkPutBytes_100KB_Warm-22                	     476	   2477284 ns/op	  41.34 MB/s	 1008755 B/op	      16 allocs/op
BenchmarkPutBytes_100KB_Warm_KeepRaw/verbatim-22         	     439	   2739512 ns/op	  37.38 MB/s	 1008853 B/op	      16 allocs/op
BenchmarkPutBytes_100KB_Warm_KeepRaw/delta-22            	     446	   2857304 ns/op	  35.85 MB/s	 1116307 B/op	      31 allocs/op
BenchmarkPutBytes_100KB_Warm_KeepRaw/full-22             	    1694	    659738 ns/op	 155.24 MB/s	  635282 B/op	      23 allocs/op
BenchmarkPutObject_NovelChunk-22                         	    1518	    686911 ns/op	   5.96 MB/s	    6663 B/op	      16 allocs/op
BenchmarkGetChunk-22                                     	   22920	     51169 ns/op	   19734 B/op	       9 allocs/op
BenchmarkOpenSpan_4KB_of_4MB-22                          	   24270	     50558 ns/op	   19930 B/op	      10 allocs/op
BenchmarkOpenStore_50kRoots-22                           	       4	 274698925 ns/op	97396640 B/op	 1062456 allocs/op
BenchmarkGC_50kObjects-22                                	       1	1286077100 ns/op	59806184 B/op	  560805 allocs/op
BenchmarkCountFold_4MiB-22                               	     850	   1405872 ns/op	2983.42 MB/s	       0 B/op	       0 allocs/op
BenchmarkSearch_1000Roots-22                             	     109	  10547100 ns/op	 9275133 B/op	    7339 allocs/op
BenchmarkSearch_1000Roots_DistinctChunks-22              	       1	1187552800 ns/op	13886912 B/op	   11676 allocs/op
BenchmarkMarkEncoded_100-22                              	    5071	    237821 ns/op	   16896 B/op	     301 allocs/op
PASS
pathstest: HOME is "C:\\Users\\Quant\\AppData\\Local\\Temp\\762053571\\001\\home" at the end of the run, not the isolated home "C:\\Users\\Quant\\AppData\\Local\\Temp\\qompack-test-home-3784859935": a test changed it without restoring it, and every test after it ran against that directory
