goos: windows
goarch: amd64
pkg: github.com/qompack/qompack/internal/store
cpu: Intel(R) Core(TM) Ultra 7 155H
BenchmarkPutBytes_100KB_Warm_NoRedact-22       	     333	   3492615 ns/op	  29.32 MB/s	  902264 B/op	      15 allocs/op
BenchmarkPutBytes_100KB_Cold_NoRedact-22       	      66	  23117050 ns/op	   4.43 MB/s	 1059534 B/op	     322 allocs/op
BenchmarkPutBytes_100KB_Cold-22                	      43	  24527758 ns/op	   4.17 MB/s	 1171065 B/op	     354 allocs/op
BenchmarkPutBytes_100KB_Warm-22                	     294	   3906223 ns/op	  26.21 MB/s	 1008884 B/op	      16 allocs/op
BenchmarkPutBytes_100KB_Warm_KeepRaw/verbatim-22         	     308	   4409065 ns/op	  23.22 MB/s	 1008839 B/op	      16 allocs/op
BenchmarkPutBytes_100KB_Warm_KeepRaw/delta-22            	     266	   5120300 ns/op	  20.00 MB/s	 1116475 B/op	      31 allocs/op
BenchmarkPutBytes_100KB_Warm_KeepRaw/full-22             	    1245	   1018479 ns/op	 100.56 MB/s	  635274 B/op	      23 allocs/op
BenchmarkPutObject_NovelChunk-22                         	     852	   1222184 ns/op	   3.35 MB/s	    6742 B/op	      16 allocs/op
BenchmarkGetChunk-22                                     	   13866	     94716 ns/op	   19826 B/op	       9 allocs/op
BenchmarkOpenSpan_4KB_of_4MB-22                          	   10000	    102992 ns/op	   19888 B/op	      10 allocs/op
BenchmarkOpenStore_50kRoots-22                           	       3	 446088967 ns/op	97396810 B/op	 1062463 allocs/op
BenchmarkGC_50kObjects-22                                	       1	2358043600 ns/op	59806248 B/op	  560806 allocs/op
BenchmarkCountFold_4MiB-22                               	     639	   2257397 ns/op	1858.03 MB/s	       0 B/op	       0 allocs/op
BenchmarkSearch_1000Roots-22                             	      75	  15296121 ns/op	 9295232 B/op	    7352 allocs/op
BenchmarkSearch_1000Roots_DistinctChunks-22              	       1	1505915400 ns/op	14005376 B/op	   11707 allocs/op
BenchmarkMarkEncoded_100-22                              	    2660	    382041 ns/op	   16896 B/op	     301 allocs/op
PASS
pathstest: HOME is "C:\\Users\\Quant\\AppData\\Local\\Temp\\3755988232\\001\\home" at the end of the run, not the isolated home "C:\\Users\\Quant\\AppData\\Local\\Temp\\qompack-test-home-2158659509": a test changed it without restoring it, and every test after it ran against that directory
