goos: windows
goarch: amd64
pkg: github.com/qompack/qompack/internal/store
cpu: Intel(R) Core(TM) Ultra 7 155H
BenchmarkPutBytes_100KB_Warm_NoRedact-22       	     547	   2223704 ns/op	  46.05 MB/s	  902385 B/op	      15 allocs/op
BenchmarkPutBytes_100KB_Cold_NoRedact-22       	      92	  12963033 ns/op	   7.90 MB/s	 1059767 B/op	     322 allocs/op
BenchmarkPutBytes_100KB_Cold-22                	      93	  14867972 ns/op	   6.89 MB/s	 1169529 B/op	     351 allocs/op
BenchmarkPutBytes_100KB_Warm-22                	     466	   2613014 ns/op	  39.19 MB/s	 1008844 B/op	      16 allocs/op
BenchmarkPutBytes_100KB_Warm_KeepRaw/verbatim-22         	     376	   2923957 ns/op	  35.02 MB/s	 1008838 B/op	      16 allocs/op
BenchmarkPutBytes_100KB_Warm_KeepRaw/delta-22            	     423	   2926924 ns/op	  35.00 MB/s	 1116277 B/op	      31 allocs/op
BenchmarkPutBytes_100KB_Warm_KeepRaw/full-22             	    1658	    655127 ns/op	 156.34 MB/s	  635262 B/op	      23 allocs/op
BenchmarkPutObject_NovelChunk-22                         	    1488	    882930 ns/op	   4.64 MB/s	    6680 B/op	      16 allocs/op
BenchmarkGetChunk-22                                     	   22101	     54629 ns/op	   19725 B/op	       9 allocs/op
BenchmarkOpenSpan_4KB_of_4MB-22                          	   20612	     58359 ns/op	   19860 B/op	      10 allocs/op
BenchmarkOpenStore_50kRoots-22                           	       4	 280354450 ns/op	97399386 B/op	 1062464 allocs/op
BenchmarkGC_50kObjects-22                                	       1	1440614500 ns/op	59871984 B/op	  560810 allocs/op
BenchmarkCountFold_4MiB-22                               	     746	   1509240 ns/op	2779.08 MB/s	       0 B/op	       0 allocs/op
BenchmarkSearch_1000Roots-22                             	     102	  11388456 ns/op	 9262120 B/op	    7333 allocs/op
BenchmarkSearch_1000Roots_DistinctChunks-22              	       1	1181721800 ns/op	13922384 B/op	   11658 allocs/op
BenchmarkMarkEncoded_100-22                              	    4833	    247155 ns/op	   16896 B/op	     301 allocs/op
PASS
pathstest: HOME is "C:\\Users\\Quant\\AppData\\Local\\Temp\\974222978\\001\\home" at the end of the run, not the isolated home "C:\\Users\\Quant\\AppData\\Local\\Temp\\qompack-test-home-1445508935": a test changed it without restoring it, and every test after it ran against that directory
