goos: windows
goarch: amd64
pkg: github.com/qompack/qompack/internal/store
cpu: Intel(R) Core(TM) Ultra 7 155H
BenchmarkPutBytes_100KB_Warm_NoRedact-22       	     567	   2858355 ns/op	  35.82 MB/s	  902382 B/op	      15 allocs/op
BenchmarkPutBytes_100KB_Cold_NoRedact-22       	      57	  20139595 ns/op	   5.08 MB/s	 1060363 B/op	     323 allocs/op
BenchmarkPutBytes_100KB_Cold-22                	      54	  21652646 ns/op	   4.73 MB/s	 1170205 B/op	     352 allocs/op
BenchmarkPutBytes_100KB_Warm-22                	     266	   5279802 ns/op	  19.39 MB/s	 1008931 B/op	      16 allocs/op
BenchmarkPutBytes_100KB_Warm_KeepRaw/verbatim-22         	     242	   4890446 ns/op	  20.94 MB/s	 1008822 B/op	      16 allocs/op
BenchmarkPutBytes_100KB_Warm_KeepRaw/delta-22            	     270	   4711761 ns/op	  21.74 MB/s	 1116434 B/op	      31 allocs/op
BenchmarkPutBytes_100KB_Warm_KeepRaw/full-22             	     978	   1047248 ns/op	  97.80 MB/s	  635352 B/op	      23 allocs/op
BenchmarkPutObject_NovelChunk-22                         	     846	   1258399 ns/op	   3.25 MB/s	    6744 B/op	      16 allocs/op
BenchmarkGetChunk-22                                     	   13930	     90562 ns/op	   19762 B/op	       9 allocs/op
BenchmarkOpenSpan_4KB_of_4MB-22                          	   16850	     83092 ns/op	   19977 B/op	      10 allocs/op
BenchmarkOpenStore_50kRoots-22                           	       3	 477129067 ns/op	97400309 B/op	 1062469 allocs/op
BenchmarkGC_50kObjects-22                                	       1	2388245100 ns/op	59675464 B/op	  560806 allocs/op
BenchmarkCountFold_4MiB-22                               	     496	   2622233 ns/op	1599.51 MB/s	       0 B/op	       0 allocs/op
BenchmarkSearch_1000Roots-22                             	      70	  14557861 ns/op	 9271706 B/op	    7339 allocs/op
BenchmarkSearch_1000Roots_DistinctChunks-22              	       1	1161545400 ns/op	13678496 B/op	   11543 allocs/op
BenchmarkMarkEncoded_100-22                              	    2492	    422004 ns/op	   16897 B/op	     301 allocs/op
PASS
pathstest: HOME is "C:\\Users\\Quant\\AppData\\Local\\Temp\\2963796876\\001\\home" at the end of the run, not the isolated home "C:\\Users\\Quant\\AppData\\Local\\Temp\\qompack-test-home-675015342": a test changed it without restoring it, and every test after it ran against that directory
