goos: windows
goarch: amd64
pkg: github.com/qompack/qompack/internal/store
cpu: Intel(R) Core(TM) Ultra 7 155H
BenchmarkPutBytes_100KB_Warm_NoRedact-22       	     536	   2244711 ns/op	  45.62 MB/s	  902304 B/op	      15 allocs/op
BenchmarkPutBytes_100KB_Cold_NoRedact-22       	      81	  13276068 ns/op	   7.71 MB/s	 1059853 B/op	     322 allocs/op
BenchmarkPutBytes_100KB_Cold-22                	      88	  15328922 ns/op	   6.68 MB/s	 1170245 B/op	     353 allocs/op
BenchmarkPutBytes_100KB_Warm-22                	     465	   2590843 ns/op	  39.52 MB/s	 1008814 B/op	      16 allocs/op
BenchmarkPutBytes_100KB_Warm_KeepRaw/verbatim-22         	     436	   2777443 ns/op	  36.87 MB/s	 1008778 B/op	      16 allocs/op
BenchmarkPutBytes_100KB_Warm_KeepRaw/delta-22            	     410	   2819797 ns/op	  36.33 MB/s	 1116316 B/op	      31 allocs/op
BenchmarkPutBytes_100KB_Warm_KeepRaw/full-22             	    1813	    660188 ns/op	 155.14 MB/s	  635300 B/op	      23 allocs/op
BenchmarkPutObject_NovelChunk-22                         	    1347	    767502 ns/op	   5.34 MB/s	    6678 B/op	      16 allocs/op
BenchmarkGetChunk-22                                     	   22299	     51511 ns/op	   19773 B/op	       9 allocs/op
BenchmarkOpenSpan_4KB_of_4MB-22                          	   22629	     52603 ns/op	   19853 B/op	      10 allocs/op
BenchmarkOpenStore_50kRoots-22                           	       4	 295361900 ns/op	97395730 B/op	 1062460 allocs/op
BenchmarkGC_50kObjects-22                                	       1	1375006600 ns/op	59740704 B/op	  560804 allocs/op
BenchmarkCountFold_4MiB-22                               	     858	   1393230 ns/op	3010.49 MB/s	       0 B/op	       0 allocs/op
BenchmarkSearch_1000Roots-22                             	     109	   9836098 ns/op	 9289822 B/op	    7348 allocs/op
BenchmarkSearch_1000Roots_DistinctChunks-22              	       1	1143969900 ns/op	13869824 B/op	   11651 allocs/op
BenchmarkMarkEncoded_100-22                              	    5085	    248351 ns/op	   16896 B/op	     301 allocs/op
PASS
pathstest: HOME is "C:\\Users\\Quant\\AppData\\Local\\Temp\\1497306907\\001\\home" at the end of the run, not the isolated home "C:\\Users\\Quant\\AppData\\Local\\Temp\\qompack-test-home-2624376309": a test changed it without restoring it, and every test after it ran against that directory
