## allocs/op of BenchmarkPathsWriteAtomic_4KB before (c6019e8) and after the fold; sec/op is fsync-bound and host-loaded, not compared
## before: git archive c6019e8
goos: windows
goarch: amd64
pkg: github.com/qompack/qompack/internal/paths
cpu: Intel(R) Core(TM) Ultra 7 155H
BenchmarkPathsWriteAtomic_4KB-22    	      92	  14869109 ns/op	   0.28 MB/s	    3041 B/op	      29 allocs/op
BenchmarkPathsWriteAtomic_4KB-22    	      74	  18800865 ns/op	   0.22 MB/s	    3053 B/op	      29 allocs/op
BenchmarkPathsWriteAtomic_4KB-22    	     100	  19727108 ns/op	   0.21 MB/s	    3042 B/op	      29 allocs/op
PASS
ok  	github.com/qompack/qompack/internal/paths	10.983s
## after: working tree
goos: windows
goarch: amd64
pkg: github.com/qompack/qompack/internal/paths
cpu: Intel(R) Core(TM) Ultra 7 155H
BenchmarkPathsWriteAtomic_4KB-22    	     126	   9992884 ns/op	   0.41 MB/s	    3032 B/op	      29 allocs/op
BenchmarkPathsWriteAtomic_4KB-22    	      69	  17801800 ns/op	   0.23 MB/s	    3055 B/op	      29 allocs/op
BenchmarkPathsWriteAtomic_4KB-22    	     100	  16191069 ns/op	   0.25 MB/s	    3043 B/op	      29 allocs/op
PASS
ok  	github.com/qompack/qompack/internal/paths	8.870s
