=== RUN   TestIntegration_HotPathWarmWithRealResidentState
    hotpath_test.go:975: §4.6 resident state: ToolUses=2000 RawBytes=43020000 (41.0 MB) StoredBytes=3781969 DedupRatio=11.38 Objects=9555 Files=40; DAG Nodes=6240 Edges=16000 LogBytes=8056239
    hotpath_test.go:985: §4.6 resident sketch set on disk: tried.bloom=12072B touch.cms=54474B explore.hll=2102B
    hotpath_test.go:1092: bench harness stdout:
        hotpath: building C:\Users\Quant\AppData\Local\Temp\qompack-bench-build-3367063619\qompack.exe...
        hotpath: starting daemon (\\.\pipe\qompack-bench-21812-98ce54737b7fb9f7)...
        hotpath: daemon is reachable
        hotpath: warming daemon (64 hot-path observe.tool + 1936 admin.ping)...
        hotpath: warm-up sent ~1.1 MB across 64 hot-path requests (plus 1936 admin.ping round trips)
        hotpath: measuring spawn floor (200 x qompack version)...
        hotpath: measuring B-A/B-D (2000 x qompack [observe tool])...
        hotpath: measuring B-E (50 x qompack checkpoint)...
        hotpath: measuring hook ACK round trip (64 x in-process observe.tool)...
        
        hotpath bench summary (windows/amd64, n=2000)
          spawn floor: p50=16.385ms p99=32.956ms (n=200)
          b_a_method: daemon status hook_controlled (observed + hotPathTailAllowance), p99 gated against obs.Budgets() B-A's limit (reported, not gated, under --under-coload — see the notes); see the B-A_spawn_estimate row for the wall-clock, floor-subtracted diagnostic (unbiased at p50, dispersion-contaminated at p99 — spec step 6 amended by controller ruling #29)
        
          B-A                 n=1536  p50=  20.480ms p95=  26.624ms p99=  36.864ms p999= 114.688ms max=  146.000ms limit=n/a        [reported]
          B-B                 n=1536  p50=   8.192ms p95=  11.264ms p99=  13.312ms p999=  98.304ms max=  132.760ms limit=n/a        [reported]
          B-D                 n=2000  p50=  36.420ms p95= 109.425ms p99= 258.881ms p999= 607.676ms max=  798.642ms limit=n/a        [reported]
          B-E                 n=50    p50= 155.507ms p95= 211.738ms p99= 235.298ms p999= 235.298ms max=  235.298ms limit=n/a        [reported]
          B-E_cpu             n=50    p50=  31.250ms p95=  46.875ms p99=  62.500ms p999=  62.500ms max=   62.500ms limit=2000.000ms [PASS]
          B-A_spawn_estimate  n=2000  p50=  20.034ms p95=  93.039ms p99= 242.495ms p999= 591.290ms max=  782.256ms limit=n/a        [reported]
          hook_ack_rtt        n=64    p50=   0.000ms p95=   0.000ms p99=   0.550ms p999=   0.550ms max=    0.550ms limit=n/a        [reported]
        
          note: B-C not measured in wave 1: the processing seams are stubs
          note: delivery ledger: 2130 hot-path requests sent, 1537 delivered live to the daemon, 593 DEFERRED to the client spool and 0 lost. A deferral is §8.1/§12.2's documented degrade-rather-than-block path (internal/ipc/client.go's Send spools and returns instead of waiting), so the event is durable and the daemon replays it on its next drain — but it is still a sample missing from the top of every gated daemon-side population, so it is counted back in as an over-budget sample rather than dropped
          note: B-A's p99 CANNOT be certified and its gate is failed on that ground: 528 of the 2064 planned samples never reached the daemon's histogram and are counted as over-budget samples, which puts the full population's nearest-rank p99 at rank 2044 of 2064 — inside the un-delivered block, since only 1536 samples were observed. The p99 field reports the DELIVERED set's own p99 for diagnosis only; it is a lower bound on the real one, never the gated number
          note: B-A's row is REPORTED, not gated, for this run: --under-coload declares that the harness shares its host with unrelated concurrent work, and B-A is the daemon-observed hook_controlled estimate (recvTS - reqTS + tail allowance) whose reqTS is stamped inside the spawned hook process, so under co-load the interval contains the child's scheduling wait — a cross-process latency with no CPU-time analogue to gate instead (on windows-latest, one commit: bench-gate, harness alone on its runner, measured this row's p99 at 3.072ms; two whole-tree test-job runs minutes apart measured 11.264ms then 18.432ms against the 15ms limit, while the spawn floor's p50 went 12.954 → 24.431 / 23.143ms). B-B moved only 0.576 → 0.768 / 0.704ms in those same runs and was read then as the co-load-robust control; it is not one any more — since f6a8691 its region carries three fsyncs — and it is REPORTED in this run too, under its own note. The 15ms limit is still enforced on B-A by every run that does NOT pass --under-coload — bench-gate, nightly bench-deep, ci.yml's timing job, and its test-e2e job, where X-11 runs alone
          note: B-B's p99 CANNOT be certified and its gate is failed on that ground: 528 of the 2064 planned samples never reached the daemon's histogram and are counted as over-budget samples, which puts the full population's nearest-rank p99 at rank 2044 of 2064 — inside the un-delivered block, since only 1536 samples were observed. The p99 field reports the DELIVERED set's own p99 for diagnosis only; it is a lower bound on the real one, never the gated number
          note: B-B's row is REPORTED, not gated, for this run: --under-coload declares that the harness shares its host with unrelated concurrent work, and B-B times the daemon's own ingest.Accept in full — a region that has carried three fsyncs (the WAL Sync, the lease journal's Sync and the seal) since f6a8691 made the delivery path durable, so co-load moves it like any other wall-clock cost (the last full parallel pass measured this row's p99 at 14.3 / 28.7 / 53.2ms against the 50ms limit, while three runs of the same build inside an attested quiet window measured 20.480 / 12.288 / 20.480ms). There is no CPU-time analogue to gate instead: B-B has no child process, so the user+system time of a spawned child cannot be read for it; obs.ProcessCPU is a cumulative whole-process counter summed over every thread, quantised to Windows's 15.625ms scheduler tick (internal/obs/cpu_windows.go), so a single-request bracket against a limit in the low tens of milliseconds reads exact zero, which that file requires be treated as a FAILED measurement; and what inflates this row is fsync — blocked time that costs no CPU at all. The 50ms limit is still enforced on B-B by every run that does NOT pass --under-coload — bench-gate, nightly bench-deep, ci.yml's timing job (which runs test/integration's hot-path test alone by name) and its test-e2e job, where X-11 runs alone — and the co-load-immune structural gates T9, T10 and T14 (one sync per batch, check-then-append order, zero releases before the seal; internal/daemon's delivery group-commit tests) run in every lane regardless. This is ADR 0010's fallback branch applied to a row its enumeration misclassified, per SP20-D1 design section 7.6's Q3; internal/obs/budgets.go still marks B-B Gated, and only this RUN reports it
          note: B-E's wall-clock row is REPORTED, not gated, for this run: --under-coload declares that the harness shares its host with unrelated concurrent work, and a wall-clock sample taken under co-load measures the host's spare capacity rather than the checkpoint (bench-gate measured this same row at 67.2ms on windows-latest in isolation and the whole-tree job at 4302ms on the same runner class minutes later, product unchanged). The 2000ms limit is still enforced on that wall-clock row by every run that does NOT pass --under-coload — bench-gate and nightly — and the B-E_cpu row below enforces the same 2000ms limit on these children's own CPU time, which co-load does not move; see budgetIDBECPU (report.go)
          note: hook_ack_rtt is REPORTED, never gated: it is the client-side ACK round trip of 64 in-process observe.tool deliveries, each with a fresh nonce and a real lease, timed through the same ipc.Client a hook uses. Design §7.5 sizes the ACK deadline from it as AckDeadlineMs = L0IngestMs + ceil(slack99), where slack99 = p99(hook_ack_rtt) - p99(B-B) over this same run. The timed samples are preceded by 2 DISCARDED warm-up requests on the same session: without them sample #0 paid a session-registry insertion and a WAL segment create on top of the round trip, and at 64 samples with nearest-rank percentiles p99 IS the maximum sample, so that one sample became the number the deadline was sized from. Its traffic IS real hot-path traffic, so all 66 requests do reach the daemon's l0_ingest and hook_controlled histograms — but this run reads both of those for the gated B-A and B-B rows BEFORE any of the tranche is sent, warm-ups included, so none of it is inside either gated population, and the B-B this row is differenced against contains none of its own deliveries. They are reconciled rather than ignored: a second status read after the tranche counts every one of them, warm-ups included, into the delivery ledger, so a deferral of this tranche's own cannot pass unnoticed. The in-process traffic that does sit inside the gated populations is the warm-up's, disclosed with its own computed proportion. A p99 over 64 samples is still that set's own top sample, which is why §7.5 takes the maximum across three runs rather than trusting one
          note: daemon-observed hook_controlled_observed (recvTS-reqTS, strict lower bound, no hotPathTailAllowance): p50=5.120ms p99=12.288ms n=1536 — informational cross-check against the gated B-A row above, which adds the tail allowance
          note: B-A's gated n=2064 includes 64 in-process warm-up observe.tool requests (Send-time TS, not a spawned process's main() entry) alongside 2000 real hook spawns from the B-A/B-D loop — the warm-up hot-path tranche (warmHotTranche=64, a small, fixed constant) is 3.1% of the gated population for this run; see B-A_spawn_estimate for the wall-clock diagnostic derived purely from real spawns
          note: B-B's n includes the 64 warm-up hot-path (observe.tool) requests, not just the B-A/B-D measurement loop — the daemon's own l0_ingest count, reported verbatim (conservative for B-B: warm-up payloads run 4KB-256KB, larger than B-A/B-D's fixed representative payload). The other 1936 warm-up requests are admin.ping round trips and never reach l0_ingest at all (FIX ROUND 2, N-1)
        
    hotpath_test.go:1094: bench artifact C:\Users\Quant\AppData\Local\Temp\TestIntegration_HotPathWarmWithRealResidentState1236118010\003\v2-bench-hotpath.json:
        {
          "platform": "windows/amd64",
          "n": 2000,
          "b_a_method": "daemon status hook_controlled (observed + hotPathTailAllowance), p99 gated against obs.Budgets() B-A's limit (reported, not gated, under --under-coload — see the notes); see the B-A_spawn_estimate row for the wall-clock, floor-subtracted diagnostic (unbiased at p50, dispersion-contaminated at p99 — spec step 6 amended by controller ruling #29)",
          "spawn_floor_ms": {
            "n": 200,
            "p50": 16.385,
            "p99": 32.956
          },
          "notes": [
            "B-C not measured in wave 1: the processing seams are stubs",
            "delivery ledger: 2130 hot-path requests sent, 1537 delivered live to the daemon, 593 DEFERRED to the client spool and 0 lost. A deferral is §8.1/§12.2's documented degrade-rather-than-block path (internal/ipc/client.go's Send spools and returns instead of waiting), so the event is durable and the daemon replays it on its next drain — but it is still a sample missing from the top of every gated daemon-side population, so it is counted back in as an over-budget sample rather than dropped",
            "B-A's p99 CANNOT be certified and its gate is failed on that ground: 528 of the 2064 planned samples never reached the daemon's histogram and are counted as over-budget samples, which puts the full population's nearest-rank p99 at rank 2044 of 2064 — inside the un-delivered block, since only 1536 samples were observed. The p99 field reports the DELIVERED set's own p99 for diagnosis only; it is a lower bound on the real one, never the gated number",
            "B-A's row is REPORTED, not gated, for this run: --under-coload declares that the harness shares its host with unrelated concurrent work, and B-A is the daemon-observed hook_controlled estimate (recvTS - reqTS + tail allowance) whose reqTS is stamped inside the spawned hook process, so under co-load the interval contains the child's scheduling wait — a cross-process latency with no CPU-time analogue to gate instead (on windows-latest, one commit: bench-gate, harness alone on its runner, measured this row's p99 at 3.072ms; two whole-tree test-job runs minutes apart measured 11.264ms then 18.432ms against the 15ms limit, while the spawn floor's p50 went 12.954 → 24.431 / 23.143ms). B-B moved only 0.576 → 0.768 / 0.704ms in those same runs and was read then as the co-load-robust control; it is not one any more — since f6a8691 its region carries three fsyncs — and it is REPORTED in this run too, under its own note. The 15ms limit is still enforced on B-A by every run that does NOT pass --under-coload — bench-gate, nightly bench-deep, ci.yml's timing job, and its test-e2e job, where X-11 runs alone",
            "B-B's p99 CANNOT be certified and its gate is failed on that ground: 528 of the 2064 planned samples never reached the daemon's histogram and are counted as over-budget samples, which puts the full population's nearest-rank p99 at rank 2044 of 2064 — inside the un-delivered block, since only 1536 samples were observed. The p99 field reports the DELIVERED set's own p99 for diagnosis only; it is a lower bound on the real one, never the gated number",
            "B-B's row is REPORTED, not gated, for this run: --under-coload declares that the harness shares its host with unrelated concurrent work, and B-B times the daemon's own ingest.Accept in full — a region that has carried three fsyncs (the WAL Sync, the lease journal's Sync and the seal) since f6a8691 made the delivery path durable, so co-load moves it like any other wall-clock cost (the last full parallel pass measured this row's p99 at 14.3 / 28.7 / 53.2ms against the 50ms limit, while three runs of the same build inside an attested quiet window measured 20.480 / 12.288 / 20.480ms). There is no CPU-time analogue to gate instead: B-B has no child process, so the user+system time of a spawned child cannot be read for it; obs.ProcessCPU is a cumulative whole-process counter summed over every thread, quantised to Windows's 15.625ms scheduler tick (internal/obs/cpu_windows.go), so a single-request bracket against a limit in the low tens of milliseconds reads exact zero, which that file requires be treated as a FAILED measurement; and what inflates this row is fsync — blocked time that costs no CPU at all. The 50ms limit is still enforced on B-B by every run that does NOT pass --under-coload — bench-gate, nightly bench-deep, ci.yml's timing job (which runs test/integration's hot-path test alone by name) and its test-e2e job, where X-11 runs alone — and the co-load-immune structural gates T9, T10 and T14 (one sync per batch, check-then-append order, zero releases before the seal; internal/daemon's delivery group-commit tests) run in every lane regardless. This is ADR 0010's fallback branch applied to a row its enumeration misclassified, per SP20-D1 design section 7.6's Q3; internal/obs/budgets.go still marks B-B Gated, and only this RUN reports it",
            "B-E's wall-clock row is REPORTED, not gated, for this run: --under-coload declares that the harness shares its host with unrelated concurrent work, and a wall-clock sample taken under co-load measures the host's spare capacity rather than the checkpoint (bench-gate measured this same row at 67.2ms on windows-latest in isolation and the whole-tree job at 4302ms on the same runner class minutes later, product unchanged). The 2000ms limit is still enforced on that wall-clock row by every run that does NOT pass --under-coload — bench-gate and nightly — and the B-E_cpu row below enforces the same 2000ms limit on these children's own CPU time, which co-load does not move; see budgetIDBECPU (report.go)",
            "hook_ack_rtt is REPORTED, never gated: it is the client-side ACK round trip of 64 in-process observe.tool deliveries, each with a fresh nonce and a real lease, timed through the same ipc.Client a hook uses. Design §7.5 sizes the ACK deadline from it as AckDeadlineMs = L0IngestMs + ceil(slack99), where slack99 = p99(hook_ack_rtt) - p99(B-B) over this same run. The timed samples are preceded by 2 DISCARDED warm-up requests on the same session: without them sample #0 paid a session-registry insertion and a WAL segment create on top of the round trip, and at 64 samples with nearest-rank percentiles p99 IS the maximum sample, so that one sample became the number the deadline was sized from. Its traffic IS real hot-path traffic, so all 66 requests do reach the daemon's l0_ingest and hook_controlled histograms — but this run reads both of those for the gated B-A and B-B rows BEFORE any of the tranche is sent, warm-ups included, so none of it is inside either gated population, and the B-B this row is differenced against contains none of its own deliveries. They are reconciled rather than ignored: a second status read after the tranche counts every one of them, warm-ups included, into the delivery ledger, so a deferral of this tranche's own cannot pass unnoticed. The in-process traffic that does sit inside the gated populations is the warm-up's, disclosed with its own computed proportion. A p99 over 64 samples is still that set's own top sample, which is why §7.5 takes the maximum across three runs rather than trusting one",
            "daemon-observed hook_controlled_observed (recvTS-reqTS, strict lower bound, no hotPathTailAllowance): p50=5.120ms p99=12.288ms n=1536 — informational cross-check against the gated B-A row above, which adds the tail allowance",
            "B-A's gated n=2064 includes 64 in-process warm-up observe.tool requests (Send-time TS, not a spawned process's main() entry) alongside 2000 real hook spawns from the B-A/B-D loop — the warm-up hot-path tranche (warmHotTranche=64, a small, fixed constant) is 3.1% of the gated population for this run; see B-A_spawn_estimate for the wall-clock diagnostic derived purely from real spawns",
            "B-B's n includes the 64 warm-up hot-path (observe.tool) requests, not just the B-A/B-D measurement loop — the daemon's own l0_ingest count, reported verbatim (conservative for B-B: warm-up payloads run 4KB-256KB, larger than B-A/B-D's fixed representative payload). The other 1936 warm-up requests are admin.ping round trips and never reach l0_ingest at all (FIX ROUND 2, N-1)"
          ],
          "budgets": [
            {
              "budget_id": "B-A",
              "n": 1536,
              "p50": 20.48,
              "p95": 26.624,
              "p99": 36.864,
              "p999": 114.688,
              "max": 146,
              "limit_ms": null,
              "pass": null
            },
            {
              "budget_id": "B-B",
              "n": 1536,
              "p50": 8.192,
              "p95": 11.264,
              "p99": 13.312,
              "p999": 98.304,
              "max": 132.76,
              "limit_ms": null,
              "pass": null
            },
            {
              "budget_id": "B-D",
              "n": 2000,
              "p50": 36.42,
              "p95": 109.425,
              "p99": 258.881,
              "p999": 607.676,
              "max": 798.642,
              "limit_ms": null,
              "pass": null
            },
            {
              "budget_id": "B-E",
              "n": 50,
              "p50": 155.507,
              "p95": 211.738,
              "p99": 235.298,
              "p999": 235.298,
              "max": 235.298,
              "limit_ms": null,
              "pass": null
            },
            {
              "budget_id": "B-E_cpu",
              "n": 50,
              "p50": 31.25,
              "p95": 46.875,
              "p99": 62.5,
              "p999": 62.5,
              "max": 62.5,
              "limit_ms": 2000,
              "pass": true
            },
            {
              "budget_id": "B-A_spawn_estimate",
              "n": 2000,
              "p50": 20.034,
              "p95": 93.039,
              "p99": 242.495,
              "p999": 591.29,
              "max": 782.256,
              "limit_ms": null,
              "pass": null
            },
            {
              "budget_id": "hook_ack_rtt",
              "n": 64,
              "p50": 0,
              "p95": 0,
              "p99": 0.55,
              "p999": 0.55,
              "max": 0.55,
              "limit_ms": null,
              "pass": null
            }
          ]
        }
    hotpath_test.go:1157: §4.6 populations: planned 2064 hot-path sends; B-A n=1536 (528 never reached hook_controlled), B-B n=1536 (528 never reached l0_ingest); delivery ledger &{sent:2130 delivered:1537 deferred:593}
    hotpath_test.go:1220: §4.6 under QOMPACK_UNDER_COLOAD: B-A p99=36.864ms (limit 15ms), B-B p99=13.312ms (limit 50ms) and B-E wall p99=235.298ms (limit 2000ms) are REPORTED here, not judged; ci.yml's `timing` job runs this test alone and judges all three
    hotpath_test.go:1263: §4.6 under QOMPACK_UNDER_COLOAD: the daemon moved to §12.2 spool submode 1 time(s), REPORTED not failed (D39): the WARN and LOUD.log lines name the breach as budget_ms=15 over windows=3 consecutive 512-sample windows (state.bin watcher saw hot=1: true; state.bin left by teardown still spool: false); delivered to the daemon: B-A n=1536 p99=36.864ms, B-B n=1536 p99=13.312ms, of 2064 planned; delivery ledger 2130 sent = 1537 delivered live + 593 deferred to the client spool, 0 lost
    hotpath_test.go:1282: §4.6 measured (platform windows/amd64, n=2000): B-A p99=36.864ms (limit 15ms, n=1536; reported, not gated: --under-coload) | B-B p99=13.312ms (limit 50ms, n=1536; reported, not gated: --under-coload) | B-E_cpu p99=62.500ms (limit 2000ms, n=50) | B-E wall p50=155.507ms p99=235.298ms (limit 2000ms; reported, not gated: --under-coload) | B-D p50=36.420ms p99=258.881ms max=798.642ms | spawn_floor p50=16.385ms p99=32.956ms (n=200) | B-A_spawn_estimate p50=20.034ms p99=242.495ms | b_a_method="daemon status hook_controlled (observed + hotPathTailAllowance), p99 gated against obs.Budgets() B-A's limit (reported, not gated, under --under-coload — see the notes); see the B-A_spawn_estimate row for the wall-clock, floor-subtracted diagnostic (unbiased at p50, dispersion-contaminated at p99 — spec step 6 amended by controller ruling #29)"
    hotpath_test.go:1291: bench note: B-C not measured in wave 1: the processing seams are stubs
    hotpath_test.go:1291: bench note: delivery ledger: 2130 hot-path requests sent, 1537 delivered live to the daemon, 593 DEFERRED to the client spool and 0 lost. A deferral is §8.1/§12.2's documented degrade-rather-than-block path (internal/ipc/client.go's Send spools and returns instead of waiting), so the event is durable and the daemon replays it on its next drain — but it is still a sample missing from the top of every gated daemon-side population, so it is counted back in as an over-budget sample rather than dropped
    hotpath_test.go:1291: bench note: B-A's p99 CANNOT be certified and its gate is failed on that ground: 528 of the 2064 planned samples never reached the daemon's histogram and are counted as over-budget samples, which puts the full population's nearest-rank p99 at rank 2044 of 2064 — inside the un-delivered block, since only 1536 samples were observed. The p99 field reports the DELIVERED set's own p99 for diagnosis only; it is a lower bound on the real one, never the gated number
    hotpath_test.go:1291: bench note: B-A's row is REPORTED, not gated, for this run: --under-coload declares that the harness shares its host with unrelated concurrent work, and B-A is the daemon-observed hook_controlled estimate (recvTS - reqTS + tail allowance) whose reqTS is stamped inside the spawned hook process, so under co-load the interval contains the child's scheduling wait — a cross-process latency with no CPU-time analogue to gate instead (on windows-latest, one commit: bench-gate, harness alone on its runner, measured this row's p99 at 3.072ms; two whole-tree test-job runs minutes apart measured 11.264ms then 18.432ms against the 15ms limit, while the spawn floor's p50 went 12.954 → 24.431 / 23.143ms). B-B moved only 0.576 → 0.768 / 0.704ms in those same runs and was read then as the co-load-robust control; it is not one any more — since f6a8691 its region carries three fsyncs — and it is REPORTED in this run too, under its own note. The 15ms limit is still enforced on B-A by every run that does NOT pass --under-coload — bench-gate, nightly bench-deep, ci.yml's timing job, and its test-e2e job, where X-11 runs alone
    hotpath_test.go:1291: bench note: B-B's p99 CANNOT be certified and its gate is failed on that ground: 528 of the 2064 planned samples never reached the daemon's histogram and are counted as over-budget samples, which puts the full population's nearest-rank p99 at rank 2044 of 2064 — inside the un-delivered block, since only 1536 samples were observed. The p99 field reports the DELIVERED set's own p99 for diagnosis only; it is a lower bound on the real one, never the gated number
    hotpath_test.go:1291: bench note: B-B's row is REPORTED, not gated, for this run: --under-coload declares that the harness shares its host with unrelated concurrent work, and B-B times the daemon's own ingest.Accept in full — a region that has carried three fsyncs (the WAL Sync, the lease journal's Sync and the seal) since f6a8691 made the delivery path durable, so co-load moves it like any other wall-clock cost (the last full parallel pass measured this row's p99 at 14.3 / 28.7 / 53.2ms against the 50ms limit, while three runs of the same build inside an attested quiet window measured 20.480 / 12.288 / 20.480ms). There is no CPU-time analogue to gate instead: B-B has no child process, so the user+system time of a spawned child cannot be read for it; obs.ProcessCPU is a cumulative whole-process counter summed over every thread, quantised to Windows's 15.625ms scheduler tick (internal/obs/cpu_windows.go), so a single-request bracket against a limit in the low tens of milliseconds reads exact zero, which that file requires be treated as a FAILED measurement; and what inflates this row is fsync — blocked time that costs no CPU at all. The 50ms limit is still enforced on B-B by every run that does NOT pass --under-coload — bench-gate, nightly bench-deep, ci.yml's timing job (which runs test/integration's hot-path test alone by name) and its test-e2e job, where X-11 runs alone — and the co-load-immune structural gates T9, T10 and T14 (one sync per batch, check-then-append order, zero releases before the seal; internal/daemon's delivery group-commit tests) run in every lane regardless. This is ADR 0010's fallback branch applied to a row its enumeration misclassified, per SP20-D1 design section 7.6's Q3; internal/obs/budgets.go still marks B-B Gated, and only this RUN reports it
    hotpath_test.go:1291: bench note: B-E's wall-clock row is REPORTED, not gated, for this run: --under-coload declares that the harness shares its host with unrelated concurrent work, and a wall-clock sample taken under co-load measures the host's spare capacity rather than the checkpoint (bench-gate measured this same row at 67.2ms on windows-latest in isolation and the whole-tree job at 4302ms on the same runner class minutes later, product unchanged). The 2000ms limit is still enforced on that wall-clock row by every run that does NOT pass --under-coload — bench-gate and nightly — and the B-E_cpu row below enforces the same 2000ms limit on these children's own CPU time, which co-load does not move; see budgetIDBECPU (report.go)
    hotpath_test.go:1291: bench note: hook_ack_rtt is REPORTED, never gated: it is the client-side ACK round trip of 64 in-process observe.tool deliveries, each with a fresh nonce and a real lease, timed through the same ipc.Client a hook uses. Design §7.5 sizes the ACK deadline from it as AckDeadlineMs = L0IngestMs + ceil(slack99), where slack99 = p99(hook_ack_rtt) - p99(B-B) over this same run. The timed samples are preceded by 2 DISCARDED warm-up requests on the same session: without them sample #0 paid a session-registry insertion and a WAL segment create on top of the round trip, and at 64 samples with nearest-rank percentiles p99 IS the maximum sample, so that one sample became the number the deadline was sized from. Its traffic IS real hot-path traffic, so all 66 requests do reach the daemon's l0_ingest and hook_controlled histograms — but this run reads both of those for the gated B-A and B-B rows BEFORE any of the tranche is sent, warm-ups included, so none of it is inside either gated population, and the B-B this row is differenced against contains none of its own deliveries. They are reconciled rather than ignored: a second status read after the tranche counts every one of them, warm-ups included, into the delivery ledger, so a deferral of this tranche's own cannot pass unnoticed. The in-process traffic that does sit inside the gated populations is the warm-up's, disclosed with its own computed proportion. A p99 over 64 samples is still that set's own top sample, which is why §7.5 takes the maximum across three runs rather than trusting one
    hotpath_test.go:1291: bench note: daemon-observed hook_controlled_observed (recvTS-reqTS, strict lower bound, no hotPathTailAllowance): p50=5.120ms p99=12.288ms n=1536 — informational cross-check against the gated B-A row above, which adds the tail allowance
    hotpath_test.go:1291: bench note: B-A's gated n=2064 includes 64 in-process warm-up observe.tool requests (Send-time TS, not a spawned process's main() entry) alongside 2000 real hook spawns from the B-A/B-D loop — the warm-up hot-path tranche (warmHotTranche=64, a small, fixed constant) is 3.1% of the gated population for this run; see B-A_spawn_estimate for the wall-clock diagnostic derived purely from real spawns
    hotpath_test.go:1291: bench note: B-B's n includes the 64 warm-up hot-path (observe.tool) requests, not just the B-A/B-D measurement loop — the daemon's own l0_ingest count, reported verbatim (conservative for B-B: warm-up payloads run 4KB-256KB, larger than B-A/B-D's fixed representative payload). The other 1936 warm-up requests are admin.ping round trips and never reach l0_ingest at all (FIX ROUND 2, N-1)
--- PASS: TestIntegration_HotPathWarmWithRealResidentState (159.23s)
PASS
ok  	github.com/qompack/qompack/test/integration	159.503s
