{"Time":"2026-09-21T12:17:21.2003265-04:00","Action":"start","Package":"github.com/qompack/qompack/internal/store"}
{"Time":"2026-09-21T12:17:21.3970997-04:00","Action":"run","Package":"github.com/qompack/qompack/internal/store","Test":"TestMaintenance_ConstructorRequiresExplicitConfig"}
{"Time":"2026-09-21T12:17:21.3970997-04:00","Action":"output","Package":"github.com/qompack/qompack/internal/store","Test":"TestMaintenance_ConstructorRequiresExplicitConfig","Output":"=== RUN   TestMaintenance_ConstructorRequiresExplicitConfig\n"}
{"Time":"2026-09-21T12:17:21.4294069-04:00","Action":"output","Package":"github.com/qompack/qompack/internal/store","Test":"TestMaintenance_ConstructorRequiresExplicitConfig","Output":"--- PASS: TestMaintenance_ConstructorRequiresExplicitConfig (0.03s)\n"}
{"Time":"2026-09-21T12:17:21.4299153-04:00","Action":"pass","Package":"github.com/qompack/qompack/internal/store","Test":"TestMaintenance_ConstructorRequiresExplicitConfig","Elapsed":0.03}
{"Time":"2026-09-21T12:17:21.4299153-04:00","Action":"run","Package":"github.com/qompack/qompack/internal/store","Test":"TestMaintenance_TakeBackupLeaseGuard"}
{"Time":"2026-09-21T12:17:21.4299153-04:00","Action":"output","Package":"github.com/qompack/qompack/internal/store","Test":"TestMaintenance_TakeBackupLeaseGuard","Output":"=== RUN   TestMaintenance_TakeBackupLeaseGuard\n"}
{"Time":"2026-09-21T12:17:21.631419-04:00","Action":"output","Package":"github.com/qompack/qompack/internal/store","Test":"TestMaintenance_TakeBackupLeaseGuard","Output":"--- PASS: TestMaintenance_TakeBackupLeaseGuard (0.20s)\n"}
{"Time":"2026-09-21T12:17:21.631419-04:00","Action":"pass","Package":"github.com/qompack/qompack/internal/store","Test":"TestMaintenance_TakeBackupLeaseGuard","Elapsed":0.2}
{"Time":"2026-09-21T12:17:21.631419-04:00","Action":"run","Package":"github.com/qompack/qompack/internal/store","Test":"TestMaintenance_BackupIDValidation"}
{"Time":"2026-09-21T12:17:21.631419-04:00","Action":"output","Package":"github.com/qompack/qompack/internal/store","Test":"TestMaintenance_BackupIDValidation","Output":"=== RUN   TestMaintenance_BackupIDValidation\n"}
{"Time":"2026-09-21T12:17:21.7877385-04:00","Action":"output","Package":"github.com/qompack/qompack/internal/store","Test":"TestMaintenance_BackupIDValidation","Output":"--- PASS: TestMaintenance_BackupIDValidation (0.16s)\n"}
{"Time":"2026-09-21T12:17:21.7877385-04:00","Action":"pass","Package":"github.com/qompack/qompack/internal/store","Test":"TestMaintenance_BackupIDValidation","Elapsed":0.16}
{"Time":"2026-09-21T12:17:21.7877385-04:00","Action":"run","Package":"github.com/qompack/qompack/internal/store","Test":"TestMaintenance_TakeVerifyRestoreRoundTrip"}
{"Time":"2026-09-21T12:17:21.7877385-04:00","Action":"output","Package":"github.com/qompack/qompack/internal/store","Test":"TestMaintenance_TakeVerifyRestoreRoundTrip","Output":"=== RUN   TestMaintenance_TakeVerifyRestoreRoundTrip\n"}
{"Time":"2026-09-21T12:17:22.043415-04:00","Action":"output","Package":"github.com/qompack/qompack/internal/store","Test":"TestMaintenance_TakeVerifyRestoreRoundTrip","Output":"--- PASS: TestMaintenance_TakeVerifyRestoreRoundTrip (0.26s)\n"}
{"Time":"2026-09-21T12:17:22.043415-04:00","Action":"pass","Package":"github.com/qompack/qompack/internal/store","Test":"TestMaintenance_TakeVerifyRestoreRoundTrip","Elapsed":0.26}
{"Time":"2026-09-21T12:17:22.043415-04:00","Action":"run","Package":"github.com/qompack/qompack/internal/store","Test":"TestMaintenance_RestoreRefusesExistingDestination"}
{"Time":"2026-09-21T12:17:22.043415-04:00","Action":"output","Package":"github.com/qompack/qompack/internal/store","Test":"TestMaintenance_RestoreRefusesExistingDestination","Output":"=== RUN   TestMaintenance_RestoreRefusesExistingDestination\n"}
{"Time":"2026-09-21T12:17:22.1779603-04:00","Action":"output","Package":"github.com/qompack/qompack/internal/store","Test":"TestMaintenance_RestoreRefusesExistingDestination","Output":"--- PASS: TestMaintenance_RestoreRefusesExistingDestination (0.13s)\n"}
{"Time":"2026-09-21T12:17:22.1779603-04:00","Action":"pass","Package":"github.com/qompack/qompack/internal/store","Test":"TestMaintenance_RestoreRefusesExistingDestination","Elapsed":0.13}
{"Time":"2026-09-21T12:17:22.1779603-04:00","Action":"run","Package":"github.com/qompack/qompack/internal/store","Test":"TestMaintenance_CorruptedBackupIsRefused"}
{"Time":"2026-09-21T12:17:22.1779603-04:00","Action":"output","Package":"github.com/qompack/qompack/internal/store","Test":"TestMaintenance_CorruptedBackupIsRefused","Output":"=== RUN   TestMaintenance_CorruptedBackupIsRefused\n"}
{"Time":"2026-09-21T12:17:22.3243111-04:00","Action":"output","Package":"github.com/qompack/qompack/internal/store","Test":"TestMaintenance_CorruptedBackupIsRefused","Output":"--- PASS: TestMaintenance_CorruptedBackupIsRefused (0.15s)\n"}
{"Time":"2026-09-21T12:17:22.3248304-04:00","Action":"pass","Package":"github.com/qompack/qompack/internal/store","Test":"TestMaintenance_CorruptedBackupIsRefused","Elapsed":0.15}
{"Time":"2026-09-21T12:17:22.3248304-04:00","Action":"run","Package":"github.com/qompack/qompack/internal/store","Test":"TestMaintenance_AdversarialManifestRefusedBeforeReadingFiles"}
{"Time":"2026-09-21T12:17:22.3248304-04:00","Action":"output","Package":"github.com/qompack/qompack/internal/store","Test":"TestMaintenance_AdversarialManifestRefusedBeforeReadingFiles","Output":"=== RUN   TestMaintenance_AdversarialManifestRefusedBeforeReadingFiles\n"}
{"Time":"2026-09-21T12:17:22.4635487-04:00","Action":"output","Package":"github.com/qompack/qompack/internal/store","Test":"TestMaintenance_AdversarialManifestRefusedBeforeReadingFiles","Output":"--- PASS: TestMaintenance_AdversarialManifestRefusedBeforeReadingFiles (0.14s)\n"}
{"Time":"2026-09-21T12:17:22.4635487-04:00","Action":"pass","Package":"github.com/qompack/qompack/internal/store","Test":"TestMaintenance_AdversarialManifestRefusedBeforeReadingFiles","Elapsed":0.14}
{"Time":"2026-09-21T12:17:22.4635487-04:00","Action":"run","Package":"github.com/qompack/qompack/internal/store","Test":"TestMaintenance_SymlinkComponentInBackupTreeRefused"}
{"Time":"2026-09-21T12:17:22.4635487-04:00","Action":"output","Package":"github.com/qompack/qompack/internal/store","Test":"TestMaintenance_SymlinkComponentInBackupTreeRefused","Output":"=== RUN   TestMaintenance_SymlinkComponentInBackupTreeRefused\n"}
{"Time":"2026-09-21T12:17:22.4736153-04:00","Action":"start","Package":"github.com/qompack/qompack/internal/cli"}
{"Time":"2026-09-21T12:17:22.5716414-04:00","Action":"output","Package":"github.com/qompack/qompack/internal/store","Test":"TestMaintenance_SymlinkComponentInBackupTreeRefused","Output":"    maintenance_test.go:259: symlink not permitted on this host: symlink C:\\Users\\Quant\\AppData\\Local\\Temp\\TestMaintenance_SymlinkComponentInBackupTreeRefused2580411397\\002\\external-secret C:\\Users\\Quant\\AppData\\Local\\Temp\\TestMaintenance_SymlinkComponentInBackupTreeRefused2580411397\\001\\project\\.qompack\\backup\\sym\\tree\\.gitignore: A required privilege is not held by the client.\n"}
{"Time":"2026-09-21T12:17:22.5941046-04:00","Action":"output","Package":"github.com/qompack/qompack/internal/store","Test":"TestMaintenance_SymlinkComponentInBackupTreeRefused","Output":"--- SKIP: TestMaintenance_SymlinkComponentInBackupTreeRefused (0.13s)\n"}
{"Time":"2026-09-21T12:17:22.5941046-04:00","Action":"skip","Package":"github.com/qompack/qompack/internal/store","Test":"TestMaintenance_SymlinkComponentInBackupTreeRefused","Elapsed":0.13}
{"Time":"2026-09-21T12:17:22.5941046-04:00","Action":"run","Package":"github.com/qompack/qompack/internal/store","Test":"TestMaintenance_ContextCancellationStops"}
{"Time":"2026-09-21T12:17:22.5941046-04:00","Action":"output","Package":"github.com/qompack/qompack/internal/store","Test":"TestMaintenance_ContextCancellationStops","Output":"=== RUN   TestMaintenance_ContextCancellationStops\n"}
{"Time":"2026-09-21T12:17:22.66315-04:00","Action":"run","Package":"github.com/qompack/qompack/internal/cli","Test":"TestBackupCLI_ConsistentRestoreRetainsLaterSourceWrites"}
{"Time":"2026-09-21T12:17:22.66315-04:00","Action":"output","Package":"github.com/qompack/qompack/internal/cli","Test":"TestBackupCLI_ConsistentRestoreRetainsLaterSourceWrites","Output":"=== RUN   TestBackupCLI_ConsistentRestoreRetainsLaterSourceWrites\n"}
{"Time":"2026-09-21T12:17:22.7622541-04:00","Action":"output","Package":"github.com/qompack/qompack/internal/store","Test":"TestMaintenance_ContextCancellationStops","Output":"--- PASS: TestMaintenance_ContextCancellationStops (0.17s)\n"}
{"Time":"2026-09-21T12:17:22.7622541-04:00","Action":"pass","Package":"github.com/qompack/qompack/internal/store","Test":"TestMaintenance_ContextCancellationStops","Elapsed":0.17}
{"Time":"2026-09-21T12:17:22.7622541-04:00","Action":"run","Package":"github.com/qompack/qompack/internal/store","Test":"TestMaintenance_StagedRehashCatchesPostCopyCorruption"}
{"Time":"2026-09-21T12:17:22.7622541-04:00","Action":"output","Package":"github.com/qompack/qompack/internal/store","Test":"TestMaintenance_StagedRehashCatchesPostCopyCorruption","Output":"=== RUN   TestMaintenance_StagedRehashCatchesPostCopyCorruption\n"}
{"Time":"2026-09-21T12:17:22.9744372-04:00","Action":"output","Package":"github.com/qompack/qompack/internal/store","Test":"TestMaintenance_StagedRehashCatchesPostCopyCorruption","Output":"--- PASS: TestMaintenance_StagedRehashCatchesPostCopyCorruption (0.21s)\n"}
{"Time":"2026-09-21T12:17:22.9744372-04:00","Action":"pass","Package":"github.com/qompack/qompack/internal/store","Test":"TestMaintenance_StagedRehashCatchesPostCopyCorruption","Elapsed":0.21}
{"Time":"2026-09-21T12:17:22.9744372-04:00","Action":"run","Package":"github.com/qompack/qompack/internal/store","Test":"TestMaintenance_RestoreLeavesSourceLaterWritesIntact"}
{"Time":"2026-09-21T12:17:22.9744372-04:00","Action":"output","Package":"github.com/qompack/qompack/internal/store","Test":"TestMaintenance_RestoreLeavesSourceLaterWritesIntact","Output":"=== RUN   TestMaintenance_RestoreLeavesSourceLaterWritesIntact\n"}
{"Time":"2026-09-21T12:17:23.2452571-04:00","Action":"output","Package":"github.com/qompack/qompack/internal/cli","Test":"TestBackupCLI_ConsistentRestoreRetainsLaterSourceWrites","Output":"--- PASS: TestBackupCLI_ConsistentRestoreRetainsLaterSourceWrites (0.58s)\n"}
{"Time":"2026-09-21T12:17:23.2452571-04:00","Action":"pass","Package":"github.com/qompack/qompack/internal/cli","Test":"TestBackupCLI_ConsistentRestoreRetainsLaterSourceWrites","Elapsed":0.58}
{"Time":"2026-09-21T12:17:23.2452571-04:00","Action":"run","Package":"github.com/qompack/qompack/internal/cli","Test":"TestBackupCLI_RefusesLiveWriterAndDoesNotOpenStore"}
{"Time":"2026-09-21T12:17:23.2452571-04:00","Action":"output","Package":"github.com/qompack/qompack/internal/cli","Test":"TestBackupCLI_RefusesLiveWriterAndDoesNotOpenStore","Output":"=== RUN   TestBackupCLI_RefusesLiveWriterAndDoesNotOpenStore\n"}
{"Time":"2026-09-21T12:17:23.2725901-04:00","Action":"output","Package":"github.com/qompack/qompack/internal/store","Test":"TestMaintenance_RestoreLeavesSourceLaterWritesIntact","Output":"--- PASS: TestMaintenance_RestoreLeavesSourceLaterWritesIntact (0.30s)\n"}
{"Time":"2026-09-21T12:17:23.2725901-04:00","Action":"pass","Package":"github.com/qompack/qompack/internal/store","Test":"TestMaintenance_RestoreLeavesSourceLaterWritesIntact","Elapsed":0.3}
{"Time":"2026-09-21T12:17:23.2725901-04:00","Action":"output","Package":"github.com/qompack/qompack/internal/store","Output":"PASS\n"}
{"Time":"2026-09-21T12:17:23.2801271-04:00","Action":"output","Package":"github.com/qompack/qompack/internal/store","Output":"ok  \tgithub.com/qompack/qompack/internal/store\t2.079s\n"}
{"Time":"2026-09-21T12:17:23.2801271-04:00","Action":"pass","Package":"github.com/qompack/qompack/internal/store","Elapsed":2.08}
{"Time":"2026-09-21T12:17:23.3715998-04:00","Action":"output","Package":"github.com/qompack/qompack/internal/cli","Test":"TestBackupCLI_RefusesLiveWriterAndDoesNotOpenStore","Output":"--- PASS: TestBackupCLI_RefusesLiveWriterAndDoesNotOpenStore (0.13s)\n"}
{"Time":"2026-09-21T12:17:23.3715998-04:00","Action":"pass","Package":"github.com/qompack/qompack/internal/cli","Test":"TestBackupCLI_RefusesLiveWriterAndDoesNotOpenStore","Elapsed":0.13}
{"Time":"2026-09-21T12:17:23.3715998-04:00","Action":"output","Package":"github.com/qompack/qompack/internal/cli","Output":"PASS\n"}
{"Time":"2026-09-21T12:17:23.3749255-04:00","Action":"output","Package":"github.com/qompack/qompack/internal/cli","Output":"ok  \tgithub.com/qompack/qompack/internal/cli\t0.901s\n"}
{"Time":"2026-09-21T12:17:23.3749255-04:00","Action":"pass","Package":"github.com/qompack/qompack/internal/cli","Elapsed":0.901}
{"Time":"2026-09-21T12:17:27.9737724-04:00","Action":"start","Package":"github.com/qompack/qompack/internal/daemon"}
{"Time":"2026-09-21T12:17:28.1885106-04:00","Action":"run","Package":"github.com/qompack/qompack/internal/daemon","Test":"TestBorrowedLease_SurvivesDaemonUntilCallerClosesWriters"}
{"Time":"2026-09-21T12:17:28.1890577-04:00","Action":"output","Package":"github.com/qompack/qompack/internal/daemon","Test":"TestBorrowedLease_SurvivesDaemonUntilCallerClosesWriters","Output":"=== RUN   TestBorrowedLease_SurvivesDaemonUntilCallerClosesWriters\n"}
{"Time":"2026-09-21T12:17:28.3027667-04:00","Action":"output","Package":"github.com/qompack/qompack/internal/daemon","Test":"TestBorrowedLease_SurvivesDaemonUntilCallerClosesWriters","Output":"--- PASS: TestBorrowedLease_SurvivesDaemonUntilCallerClosesWriters (0.11s)\n"}
{"Time":"2026-09-21T12:17:28.3027667-04:00","Action":"pass","Package":"github.com/qompack/qompack/internal/daemon","Test":"TestBorrowedLease_SurvivesDaemonUntilCallerClosesWriters","Elapsed":0.11}
{"Time":"2026-09-21T12:17:28.3027667-04:00","Action":"run","Package":"github.com/qompack/qompack/internal/daemon","Test":"TestBorrowedLease_RejectsWrongProjectAndReleasedLease"}
{"Time":"2026-09-21T12:17:28.3027667-04:00","Action":"output","Package":"github.com/qompack/qompack/internal/daemon","Test":"TestBorrowedLease_RejectsWrongProjectAndReleasedLease","Output":"=== RUN   TestBorrowedLease_RejectsWrongProjectAndReleasedLease\n"}
{"Time":"2026-09-21T12:17:28.3444437-04:00","Action":"output","Package":"github.com/qompack/qompack/internal/daemon","Test":"TestBorrowedLease_RejectsWrongProjectAndReleasedLease","Output":"--- PASS: TestBorrowedLease_RejectsWrongProjectAndReleasedLease (0.04s)\n"}
{"Time":"2026-09-21T12:17:28.3444437-04:00","Action":"pass","Package":"github.com/qompack/qompack/internal/daemon","Test":"TestBorrowedLease_RejectsWrongProjectAndReleasedLease","Elapsed":0.04}
{"Time":"2026-09-21T12:17:28.3444437-04:00","Action":"output","Package":"github.com/qompack/qompack/internal/daemon","Output":"PASS\n"}
{"Time":"2026-09-21T12:17:28.3488018-04:00","Action":"output","Package":"github.com/qompack/qompack/internal/daemon","Output":"ok  \tgithub.com/qompack/qompack/internal/daemon\t0.375s\n"}
{"Time":"2026-09-21T12:17:28.3488018-04:00","Action":"pass","Package":"github.com/qompack/qompack/internal/daemon","Elapsed":0.375}
