=== RUN   TestDeliveryGeneration_V6_ImmutableNonceAndArrival
--- PASS: TestDeliveryGeneration_V6_ImmutableNonceAndArrival (0.40s)
=== RUN   TestDeliveryGeneration_V6_LogCapacityRefusesBeforeAppend
--- PASS: TestDeliveryGeneration_V6_LogCapacityRefusesBeforeAppend (0.09s)
=== RUN   TestDeliveryRollover_V6_DisabledMechanismCannotReopenLegacy
--- PASS: TestDeliveryRollover_V6_DisabledMechanismCannotReopenLegacy (0.35s)
=== RUN   TestDeliveryRollover_V6_BaseReadFailureIsNotFirstArrival
--- PASS: TestDeliveryRollover_V6_BaseReadFailureIsNotFirstArrival (0.00s)
=== RUN   TestDeliveryRollover_V6_MissingActiveAcknowledgementsAreNotRecreated
--- PASS: TestDeliveryRollover_V6_MissingActiveAcknowledgementsAreNotRecreated (0.74s)
=== RUN   TestDeliveryPath_V6_ExtraStagedEvidenceRefusesAdoption
--- PASS: TestDeliveryPath_V6_ExtraStagedEvidenceRefusesAdoption (0.04s)
=== RUN   TestDeliveryPath_V6_RotationCloseFailureStopsTheLiveSwitch
--- PASS: TestDeliveryPath_V6_RotationCloseFailureStopsTheLiveSwitch (0.88s)
=== RUN   TestDeliveryPath_V6_PagePublicationPreservesAConflictingDestination
--- PASS: TestDeliveryPath_V6_PagePublicationPreservesAConflictingDestination (0.02s)
=== RUN   TestDeliveryPath_V6_TransitionLimitRefusesBeforeAppend
--- PASS: TestDeliveryPath_V6_TransitionLimitRefusesBeforeAppend (0.03s)
=== RUN   TestDeliveryPath_V6_RefusesAliasedSegmentParent
    delivery_path_v6_test.go:81: platform cannot create this symlink fixture: symlink C:\Users\Quant\AppData\Local\Temp\TestDeliveryPath_V6_RefusesAliasedSegmentParent1427556065\002 C:\Users\Quant\AppData\Local\Temp\TestDeliveryPath_V6_RefusesAliasedSegmentParent1427556065\001\delivery-segments: A required privilege is not held by the client.
--- SKIP: TestDeliveryPath_V6_RefusesAliasedSegmentParent (0.00s)
=== RUN   TestDeliveryReaders_V6_GCRetainsActiveAndArchivedLeases
=== RUN   TestDeliveryReaders_V6_GCRetainsActiveAndArchivedLeases/complete
=== RUN   TestDeliveryReaders_V6_GCRetainsActiveAndArchivedLeases/delivery-lease-position.json
=== RUN   TestDeliveryReaders_V6_GCRetainsActiveAndArchivedLeases/delivery-acks.jsonl
--- PASS: TestDeliveryReaders_V6_GCRetainsActiveAndArchivedLeases (3.48s)
    --- PASS: TestDeliveryReaders_V6_GCRetainsActiveAndArchivedLeases/complete (1.40s)
    --- PASS: TestDeliveryReaders_V6_GCRetainsActiveAndArchivedLeases/delivery-lease-position.json (1.04s)
    --- PASS: TestDeliveryReaders_V6_GCRetainsActiveAndArchivedLeases/delivery-acks.jsonl (1.04s)
=== RUN   TestDeliveryReaders_V6_BackupRestoresHistoryAndAcceptsLaterWrites
--- PASS: TestDeliveryReaders_V6_BackupRestoresHistoryAndAcceptsLaterWrites (3.49s)
=== RUN   TestDeliverySegments_InitActiveZeroAndReopen
--- PASS: TestDeliverySegments_InitActiveZeroAndReopen (0.02s)
=== RUN   TestDeliverySegments_SeventyTransitionsAndReopen
--- PASS: TestDeliverySegments_SeventyTransitionsAndReopen (1.58s)
=== RUN   TestDeliverySegments_HeadLossWithLogIsUnavailable
--- PASS: TestDeliverySegments_HeadLossWithLogIsUnavailable (0.05s)
=== RUN   TestDeliverySegments_CompleteTailAdoptedNeverReverts
--- PASS: TestDeliverySegments_CompleteTailAdoptedNeverReverts (0.07s)
=== RUN   TestDeliverySegments_TornTailPreservedAndUnavailable
--- PASS: TestDeliverySegments_TornTailPreservedAndUnavailable (0.05s)
=== RUN   TestDeliverySegments_ConflictingHeadIsRefused
=== RUN   TestDeliverySegments_ConflictingHeadIsRefused/log_bytes_past_eof
=== RUN   TestDeliverySegments_ConflictingHeadIsRefused/active_disagrees_with_record
=== RUN   TestDeliverySegments_ConflictingHeadIsRefused/last_len_past_log_bytes
--- PASS: TestDeliverySegments_ConflictingHeadIsRefused (0.13s)
    --- PASS: TestDeliverySegments_ConflictingHeadIsRefused/log_bytes_past_eof (0.05s)
    --- PASS: TestDeliverySegments_ConflictingHeadIsRefused/active_disagrees_with_record (0.05s)
    --- PASS: TestDeliverySegments_ConflictingHeadIsRefused/last_len_past_log_bytes (0.04s)
=== RUN   TestDeliverySegments_CommitRequiresActiveZeroAndAdvances
--- PASS: TestDeliverySegments_CommitRequiresActiveZeroAndAdvances (0.05s)
=== RUN   TestDeliverySegments_CreateFreshSegmentIdempotentAndConflict
--- PASS: TestDeliverySegments_CreateFreshSegmentIdempotentAndConflict (0.04s)
PASS
ok  	github.com/qompack/qompack/internal/daemon	11.796s
