{"Time":"2026-09-21T15:40:40.0202699-04:00","Action":"start","Package":"github.com/qompack/qompack/internal/daemon"}
{"Time":"2026-09-21T15:40:40.2331697-04:00","Action":"run","Package":"github.com/qompack/qompack/internal/daemon","Test":"TestDispatchOp_OutOfProjectDirectIPCDoesNotReachWAL"}
{"Time":"2026-09-21T15:40:40.2331697-04:00","Action":"output","Package":"github.com/qompack/qompack/internal/daemon","Test":"TestDispatchOp_OutOfProjectDirectIPCDoesNotReachWAL","Output":"=== RUN   TestDispatchOp_OutOfProjectDirectIPCDoesNotReachWAL\n"}
{"Time":"2026-09-21T15:40:40.2391737-04:00","Action":"output","Package":"github.com/qompack/qompack/internal/daemon","Test":"TestDispatchOp_OutOfProjectDirectIPCDoesNotReachWAL","Output":"--- PASS: TestDispatchOp_OutOfProjectDirectIPCDoesNotReachWAL (0.01s)\n"}
{"Time":"2026-09-21T15:40:40.2397078-04:00","Action":"pass","Package":"github.com/qompack/qompack/internal/daemon","Test":"TestDispatchOp_OutOfProjectDirectIPCDoesNotReachWAL","Elapsed":0.01}
{"Time":"2026-09-21T15:40:40.2397078-04:00","Action":"run","Package":"github.com/qompack/qompack/internal/daemon","Test":"TestCarriedDefect_SP20D4_LeaseJournalRefusesEveryDeliveryPastItsEntryCap"}
{"Time":"2026-09-21T15:40:40.2397078-04:00","Action":"output","Package":"github.com/qompack/qompack/internal/daemon","Test":"TestCarriedDefect_SP20D4_LeaseJournalRefusesEveryDeliveryPastItsEntryCap","Output":"=== RUN   TestCarriedDefect_SP20D4_LeaseJournalRefusesEveryDeliveryPastItsEntryCap\n"}
{"Time":"2026-09-21T15:40:40.5826333-04:00","Action":"output","Package":"github.com/qompack/qompack/internal/daemon","Test":"TestCarriedDefect_SP20D4_LeaseJournalRefusesEveryDeliveryPastItsEntryCap","Output":"    delivery_lease_cap_test.go:37: fixture: 65536 acknowledged leases; lease journal 20239518 bytes, ack journal 16908288 bytes\n"}
{"Time":"2026-09-21T15:40:41.5058119-04:00","Action":"output","Package":"github.com/qompack/qompack/internal/daemon","Test":"TestCarriedDefect_SP20D4_LeaseJournalRefusesEveryDeliveryPastItsEntryCap","Output":"--- PASS: TestCarriedDefect_SP20D4_LeaseJournalRefusesEveryDeliveryPastItsEntryCap (1.27s)\n"}
{"Time":"2026-09-21T15:40:41.5058119-04:00","Action":"pass","Package":"github.com/qompack/qompack/internal/daemon","Test":"TestCarriedDefect_SP20D4_LeaseJournalRefusesEveryDeliveryPastItsEntryCap","Elapsed":1.27}
{"Time":"2026-09-21T15:40:41.5058119-04:00","Action":"run","Package":"github.com/qompack/qompack/internal/daemon","Test":"TestDispatchOpPersistsADegradedCaptureAsEvidence"}
{"Time":"2026-09-21T15:40:41.5058119-04:00","Action":"output","Package":"github.com/qompack/qompack/internal/daemon","Test":"TestDispatchOpPersistsADegradedCaptureAsEvidence","Output":"=== RUN   TestDispatchOpPersistsADegradedCaptureAsEvidence\n"}
{"Time":"2026-09-21T15:40:41.6166118-04:00","Action":"output","Package":"github.com/qompack/qompack/internal/daemon","Test":"TestDispatchOpPersistsADegradedCaptureAsEvidence","Output":"--- PASS: TestDispatchOpPersistsADegradedCaptureAsEvidence (0.11s)\n"}
{"Time":"2026-09-21T15:40:41.6166118-04:00","Action":"pass","Package":"github.com/qompack/qompack/internal/daemon","Test":"TestDispatchOpPersistsADegradedCaptureAsEvidence","Elapsed":0.11}
{"Time":"2026-09-21T15:40:41.6176932-04:00","Action":"run","Package":"github.com/qompack/qompack/internal/daemon","Test":"TestCarriedDefect_SP20D6_GatedBASampleIncludesThePreACKHandler"}
{"Time":"2026-09-21T15:40:41.6176932-04:00","Action":"output","Package":"github.com/qompack/qompack/internal/daemon","Test":"TestCarriedDefect_SP20D6_GatedBASampleIncludesThePreACKHandler","Output":"=== RUN   TestCarriedDefect_SP20D6_GatedBASampleIncludesThePreACKHandler\n"}
{"Time":"2026-09-21T15:40:41.6176932-04:00","Action":"run","Package":"github.com/qompack/qompack/internal/daemon","Test":"TestCarriedDefect_SP20D6_GatedBASampleIncludesThePreACKHandler/the_gated_sample_includes_the_handler_the_hook_waits_on"}
{"Time":"2026-09-21T15:40:41.6176932-04:00","Action":"output","Package":"github.com/qompack/qompack/internal/daemon","Test":"TestCarriedDefect_SP20D6_GatedBASampleIncludesThePreACKHandler/the_gated_sample_includes_the_handler_the_hook_waits_on","Output":"=== RUN   TestCarriedDefect_SP20D6_GatedBASampleIncludesThePreACKHandler/the_gated_sample_includes_the_handler_the_hook_waits_on\n"}
{"Time":"2026-09-21T15:40:41.6246316-04:00","Action":"output","Package":"github.com/qompack/qompack/internal/daemon","Test":"TestCarriedDefect_SP20D6_GatedBASampleIncludesThePreACKHandler/the_gated_sample_includes_the_handler_the_hook_waits_on","Output":"--- PASS: TestCarriedDefect_SP20D6_GatedBASampleIncludesThePreACKHandler/the_gated_sample_includes_the_handler_the_hook_waits_on (0.01s)\n"}
{"Time":"2026-09-21T15:40:41.6246316-04:00","Action":"pass","Package":"github.com/qompack/qompack/internal/daemon","Test":"TestCarriedDefect_SP20D6_GatedBASampleIncludesThePreACKHandler/the_gated_sample_includes_the_handler_the_hook_waits_on","Elapsed":0.01}
{"Time":"2026-09-21T15:40:41.6246316-04:00","Action":"run","Package":"github.com/qompack/qompack/internal/daemon","Test":"TestCarriedDefect_SP20D6_GatedBASampleIncludesThePreACKHandler/the_ack_byte_is_observed_only_after_the_handler_returned"}
{"Time":"2026-09-21T15:40:41.6246316-04:00","Action":"output","Package":"github.com/qompack/qompack/internal/daemon","Test":"TestCarriedDefect_SP20D6_GatedBASampleIncludesThePreACKHandler/the_ack_byte_is_observed_only_after_the_handler_returned","Output":"=== RUN   TestCarriedDefect_SP20D6_GatedBASampleIncludesThePreACKHandler/the_ack_byte_is_observed_only_after_the_handler_returned\n"}
{"Time":"2026-09-21T15:40:41.6283837-04:00","Action":"output","Package":"github.com/qompack/qompack/internal/daemon","Test":"TestCarriedDefect_SP20D6_GatedBASampleIncludesThePreACKHandler/the_ack_byte_is_observed_only_after_the_handler_returned","Output":"--- PASS: TestCarriedDefect_SP20D6_GatedBASampleIncludesThePreACKHandler/the_ack_byte_is_observed_only_after_the_handler_returned (0.00s)\n"}
{"Time":"2026-09-21T15:40:41.6283837-04:00","Action":"pass","Package":"github.com/qompack/qompack/internal/daemon","Test":"TestCarriedDefect_SP20D6_GatedBASampleIncludesThePreACKHandler/the_ack_byte_is_observed_only_after_the_handler_returned","Elapsed":0}
{"Time":"2026-09-21T15:40:41.6283837-04:00","Action":"output","Package":"github.com/qompack/qompack/internal/daemon","Test":"TestCarriedDefect_SP20D6_GatedBASampleIncludesThePreACKHandler","Output":"--- PASS: TestCarriedDefect_SP20D6_GatedBASampleIncludesThePreACKHandler (0.01s)\n"}
{"Time":"2026-09-21T15:40:41.6283837-04:00","Action":"pass","Package":"github.com/qompack/qompack/internal/daemon","Test":"TestCarriedDefect_SP20D6_GatedBASampleIncludesThePreACKHandler","Elapsed":0.01}
{"Time":"2026-09-21T15:40:41.6305318-04:00","Action":"output","Package":"github.com/qompack/qompack/internal/daemon","Output":"PASS\n"}
{"Time":"2026-09-21T15:40:41.6494789-04:00","Action":"output","Package":"github.com/qompack/qompack/internal/daemon","Output":"ok  \tgithub.com/qompack/qompack/internal/daemon\t1.628s\n"}
{"Time":"2026-09-21T15:40:41.6494789-04:00","Action":"pass","Package":"github.com/qompack/qompack/internal/daemon","Elapsed":1.629}
