{"Time":"2026-09-21T15:37:05.4523138-04:00","Action":"start","Package":"github.com/qompack/qompack/tools/devtool"}
{"Time":"2026-09-21T15:37:06.5546739-04:00","Action":"run","Package":"github.com/qompack/qompack/tools/devtool","Test":"TestGenCommandDocs_RendersEverySection75Command"}
{"Time":"2026-09-21T15:37:06.5546739-04:00","Action":"output","Package":"github.com/qompack/qompack/tools/devtool","Test":"TestGenCommandDocs_RendersEverySection75Command","Output":"=== RUN   TestGenCommandDocs_RendersEverySection75Command\n"}
{"Time":"2026-09-21T15:37:06.5552293-04:00","Action":"output","Package":"github.com/qompack/qompack/tools/devtool","Test":"TestGenCommandDocs_RendersEverySection75Command","Output":"--- PASS: TestGenCommandDocs_RendersEverySection75Command (0.00s)\n"}
{"Time":"2026-09-21T15:37:06.555767-04:00","Action":"pass","Package":"github.com/qompack/qompack/tools/devtool","Test":"TestGenCommandDocs_RendersEverySection75Command","Elapsed":0}
{"Time":"2026-09-21T15:37:06.555767-04:00","Action":"run","Package":"github.com/qompack/qompack/tools/devtool","Test":"TestGenCommandDocs_MatchesTheInstalledHelp"}
{"Time":"2026-09-21T15:37:06.555767-04:00","Action":"output","Package":"github.com/qompack/qompack/tools/devtool","Test":"TestGenCommandDocs_MatchesTheInstalledHelp","Output":"=== RUN   TestGenCommandDocs_MatchesTheInstalledHelp\n"}
{"Time":"2026-09-21T15:37:06.555767-04:00","Action":"output","Package":"github.com/qompack/qompack/tools/devtool","Test":"TestGenCommandDocs_MatchesTheInstalledHelp","Output":"--- PASS: TestGenCommandDocs_MatchesTheInstalledHelp (0.00s)\n"}
{"Time":"2026-09-21T15:37:06.555767-04:00","Action":"pass","Package":"github.com/qompack/qompack/tools/devtool","Test":"TestGenCommandDocs_MatchesTheInstalledHelp","Elapsed":0}
{"Time":"2026-09-21T15:37:06.555767-04:00","Action":"run","Package":"github.com/qompack/qompack/tools/devtool","Test":"TestGenCommandDocs_DoesNotAdvertiseAnUnroutedCommand"}
{"Time":"2026-09-21T15:37:06.555767-04:00","Action":"output","Package":"github.com/qompack/qompack/tools/devtool","Test":"TestGenCommandDocs_DoesNotAdvertiseAnUnroutedCommand","Output":"=== RUN   TestGenCommandDocs_DoesNotAdvertiseAnUnroutedCommand\n"}
{"Time":"2026-09-21T15:37:06.555767-04:00","Action":"output","Package":"github.com/qompack/qompack/tools/devtool","Test":"TestGenCommandDocs_DoesNotAdvertiseAnUnroutedCommand","Output":"--- PASS: TestGenCommandDocs_DoesNotAdvertiseAnUnroutedCommand (0.00s)\n"}
{"Time":"2026-09-21T15:37:06.555767-04:00","Action":"pass","Package":"github.com/qompack/qompack/tools/devtool","Test":"TestGenCommandDocs_DoesNotAdvertiseAnUnroutedCommand","Elapsed":0}
{"Time":"2026-09-21T15:37:06.555767-04:00","Action":"run","Package":"github.com/qompack/qompack/tools/devtool","Test":"TestGenCommandDocs_CommittedPageIsCurrent"}
{"Time":"2026-09-21T15:37:06.555767-04:00","Action":"output","Package":"github.com/qompack/qompack/tools/devtool","Test":"TestGenCommandDocs_CommittedPageIsCurrent","Output":"=== RUN   TestGenCommandDocs_CommittedPageIsCurrent\n"}
{"Time":"2026-09-21T15:37:06.5616614-04:00","Action":"output","Package":"github.com/qompack/qompack/tools/devtool","Test":"TestGenCommandDocs_CommittedPageIsCurrent","Output":"--- PASS: TestGenCommandDocs_CommittedPageIsCurrent (0.01s)\n"}
{"Time":"2026-09-21T15:37:06.5616614-04:00","Action":"pass","Package":"github.com/qompack/qompack/tools/devtool","Test":"TestGenCommandDocs_CommittedPageIsCurrent","Elapsed":0.01}
{"Time":"2026-09-21T15:37:06.5616614-04:00","Action":"run","Package":"github.com/qompack/qompack/tools/devtool","Test":"TestGenCommandDocs_RejectsAMismatchedManifest"}
{"Time":"2026-09-21T15:37:06.5616614-04:00","Action":"output","Package":"github.com/qompack/qompack/tools/devtool","Test":"TestGenCommandDocs_RejectsAMismatchedManifest","Output":"=== RUN   TestGenCommandDocs_RejectsAMismatchedManifest\n"}
{"Time":"2026-09-21T15:37:06.5616614-04:00","Action":"output","Package":"github.com/qompack/qompack/tools/devtool","Test":"TestGenCommandDocs_RejectsAMismatchedManifest","Output":"--- PASS: TestGenCommandDocs_RejectsAMismatchedManifest (0.00s)\n"}
{"Time":"2026-09-21T15:37:06.5616614-04:00","Action":"pass","Package":"github.com/qompack/qompack/tools/devtool","Test":"TestGenCommandDocs_RejectsAMismatchedManifest","Elapsed":0}
{"Time":"2026-09-21T15:37:06.5616614-04:00","Action":"run","Package":"github.com/qompack/qompack/tools/devtool","Test":"TestGenConfigDocs_LeavesMatchDefaultsOneToOne"}
{"Time":"2026-09-21T15:37:06.5621854-04:00","Action":"output","Package":"github.com/qompack/qompack/tools/devtool","Test":"TestGenConfigDocs_LeavesMatchDefaultsOneToOne","Output":"=== RUN   TestGenConfigDocs_LeavesMatchDefaultsOneToOne\n"}
{"Time":"2026-09-21T15:37:06.5720433-04:00","Action":"output","Package":"github.com/qompack/qompack/tools/devtool","Test":"TestGenConfigDocs_LeavesMatchDefaultsOneToOne","Output":"--- PASS: TestGenConfigDocs_LeavesMatchDefaultsOneToOne (0.01s)\n"}
{"Time":"2026-09-21T15:37:06.5720433-04:00","Action":"pass","Package":"github.com/qompack/qompack/tools/devtool","Test":"TestGenConfigDocs_LeavesMatchDefaultsOneToOne","Elapsed":0.01}
{"Time":"2026-09-21T15:37:06.5720433-04:00","Action":"run","Package":"github.com/qompack/qompack/tools/devtool","Test":"TestGenConfigDocs_GatedSwitchesRenderFromSource"}
{"Time":"2026-09-21T15:37:06.5720433-04:00","Action":"output","Package":"github.com/qompack/qompack/tools/devtool","Test":"TestGenConfigDocs_GatedSwitchesRenderFromSource","Output":"=== RUN   TestGenConfigDocs_GatedSwitchesRenderFromSource\n"}
{"Time":"2026-09-21T15:37:06.5808993-04:00","Action":"run","Package":"github.com/qompack/qompack/tools/devtool","Test":"TestGenConfigDocs_GatedSwitchesRenderFromSource/gated_switches"}
{"Time":"2026-09-21T15:37:06.5808993-04:00","Action":"output","Package":"github.com/qompack/qompack/tools/devtool","Test":"TestGenConfigDocs_GatedSwitchesRenderFromSource/gated_switches","Output":"=== RUN   TestGenConfigDocs_GatedSwitchesRenderFromSource/gated_switches\n"}
{"Time":"2026-09-21T15:37:06.5808993-04:00","Action":"output","Package":"github.com/qompack/qompack/tools/devtool","Test":"TestGenConfigDocs_GatedSwitchesRenderFromSource/gated_switches","Output":"--- PASS: TestGenConfigDocs_GatedSwitchesRenderFromSource/gated_switches (0.00s)\n"}
{"Time":"2026-09-21T15:37:06.5808993-04:00","Action":"pass","Package":"github.com/qompack/qompack/tools/devtool","Test":"TestGenConfigDocs_GatedSwitchesRenderFromSource/gated_switches","Elapsed":0}
{"Time":"2026-09-21T15:37:06.5808993-04:00","Action":"run","Package":"github.com/qompack/qompack/tools/devtool","Test":"TestGenConfigDocs_GatedSwitchesRenderFromSource/build_gates"}
{"Time":"2026-09-21T15:37:06.5808993-04:00","Action":"output","Package":"github.com/qompack/qompack/tools/devtool","Test":"TestGenConfigDocs_GatedSwitchesRenderFromSource/build_gates","Output":"=== RUN   TestGenConfigDocs_GatedSwitchesRenderFromSource/build_gates\n"}
{"Time":"2026-09-21T15:37:06.5808993-04:00","Action":"output","Package":"github.com/qompack/qompack/tools/devtool","Test":"TestGenConfigDocs_GatedSwitchesRenderFromSource/build_gates","Output":"--- PASS: TestGenConfigDocs_GatedSwitchesRenderFromSource/build_gates (0.00s)\n"}
{"Time":"2026-09-21T15:37:06.5808993-04:00","Action":"pass","Package":"github.com/qompack/qompack/tools/devtool","Test":"TestGenConfigDocs_GatedSwitchesRenderFromSource/build_gates","Elapsed":0}
{"Time":"2026-09-21T15:37:06.5808993-04:00","Action":"run","Package":"github.com/qompack/qompack/tools/devtool","Test":"TestGenConfigDocs_GatedSwitchesRenderFromSource/retired-meaning_keys"}
{"Time":"2026-09-21T15:37:06.5808993-04:00","Action":"output","Package":"github.com/qompack/qompack/tools/devtool","Test":"TestGenConfigDocs_GatedSwitchesRenderFromSource/retired-meaning_keys","Output":"=== RUN   TestGenConfigDocs_GatedSwitchesRenderFromSource/retired-meaning_keys\n"}
{"Time":"2026-09-21T15:37:06.5808993-04:00","Action":"output","Package":"github.com/qompack/qompack/tools/devtool","Test":"TestGenConfigDocs_GatedSwitchesRenderFromSource/retired-meaning_keys","Output":"--- PASS: TestGenConfigDocs_GatedSwitchesRenderFromSource/retired-meaning_keys (0.00s)\n"}
{"Time":"2026-09-21T15:37:06.5808993-04:00","Action":"pass","Package":"github.com/qompack/qompack/tools/devtool","Test":"TestGenConfigDocs_GatedSwitchesRenderFromSource/retired-meaning_keys","Elapsed":0}
{"Time":"2026-09-21T15:37:06.5808993-04:00","Action":"run","Package":"github.com/qompack/qompack/tools/devtool","Test":"TestGenConfigDocs_GatedSwitchesRenderFromSource/versioned_blocks"}
{"Time":"2026-09-21T15:37:06.5808993-04:00","Action":"output","Package":"github.com/qompack/qompack/tools/devtool","Test":"TestGenConfigDocs_GatedSwitchesRenderFromSource/versioned_blocks","Output":"=== RUN   TestGenConfigDocs_GatedSwitchesRenderFromSource/versioned_blocks\n"}
{"Time":"2026-09-21T15:37:06.5808993-04:00","Action":"output","Package":"github.com/qompack/qompack/tools/devtool","Test":"TestGenConfigDocs_GatedSwitchesRenderFromSource/versioned_blocks","Output":"--- PASS: TestGenConfigDocs_GatedSwitchesRenderFromSource/versioned_blocks (0.00s)\n"}
{"Time":"2026-09-21T15:37:06.5808993-04:00","Action":"pass","Package":"github.com/qompack/qompack/tools/devtool","Test":"TestGenConfigDocs_GatedSwitchesRenderFromSource/versioned_blocks","Elapsed":0}
{"Time":"2026-09-21T15:37:06.5808993-04:00","Action":"run","Package":"github.com/qompack/qompack/tools/devtool","Test":"TestGenConfigDocs_GatedSwitchesRenderFromSource/provenance_origins"}
{"Time":"2026-09-21T15:37:06.5808993-04:00","Action":"output","Package":"github.com/qompack/qompack/tools/devtool","Test":"TestGenConfigDocs_GatedSwitchesRenderFromSource/provenance_origins","Output":"=== RUN   TestGenConfigDocs_GatedSwitchesRenderFromSource/provenance_origins\n"}
{"Time":"2026-09-21T15:37:06.5808993-04:00","Action":"output","Package":"github.com/qompack/qompack/tools/devtool","Test":"TestGenConfigDocs_GatedSwitchesRenderFromSource/provenance_origins","Output":"--- PASS: TestGenConfigDocs_GatedSwitchesRenderFromSource/provenance_origins (0.00s)\n"}
{"Time":"2026-09-21T15:37:06.5808993-04:00","Action":"pass","Package":"github.com/qompack/qompack/tools/devtool","Test":"TestGenConfigDocs_GatedSwitchesRenderFromSource/provenance_origins","Elapsed":0}
{"Time":"2026-09-21T15:37:06.5808993-04:00","Action":"output","Package":"github.com/qompack/qompack/tools/devtool","Test":"TestGenConfigDocs_GatedSwitchesRenderFromSource","Output":"--- PASS: TestGenConfigDocs_GatedSwitchesRenderFromSource (0.01s)\n"}
{"Time":"2026-09-21T15:37:06.5808993-04:00","Action":"pass","Package":"github.com/qompack/qompack/tools/devtool","Test":"TestGenConfigDocs_GatedSwitchesRenderFromSource","Elapsed":0.01}
{"Time":"2026-09-21T15:37:06.5808993-04:00","Action":"run","Package":"github.com/qompack/qompack/tools/devtool","Test":"TestGenConfigDocs_CommittedPageIsCurrent"}
{"Time":"2026-09-21T15:37:06.5808993-04:00","Action":"output","Package":"github.com/qompack/qompack/tools/devtool","Test":"TestGenConfigDocs_CommittedPageIsCurrent","Output":"=== RUN   TestGenConfigDocs_CommittedPageIsCurrent\n"}
{"Time":"2026-09-21T15:37:06.6074919-04:00","Action":"output","Package":"github.com/qompack/qompack/tools/devtool","Test":"TestGenConfigDocs_CommittedPageIsCurrent","Output":"--- PASS: TestGenConfigDocs_CommittedPageIsCurrent (0.03s)\n"}
{"Time":"2026-09-21T15:37:06.6074919-04:00","Action":"pass","Package":"github.com/qompack/qompack/tools/devtool","Test":"TestGenConfigDocs_CommittedPageIsCurrent","Elapsed":0.03}
{"Time":"2026-09-21T15:37:06.6074919-04:00","Action":"run","Package":"github.com/qompack/qompack/tools/devtool","Test":"TestGenConfigDocs_CheckDetectsMissingAndStale"}
{"Time":"2026-09-21T15:37:06.6074919-04:00","Action":"output","Package":"github.com/qompack/qompack/tools/devtool","Test":"TestGenConfigDocs_CheckDetectsMissingAndStale","Output":"=== RUN   TestGenConfigDocs_CheckDetectsMissingAndStale\n"}
{"Time":"2026-09-21T15:37:06.6449425-04:00","Action":"output","Package":"github.com/qompack/qompack/tools/devtool","Test":"TestGenConfigDocs_CheckDetectsMissingAndStale","Output":"gen-config-docs: docs/config-reference.md is up to date\n"}
{"Time":"2026-09-21T15:37:06.6649359-04:00","Action":"output","Package":"github.com/qompack/qompack/tools/devtool","Test":"TestGenConfigDocs_CheckDetectsMissingAndStale","Output":"--- PASS: TestGenConfigDocs_CheckDetectsMissingAndStale (0.06s)\n"}
{"Time":"2026-09-21T15:37:06.6649359-04:00","Action":"pass","Package":"github.com/qompack/qompack/tools/devtool","Test":"TestGenConfigDocs_CheckDetectsMissingAndStale","Elapsed":0.06}
{"Time":"2026-09-21T15:37:06.6649359-04:00","Action":"run","Package":"github.com/qompack/qompack/tools/devtool","Test":"TestMCPToolsDocsUpToDate"}
{"Time":"2026-09-21T15:37:06.6649359-04:00","Action":"output","Package":"github.com/qompack/qompack/tools/devtool","Test":"TestMCPToolsDocsUpToDate","Output":"=== RUN   TestMCPToolsDocsUpToDate\n"}
{"Time":"2026-09-21T15:37:06.7127424-04:00","Action":"output","Package":"github.com/qompack/qompack/tools/devtool","Test":"TestMCPToolsDocsUpToDate","Output":"--- PASS: TestMCPToolsDocsUpToDate (0.05s)\n"}
{"Time":"2026-09-21T15:37:06.7127424-04:00","Action":"pass","Package":"github.com/qompack/qompack/tools/devtool","Test":"TestMCPToolsDocsUpToDate","Elapsed":0.05}
{"Time":"2026-09-21T15:37:06.7127424-04:00","Action":"run","Package":"github.com/qompack/qompack/tools/devtool","Test":"TestMCPDocsGlanceLinksResolve"}
{"Time":"2026-09-21T15:37:06.7127424-04:00","Action":"output","Package":"github.com/qompack/qompack/tools/devtool","Test":"TestMCPDocsGlanceLinksResolve","Output":"=== RUN   TestMCPDocsGlanceLinksResolve\n"}
{"Time":"2026-09-21T15:37:06.7137971-04:00","Action":"output","Package":"github.com/qompack/qompack/tools/devtool","Test":"TestMCPDocsGlanceLinksResolve","Output":"--- PASS: TestMCPDocsGlanceLinksResolve (0.00s)\n"}
{"Time":"2026-09-21T15:37:06.7137971-04:00","Action":"pass","Package":"github.com/qompack/qompack/tools/devtool","Test":"TestMCPDocsGlanceLinksResolve","Elapsed":0}
{"Time":"2026-09-21T15:37:06.7148718-04:00","Action":"output","Package":"github.com/qompack/qompack/tools/devtool","Output":"PASS\n"}
{"Time":"2026-09-21T15:37:06.7175843-04:00","Action":"output","Package":"github.com/qompack/qompack/tools/devtool","Output":"ok  \tgithub.com/qompack/qompack/tools/devtool\t1.265s\n"}
{"Time":"2026-09-21T15:37:06.7175843-04:00","Action":"pass","Package":"github.com/qompack/qompack/tools/devtool","Elapsed":1.2650000000000001}
