--- FAIL: TestGCRetention_UnreadableLeaseRootHaltsCollection (0.07s)
    gc_retention_read_v6_test.go:45: 
        	Error Trace:	C:/Users/Quant/Documents/Programming/Projects/qompack-v6/internal/store/gc_retention_read_v6_test.go:45
        	Error:      	Should be true
        	Test:       	TestGCRetention_UnreadableLeaseRootHaltsCollection
        	Messages:   	an unreadable retention source must be reported, never read as empty
--- FAIL: TestGCRetention_TornCheckpointHidesLaterReferenceHaltsCollection (0.08s)
    gc_retention_read_v6_test.go:71: 
        	Error Trace:	C:/Users/Quant/Documents/Programming/Projects/qompack-v6/internal/store/gc_retention_read_v6_test.go:71
        	Error:      	Should be true
        	Test:       	TestGCRetention_TornCheckpointHidesLaterReferenceHaltsCollection
        	Messages:   	a torn retention document must be reported, not silently truncated
--- FAIL: TestGCRetention_OverlongLeaseLineHidesLaterLiveReferenceHaltsCollection (0.08s)
    gc_retention_read_v6_test.go:98: 
        	Error Trace:	C:/Users/Quant/Documents/Programming/Projects/qompack-v6/internal/store/gc_retention_read_v6_test.go:98
        	Error:      	Should be true
        	Test:       	TestGCRetention_OverlongLeaseLineHidesLaterLiveReferenceHaltsCollection
        	Messages:   	an overlong line that stops the scan must be reported
--- FAIL: TestGCRetention_AckReleaseRequiresExactObservationAndVersion (0.08s)
    gc_retention_read_v6_test.go:143: 
        	Error Trace:	C:/Users/Quant/Documents/Programming/Projects/qompack-v6/internal/store/gc_retention_read_v6_test.go:143
        	Error:      	Received unexpected error:
        	            	qompack: not found: root 40c00e78f1dd
        	Test:       	TestGCRetention_AckReleaseRequiresExactObservationAndVersion
        	Messages:   	an ack for a different observation must not release this lease
FAIL
FAIL	github.com/qompack/qompack/internal/store	0.753s
FAIL
