=== RUN   TestGCSegments_HarvestsOldestLeaseAcrossRotation
--- PASS: TestGCSegments_HarvestsOldestLeaseAcrossRotation (0.08s)
=== RUN   TestGCSegments_AckInLaterSegmentSettlesOlderLease
--- PASS: TestGCSegments_AckInLaterSegmentSettlesOlderLease (0.08s)
=== RUN   TestGCSegments_MissingCommittedSegmentHalts
--- PASS: TestGCSegments_MissingCommittedSegmentHalts (0.05s)
=== RUN   TestGCSegments_MissingSealHalts
--- PASS: TestGCSegments_MissingSealHalts (0.05s)
=== RUN   TestGCSegments_NonDenseActiveHalts
--- PASS: TestGCSegments_NonDenseActiveHalts (0.06s)
=== RUN   TestGCSegments_TornLogHalts
--- PASS: TestGCSegments_TornLogHalts (0.05s)
=== RUN   TestGCSegments_UnknownSchemaHeadHalts
--- PASS: TestGCSegments_UnknownSchemaHeadHalts (0.05s)
=== RUN   TestGCSegments_MigrationEvidenceWithoutAuthorityHalts
--- PASS: TestGCSegments_MigrationEvidenceWithoutAuthorityHalts (0.04s)
=== RUN   TestGCSegments_StagedSegmentLeaseRetained
--- PASS: TestGCSegments_StagedSegmentLeaseRetained (0.07s)
=== RUN   TestGCSegments_FrontierRecheckDetectsLogTailRotation
--- PASS: TestGCSegments_FrontierRecheckDetectsLogTailRotation (0.06s)
=== RUN   TestGCSegments_UnmigratedTreeStaysLegacy
--- PASS: TestGCSegments_UnmigratedTreeStaysLegacy (0.05s)
PASS
ok  	github.com/qompack/qompack/internal/store	0.862s
