=== RUN   TestGCSegments_HarvestsOldestLeaseAcrossRotation
--- PASS: TestGCSegments_HarvestsOldestLeaseAcrossRotation (0.13s)
=== RUN   TestGCSegments_AckInLaterSegmentSettlesOlderLease
--- PASS: TestGCSegments_AckInLaterSegmentSettlesOlderLease (0.10s)
=== RUN   TestGCSegments_MissingCommittedSegmentHalts
--- PASS: TestGCSegments_MissingCommittedSegmentHalts (0.05s)
=== RUN   TestGCSegments_MissingSealHalts
--- PASS: TestGCSegments_MissingSealHalts (0.05s)
=== RUN   TestGCSegments_NonDenseActiveHalts
--- PASS: TestGCSegments_NonDenseActiveHalts (0.07s)
=== RUN   TestGCSegments_TornLogHalts
--- PASS: TestGCSegments_TornLogHalts (0.06s)
=== RUN   TestGCSegments_UnknownSchemaHeadHalts
--- PASS: TestGCSegments_UnknownSchemaHeadHalts (0.06s)
=== RUN   TestGCSegments_MigrationEvidenceWithoutAuthorityHalts
--- PASS: TestGCSegments_MigrationEvidenceWithoutAuthorityHalts (0.05s)
=== RUN   TestGCSegments_StagedSegmentLeaseRetained
--- PASS: TestGCSegments_StagedSegmentLeaseRetained (0.08s)
=== RUN   TestGCSegments_UnmigratedTreeStaysLegacy
--- PASS: TestGCSegments_UnmigratedTreeStaysLegacy (0.08s)
=== RUN   TestGCRetention_UnreadableLeaseRootHaltsCollection
--- PASS: TestGCRetention_UnreadableLeaseRootHaltsCollection (0.05s)
=== RUN   TestGCRetention_TornCheckpointHidesLaterReferenceHaltsCollection
--- PASS: TestGCRetention_TornCheckpointHidesLaterReferenceHaltsCollection (0.07s)
=== RUN   TestGCRetention_OverlongLeaseLineHidesLaterLiveReferenceHaltsCollection
--- PASS: TestGCRetention_OverlongLeaseLineHidesLaterLiveReferenceHaltsCollection (0.08s)
=== RUN   TestGCRetention_AckReleaseRequiresExactObservationAndVersion
--- PASS: TestGCRetention_AckReleaseRequiresExactObservationAndVersion (0.11s)
=== RUN   TestGCRetention_LegacyLeaseWithoutObservationStillReleasesOnNonce
--- PASS: TestGCRetention_LegacyLeaseWithoutObservationStillReleasesOnNonce (0.09s)
=== RUN   TestGCRetention_UnreadableCheckpointDirHaltsCollection
--- PASS: TestGCRetention_UnreadableCheckpointDirHaltsCollection (0.07s)
=== RUN   TestGCRetention_UnreadablePendingDirHaltsCollection
--- PASS: TestGCRetention_UnreadablePendingDirHaltsCollection (0.06s)
=== RUN   TestGCRetention_NonRegularAckSourceRetainsWithoutHaltingOrHanging
--- PASS: TestGCRetention_NonRegularAckSourceRetainsWithoutHaltingOrHanging (0.10s)
=== RUN   TestGCRetention_CancelledContextIsNotARetentionError
--- PASS: TestGCRetention_CancelledContextIsNotARetentionError (0.10s)
PASS
ok  	github.com/qompack/qompack/internal/store	1.681s
