{"Time":"2026-09-21T16:18:03.1753448-04:00","Action":"start","Package":"github.com/qompack/qompack/internal/daemon"}
{"Time":"2026-09-21T16:18:03.3347839-04:00","Action":"run","Package":"github.com/qompack/qompack/internal/daemon","Test":"TestDeliveryJournal_AccessorOwnershipIsRecheckedPerBatch"}
{"Time":"2026-09-21T16:18:03.3347839-04:00","Action":"output","Package":"github.com/qompack/qompack/internal/daemon","Test":"TestDeliveryJournal_AccessorOwnershipIsRecheckedPerBatch","Output":"=== RUN   TestDeliveryJournal_AccessorOwnershipIsRecheckedPerBatch\n"}
{"Time":"2026-09-21T16:18:03.3358573-04:00","Action":"run","Package":"github.com/qompack/qompack/internal/daemon","Test":"TestDeliveryJournal_AccessorOwnershipIsRecheckedPerBatch/a_lease_after_the_lock_was_replaced"}
{"Time":"2026-09-21T16:18:03.3358573-04:00","Action":"output","Package":"github.com/qompack/qompack/internal/daemon","Test":"TestDeliveryJournal_AccessorOwnershipIsRecheckedPerBatch/a_lease_after_the_lock_was_replaced","Output":"=== RUN   TestDeliveryJournal_AccessorOwnershipIsRecheckedPerBatch/a_lease_after_the_lock_was_replaced\n"}
{"Time":"2026-09-21T16:18:03.4458802-04:00","Action":"output","Package":"github.com/qompack/qompack/internal/daemon","Test":"TestDeliveryJournal_AccessorOwnershipIsRecheckedPerBatch/a_lease_after_the_lock_was_replaced","Output":"--- PASS: TestDeliveryJournal_AccessorOwnershipIsRecheckedPerBatch/a_lease_after_the_lock_was_replaced (0.11s)\n"}
{"Time":"2026-09-21T16:18:03.4458802-04:00","Action":"pass","Package":"github.com/qompack/qompack/internal/daemon","Test":"TestDeliveryJournal_AccessorOwnershipIsRecheckedPerBatch/a_lease_after_the_lock_was_replaced","Elapsed":0.11}
{"Time":"2026-09-21T16:18:03.4458802-04:00","Action":"run","Package":"github.com/qompack/qompack/internal/daemon","Test":"TestDeliveryJournal_AccessorOwnershipIsRecheckedPerBatch/a_batch_queued_before_the_lock_was_replaced"}
{"Time":"2026-09-21T16:18:03.4458802-04:00","Action":"output","Package":"github.com/qompack/qompack/internal/daemon","Test":"TestDeliveryJournal_AccessorOwnershipIsRecheckedPerBatch/a_batch_queued_before_the_lock_was_replaced","Output":"=== RUN   TestDeliveryJournal_AccessorOwnershipIsRecheckedPerBatch/a_batch_queued_before_the_lock_was_replaced\n"}
{"Time":"2026-09-21T16:18:03.5420501-04:00","Action":"output","Package":"github.com/qompack/qompack/internal/daemon","Test":"TestDeliveryJournal_AccessorOwnershipIsRecheckedPerBatch/a_batch_queued_before_the_lock_was_replaced","Output":"--- PASS: TestDeliveryJournal_AccessorOwnershipIsRecheckedPerBatch/a_batch_queued_before_the_lock_was_replaced (0.10s)\n"}
{"Time":"2026-09-21T16:18:03.5420501-04:00","Action":"pass","Package":"github.com/qompack/qompack/internal/daemon","Test":"TestDeliveryJournal_AccessorOwnershipIsRecheckedPerBatch/a_batch_queued_before_the_lock_was_replaced","Elapsed":0.1}
{"Time":"2026-09-21T16:18:03.5420501-04:00","Action":"output","Package":"github.com/qompack/qompack/internal/daemon","Test":"TestDeliveryJournal_AccessorOwnershipIsRecheckedPerBatch","Output":"--- PASS: TestDeliveryJournal_AccessorOwnershipIsRecheckedPerBatch (0.21s)\n"}
{"Time":"2026-09-21T16:18:03.5420501-04:00","Action":"pass","Package":"github.com/qompack/qompack/internal/daemon","Test":"TestDeliveryJournal_AccessorOwnershipIsRecheckedPerBatch","Elapsed":0.21}
{"Time":"2026-09-21T16:18:03.5430582-04:00","Action":"run","Package":"github.com/qompack/qompack/internal/daemon","Test":"TestDrainPersistsADegradedCaptureAsEvidence"}
{"Time":"2026-09-21T16:18:03.5430582-04:00","Action":"output","Package":"github.com/qompack/qompack/internal/daemon","Test":"TestDrainPersistsADegradedCaptureAsEvidence","Output":"=== RUN   TestDrainPersistsADegradedCaptureAsEvidence\n"}
{"Time":"2026-09-21T16:18:03.6829207-04:00","Action":"output","Package":"github.com/qompack/qompack/internal/daemon","Test":"TestDrainPersistsADegradedCaptureAsEvidence","Output":"--- PASS: TestDrainPersistsADegradedCaptureAsEvidence (0.14s)\n"}
{"Time":"2026-09-21T16:18:03.6834464-04:00","Action":"pass","Package":"github.com/qompack/qompack/internal/daemon","Test":"TestDrainPersistsADegradedCaptureAsEvidence","Elapsed":0.14}
{"Time":"2026-09-21T16:18:03.6834464-04:00","Action":"run","Package":"github.com/qompack/qompack/internal/daemon","Test":"TestDaemonMCPOpDispatchesToolCall"}
{"Time":"2026-09-21T16:18:03.6834464-04:00","Action":"output","Package":"github.com/qompack/qompack/internal/daemon","Test":"TestDaemonMCPOpDispatchesToolCall","Output":"=== RUN   TestDaemonMCPOpDispatchesToolCall\n"}
{"Time":"2026-09-21T16:18:03.7426957-04:00","Action":"output","Package":"github.com/qompack/qompack/internal/daemon","Test":"TestDaemonMCPOpDispatchesToolCall","Output":"--- PASS: TestDaemonMCPOpDispatchesToolCall (0.06s)\n"}
{"Time":"2026-09-21T16:18:03.7432392-04:00","Action":"pass","Package":"github.com/qompack/qompack/internal/daemon","Test":"TestDaemonMCPOpDispatchesToolCall","Elapsed":0.06}
{"Time":"2026-09-21T16:18:03.7432392-04:00","Action":"run","Package":"github.com/qompack/qompack/internal/daemon","Test":"TestDaemonMCPOpUnknownToolIsPayloadError"}
{"Time":"2026-09-21T16:18:03.7432392-04:00","Action":"output","Package":"github.com/qompack/qompack/internal/daemon","Test":"TestDaemonMCPOpUnknownToolIsPayloadError","Output":"=== RUN   TestDaemonMCPOpUnknownToolIsPayloadError\n"}
{"Time":"2026-09-21T16:18:03.7598919-04:00","Action":"output","Package":"github.com/qompack/qompack/internal/daemon","Test":"TestDaemonMCPOpUnknownToolIsPayloadError","Output":"--- PASS: TestDaemonMCPOpUnknownToolIsPayloadError (0.02s)\n"}
{"Time":"2026-09-21T16:18:03.7598919-04:00","Action":"pass","Package":"github.com/qompack/qompack/internal/daemon","Test":"TestDaemonMCPOpUnknownToolIsPayloadError","Elapsed":0.02}
{"Time":"2026-09-21T16:18:03.7598919-04:00","Action":"run","Package":"github.com/qompack/qompack/internal/daemon","Test":"TestDaemonMCPOpMalformedPayloadIsTransportError"}
{"Time":"2026-09-21T16:18:03.7598919-04:00","Action":"output","Package":"github.com/qompack/qompack/internal/daemon","Test":"TestDaemonMCPOpMalformedPayloadIsTransportError","Output":"=== RUN   TestDaemonMCPOpMalformedPayloadIsTransportError\n"}
{"Time":"2026-09-21T16:18:03.7789372-04:00","Action":"output","Package":"github.com/qompack/qompack/internal/daemon","Test":"TestDaemonMCPOpMalformedPayloadIsTransportError","Output":"--- PASS: TestDaemonMCPOpMalformedPayloadIsTransportError (0.02s)\n"}
{"Time":"2026-09-21T16:18:03.7789372-04:00","Action":"pass","Package":"github.com/qompack/qompack/internal/daemon","Test":"TestDaemonMCPOpMalformedPayloadIsTransportError","Elapsed":0.02}
{"Time":"2026-09-21T16:18:03.779482-04:00","Action":"run","Package":"github.com/qompack/qompack/internal/daemon","Test":"TestDaemonMCPOpResolvesSessionFromRegistry"}
{"Time":"2026-09-21T16:18:03.779482-04:00","Action":"output","Package":"github.com/qompack/qompack/internal/daemon","Test":"TestDaemonMCPOpResolvesSessionFromRegistry","Output":"=== RUN   TestDaemonMCPOpResolvesSessionFromRegistry\n"}
{"Time":"2026-09-21T16:18:03.8405798-04:00","Action":"output","Package":"github.com/qompack/qompack/internal/daemon","Test":"TestDaemonMCPOpResolvesSessionFromRegistry","Output":"--- PASS: TestDaemonMCPOpResolvesSessionFromRegistry (0.06s)\n"}
{"Time":"2026-09-21T16:18:03.841111-04:00","Action":"pass","Package":"github.com/qompack/qompack/internal/daemon","Test":"TestDaemonMCPOpResolvesSessionFromRegistry","Elapsed":0.06}
{"Time":"2026-09-21T16:18:03.841111-04:00","Action":"run","Package":"github.com/qompack/qompack/internal/daemon","Test":"TestDaemonMCPOpEmptyRegistryDegrades"}
{"Time":"2026-09-21T16:18:03.841111-04:00","Action":"output","Package":"github.com/qompack/qompack/internal/daemon","Test":"TestDaemonMCPOpEmptyRegistryDegrades","Output":"=== RUN   TestDaemonMCPOpEmptyRegistryDegrades\n"}
{"Time":"2026-09-21T16:18:03.923738-04:00","Action":"output","Package":"github.com/qompack/qompack/internal/daemon","Test":"TestDaemonMCPOpEmptyRegistryDegrades","Output":"--- PASS: TestDaemonMCPOpEmptyRegistryDegrades (0.08s)\n"}
{"Time":"2026-09-21T16:18:03.923738-04:00","Action":"pass","Package":"github.com/qompack/qompack/internal/daemon","Test":"TestDaemonMCPOpEmptyRegistryDegrades","Elapsed":0.08}
{"Time":"2026-09-21T16:18:03.9242661-04:00","Action":"run","Package":"github.com/qompack/qompack/internal/daemon","Test":"TestDaemonMCPOpResolvesTurnFromCurrentSegment"}
{"Time":"2026-09-21T16:18:03.9242661-04:00","Action":"output","Package":"github.com/qompack/qompack/internal/daemon","Test":"TestDaemonMCPOpResolvesTurnFromCurrentSegment","Output":"=== RUN   TestDaemonMCPOpResolvesTurnFromCurrentSegment\n"}
{"Time":"2026-09-21T16:18:04.0082159-04:00","Action":"output","Package":"github.com/qompack/qompack/internal/daemon","Test":"TestDaemonMCPOpResolvesTurnFromCurrentSegment","Output":"--- PASS: TestDaemonMCPOpResolvesTurnFromCurrentSegment (0.08s)\n"}
{"Time":"2026-09-21T16:18:04.0082159-04:00","Action":"pass","Package":"github.com/qompack/qompack/internal/daemon","Test":"TestDaemonMCPOpResolvesTurnFromCurrentSegment","Elapsed":0.08}
{"Time":"2026-09-21T16:18:04.0082159-04:00","Action":"run","Package":"github.com/qompack/qompack/internal/daemon","Test":"TestDaemonMCPOpHonoursAnExplicitTurn"}
{"Time":"2026-09-21T16:18:04.0082159-04:00","Action":"output","Package":"github.com/qompack/qompack/internal/daemon","Test":"TestDaemonMCPOpHonoursAnExplicitTurn","Output":"=== RUN   TestDaemonMCPOpHonoursAnExplicitTurn\n"}
{"Time":"2026-09-21T16:18:04.0710157-04:00","Action":"output","Package":"github.com/qompack/qompack/internal/daemon","Test":"TestDaemonMCPOpHonoursAnExplicitTurn","Output":"--- PASS: TestDaemonMCPOpHonoursAnExplicitTurn (0.06s)\n"}
{"Time":"2026-09-21T16:18:04.0710157-04:00","Action":"pass","Package":"github.com/qompack/qompack/internal/daemon","Test":"TestDaemonMCPOpHonoursAnExplicitTurn","Elapsed":0.06}
{"Time":"2026-09-21T16:18:04.0710157-04:00","Action":"run","Package":"github.com/qompack/qompack/internal/daemon","Test":"TestDaemonMCPOpUnknownKindIsRefused"}
{"Time":"2026-09-21T16:18:04.0710157-04:00","Action":"output","Package":"github.com/qompack/qompack/internal/daemon","Test":"TestDaemonMCPOpUnknownKindIsRefused","Output":"=== RUN   TestDaemonMCPOpUnknownKindIsRefused\n"}
{"Time":"2026-09-21T16:18:04.0938381-04:00","Action":"output","Package":"github.com/qompack/qompack/internal/daemon","Test":"TestDaemonMCPOpUnknownKindIsRefused","Output":"--- PASS: TestDaemonMCPOpUnknownKindIsRefused (0.02s)\n"}
{"Time":"2026-09-21T16:18:04.0938381-04:00","Action":"pass","Package":"github.com/qompack/qompack/internal/daemon","Test":"TestDaemonMCPOpUnknownKindIsRefused","Elapsed":0.02}
{"Time":"2026-09-21T16:18:04.0938381-04:00","Action":"output","Package":"github.com/qompack/qompack/internal/daemon","Output":"PASS\n"}
{"Time":"2026-09-21T16:18:04.1040767-04:00","Action":"output","Package":"github.com/qompack/qompack/internal/daemon","Output":"ok  \tgithub.com/qompack/qompack/internal/daemon\t0.929s\n"}
{"Time":"2026-09-21T16:18:04.1040767-04:00","Action":"pass","Package":"github.com/qompack/qompack/internal/daemon","Elapsed":0.929}
{"Time":"2026-09-21T16:18:05.3760373-04:00","Action":"start","Package":"github.com/qompack/qompack/internal/store"}
{"Time":"2026-09-21T16:18:05.5727079-04:00","Action":"run","Package":"github.com/qompack/qompack/internal/store","Test":"TestOpenReadOnly_CreatesNothing"}
{"Time":"2026-09-21T16:18:05.5732688-04:00","Action":"output","Package":"github.com/qompack/qompack/internal/store","Test":"TestOpenReadOnly_CreatesNothing","Output":"=== RUN   TestOpenReadOnly_CreatesNothing\n"}
{"Time":"2026-09-21T16:18:05.5732688-04:00","Action":"output","Package":"github.com/qompack/qompack/internal/store","Test":"TestOpenReadOnly_CreatesNothing","Output":"=== PAUSE TestOpenReadOnly_CreatesNothing\n"}
{"Time":"2026-09-21T16:18:05.5732688-04:00","Action":"pause","Package":"github.com/qompack/qompack/internal/store","Test":"TestOpenReadOnly_CreatesNothing"}
{"Time":"2026-09-21T16:18:05.5732688-04:00","Action":"run","Package":"github.com/qompack/qompack/internal/store","Test":"TestOpenReadOnly_RejectsAnObjectWithoutMovingIt"}
{"Time":"2026-09-21T16:18:05.5732688-04:00","Action":"output","Package":"github.com/qompack/qompack/internal/store","Test":"TestOpenReadOnly_RejectsAnObjectWithoutMovingIt","Output":"=== RUN   TestOpenReadOnly_RejectsAnObjectWithoutMovingIt\n"}
{"Time":"2026-09-21T16:18:05.6306995-04:00","Action":"output","Package":"github.com/qompack/qompack/internal/store","Test":"TestOpenReadOnly_RejectsAnObjectWithoutMovingIt","Output":"--- PASS: TestOpenReadOnly_RejectsAnObjectWithoutMovingIt (0.06s)\n"}
{"Time":"2026-09-21T16:18:05.6306995-04:00","Action":"pass","Package":"github.com/qompack/qompack/internal/store","Test":"TestOpenReadOnly_RejectsAnObjectWithoutMovingIt","Elapsed":0.06}
{"Time":"2026-09-21T16:18:05.6306995-04:00","Action":"run","Package":"github.com/qompack/qompack/internal/store","Test":"TestOpenReadOnly_LoadsARealStoreUnchanged"}
{"Time":"2026-09-21T16:18:05.6306995-04:00","Action":"output","Package":"github.com/qompack/qompack/internal/store","Test":"TestOpenReadOnly_LoadsARealStoreUnchanged","Output":"=== RUN   TestOpenReadOnly_LoadsARealStoreUnchanged\n"}
{"Time":"2026-09-21T16:18:05.6719892-04:00","Action":"output","Package":"github.com/qompack/qompack/internal/store","Test":"TestOpenReadOnly_LoadsARealStoreUnchanged","Output":"--- PASS: TestOpenReadOnly_LoadsARealStoreUnchanged (0.04s)\n"}
{"Time":"2026-09-21T16:18:05.6719892-04:00","Action":"pass","Package":"github.com/qompack/qompack/internal/store","Test":"TestOpenReadOnly_LoadsARealStoreUnchanged","Elapsed":0.04}
{"Time":"2026-09-21T16:18:05.6719892-04:00","Action":"run","Package":"github.com/qompack/qompack/internal/store","Test":"TestOpenReadOnly_TheValueIsNotAStore"}
{"Time":"2026-09-21T16:18:05.6719892-04:00","Action":"output","Package":"github.com/qompack/qompack/internal/store","Test":"TestOpenReadOnly_TheValueIsNotAStore","Output":"=== RUN   TestOpenReadOnly_TheValueIsNotAStore\n"}
{"Time":"2026-09-21T16:18:05.6719892-04:00","Action":"output","Package":"github.com/qompack/qompack/internal/store","Test":"TestOpenReadOnly_TheValueIsNotAStore","Output":"=== PAUSE TestOpenReadOnly_TheValueIsNotAStore\n"}
{"Time":"2026-09-21T16:18:05.6719892-04:00","Action":"pause","Package":"github.com/qompack/qompack/internal/store","Test":"TestOpenReadOnly_TheValueIsNotAStore"}
{"Time":"2026-09-21T16:18:05.6719892-04:00","Action":"run","Package":"github.com/qompack/qompack/internal/store","Test":"TestOpenReadOnly_EveryMutatingMethodRefuses"}
{"Time":"2026-09-21T16:18:05.6719892-04:00","Action":"output","Package":"github.com/qompack/qompack/internal/store","Test":"TestOpenReadOnly_EveryMutatingMethodRefuses","Output":"=== RUN   TestOpenReadOnly_EveryMutatingMethodRefuses\n"}
{"Time":"2026-09-21T16:18:05.7097306-04:00","Action":"run","Package":"github.com/qompack/qompack/internal/store","Test":"TestOpenReadOnly_EveryMutatingMethodRefuses/Put"}
{"Time":"2026-09-21T16:18:05.7097306-04:00","Action":"output","Package":"github.com/qompack/qompack/internal/store","Test":"TestOpenReadOnly_EveryMutatingMethodRefuses/Put","Output":"=== RUN   TestOpenReadOnly_EveryMutatingMethodRefuses/Put\n"}
{"Time":"2026-09-21T16:18:05.7108574-04:00","Action":"output","Package":"github.com/qompack/qompack/internal/store","Test":"TestOpenReadOnly_EveryMutatingMethodRefuses/Put","Output":"--- PASS: TestOpenReadOnly_EveryMutatingMethodRefuses/Put (0.00s)\n"}
{"Time":"2026-09-21T16:18:05.7108574-04:00","Action":"pass","Package":"github.com/qompack/qompack/internal/store","Test":"TestOpenReadOnly_EveryMutatingMethodRefuses/Put","Elapsed":0}
{"Time":"2026-09-21T16:18:05.7108574-04:00","Action":"run","Package":"github.com/qompack/qompack/internal/store","Test":"TestOpenReadOnly_EveryMutatingMethodRefuses/PutBytes"}
{"Time":"2026-09-21T16:18:05.7108574-04:00","Action":"output","Package":"github.com/qompack/qompack/internal/store","Test":"TestOpenReadOnly_EveryMutatingMethodRefuses/PutBytes","Output":"=== RUN   TestOpenReadOnly_EveryMutatingMethodRefuses/PutBytes\n"}
{"Time":"2026-09-21T16:18:05.7113964-04:00","Action":"output","Package":"github.com/qompack/qompack/internal/store","Test":"TestOpenReadOnly_EveryMutatingMethodRefuses/PutBytes","Output":"--- PASS: TestOpenReadOnly_EveryMutatingMethodRefuses/PutBytes (0.00s)\n"}
{"Time":"2026-09-21T16:18:05.7119307-04:00","Action":"pass","Package":"github.com/qompack/qompack/internal/store","Test":"TestOpenReadOnly_EveryMutatingMethodRefuses/PutBytes","Elapsed":0}
{"Time":"2026-09-21T16:18:05.7119307-04:00","Action":"run","Package":"github.com/qompack/qompack/internal/store","Test":"TestOpenReadOnly_EveryMutatingMethodRefuses/Flush"}
{"Time":"2026-09-21T16:18:05.7119307-04:00","Action":"output","Package":"github.com/qompack/qompack/internal/store","Test":"TestOpenReadOnly_EveryMutatingMethodRefuses/Flush","Output":"=== RUN   TestOpenReadOnly_EveryMutatingMethodRefuses/Flush\n"}
{"Time":"2026-09-21T16:18:05.7124592-04:00","Action":"output","Package":"github.com/qompack/qompack/internal/store","Test":"TestOpenReadOnly_EveryMutatingMethodRefuses/Flush","Output":"--- PASS: TestOpenReadOnly_EveryMutatingMethodRefuses/Flush (0.00s)\n"}
{"Time":"2026-09-21T16:18:05.7124592-04:00","Action":"pass","Package":"github.com/qompack/qompack/internal/store","Test":"TestOpenReadOnly_EveryMutatingMethodRefuses/Flush","Elapsed":0}
{"Time":"2026-09-21T16:18:05.7124592-04:00","Action":"run","Package":"github.com/qompack/qompack/internal/store","Test":"TestOpenReadOnly_EveryMutatingMethodRefuses/SyncPublication"}
{"Time":"2026-09-21T16:18:05.7124592-04:00","Action":"output","Package":"github.com/qompack/qompack/internal/store","Test":"TestOpenReadOnly_EveryMutatingMethodRefuses/SyncPublication","Output":"=== RUN   TestOpenReadOnly_EveryMutatingMethodRefuses/SyncPublication\n"}
{"Time":"2026-09-21T16:18:05.713521-04:00","Action":"output","Package":"github.com/qompack/qompack/internal/store","Test":"TestOpenReadOnly_EveryMutatingMethodRefuses/SyncPublication","Output":"--- PASS: TestOpenReadOnly_EveryMutatingMethodRefuses/SyncPublication (0.00s)\n"}
{"Time":"2026-09-21T16:18:05.713521-04:00","Action":"pass","Package":"github.com/qompack/qompack/internal/store","Test":"TestOpenReadOnly_EveryMutatingMethodRefuses/SyncPublication","Elapsed":0}
{"Time":"2026-09-21T16:18:05.713521-04:00","Action":"run","Package":"github.com/qompack/qompack/internal/store","Test":"TestOpenReadOnly_EveryMutatingMethodRefuses/GC"}
{"Time":"2026-09-21T16:18:05.713521-04:00","Action":"output","Package":"github.com/qompack/qompack/internal/store","Test":"TestOpenReadOnly_EveryMutatingMethodRefuses/GC","Output":"=== RUN   TestOpenReadOnly_EveryMutatingMethodRefuses/GC\n"}
{"Time":"2026-09-21T16:18:05.7146122-04:00","Action":"output","Package":"github.com/qompack/qompack/internal/store","Test":"TestOpenReadOnly_EveryMutatingMethodRefuses/GC","Output":"--- PASS: TestOpenReadOnly_EveryMutatingMethodRefuses/GC (0.00s)\n"}
{"Time":"2026-09-21T16:18:05.7146122-04:00","Action":"pass","Package":"github.com/qompack/qompack/internal/store","Test":"TestOpenReadOnly_EveryMutatingMethodRefuses/GC","Elapsed":0}
{"Time":"2026-09-21T16:18:05.7146122-04:00","Action":"run","Package":"github.com/qompack/qompack/internal/store","Test":"TestOpenReadOnly_EveryMutatingMethodRefuses/RecordToolUse"}
{"Time":"2026-09-21T16:18:05.7146122-04:00","Action":"output","Package":"github.com/qompack/qompack/internal/store","Test":"TestOpenReadOnly_EveryMutatingMethodRefuses/RecordToolUse","Output":"=== RUN   TestOpenReadOnly_EveryMutatingMethodRefuses/RecordToolUse\n"}
{"Time":"2026-09-21T16:18:05.7151599-04:00","Action":"output","Package":"github.com/qompack/qompack/internal/store","Test":"TestOpenReadOnly_EveryMutatingMethodRefuses/RecordToolUse","Output":"--- PASS: TestOpenReadOnly_EveryMutatingMethodRefuses/RecordToolUse (0.00s)\n"}
{"Time":"2026-09-21T16:18:05.7151599-04:00","Action":"pass","Package":"github.com/qompack/qompack/internal/store","Test":"TestOpenReadOnly_EveryMutatingMethodRefuses/RecordToolUse","Elapsed":0}
{"Time":"2026-09-21T16:18:05.7151599-04:00","Action":"run","Package":"github.com/qompack/qompack/internal/store","Test":"TestOpenReadOnly_EveryMutatingMethodRefuses/RecordToolUseSuperseding"}
{"Time":"2026-09-21T16:18:05.7157066-04:00","Action":"output","Package":"github.com/qompack/qompack/internal/store","Test":"TestOpenReadOnly_EveryMutatingMethodRefuses/RecordToolUseSuperseding","Output":"=== RUN   TestOpenReadOnly_EveryMutatingMethodRefuses/RecordToolUseSuperseding\n"}
{"Time":"2026-09-21T16:18:05.7163617-04:00","Action":"output","Package":"github.com/qompack/qompack/internal/store","Test":"TestOpenReadOnly_EveryMutatingMethodRefuses/RecordToolUseSuperseding","Output":"--- PASS: TestOpenReadOnly_EveryMutatingMethodRefuses/RecordToolUseSuperseding (0.00s)\n"}
{"Time":"2026-09-21T16:18:05.7163617-04:00","Action":"pass","Package":"github.com/qompack/qompack/internal/store","Test":"TestOpenReadOnly_EveryMutatingMethodRefuses/RecordToolUseSuperseding","Elapsed":0}
{"Time":"2026-09-21T16:18:05.7163617-04:00","Action":"run","Package":"github.com/qompack/qompack/internal/store","Test":"TestOpenReadOnly_EveryMutatingMethodRefuses/MarkSuperseded"}
{"Time":"2026-09-21T16:18:05.7163617-04:00","Action":"output","Package":"github.com/qompack/qompack/internal/store","Test":"TestOpenReadOnly_EveryMutatingMethodRefuses/MarkSuperseded","Output":"=== RUN   TestOpenReadOnly_EveryMutatingMethodRefuses/MarkSuperseded\n"}
{"Time":"2026-09-21T16:18:05.717438-04:00","Action":"output","Package":"github.com/qompack/qompack/internal/store","Test":"TestOpenReadOnly_EveryMutatingMethodRefuses/MarkSuperseded","Output":"--- PASS: TestOpenReadOnly_EveryMutatingMethodRefuses/MarkSuperseded (0.00s)\n"}
{"Time":"2026-09-21T16:18:05.717438-04:00","Action":"pass","Package":"github.com/qompack/qompack/internal/store","Test":"TestOpenReadOnly_EveryMutatingMethodRefuses/MarkSuperseded","Elapsed":0}
{"Time":"2026-09-21T16:18:05.717438-04:00","Action":"run","Package":"github.com/qompack/qompack/internal/store","Test":"TestOpenReadOnly_EveryMutatingMethodRefuses/AppendFileVersion"}
{"Time":"2026-09-21T16:18:05.717438-04:00","Action":"output","Package":"github.com/qompack/qompack/internal/store","Test":"TestOpenReadOnly_EveryMutatingMethodRefuses/AppendFileVersion","Output":"=== RUN   TestOpenReadOnly_EveryMutatingMethodRefuses/AppendFileVersion\n"}
{"Time":"2026-09-21T16:18:05.7185534-04:00","Action":"output","Package":"github.com/qompack/qompack/internal/store","Test":"TestOpenReadOnly_EveryMutatingMethodRefuses/AppendFileVersion","Output":"--- PASS: TestOpenReadOnly_EveryMutatingMethodRefuses/AppendFileVersion (0.00s)\n"}
{"Time":"2026-09-21T16:18:05.7185534-04:00","Action":"pass","Package":"github.com/qompack/qompack/internal/store","Test":"TestOpenReadOnly_EveryMutatingMethodRefuses/AppendFileVersion","Elapsed":0}
{"Time":"2026-09-21T16:18:05.7185534-04:00","Action":"run","Package":"github.com/qompack/qompack/internal/store","Test":"TestOpenReadOnly_EveryMutatingMethodRefuses/Quarantine"}
{"Time":"2026-09-21T16:18:05.7185534-04:00","Action":"output","Package":"github.com/qompack/qompack/internal/store","Test":"TestOpenReadOnly_EveryMutatingMethodRefuses/Quarantine","Output":"=== RUN   TestOpenReadOnly_EveryMutatingMethodRefuses/Quarantine\n"}
{"Time":"2026-09-21T16:18:05.7190982-04:00","Action":"output","Package":"github.com/qompack/qompack/internal/store","Test":"TestOpenReadOnly_EveryMutatingMethodRefuses/Quarantine","Output":"--- PASS: TestOpenReadOnly_EveryMutatingMethodRefuses/Quarantine (0.00s)\n"}
{"Time":"2026-09-21T16:18:05.7190982-04:00","Action":"pass","Package":"github.com/qompack/qompack/internal/store","Test":"TestOpenReadOnly_EveryMutatingMethodRefuses/Quarantine","Elapsed":0}
{"Time":"2026-09-21T16:18:05.7233973-04:00","Action":"output","Package":"github.com/qompack/qompack/internal/store","Test":"TestOpenReadOnly_EveryMutatingMethodRefuses","Output":"--- PASS: TestOpenReadOnly_EveryMutatingMethodRefuses (0.05s)\n"}
{"Time":"2026-09-21T16:18:05.7233973-04:00","Action":"pass","Package":"github.com/qompack/qompack/internal/store","Test":"TestOpenReadOnly_EveryMutatingMethodRefuses","Elapsed":0.05}
{"Time":"2026-09-21T16:18:05.7233973-04:00","Action":"run","Package":"github.com/qompack/qompack/internal/store","Test":"TestReadOnly_EveryExportedMethodIsClassified"}
{"Time":"2026-09-21T16:18:05.7233973-04:00","Action":"output","Package":"github.com/qompack/qompack/internal/store","Test":"TestReadOnly_EveryExportedMethodIsClassified","Output":"=== RUN   TestReadOnly_EveryExportedMethodIsClassified\n"}
{"Time":"2026-09-21T16:18:05.7233973-04:00","Action":"output","Package":"github.com/qompack/qompack/internal/store","Test":"TestReadOnly_EveryExportedMethodIsClassified","Output":"=== PAUSE TestReadOnly_EveryExportedMethodIsClassified\n"}
{"Time":"2026-09-21T16:18:05.7233973-04:00","Action":"pause","Package":"github.com/qompack/qompack/internal/store","Test":"TestReadOnly_EveryExportedMethodIsClassified"}
{"Time":"2026-09-21T16:18:05.7233973-04:00","Action":"run","Package":"github.com/qompack/qompack/internal/store","Test":"TestOpenReadOnly_LoadsTheSegmentLog"}
{"Time":"2026-09-21T16:18:05.7233973-04:00","Action":"output","Package":"github.com/qompack/qompack/internal/store","Test":"TestOpenReadOnly_LoadsTheSegmentLog","Output":"=== RUN   TestOpenReadOnly_LoadsTheSegmentLog\n"}
{"Time":"2026-09-21T16:18:05.7495992-04:00","Action":"output","Package":"github.com/qompack/qompack/internal/store","Test":"TestOpenReadOnly_LoadsTheSegmentLog","Output":"--- PASS: TestOpenReadOnly_LoadsTheSegmentLog (0.03s)\n"}
{"Time":"2026-09-21T16:18:05.7503723-04:00","Action":"pass","Package":"github.com/qompack/qompack/internal/store","Test":"TestOpenReadOnly_LoadsTheSegmentLog","Elapsed":0.03}
{"Time":"2026-09-21T16:18:05.7503723-04:00","Action":"run","Package":"github.com/qompack/qompack/internal/store","Test":"TestOpenReadOnly_TheSegmentLogRefusesWrites"}
{"Time":"2026-09-21T16:18:05.7503723-04:00","Action":"output","Package":"github.com/qompack/qompack/internal/store","Test":"TestOpenReadOnly_TheSegmentLogRefusesWrites","Output":"=== RUN   TestOpenReadOnly_TheSegmentLogRefusesWrites\n"}
{"Time":"2026-09-21T16:18:05.7764703-04:00","Action":"output","Package":"github.com/qompack/qompack/internal/store","Test":"TestOpenReadOnly_TheSegmentLogRefusesWrites","Output":"--- PASS: TestOpenReadOnly_TheSegmentLogRefusesWrites (0.03s)\n"}
{"Time":"2026-09-21T16:18:05.7764703-04:00","Action":"pass","Package":"github.com/qompack/qompack/internal/store","Test":"TestOpenReadOnly_TheSegmentLogRefusesWrites","Elapsed":0.03}
{"Time":"2026-09-21T16:18:05.7764703-04:00","Action":"run","Package":"github.com/qompack/qompack/internal/store","Test":"TestOpenReadOnly_ReadDeltaAnswersRatherThanRefusing"}
{"Time":"2026-09-21T16:18:05.7764703-04:00","Action":"output","Package":"github.com/qompack/qompack/internal/store","Test":"TestOpenReadOnly_ReadDeltaAnswersRatherThanRefusing","Output":"=== RUN   TestOpenReadOnly_ReadDeltaAnswersRatherThanRefusing\n"}
{"Time":"2026-09-21T16:18:05.8183176-04:00","Action":"output","Package":"github.com/qompack/qompack/internal/store","Test":"TestOpenReadOnly_ReadDeltaAnswersRatherThanRefusing","Output":"--- PASS: TestOpenReadOnly_ReadDeltaAnswersRatherThanRefusing (0.04s)\n"}
{"Time":"2026-09-21T16:18:05.8188489-04:00","Action":"pass","Package":"github.com/qompack/qompack/internal/store","Test":"TestOpenReadOnly_ReadDeltaAnswersRatherThanRefusing","Elapsed":0.04}
{"Time":"2026-09-21T16:18:05.8188489-04:00","Action":"cont","Package":"github.com/qompack/qompack/internal/store","Test":"TestOpenReadOnly_CreatesNothing"}
{"Time":"2026-09-21T16:18:05.8188489-04:00","Action":"output","Package":"github.com/qompack/qompack/internal/store","Test":"TestOpenReadOnly_CreatesNothing","Output":"=== CONT  TestOpenReadOnly_CreatesNothing\n"}
{"Time":"2026-09-21T16:18:05.8188489-04:00","Action":"cont","Package":"github.com/qompack/qompack/internal/store","Test":"TestReadOnly_EveryExportedMethodIsClassified"}
{"Time":"2026-09-21T16:18:05.8188489-04:00","Action":"output","Package":"github.com/qompack/qompack/internal/store","Test":"TestReadOnly_EveryExportedMethodIsClassified","Output":"=== CONT  TestReadOnly_EveryExportedMethodIsClassified\n"}
{"Time":"2026-09-21T16:18:05.8188489-04:00","Action":"run","Package":"github.com/qompack/qompack/internal/store","Test":"TestOpenReadOnly_CreatesNothing/a_directory_that_has_never_been_used_with_Qompack"}
{"Time":"2026-09-21T16:18:05.8188489-04:00","Action":"output","Package":"github.com/qompack/qompack/internal/store","Test":"TestOpenReadOnly_CreatesNothing/a_directory_that_has_never_been_used_with_Qompack","Output":"=== RUN   TestOpenReadOnly_CreatesNothing/a_directory_that_has_never_been_used_with_Qompack\n"}
{"Time":"2026-09-21T16:18:05.8188489-04:00","Action":"output","Package":"github.com/qompack/qompack/internal/store","Test":"TestOpenReadOnly_CreatesNothing/a_directory_that_has_never_been_used_with_Qompack","Output":"=== PAUSE TestOpenReadOnly_CreatesNothing/a_directory_that_has_never_been_used_with_Qompack\n"}
{"Time":"2026-09-21T16:18:05.8188489-04:00","Action":"pause","Package":"github.com/qompack/qompack/internal/store","Test":"TestOpenReadOnly_CreatesNothing/a_directory_that_has_never_been_used_with_Qompack"}
{"Time":"2026-09-21T16:18:05.8188489-04:00","Action":"run","Package":"github.com/qompack/qompack/internal/store","Test":"TestOpenReadOnly_CreatesNothing/a_bare_.qompack_directory"}
{"Time":"2026-09-21T16:18:05.8188489-04:00","Action":"output","Package":"github.com/qompack/qompack/internal/store","Test":"TestOpenReadOnly_CreatesNothing/a_bare_.qompack_directory","Output":"=== RUN   TestOpenReadOnly_CreatesNothing/a_bare_.qompack_directory\n"}
{"Time":"2026-09-21T16:18:05.8188489-04:00","Action":"output","Package":"github.com/qompack/qompack/internal/store","Test":"TestOpenReadOnly_CreatesNothing/a_bare_.qompack_directory","Output":"=== PAUSE TestOpenReadOnly_CreatesNothing/a_bare_.qompack_directory\n"}
{"Time":"2026-09-21T16:18:05.8188489-04:00","Action":"pause","Package":"github.com/qompack/qompack/internal/store","Test":"TestOpenReadOnly_CreatesNothing/a_bare_.qompack_directory"}
{"Time":"2026-09-21T16:18:05.8188489-04:00","Action":"cont","Package":"github.com/qompack/qompack/internal/store","Test":"TestOpenReadOnly_CreatesNothing/a_directory_that_has_never_been_used_with_Qompack"}
{"Time":"2026-09-21T16:18:05.8188489-04:00","Action":"output","Package":"github.com/qompack/qompack/internal/store","Test":"TestOpenReadOnly_CreatesNothing/a_directory_that_has_never_been_used_with_Qompack","Output":"=== CONT  TestOpenReadOnly_CreatesNothing/a_directory_that_has_never_been_used_with_Qompack\n"}
{"Time":"2026-09-21T16:18:05.8193894-04:00","Action":"output","Package":"github.com/qompack/qompack/internal/store","Test":"TestOpenReadOnly_CreatesNothing/a_directory_that_has_never_been_used_with_Qompack","Output":"--- PASS: TestOpenReadOnly_CreatesNothing/a_directory_that_has_never_been_used_with_Qompack (0.00s)\n"}
{"Time":"2026-09-21T16:18:05.8193894-04:00","Action":"pass","Package":"github.com/qompack/qompack/internal/store","Test":"TestOpenReadOnly_CreatesNothing/a_directory_that_has_never_been_used_with_Qompack","Elapsed":0}
{"Time":"2026-09-21T16:18:05.8193894-04:00","Action":"cont","Package":"github.com/qompack/qompack/internal/store","Test":"TestOpenReadOnly_TheValueIsNotAStore"}
{"Time":"2026-09-21T16:18:05.8193894-04:00","Action":"output","Package":"github.com/qompack/qompack/internal/store","Test":"TestOpenReadOnly_TheValueIsNotAStore","Output":"=== CONT  TestOpenReadOnly_TheValueIsNotAStore\n"}
{"Time":"2026-09-21T16:18:05.820485-04:00","Action":"output","Package":"github.com/qompack/qompack/internal/store","Test":"TestOpenReadOnly_TheValueIsNotAStore","Output":"--- PASS: TestOpenReadOnly_TheValueIsNotAStore (0.00s)\n"}
{"Time":"2026-09-21T16:18:05.820485-04:00","Action":"pass","Package":"github.com/qompack/qompack/internal/store","Test":"TestOpenReadOnly_TheValueIsNotAStore","Elapsed":0}
{"Time":"2026-09-21T16:18:05.820485-04:00","Action":"cont","Package":"github.com/qompack/qompack/internal/store","Test":"TestOpenReadOnly_CreatesNothing/a_bare_.qompack_directory"}
{"Time":"2026-09-21T16:18:05.820485-04:00","Action":"output","Package":"github.com/qompack/qompack/internal/store","Test":"TestOpenReadOnly_CreatesNothing/a_bare_.qompack_directory","Output":"=== CONT  TestOpenReadOnly_CreatesNothing/a_bare_.qompack_directory\n"}
{"Time":"2026-09-21T16:18:05.8220887-04:00","Action":"output","Package":"github.com/qompack/qompack/internal/store","Test":"TestOpenReadOnly_CreatesNothing/a_bare_.qompack_directory","Output":"--- PASS: TestOpenReadOnly_CreatesNothing/a_bare_.qompack_directory (0.00s)\n"}
{"Time":"2026-09-21T16:18:05.8220887-04:00","Action":"pass","Package":"github.com/qompack/qompack/internal/store","Test":"TestOpenReadOnly_CreatesNothing/a_bare_.qompack_directory","Elapsed":0}
{"Time":"2026-09-21T16:18:05.8220887-04:00","Action":"output","Package":"github.com/qompack/qompack/internal/store","Test":"TestOpenReadOnly_CreatesNothing","Output":"--- PASS: TestOpenReadOnly_CreatesNothing (0.00s)\n"}
{"Time":"2026-09-21T16:18:05.83164-04:00","Action":"pass","Package":"github.com/qompack/qompack/internal/store","Test":"TestOpenReadOnly_CreatesNothing","Elapsed":0}
{"Time":"2026-09-21T16:18:05.83164-04:00","Action":"output","Package":"github.com/qompack/qompack/internal/store","Test":"TestReadOnly_EveryExportedMethodIsClassified","Output":"--- PASS: TestReadOnly_EveryExportedMethodIsClassified (0.01s)\n"}
{"Time":"2026-09-21T16:18:05.8321837-04:00","Action":"pass","Package":"github.com/qompack/qompack/internal/store","Test":"TestReadOnly_EveryExportedMethodIsClassified","Elapsed":0.01}
{"Time":"2026-09-21T16:18:05.8321837-04:00","Action":"output","Package":"github.com/qompack/qompack/internal/store","Output":"PASS\n"}
{"Time":"2026-09-21T16:18:05.835546-04:00","Action":"output","Package":"github.com/qompack/qompack/internal/store","Output":"ok  \tgithub.com/qompack/qompack/internal/store\t0.460s\n"}
{"Time":"2026-09-21T16:18:05.835546-04:00","Action":"pass","Package":"github.com/qompack/qompack/internal/store","Elapsed":0.46}
