{"Time":"2026-09-21T20:30:13.969626696Z","Action":"start","Package":"github.com/qompack/qompack/internal/store"}
{"Time":"2026-09-21T20:30:13.977527941Z","Action":"run","Package":"github.com/qompack/qompack/internal/store","Test":"TestPromptFrontier_DistinguishesTurnClosingRecords"}
{"Time":"2026-09-21T20:30:13.977569482Z","Action":"output","Package":"github.com/qompack/qompack/internal/store","Test":"TestPromptFrontier_DistinguishesTurnClosingRecords","Output":"=== RUN   TestPromptFrontier_DistinguishesTurnClosingRecords\n"}
{"Time":"2026-09-21T20:30:14.016752519Z","Action":"output","Package":"github.com/qompack/qompack/internal/store","Test":"TestPromptFrontier_DistinguishesTurnClosingRecords","Output":"--- PASS: TestPromptFrontier_DistinguishesTurnClosingRecords (0.04s)\n"}
{"Time":"2026-09-21T20:30:14.0167924Z","Action":"pass","Package":"github.com/qompack/qompack/internal/store","Test":"TestPromptFrontier_DistinguishesTurnClosingRecords","Elapsed":0.04}
{"Time":"2026-09-21T20:30:14.017240424Z","Action":"run","Package":"github.com/qompack/qompack/internal/store","Test":"TestSyncPublication_RequiresEveryRecoveryObjectAndOpenWriters"}
{"Time":"2026-09-21T20:30:14.017246577Z","Action":"output","Package":"github.com/qompack/qompack/internal/store","Test":"TestSyncPublication_RequiresEveryRecoveryObjectAndOpenWriters","Output":"=== RUN   TestSyncPublication_RequiresEveryRecoveryObjectAndOpenWriters\n"}
{"Time":"2026-09-21T20:30:14.119950817Z","Action":"output","Package":"github.com/qompack/qompack/internal/store","Test":"TestSyncPublication_RequiresEveryRecoveryObjectAndOpenWriters","Output":"--- PASS: TestSyncPublication_RequiresEveryRecoveryObjectAndOpenWriters (0.10s)\n"}
{"Time":"2026-09-21T20:30:14.120003018Z","Action":"pass","Package":"github.com/qompack/qompack/internal/store","Test":"TestSyncPublication_RequiresEveryRecoveryObjectAndOpenWriters","Elapsed":0.1}
{"Time":"2026-09-21T20:30:14.120067303Z","Action":"output","Package":"github.com/qompack/qompack/internal/store","Output":"PASS\n"}
{"Time":"2026-09-21T20:30:14.121002572Z","Action":"output","Package":"github.com/qompack/qompack/internal/store","Output":"ok  \tgithub.com/qompack/qompack/internal/store\t0.150s\n"}
{"Time":"2026-09-21T20:30:14.121295226Z","Action":"pass","Package":"github.com/qompack/qompack/internal/store","Elapsed":0.152}
{"Time":"2026-09-21T20:30:14.122987663Z","Action":"start","Package":"github.com/qompack/qompack/internal/observer"}
{"Time":"2026-09-21T20:30:14.129532116Z","Action":"run","Package":"github.com/qompack/qompack/internal/observer","Test":"TestOnUserPrompt_WarningDoesNotDependOnWorkerScheduling"}
{"Time":"2026-09-21T20:30:14.129596162Z","Action":"output","Package":"github.com/qompack/qompack/internal/observer","Test":"TestOnUserPrompt_WarningDoesNotDependOnWorkerScheduling","Output":"=== RUN   TestOnUserPrompt_WarningDoesNotDependOnWorkerScheduling\n"}
{"Time":"2026-09-21T20:30:14.133526576Z","Action":"output","Package":"github.com/qompack/qompack/internal/observer","Test":"TestOnUserPrompt_WarningDoesNotDependOnWorkerScheduling","Output":"--- PASS: TestOnUserPrompt_WarningDoesNotDependOnWorkerScheduling (0.00s)\n"}
{"Time":"2026-09-21T20:30:14.133576233Z","Action":"pass","Package":"github.com/qompack/qompack/internal/observer","Test":"TestOnUserPrompt_WarningDoesNotDependOnWorkerScheduling","Elapsed":0}
{"Time":"2026-09-21T20:30:14.13358714Z","Action":"run","Package":"github.com/qompack/qompack/internal/observer","Test":"TestV6Prompt_NewDeliveryAfterUnpersistedRestartStaysDistinct"}
{"Time":"2026-09-21T20:30:14.13358889Z","Action":"output","Package":"github.com/qompack/qompack/internal/observer","Test":"TestV6Prompt_NewDeliveryAfterUnpersistedRestartStaysDistinct","Output":"=== RUN   TestV6Prompt_NewDeliveryAfterUnpersistedRestartStaysDistinct\n"}
{"Time":"2026-09-21T20:30:14.133590766Z","Action":"run","Package":"github.com/qompack/qompack/internal/observer","Test":"TestV6Prompt_NewDeliveryAfterUnpersistedRestartStaysDistinct/first"}
{"Time":"2026-09-21T20:30:14.133592024Z","Action":"output","Package":"github.com/qompack/qompack/internal/observer","Test":"TestV6Prompt_NewDeliveryAfterUnpersistedRestartStaysDistinct/first","Output":"=== RUN   TestV6Prompt_NewDeliveryAfterUnpersistedRestartStaysDistinct/first\n"}
{"Time":"2026-09-21T20:30:14.288613702Z","Action":"output","Package":"github.com/qompack/qompack/internal/observer","Test":"TestV6Prompt_NewDeliveryAfterUnpersistedRestartStaysDistinct/first","Output":"--- PASS: TestV6Prompt_NewDeliveryAfterUnpersistedRestartStaysDistinct/first (0.15s)\n"}
{"Time":"2026-09-21T20:30:14.288654353Z","Action":"pass","Package":"github.com/qompack/qompack/internal/observer","Test":"TestV6Prompt_NewDeliveryAfterUnpersistedRestartStaysDistinct/first","Elapsed":0.15}
{"Time":"2026-09-21T20:30:14.288659935Z","Action":"run","Package":"github.com/qompack/qompack/internal/observer","Test":"TestV6Prompt_NewDeliveryAfterUnpersistedRestartStaysDistinct/different"}
{"Time":"2026-09-21T20:30:14.288661202Z","Action":"output","Package":"github.com/qompack/qompack/internal/observer","Test":"TestV6Prompt_NewDeliveryAfterUnpersistedRestartStaysDistinct/different","Output":"=== RUN   TestV6Prompt_NewDeliveryAfterUnpersistedRestartStaysDistinct/different\n"}
{"Time":"2026-09-21T20:30:14.465204219Z","Action":"output","Package":"github.com/qompack/qompack/internal/observer","Test":"TestV6Prompt_NewDeliveryAfterUnpersistedRestartStaysDistinct/different","Output":"--- PASS: TestV6Prompt_NewDeliveryAfterUnpersistedRestartStaysDistinct/different (0.18s)\n"}
{"Time":"2026-09-21T20:30:14.465255926Z","Action":"pass","Package":"github.com/qompack/qompack/internal/observer","Test":"TestV6Prompt_NewDeliveryAfterUnpersistedRestartStaysDistinct/different","Elapsed":0.18}
{"Time":"2026-09-21T20:30:14.465265068Z","Action":"output","Package":"github.com/qompack/qompack/internal/observer","Test":"TestV6Prompt_NewDeliveryAfterUnpersistedRestartStaysDistinct","Output":"--- PASS: TestV6Prompt_NewDeliveryAfterUnpersistedRestartStaysDistinct (0.33s)\n"}
{"Time":"2026-09-21T20:30:14.465268735Z","Action":"pass","Package":"github.com/qompack/qompack/internal/observer","Test":"TestV6Prompt_NewDeliveryAfterUnpersistedRestartStaysDistinct","Elapsed":0.33}
{"Time":"2026-09-21T20:30:14.465290972Z","Action":"run","Package":"github.com/qompack/qompack/internal/observer","Test":"TestV6Prompt_RestartRepairsIndexBeforeSidecarCut"}
{"Time":"2026-09-21T20:30:14.465294089Z","Action":"output","Package":"github.com/qompack/qompack/internal/observer","Test":"TestV6Prompt_RestartRepairsIndexBeforeSidecarCut","Output":"=== RUN   TestV6Prompt_RestartRepairsIndexBeforeSidecarCut\n"}
{"Time":"2026-09-21T20:30:14.721902911Z","Action":"output","Package":"github.com/qompack/qompack/internal/observer","Test":"TestV6Prompt_RestartRepairsIndexBeforeSidecarCut","Output":"--- PASS: TestV6Prompt_RestartRepairsIndexBeforeSidecarCut (0.26s)\n"}
{"Time":"2026-09-21T20:30:14.721938824Z","Action":"pass","Package":"github.com/qompack/qompack/internal/observer","Test":"TestV6Prompt_RestartRepairsIndexBeforeSidecarCut","Elapsed":0.26}
{"Time":"2026-09-21T20:30:14.721944079Z","Action":"run","Package":"github.com/qompack/qompack/internal/observer","Test":"TestV6Prompt_PublishedMissingObjectIsNotAcknowledged"}
{"Time":"2026-09-21T20:30:14.721945664Z","Action":"output","Package":"github.com/qompack/qompack/internal/observer","Test":"TestV6Prompt_PublishedMissingObjectIsNotAcknowledged","Output":"=== RUN   TestV6Prompt_PublishedMissingObjectIsNotAcknowledged\n"}
{"Time":"2026-09-21T20:30:14.812876935Z","Action":"output","Package":"github.com/qompack/qompack/internal/observer","Test":"TestV6Prompt_PublishedMissingObjectIsNotAcknowledged","Output":"--- PASS: TestV6Prompt_PublishedMissingObjectIsNotAcknowledged (0.09s)\n"}
{"Time":"2026-09-21T20:30:14.812945171Z","Action":"pass","Package":"github.com/qompack/qompack/internal/observer","Test":"TestV6Prompt_PublishedMissingObjectIsNotAcknowledged","Elapsed":0.09}
{"Time":"2026-09-21T20:30:14.812957797Z","Action":"output","Package":"github.com/qompack/qompack/internal/observer","Output":"PASS\n"}
{"Time":"2026-09-21T20:30:14.813817814Z","Action":"output","Package":"github.com/qompack/qompack/internal/observer","Output":"ok  \tgithub.com/qompack/qompack/internal/observer\t0.691s\n"}
{"Time":"2026-09-21T20:30:14.813869865Z","Action":"pass","Package":"github.com/qompack/qompack/internal/observer","Elapsed":0.691}
{"Time":"2026-09-21T20:30:19.509826127Z","Action":"start","Package":"github.com/qompack/qompack/internal/daemon"}
{"Time":"2026-09-21T20:30:19.509918388Z","Action":"start","Package":"github.com/qompack/qompack/internal/cli"}
{"Time":"2026-09-21T20:30:19.51568184Z","Action":"run","Package":"github.com/qompack/qompack/internal/cli","Test":"TestBackupCLI_ConsistentRestoreRetainsLaterSourceWrites"}
{"Time":"2026-09-21T20:30:19.515717777Z","Action":"output","Package":"github.com/qompack/qompack/internal/cli","Test":"TestBackupCLI_ConsistentRestoreRetainsLaterSourceWrites","Output":"=== RUN   TestBackupCLI_ConsistentRestoreRetainsLaterSourceWrites\n"}
{"Time":"2026-09-21T20:30:19.516744621Z","Action":"run","Package":"github.com/qompack/qompack/internal/daemon","Test":"TestBorrowedLease_SurvivesDaemonUntilCallerClosesWriters"}
{"Time":"2026-09-21T20:30:19.51677008Z","Action":"output","Package":"github.com/qompack/qompack/internal/daemon","Test":"TestBorrowedLease_SurvivesDaemonUntilCallerClosesWriters","Output":"=== RUN   TestBorrowedLease_SurvivesDaemonUntilCallerClosesWriters\n"}
{"Time":"2026-09-21T20:30:19.655994712Z","Action":"output","Package":"github.com/qompack/qompack/internal/daemon","Test":"TestBorrowedLease_SurvivesDaemonUntilCallerClosesWriters","Output":"--- PASS: TestBorrowedLease_SurvivesDaemonUntilCallerClosesWriters (0.14s)\n"}
{"Time":"2026-09-21T20:30:19.656036035Z","Action":"pass","Package":"github.com/qompack/qompack/internal/daemon","Test":"TestBorrowedLease_SurvivesDaemonUntilCallerClosesWriters","Elapsed":0.14}
{"Time":"2026-09-21T20:30:19.656042081Z","Action":"run","Package":"github.com/qompack/qompack/internal/daemon","Test":"TestBorrowedLease_RejectsWrongProjectAndReleasedLease"}
{"Time":"2026-09-21T20:30:19.656044087Z","Action":"output","Package":"github.com/qompack/qompack/internal/daemon","Test":"TestBorrowedLease_RejectsWrongProjectAndReleasedLease","Output":"=== RUN   TestBorrowedLease_RejectsWrongProjectAndReleasedLease\n"}
{"Time":"2026-09-21T20:30:19.668365822Z","Action":"output","Package":"github.com/qompack/qompack/internal/daemon","Test":"TestBorrowedLease_RejectsWrongProjectAndReleasedLease","Output":"--- PASS: TestBorrowedLease_RejectsWrongProjectAndReleasedLease (0.01s)\n"}
{"Time":"2026-09-21T20:30:19.668433619Z","Action":"pass","Package":"github.com/qompack/qompack/internal/daemon","Test":"TestBorrowedLease_RejectsWrongProjectAndReleasedLease","Elapsed":0.01}
{"Time":"2026-09-21T20:30:19.668441957Z","Action":"run","Package":"github.com/qompack/qompack/internal/daemon","Test":"TestBorrowedLease_ReportsResidualOnlyAfterOwnerRelease"}
{"Time":"2026-09-21T20:30:19.668443827Z","Action":"output","Package":"github.com/qompack/qompack/internal/daemon","Test":"TestBorrowedLease_ReportsResidualOnlyAfterOwnerRelease","Output":"=== RUN   TestBorrowedLease_ReportsResidualOnlyAfterOwnerRelease\n"}
{"Time":"2026-09-21T20:30:19.870922967Z","Action":"output","Package":"github.com/qompack/qompack/internal/daemon","Test":"TestBorrowedLease_ReportsResidualOnlyAfterOwnerRelease","Output":"--- PASS: TestBorrowedLease_ReportsResidualOnlyAfterOwnerRelease (0.20s)\n"}
{"Time":"2026-09-21T20:30:19.870962509Z","Action":"pass","Package":"github.com/qompack/qompack/internal/daemon","Test":"TestBorrowedLease_ReportsResidualOnlyAfterOwnerRelease","Elapsed":0.2}
{"Time":"2026-09-21T20:30:19.870970971Z","Action":"run","Package":"github.com/qompack/qompack/internal/daemon","Test":"TestCarriedDefect_SP08D3_ReplayedPromptIsCapturedAtTurnZero"}
{"Time":"2026-09-21T20:30:19.870972252Z","Action":"output","Package":"github.com/qompack/qompack/internal/daemon","Test":"TestCarriedDefect_SP08D3_ReplayedPromptIsCapturedAtTurnZero","Output":"=== RUN   TestCarriedDefect_SP08D3_ReplayedPromptIsCapturedAtTurnZero\n"}
{"Time":"2026-09-21T20:30:20.18227182Z","Action":"output","Package":"github.com/qompack/qompack/internal/cli","Test":"TestBackupCLI_ConsistentRestoreRetainsLaterSourceWrites","Output":"--- PASS: TestBackupCLI_ConsistentRestoreRetainsLaterSourceWrites (0.67s)\n"}
{"Time":"2026-09-21T20:30:20.182310499Z","Action":"pass","Package":"github.com/qompack/qompack/internal/cli","Test":"TestBackupCLI_ConsistentRestoreRetainsLaterSourceWrites","Elapsed":0.67}
{"Time":"2026-09-21T20:30:20.182315896Z","Action":"run","Package":"github.com/qompack/qompack/internal/cli","Test":"TestBackupCLI_RefusesLiveWriterAndDoesNotOpenStore"}
{"Time":"2026-09-21T20:30:20.18231779Z","Action":"output","Package":"github.com/qompack/qompack/internal/cli","Test":"TestBackupCLI_RefusesLiveWriterAndDoesNotOpenStore","Output":"=== RUN   TestBackupCLI_RefusesLiveWriterAndDoesNotOpenStore\n"}
{"Time":"2026-09-21T20:30:20.376964984Z","Action":"output","Package":"github.com/qompack/qompack/internal/cli","Test":"TestBackupCLI_RefusesLiveWriterAndDoesNotOpenStore","Output":"--- PASS: TestBackupCLI_RefusesLiveWriterAndDoesNotOpenStore (0.19s)\n"}
{"Time":"2026-09-21T20:30:20.377005837Z","Action":"pass","Package":"github.com/qompack/qompack/internal/cli","Test":"TestBackupCLI_RefusesLiveWriterAndDoesNotOpenStore","Elapsed":0.19}
{"Time":"2026-09-21T20:30:20.377011559Z","Action":"run","Package":"github.com/qompack/qompack/internal/cli","Test":"TestBackupCLI_UncertifiedSnapshotIsRefusedByEveryReader"}
{"Time":"2026-09-21T20:30:20.377013328Z","Action":"output","Package":"github.com/qompack/qompack/internal/cli","Test":"TestBackupCLI_UncertifiedSnapshotIsRefusedByEveryReader","Output":"=== RUN   TestBackupCLI_UncertifiedSnapshotIsRefusedByEveryReader\n"}
{"Time":"2026-09-21T20:30:20.386961386Z","Action":"output","Package":"github.com/qompack/qompack/internal/daemon","Test":"TestCarriedDefect_SP08D3_ReplayedPromptIsCapturedAtTurnZero","Output":"--- PASS: TestCarriedDefect_SP08D3_ReplayedPromptIsCapturedAtTurnZero (0.52s)\n"}
{"Time":"2026-09-21T20:30:20.386996864Z","Action":"pass","Package":"github.com/qompack/qompack/internal/daemon","Test":"TestCarriedDefect_SP08D3_ReplayedPromptIsCapturedAtTurnZero","Elapsed":0.52}
{"Time":"2026-09-21T20:30:20.387065091Z","Action":"output","Package":"github.com/qompack/qompack/internal/daemon","Output":"PASS\n"}
{"Time":"2026-09-21T20:30:20.387851233Z","Action":"output","Package":"github.com/qompack/qompack/internal/daemon","Output":"ok  \tgithub.com/qompack/qompack/internal/daemon\t0.878s\n"}
{"Time":"2026-09-21T20:30:20.387872703Z","Action":"pass","Package":"github.com/qompack/qompack/internal/daemon","Elapsed":0.878}
{"Time":"2026-09-21T20:30:20.626604517Z","Action":"output","Package":"github.com/qompack/qompack/internal/cli","Test":"TestBackupCLI_UncertifiedSnapshotIsRefusedByEveryReader","Output":"--- PASS: TestBackupCLI_UncertifiedSnapshotIsRefusedByEveryReader (0.25s)\n"}
{"Time":"2026-09-21T20:30:20.626642968Z","Action":"pass","Package":"github.com/qompack/qompack/internal/cli","Test":"TestBackupCLI_UncertifiedSnapshotIsRefusedByEveryReader","Elapsed":0.25}
{"Time":"2026-09-21T20:30:20.626650837Z","Action":"output","Package":"github.com/qompack/qompack/internal/cli","Output":"PASS\n"}
{"Time":"2026-09-21T20:30:20.62742985Z","Action":"output","Package":"github.com/qompack/qompack/internal/cli","Output":"ok  \tgithub.com/qompack/qompack/internal/cli\t1.117s\n"}
{"Time":"2026-09-21T20:30:20.627491882Z","Action":"pass","Package":"github.com/qompack/qompack/internal/cli","Elapsed":1.1179999999999999}
