=== RUN   TestDeliveryGeneration_V6_ImmutableNonceAndArrival
--- PASS: TestDeliveryGeneration_V6_ImmutableNonceAndArrival (0.25s)
=== RUN   TestDeliveryGeneration_V6_LogCapacityRefusesBeforeAppend
--- PASS: TestDeliveryGeneration_V6_LogCapacityRefusesBeforeAppend (0.09s)
=== RUN   TestDeliveryGeneration_ManyGenerationsAndReplayIdentity
--- PASS: TestDeliveryGeneration_ManyGenerationsAndReplayIdentity (19.14s)
=== RUN   TestDeliveryGeneration_DormantSessionArrivalContinuity
--- PASS: TestDeliveryGeneration_DormantSessionArrivalContinuity (10.33s)
=== RUN   TestDeliveryGeneration_ArchivedAckExactJoinAndCorruptionRefusal
--- PASS: TestDeliveryGeneration_ArchivedAckExactJoinAndCorruptionRefusal (0.12s)
=== RUN   TestDeliveryGeneration_OrderedByArrivalFrontier
--- PASS: TestDeliveryGeneration_OrderedByArrivalFrontier (0.83s)
=== RUN   TestDeliveryGeneration_TerminalArchivedLeaseResolves
--- PASS: TestDeliveryGeneration_TerminalArchivedLeaseResolves (7.29s)
=== RUN   TestDeliveryGeneration_RestartAfterNewWrites
--- PASS: TestDeliveryGeneration_RestartAfterNewWrites (1.82s)
=== RUN   TestDeliveryGeneration_MissingHeadIsUnavailable
--- PASS: TestDeliveryGeneration_MissingHeadIsUnavailable (0.10s)
=== RUN   TestDeliveryGeneration_TornTailIsPreservedAndUnavailable
--- PASS: TestDeliveryGeneration_TornTailIsPreservedAndUnavailable (0.12s)
=== RUN   TestDeliveryGeneration_CompleteTailAfterLostHeadWriteIsAdopted
--- PASS: TestDeliveryGeneration_CompleteTailAfterLostHeadWriteIsAdopted (0.30s)
=== RUN   TestDeliveryGeneration_EmptyStoreIsAbsentNotUnavailable
--- PASS: TestDeliveryGeneration_EmptyStoreIsAbsentNotUnavailable (0.00s)
=== RUN   TestDeliveryGeneration_InvalidLeaseAndCancellation
--- PASS: TestDeliveryGeneration_InvalidLeaseAndCancellation (0.10s)
=== RUN   TestDeliveryGeneration_AckFrontierBlocksOnOldestPending
--- PASS: TestDeliveryGeneration_AckFrontierBlocksOnOldestPending (2.59s)
=== RUN   TestDeliveryGeneration_AckMembershipJoinIsExact
--- PASS: TestDeliveryGeneration_AckMembershipJoinIsExact (0.11s)
=== RUN   TestDeliveryGeneration_TerminalMembershipSettlesFrontier
--- PASS: TestDeliveryGeneration_TerminalMembershipSettlesFrontier (0.26s)
=== RUN   TestDeliveryGeneration_ConflictingHeadIsRefused
=== RUN   TestDeliveryGeneration_ConflictingHeadIsRefused/tampered_root
=== RUN   TestDeliveryGeneration_ConflictingHeadIsRefused/log_bytes_past_eof
=== RUN   TestDeliveryGeneration_ConflictingHeadIsRefused/last_len_past_boundary
--- PASS: TestDeliveryGeneration_ConflictingHeadIsRefused (0.90s)
    --- PASS: TestDeliveryGeneration_ConflictingHeadIsRefused/tampered_root (0.31s)
    --- PASS: TestDeliveryGeneration_ConflictingHeadIsRefused/log_bytes_past_eof (0.31s)
    --- PASS: TestDeliveryGeneration_ConflictingHeadIsRefused/last_len_past_boundary (0.28s)
=== RUN   TestDeliveryGeneration_FaultPoisonsQueriesFailClosed
--- PASS: TestDeliveryGeneration_FaultPoisonsQueriesFailClosed (0.10s)
=== RUN   TestDeliveryJournal_GenerationMirrorsAdmittedLease
--- PASS: TestDeliveryJournal_GenerationMirrorsAdmittedLease (0.24s)
=== RUN   TestDeliveryJournal_GenerationResolvesArchivedRedelivery
--- PASS: TestDeliveryJournal_GenerationResolvesArchivedRedelivery (0.22s)
=== RUN   TestDeliveryJournal_GenerationContinuesArrivalsForAnArchivedSession
--- PASS: TestDeliveryJournal_GenerationContinuesArrivalsForAnArchivedSession (0.40s)
=== RUN   TestDeliveryJournal_GenerationAckMirrorAdvancesFrontier
--- PASS: TestDeliveryJournal_GenerationAckMirrorAdvancesFrontier (0.73s)
=== RUN   TestDeliveryRadix_EmptyTreeAbsence
--- PASS: TestDeliveryRadix_EmptyTreeAbsence (0.00s)
=== RUN   TestDeliveryRadix_ManyGenerationsOldRootsUsable
--- PASS: TestDeliveryRadix_ManyGenerationsOldRootsUsable (12.65s)
=== RUN   TestDeliveryRadix_UpdateValueSameKey
--- PASS: TestDeliveryRadix_UpdateValueSameKey (0.04s)
=== RUN   TestDeliveryRadix_ReopenPersists
--- PASS: TestDeliveryRadix_ReopenPersists (0.52s)
=== RUN   TestDeliveryRadix_CollisionRefused
--- PASS: TestDeliveryRadix_CollisionRefused (0.02s)
=== RUN   TestDeliveryRadix_WrongRootAndCorruptPageAreUnavailable
--- PASS: TestDeliveryRadix_WrongRootAndCorruptPageAreUnavailable (0.02s)
=== RUN   TestDeliveryRadix_MissingDescendantIsUnavailableWithoutTouchingTheOther
--- PASS: TestDeliveryRadix_MissingDescendantIsUnavailableWithoutTouchingTheOther (0.05s)
=== RUN   TestDeliveryRadix_LookupDoesNotTouchAnIrrelevantCorruptBranch
--- PASS: TestDeliveryRadix_LookupDoesNotTouchAnIrrelevantCorruptBranch (0.05s)
=== RUN   TestDeliveryRadix_LongCommonPrefixCompressesAndProvesAbsence
--- PASS: TestDeliveryRadix_LongCommonPrefixCompressesAndProvesAbsence (0.04s)
=== RUN   TestDeliveryRadix_Cancellation
--- PASS: TestDeliveryRadix_Cancellation (0.02s)
=== RUN   TestDeliveryRadix_CrashOrphanLeavesOldGenerationsUsable
--- PASS: TestDeliveryRadix_CrashOrphanLeavesOldGenerationsUsable (0.33s)
=== RUN   TestDeliveryRadix_InputBounds
--- PASS: TestDeliveryRadix_InputBounds (0.00s)
=== RUN   TestDeliveryRadix_DecodeRejectsMalformedPages
=== RUN   TestDeliveryRadix_DecodeRejectsMalformedPages/leaf_trailing_byte
=== RUN   TestDeliveryRadix_DecodeRejectsMalformedPages/empty
=== RUN   TestDeliveryRadix_DecodeRejectsMalformedPages/too_short
=== RUN   TestDeliveryRadix_DecodeRejectsMalformedPages/bad_magic
=== RUN   TestDeliveryRadix_DecodeRejectsMalformedPages/unknown_version
=== RUN   TestDeliveryRadix_DecodeRejectsMalformedPages/unknown_kind
=== RUN   TestDeliveryRadix_DecodeRejectsMalformedPages/branch_zero_child
--- PASS: TestDeliveryRadix_DecodeRejectsMalformedPages (0.00s)
    --- PASS: TestDeliveryRadix_DecodeRejectsMalformedPages/leaf_trailing_byte (0.00s)
    --- PASS: TestDeliveryRadix_DecodeRejectsMalformedPages/empty (0.00s)
    --- PASS: TestDeliveryRadix_DecodeRejectsMalformedPages/too_short (0.00s)
    --- PASS: TestDeliveryRadix_DecodeRejectsMalformedPages/bad_magic (0.00s)
    --- PASS: TestDeliveryRadix_DecodeRejectsMalformedPages/unknown_version (0.00s)
    --- PASS: TestDeliveryRadix_DecodeRejectsMalformedPages/unknown_kind (0.00s)
    --- PASS: TestDeliveryRadix_DecodeRejectsMalformedPages/branch_zero_child (0.00s)
=== RUN   TestDeliveryTerminal_ArchivedDenialSettlesOrderingWithoutCaptureAck
--- PASS: TestDeliveryTerminal_ArchivedDenialSettlesOrderingWithoutCaptureAck (0.83s)
=== RUN   TestDeliveryTerminal_RotationDefersDispositionWithoutDeadlock
--- PASS: TestDeliveryTerminal_RotationDefersDispositionWithoutDeadlock (0.26s)
PASS
ok  	github.com/qompack/qompack/internal/daemon	62.122s
