{"Time":"2026-09-21T14:14:53.4776433-04:00","Action":"start","Package":"github.com/qompack/qompack/internal/cli"}
{"Time":"2026-09-21T14:14:53.7196311-04:00","Action":"run","Package":"github.com/qompack/qompack/internal/cli","Test":"TestBackupCLI_ConsistentRestoreRetainsLaterSourceWrites"}
{"Time":"2026-09-21T14:14:53.720186-04:00","Action":"output","Package":"github.com/qompack/qompack/internal/cli","Test":"TestBackupCLI_ConsistentRestoreRetainsLaterSourceWrites","Output":"=== RUN   TestBackupCLI_ConsistentRestoreRetainsLaterSourceWrites\n"}
{"Time":"2026-09-21T14:14:54.4467389-04:00","Action":"start","Package":"github.com/qompack/qompack/internal/hookio"}
{"Time":"2026-09-21T14:14:54.5789489-04:00","Action":"output","Package":"github.com/qompack/qompack/internal/cli","Test":"TestBackupCLI_ConsistentRestoreRetainsLaterSourceWrites","Output":"--- PASS: TestBackupCLI_ConsistentRestoreRetainsLaterSourceWrites (0.86s)\n"}
{"Time":"2026-09-21T14:14:54.5789489-04:00","Action":"pass","Package":"github.com/qompack/qompack/internal/cli","Test":"TestBackupCLI_ConsistentRestoreRetainsLaterSourceWrites","Elapsed":0.86}
{"Time":"2026-09-21T14:14:54.5789489-04:00","Action":"run","Package":"github.com/qompack/qompack/internal/cli","Test":"TestBackupCLI_RefusesLiveWriterAndDoesNotOpenStore"}
{"Time":"2026-09-21T14:14:54.5789489-04:00","Action":"output","Package":"github.com/qompack/qompack/internal/cli","Test":"TestBackupCLI_RefusesLiveWriterAndDoesNotOpenStore","Output":"=== RUN   TestBackupCLI_RefusesLiveWriterAndDoesNotOpenStore\n"}
{"Time":"2026-09-21T14:14:54.7118042-04:00","Action":"output","Package":"github.com/qompack/qompack/internal/cli","Test":"TestBackupCLI_RefusesLiveWriterAndDoesNotOpenStore","Output":"--- PASS: TestBackupCLI_RefusesLiveWriterAndDoesNotOpenStore (0.13s)\n"}
{"Time":"2026-09-21T14:14:54.7118042-04:00","Action":"pass","Package":"github.com/qompack/qompack/internal/cli","Test":"TestBackupCLI_RefusesLiveWriterAndDoesNotOpenStore","Elapsed":0.13}
{"Time":"2026-09-21T14:14:54.7118042-04:00","Action":"run","Package":"github.com/qompack/qompack/internal/cli","Test":"TestBackupCLI_UncertifiedSnapshotIsRefusedByEveryReader"}
{"Time":"2026-09-21T14:14:54.7118042-04:00","Action":"output","Package":"github.com/qompack/qompack/internal/cli","Test":"TestBackupCLI_UncertifiedSnapshotIsRefusedByEveryReader","Output":"=== RUN   TestBackupCLI_UncertifiedSnapshotIsRefusedByEveryReader\n"}
{"Time":"2026-09-21T14:14:55.0448399-04:00","Action":"output","Package":"github.com/qompack/qompack/internal/cli","Test":"TestBackupCLI_UncertifiedSnapshotIsRefusedByEveryReader","Output":"--- PASS: TestBackupCLI_UncertifiedSnapshotIsRefusedByEveryReader (0.33s)\n"}
{"Time":"2026-09-21T14:14:55.0448399-04:00","Action":"pass","Package":"github.com/qompack/qompack/internal/cli","Test":"TestBackupCLI_UncertifiedSnapshotIsRefusedByEveryReader","Elapsed":0.33}
{"Time":"2026-09-21T14:14:55.0453802-04:00","Action":"run","Package":"github.com/qompack/qompack/internal/cli","Test":"TestAdmitHookCapture_RedactionCannotLaunderOriginalScope"}
{"Time":"2026-09-21T14:14:55.0453802-04:00","Action":"output","Package":"github.com/qompack/qompack/internal/cli","Test":"TestAdmitHookCapture_RedactionCannotLaunderOriginalScope","Output":"=== RUN   TestAdmitHookCapture_RedactionCannotLaunderOriginalScope\n"}
{"Time":"2026-09-21T14:14:55.0712731-04:00","Action":"output","Package":"github.com/qompack/qompack/internal/cli","Test":"TestAdmitHookCapture_RedactionCannotLaunderOriginalScope","Output":"--- PASS: TestAdmitHookCapture_RedactionCannotLaunderOriginalScope (0.03s)\n"}
{"Time":"2026-09-21T14:14:55.0712731-04:00","Action":"pass","Package":"github.com/qompack/qompack/internal/cli","Test":"TestAdmitHookCapture_RedactionCannotLaunderOriginalScope","Elapsed":0.03}
{"Time":"2026-09-21T14:14:55.0712731-04:00","Action":"run","Package":"github.com/qompack/qompack/internal/cli","Test":"TestAdmitHookCapture_DuplicateOriginalPathIsUnavailable"}
{"Time":"2026-09-21T14:14:55.0712731-04:00","Action":"output","Package":"github.com/qompack/qompack/internal/cli","Test":"TestAdmitHookCapture_DuplicateOriginalPathIsUnavailable","Output":"=== RUN   TestAdmitHookCapture_DuplicateOriginalPathIsUnavailable\n"}
{"Time":"2026-09-21T14:14:55.0767805-04:00","Action":"output","Package":"github.com/qompack/qompack/internal/cli","Test":"TestAdmitHookCapture_DuplicateOriginalPathIsUnavailable","Output":"--- PASS: TestAdmitHookCapture_DuplicateOriginalPathIsUnavailable (0.01s)\n"}
{"Time":"2026-09-21T14:14:55.0773247-04:00","Action":"pass","Package":"github.com/qompack/qompack/internal/cli","Test":"TestAdmitHookCapture_DuplicateOriginalPathIsUnavailable","Elapsed":0.01}
{"Time":"2026-09-21T14:14:55.0773247-04:00","Action":"run","Package":"github.com/qompack/qompack/internal/cli","Test":"TestAdmitHookCapture_OutOfProjectReadIsByteFreeWithNoEvent"}
{"Time":"2026-09-21T14:14:55.0773247-04:00","Action":"output","Package":"github.com/qompack/qompack/internal/cli","Test":"TestAdmitHookCapture_OutOfProjectReadIsByteFreeWithNoEvent","Output":"=== RUN   TestAdmitHookCapture_OutOfProjectReadIsByteFreeWithNoEvent\n"}
{"Time":"2026-09-21T14:14:55.0844511-04:00","Action":"output","Package":"github.com/qompack/qompack/internal/cli","Test":"TestAdmitHookCapture_OutOfProjectReadIsByteFreeWithNoEvent","Output":"--- PASS: TestAdmitHookCapture_OutOfProjectReadIsByteFreeWithNoEvent (0.01s)\n"}
{"Time":"2026-09-21T14:14:55.0844511-04:00","Action":"pass","Package":"github.com/qompack/qompack/internal/cli","Test":"TestAdmitHookCapture_OutOfProjectReadIsByteFreeWithNoEvent","Elapsed":0.01}
{"Time":"2026-09-21T14:14:55.0861075-04:00","Action":"output","Package":"github.com/qompack/qompack/internal/cli","Output":"PASS\n"}
{"Time":"2026-09-21T14:14:55.0970794-04:00","Action":"output","Package":"github.com/qompack/qompack/internal/cli","Output":"ok  \tgithub.com/qompack/qompack/internal/cli\t1.619s\n"}
{"Time":"2026-09-21T14:14:55.0970794-04:00","Action":"pass","Package":"github.com/qompack/qompack/internal/cli","Elapsed":1.619}
{"Time":"2026-09-21T14:14:55.6934241-04:00","Action":"run","Package":"github.com/qompack/qompack/internal/hookio","Test":"TestCaptureScope_NullLifecycleInputAndAmbiguousNestedEdit"}
{"Time":"2026-09-21T14:14:55.6934241-04:00","Action":"output","Package":"github.com/qompack/qompack/internal/hookio","Test":"TestCaptureScope_NullLifecycleInputAndAmbiguousNestedEdit","Output":"=== RUN   TestCaptureScope_NullLifecycleInputAndAmbiguousNestedEdit\n"}
{"Time":"2026-09-21T14:14:55.696302-04:00","Action":"output","Package":"github.com/qompack/qompack/internal/hookio","Test":"TestCaptureScope_NullLifecycleInputAndAmbiguousNestedEdit","Output":"--- PASS: TestCaptureScope_NullLifecycleInputAndAmbiguousNestedEdit (0.00s)\n"}
{"Time":"2026-09-21T14:14:55.696302-04:00","Action":"pass","Package":"github.com/qompack/qompack/internal/hookio","Test":"TestCaptureScope_NullLifecycleInputAndAmbiguousNestedEdit","Elapsed":0}
{"Time":"2026-09-21T14:14:55.6968477-04:00","Action":"output","Package":"github.com/qompack/qompack/internal/hookio","Output":"PASS\n"}
{"Time":"2026-09-21T14:14:55.6984885-04:00","Action":"output","Package":"github.com/qompack/qompack/internal/hookio","Output":"ok  \tgithub.com/qompack/qompack/internal/hookio\t1.251s\n"}
{"Time":"2026-09-21T14:14:55.6984885-04:00","Action":"pass","Package":"github.com/qompack/qompack/internal/hookio","Elapsed":1.252}
