{"Time":"2026-09-21T14:47:06.1832581-04:00","Action":"start","Package":"github.com/qompack/qompack/internal/store"}
{"Time":"2026-09-21T14:47:06.1839827-04:00","Action":"start","Package":"github.com/qompack/qompack/internal/paths"}
{"Time":"2026-09-21T14:47:06.4692553-04:00","Action":"run","Package":"github.com/qompack/qompack/internal/store","Test":"TestMaintenance_ConstructorRequiresExplicitConfig"}
{"Time":"2026-09-21T14:47:06.4692553-04:00","Action":"output","Package":"github.com/qompack/qompack/internal/store","Test":"TestMaintenance_ConstructorRequiresExplicitConfig","Output":"=== RUN   TestMaintenance_ConstructorRequiresExplicitConfig\n"}
{"Time":"2026-09-21T14:47:06.512274-04:00","Action":"output","Package":"github.com/qompack/qompack/internal/store","Test":"TestMaintenance_ConstructorRequiresExplicitConfig","Output":"--- PASS: TestMaintenance_ConstructorRequiresExplicitConfig (0.04s)\n"}
{"Time":"2026-09-21T14:47:06.512274-04:00","Action":"pass","Package":"github.com/qompack/qompack/internal/store","Test":"TestMaintenance_ConstructorRequiresExplicitConfig","Elapsed":0.04}
{"Time":"2026-09-21T14:47:06.512274-04:00","Action":"run","Package":"github.com/qompack/qompack/internal/store","Test":"TestMaintenance_TakeBackupLeaseGuard"}
{"Time":"2026-09-21T14:47:06.512274-04:00","Action":"output","Package":"github.com/qompack/qompack/internal/store","Test":"TestMaintenance_TakeBackupLeaseGuard","Output":"=== RUN   TestMaintenance_TakeBackupLeaseGuard\n"}
{"Time":"2026-09-21T14:47:06.7914422-04:00","Action":"output","Package":"github.com/qompack/qompack/internal/store","Test":"TestMaintenance_TakeBackupLeaseGuard","Output":"--- PASS: TestMaintenance_TakeBackupLeaseGuard (0.28s)\n"}
{"Time":"2026-09-21T14:47:06.7914422-04:00","Action":"pass","Package":"github.com/qompack/qompack/internal/store","Test":"TestMaintenance_TakeBackupLeaseGuard","Elapsed":0.28}
{"Time":"2026-09-21T14:47:06.7914422-04:00","Action":"run","Package":"github.com/qompack/qompack/internal/store","Test":"TestMaintenance_BackupIDValidation"}
{"Time":"2026-09-21T14:47:06.7914422-04:00","Action":"output","Package":"github.com/qompack/qompack/internal/store","Test":"TestMaintenance_BackupIDValidation","Output":"=== RUN   TestMaintenance_BackupIDValidation\n"}
{"Time":"2026-09-21T14:47:06.9803001-04:00","Action":"run","Package":"github.com/qompack/qompack/internal/paths","Test":"TestRenameDirectoryNoReplace"}
{"Time":"2026-09-21T14:47:06.9808526-04:00","Action":"output","Package":"github.com/qompack/qompack/internal/paths","Test":"TestRenameDirectoryNoReplace","Output":"=== RUN   TestRenameDirectoryNoReplace\n"}
{"Time":"2026-09-21T14:47:07.0012266-04:00","Action":"output","Package":"github.com/qompack/qompack/internal/paths","Test":"TestRenameDirectoryNoReplace","Output":"--- PASS: TestRenameDirectoryNoReplace (0.02s)\n"}
{"Time":"2026-09-21T14:47:07.0012266-04:00","Action":"pass","Package":"github.com/qompack/qompack/internal/paths","Test":"TestRenameDirectoryNoReplace","Elapsed":0.02}
{"Time":"2026-09-21T14:47:07.0028414-04:00","Action":"output","Package":"github.com/qompack/qompack/internal/paths","Output":"PASS\n"}
{"Time":"2026-09-21T14:47:07.0072214-04:00","Action":"output","Package":"github.com/qompack/qompack/internal/paths","Output":"ok  \tgithub.com/qompack/qompack/internal/paths\t0.823s\n"}
{"Time":"2026-09-21T14:47:07.0072214-04:00","Action":"pass","Package":"github.com/qompack/qompack/internal/paths","Elapsed":0.823}
{"Time":"2026-09-21T14:47:07.0367756-04:00","Action":"output","Package":"github.com/qompack/qompack/internal/store","Test":"TestMaintenance_BackupIDValidation","Output":"--- PASS: TestMaintenance_BackupIDValidation (0.25s)\n"}
{"Time":"2026-09-21T14:47:07.0367756-04:00","Action":"pass","Package":"github.com/qompack/qompack/internal/store","Test":"TestMaintenance_BackupIDValidation","Elapsed":0.25}
{"Time":"2026-09-21T14:47:07.0367756-04:00","Action":"run","Package":"github.com/qompack/qompack/internal/store","Test":"TestMaintenance_TakeVerifyRestoreRoundTrip"}
{"Time":"2026-09-21T14:47:07.0367756-04:00","Action":"output","Package":"github.com/qompack/qompack/internal/store","Test":"TestMaintenance_TakeVerifyRestoreRoundTrip","Output":"=== RUN   TestMaintenance_TakeVerifyRestoreRoundTrip\n"}
{"Time":"2026-09-21T14:47:07.4464434-04:00","Action":"output","Package":"github.com/qompack/qompack/internal/store","Test":"TestMaintenance_TakeVerifyRestoreRoundTrip","Output":"--- PASS: TestMaintenance_TakeVerifyRestoreRoundTrip (0.41s)\n"}
{"Time":"2026-09-21T14:47:07.4464434-04:00","Action":"pass","Package":"github.com/qompack/qompack/internal/store","Test":"TestMaintenance_TakeVerifyRestoreRoundTrip","Elapsed":0.41}
{"Time":"2026-09-21T14:47:07.4472784-04:00","Action":"run","Package":"github.com/qompack/qompack/internal/store","Test":"TestMaintenance_RestoreRefusesExistingDestination"}
{"Time":"2026-09-21T14:47:07.4472784-04:00","Action":"output","Package":"github.com/qompack/qompack/internal/store","Test":"TestMaintenance_RestoreRefusesExistingDestination","Output":"=== RUN   TestMaintenance_RestoreRefusesExistingDestination\n"}
{"Time":"2026-09-21T14:47:07.6828753-04:00","Action":"output","Package":"github.com/qompack/qompack/internal/store","Test":"TestMaintenance_RestoreRefusesExistingDestination","Output":"--- PASS: TestMaintenance_RestoreRefusesExistingDestination (0.24s)\n"}
{"Time":"2026-09-21T14:47:07.6828753-04:00","Action":"pass","Package":"github.com/qompack/qompack/internal/store","Test":"TestMaintenance_RestoreRefusesExistingDestination","Elapsed":0.24}
{"Time":"2026-09-21T14:47:07.6828753-04:00","Action":"run","Package":"github.com/qompack/qompack/internal/store","Test":"TestMaintenance_CorruptedBackupIsRefused"}
{"Time":"2026-09-21T14:47:07.6828753-04:00","Action":"output","Package":"github.com/qompack/qompack/internal/store","Test":"TestMaintenance_CorruptedBackupIsRefused","Output":"=== RUN   TestMaintenance_CorruptedBackupIsRefused\n"}
{"Time":"2026-09-21T14:47:07.9015967-04:00","Action":"output","Package":"github.com/qompack/qompack/internal/store","Test":"TestMaintenance_CorruptedBackupIsRefused","Output":"--- PASS: TestMaintenance_CorruptedBackupIsRefused (0.22s)\n"}
{"Time":"2026-09-21T14:47:07.9023276-04:00","Action":"pass","Package":"github.com/qompack/qompack/internal/store","Test":"TestMaintenance_CorruptedBackupIsRefused","Elapsed":0.22}
{"Time":"2026-09-21T14:47:07.902666-04:00","Action":"run","Package":"github.com/qompack/qompack/internal/store","Test":"TestMaintenance_AdversarialManifestRefusedBeforeReadingFiles"}
{"Time":"2026-09-21T14:47:07.902666-04:00","Action":"output","Package":"github.com/qompack/qompack/internal/store","Test":"TestMaintenance_AdversarialManifestRefusedBeforeReadingFiles","Output":"=== RUN   TestMaintenance_AdversarialManifestRefusedBeforeReadingFiles\n"}
{"Time":"2026-09-21T14:47:08.1907448-04:00","Action":"output","Package":"github.com/qompack/qompack/internal/store","Test":"TestMaintenance_AdversarialManifestRefusedBeforeReadingFiles","Output":"--- PASS: TestMaintenance_AdversarialManifestRefusedBeforeReadingFiles (0.29s)\n"}
{"Time":"2026-09-21T14:47:08.1907448-04:00","Action":"pass","Package":"github.com/qompack/qompack/internal/store","Test":"TestMaintenance_AdversarialManifestRefusedBeforeReadingFiles","Elapsed":0.29}
{"Time":"2026-09-21T14:47:08.1907448-04:00","Action":"run","Package":"github.com/qompack/qompack/internal/store","Test":"TestMaintenance_SymlinkComponentInBackupTreeRefused"}
{"Time":"2026-09-21T14:47:08.1907448-04:00","Action":"output","Package":"github.com/qompack/qompack/internal/store","Test":"TestMaintenance_SymlinkComponentInBackupTreeRefused","Output":"=== RUN   TestMaintenance_SymlinkComponentInBackupTreeRefused\n"}
{"Time":"2026-09-21T14:47:08.3042491-04:00","Action":"output","Package":"github.com/qompack/qompack/internal/store","Test":"TestMaintenance_SymlinkComponentInBackupTreeRefused","Output":"    maintenance_test.go:259: symlink not permitted on this host: symlink C:\\Users\\Quant\\AppData\\Local\\Temp\\TestMaintenance_SymlinkComponentInBackupTreeRefused2518976386\\002\\external-secret C:\\Users\\Quant\\AppData\\Local\\Temp\\TestMaintenance_SymlinkComponentInBackupTreeRefused2518976386\\001\\project\\.qompack\\backup\\sym\\tree\\.gitignore: A required privilege is not held by the client.\n"}
{"Time":"2026-09-21T14:47:08.3212224-04:00","Action":"output","Package":"github.com/qompack/qompack/internal/store","Test":"TestMaintenance_SymlinkComponentInBackupTreeRefused","Output":"--- SKIP: TestMaintenance_SymlinkComponentInBackupTreeRefused (0.13s)\n"}
{"Time":"2026-09-21T14:47:08.3212224-04:00","Action":"skip","Package":"github.com/qompack/qompack/internal/store","Test":"TestMaintenance_SymlinkComponentInBackupTreeRefused","Elapsed":0.13}
{"Time":"2026-09-21T14:47:08.3212224-04:00","Action":"run","Package":"github.com/qompack/qompack/internal/store","Test":"TestMaintenance_ContextCancellationStops"}
{"Time":"2026-09-21T14:47:08.3212224-04:00","Action":"output","Package":"github.com/qompack/qompack/internal/store","Test":"TestMaintenance_ContextCancellationStops","Output":"=== RUN   TestMaintenance_ContextCancellationStops\n"}
{"Time":"2026-09-21T14:47:08.4819317-04:00","Action":"output","Package":"github.com/qompack/qompack/internal/store","Test":"TestMaintenance_ContextCancellationStops","Output":"--- PASS: TestMaintenance_ContextCancellationStops (0.16s)\n"}
{"Time":"2026-09-21T14:47:08.4819317-04:00","Action":"pass","Package":"github.com/qompack/qompack/internal/store","Test":"TestMaintenance_ContextCancellationStops","Elapsed":0.16}
{"Time":"2026-09-21T14:47:08.4819317-04:00","Action":"run","Package":"github.com/qompack/qompack/internal/store","Test":"TestMaintenance_StagedRehashCatchesPostCopyCorruption"}
{"Time":"2026-09-21T14:47:08.4819317-04:00","Action":"output","Package":"github.com/qompack/qompack/internal/store","Test":"TestMaintenance_StagedRehashCatchesPostCopyCorruption","Output":"=== RUN   TestMaintenance_StagedRehashCatchesPostCopyCorruption\n"}
{"Time":"2026-09-21T14:47:08.7077682-04:00","Action":"output","Package":"github.com/qompack/qompack/internal/store","Test":"TestMaintenance_StagedRehashCatchesPostCopyCorruption","Output":"--- PASS: TestMaintenance_StagedRehashCatchesPostCopyCorruption (0.23s)\n"}
{"Time":"2026-09-21T14:47:08.7077682-04:00","Action":"pass","Package":"github.com/qompack/qompack/internal/store","Test":"TestMaintenance_StagedRehashCatchesPostCopyCorruption","Elapsed":0.23}
{"Time":"2026-09-21T14:47:08.7077682-04:00","Action":"run","Package":"github.com/qompack/qompack/internal/store","Test":"TestMaintenance_RestoreLeavesSourceLaterWritesIntact"}
{"Time":"2026-09-21T14:47:08.7077682-04:00","Action":"output","Package":"github.com/qompack/qompack/internal/store","Test":"TestMaintenance_RestoreLeavesSourceLaterWritesIntact","Output":"=== RUN   TestMaintenance_RestoreLeavesSourceLaterWritesIntact\n"}
{"Time":"2026-09-21T14:47:09.0523188-04:00","Action":"output","Package":"github.com/qompack/qompack/internal/store","Test":"TestMaintenance_RestoreLeavesSourceLaterWritesIntact","Output":"--- PASS: TestMaintenance_RestoreLeavesSourceLaterWritesIntact (0.34s)\n"}
{"Time":"2026-09-21T14:47:09.0523188-04:00","Action":"pass","Package":"github.com/qompack/qompack/internal/store","Test":"TestMaintenance_RestoreLeavesSourceLaterWritesIntact","Elapsed":0.34}
{"Time":"2026-09-21T14:47:09.0537537-04:00","Action":"run","Package":"github.com/qompack/qompack/internal/store","Test":"TestAuditPublication_ClassifiesCaptureSidecars"}
{"Time":"2026-09-21T14:47:09.0537537-04:00","Action":"output","Package":"github.com/qompack/qompack/internal/store","Test":"TestAuditPublication_ClassifiesCaptureSidecars","Output":"=== RUN   TestAuditPublication_ClassifiesCaptureSidecars\n"}
{"Time":"2026-09-21T14:47:09.2335405-04:00","Action":"output","Package":"github.com/qompack/qompack/internal/store","Test":"TestAuditPublication_ClassifiesCaptureSidecars","Output":"--- PASS: TestAuditPublication_ClassifiesCaptureSidecars (0.18s)\n"}
{"Time":"2026-09-21T14:47:09.2340809-04:00","Action":"pass","Package":"github.com/qompack/qompack/internal/store","Test":"TestAuditPublication_ClassifiesCaptureSidecars","Elapsed":0.18}
{"Time":"2026-09-21T14:47:09.2340809-04:00","Action":"run","Package":"github.com/qompack/qompack/internal/store","Test":"TestAuditPublication_DeniedCaptureIsNotAGap"}
{"Time":"2026-09-21T14:47:09.2340809-04:00","Action":"output","Package":"github.com/qompack/qompack/internal/store","Test":"TestAuditPublication_DeniedCaptureIsNotAGap","Output":"=== RUN   TestAuditPublication_DeniedCaptureIsNotAGap\n"}
{"Time":"2026-09-21T14:47:09.2934247-04:00","Action":"output","Package":"github.com/qompack/qompack/internal/store","Test":"TestAuditPublication_DeniedCaptureIsNotAGap","Output":"--- PASS: TestAuditPublication_DeniedCaptureIsNotAGap (0.06s)\n"}
{"Time":"2026-09-21T14:47:09.2934247-04:00","Action":"pass","Package":"github.com/qompack/qompack/internal/store","Test":"TestAuditPublication_DeniedCaptureIsNotAGap","Elapsed":0.06}
{"Time":"2026-09-21T14:47:09.2934247-04:00","Action":"run","Package":"github.com/qompack/qompack/internal/store","Test":"TestAuditPublication_EmptyOkCaptureIsNotAGap"}
{"Time":"2026-09-21T14:47:09.2934247-04:00","Action":"output","Package":"github.com/qompack/qompack/internal/store","Test":"TestAuditPublication_EmptyOkCaptureIsNotAGap","Output":"=== RUN   TestAuditPublication_EmptyOkCaptureIsNotAGap\n"}
{"Time":"2026-09-21T14:47:09.3555065-04:00","Action":"output","Package":"github.com/qompack/qompack/internal/store","Test":"TestAuditPublication_EmptyOkCaptureIsNotAGap","Output":"--- PASS: TestAuditPublication_EmptyOkCaptureIsNotAGap (0.06s)\n"}
{"Time":"2026-09-21T14:47:09.3555065-04:00","Action":"pass","Package":"github.com/qompack/qompack/internal/store","Test":"TestAuditPublication_EmptyOkCaptureIsNotAGap","Elapsed":0.06}
{"Time":"2026-09-21T14:47:09.3555065-04:00","Action":"run","Package":"github.com/qompack/qompack/internal/store","Test":"TestAuditPublication_UnknownOutcomeIsIncomplete"}
{"Time":"2026-09-21T14:47:09.3555065-04:00","Action":"output","Package":"github.com/qompack/qompack/internal/store","Test":"TestAuditPublication_UnknownOutcomeIsIncomplete","Output":"=== RUN   TestAuditPublication_UnknownOutcomeIsIncomplete\n"}
{"Time":"2026-09-21T14:47:09.4194982-04:00","Action":"output","Package":"github.com/qompack/qompack/internal/store","Test":"TestAuditPublication_UnknownOutcomeIsIncomplete","Output":"--- PASS: TestAuditPublication_UnknownOutcomeIsIncomplete (0.06s)\n"}
{"Time":"2026-09-21T14:47:09.4194982-04:00","Action":"pass","Package":"github.com/qompack/qompack/internal/store","Test":"TestAuditPublication_UnknownOutcomeIsIncomplete","Elapsed":0.06}
{"Time":"2026-09-21T14:47:09.4194982-04:00","Action":"run","Package":"github.com/qompack/qompack/internal/store","Test":"TestAuditPublication_UnknownOpIsIncomplete"}
{"Time":"2026-09-21T14:47:09.4194982-04:00","Action":"output","Package":"github.com/qompack/qompack/internal/store","Test":"TestAuditPublication_UnknownOpIsIncomplete","Output":"=== RUN   TestAuditPublication_UnknownOpIsIncomplete\n"}
{"Time":"2026-09-21T14:47:09.4943734-04:00","Action":"output","Package":"github.com/qompack/qompack/internal/store","Test":"TestAuditPublication_UnknownOpIsIncomplete","Output":"--- PASS: TestAuditPublication_UnknownOpIsIncomplete (0.07s)\n"}
{"Time":"2026-09-21T14:47:09.4943734-04:00","Action":"pass","Package":"github.com/qompack/qompack/internal/store","Test":"TestAuditPublication_UnknownOpIsIncomplete","Elapsed":0.07}
{"Time":"2026-09-21T14:47:09.4943734-04:00","Action":"run","Package":"github.com/qompack/qompack/internal/store","Test":"TestAuditPublication_FutureSchemaIsIncompleteNotEmpty"}
{"Time":"2026-09-21T14:47:09.4943734-04:00","Action":"output","Package":"github.com/qompack/qompack/internal/store","Test":"TestAuditPublication_FutureSchemaIsIncompleteNotEmpty","Output":"=== RUN   TestAuditPublication_FutureSchemaIsIncompleteNotEmpty\n"}
{"Time":"2026-09-21T14:47:09.6168256-04:00","Action":"output","Package":"github.com/qompack/qompack/internal/store","Test":"TestAuditPublication_FutureSchemaIsIncompleteNotEmpty","Output":"--- PASS: TestAuditPublication_FutureSchemaIsIncompleteNotEmpty (0.12s)\n"}
{"Time":"2026-09-21T14:47:09.6168256-04:00","Action":"pass","Package":"github.com/qompack/qompack/internal/store","Test":"TestAuditPublication_FutureSchemaIsIncompleteNotEmpty","Elapsed":0.12}
{"Time":"2026-09-21T14:47:09.6168256-04:00","Action":"run","Package":"github.com/qompack/qompack/internal/store","Test":"TestAuditPublication_MissingOrOlderSchemaIsIncomplete"}
{"Time":"2026-09-21T14:47:09.6168256-04:00","Action":"output","Package":"github.com/qompack/qompack/internal/store","Test":"TestAuditPublication_MissingOrOlderSchemaIsIncomplete","Output":"=== RUN   TestAuditPublication_MissingOrOlderSchemaIsIncomplete\n"}
{"Time":"2026-09-21T14:47:09.690008-04:00","Action":"output","Package":"github.com/qompack/qompack/internal/store","Test":"TestAuditPublication_MissingOrOlderSchemaIsIncomplete","Output":"--- PASS: TestAuditPublication_MissingOrOlderSchemaIsIncomplete (0.07s)\n"}
{"Time":"2026-09-21T14:47:09.690008-04:00","Action":"pass","Package":"github.com/qompack/qompack/internal/store","Test":"TestAuditPublication_MissingOrOlderSchemaIsIncomplete","Elapsed":0.07}
{"Time":"2026-09-21T14:47:09.690008-04:00","Action":"run","Package":"github.com/qompack/qompack/internal/store","Test":"TestAuditPublication_MalformedTrailingJSONIsIncomplete"}
{"Time":"2026-09-21T14:47:09.6905477-04:00","Action":"output","Package":"github.com/qompack/qompack/internal/store","Test":"TestAuditPublication_MalformedTrailingJSONIsIncomplete","Output":"=== RUN   TestAuditPublication_MalformedTrailingJSONIsIncomplete\n"}
{"Time":"2026-09-21T14:47:09.7647428-04:00","Action":"output","Package":"github.com/qompack/qompack/internal/store","Test":"TestAuditPublication_MalformedTrailingJSONIsIncomplete","Output":"--- PASS: TestAuditPublication_MalformedTrailingJSONIsIncomplete (0.07s)\n"}
{"Time":"2026-09-21T14:47:09.7652497-04:00","Action":"pass","Package":"github.com/qompack/qompack/internal/store","Test":"TestAuditPublication_MalformedTrailingJSONIsIncomplete","Elapsed":0.07}
{"Time":"2026-09-21T14:47:09.7652497-04:00","Action":"run","Package":"github.com/qompack/qompack/internal/store","Test":"TestAuditPublication_UnreadableSidecarIsIncomplete"}
{"Time":"2026-09-21T14:47:09.7652497-04:00","Action":"output","Package":"github.com/qompack/qompack/internal/store","Test":"TestAuditPublication_UnreadableSidecarIsIncomplete","Output":"=== RUN   TestAuditPublication_UnreadableSidecarIsIncomplete\n"}
{"Time":"2026-09-21T14:47:09.8416829-04:00","Action":"output","Package":"github.com/qompack/qompack/internal/store","Test":"TestAuditPublication_UnreadableSidecarIsIncomplete","Output":"--- PASS: TestAuditPublication_UnreadableSidecarIsIncomplete (0.08s)\n"}
{"Time":"2026-09-21T14:47:09.8416829-04:00","Action":"pass","Package":"github.com/qompack/qompack/internal/store","Test":"TestAuditPublication_UnreadableSidecarIsIncomplete","Elapsed":0.08}
{"Time":"2026-09-21T14:47:09.8416829-04:00","Action":"run","Package":"github.com/qompack/qompack/internal/store","Test":"TestAuditPublication_UnindexedObjectCandidate"}
{"Time":"2026-09-21T14:47:09.8416829-04:00","Action":"output","Package":"github.com/qompack/qompack/internal/store","Test":"TestAuditPublication_UnindexedObjectCandidate","Output":"=== RUN   TestAuditPublication_UnindexedObjectCandidate\n"}
{"Time":"2026-09-21T14:47:09.9007422-04:00","Action":"output","Package":"github.com/qompack/qompack/internal/store","Test":"TestAuditPublication_UnindexedObjectCandidate","Output":"--- PASS: TestAuditPublication_UnindexedObjectCandidate (0.06s)\n"}
{"Time":"2026-09-21T14:47:09.9014779-04:00","Action":"pass","Package":"github.com/qompack/qompack/internal/store","Test":"TestAuditPublication_UnindexedObjectCandidate","Elapsed":0.06}
{"Time":"2026-09-21T14:47:09.9014779-04:00","Action":"run","Package":"github.com/qompack/qompack/internal/store","Test":"TestAuditPublication_IndexedObjectsAreNotCandidates"}
{"Time":"2026-09-21T14:47:09.9014779-04:00","Action":"output","Package":"github.com/qompack/qompack/internal/store","Test":"TestAuditPublication_IndexedObjectsAreNotCandidates","Output":"=== RUN   TestAuditPublication_IndexedObjectsAreNotCandidates\n"}
{"Time":"2026-09-21T14:47:09.9910685-04:00","Action":"output","Package":"github.com/qompack/qompack/internal/store","Test":"TestAuditPublication_IndexedObjectsAreNotCandidates","Output":"--- PASS: TestAuditPublication_IndexedObjectsAreNotCandidates (0.09s)\n"}
{"Time":"2026-09-21T14:47:09.9910685-04:00","Action":"pass","Package":"github.com/qompack/qompack/internal/store","Test":"TestAuditPublication_IndexedObjectsAreNotCandidates","Elapsed":0.09}
{"Time":"2026-09-21T14:47:09.9910685-04:00","Action":"run","Package":"github.com/qompack/qompack/internal/store","Test":"TestAuditPublication_KeepRawPutCreatesNoCandidates"}
{"Time":"2026-09-21T14:47:09.9916226-04:00","Action":"output","Package":"github.com/qompack/qompack/internal/store","Test":"TestAuditPublication_KeepRawPutCreatesNoCandidates","Output":"=== RUN   TestAuditPublication_KeepRawPutCreatesNoCandidates\n"}
{"Time":"2026-09-21T14:47:10.1084129-04:00","Action":"output","Package":"github.com/qompack/qompack/internal/store","Test":"TestAuditPublication_KeepRawPutCreatesNoCandidates","Output":"--- PASS: TestAuditPublication_KeepRawPutCreatesNoCandidates (0.12s)\n"}
{"Time":"2026-09-21T14:47:10.1084129-04:00","Action":"pass","Package":"github.com/qompack/qompack/internal/store","Test":"TestAuditPublication_KeepRawPutCreatesNoCandidates","Elapsed":0.12}
{"Time":"2026-09-21T14:47:10.1084129-04:00","Action":"run","Package":"github.com/qompack/qompack/internal/store","Test":"TestAuditPublication_PendingObjectIsNotACandidate"}
{"Time":"2026-09-21T14:47:10.1084129-04:00","Action":"output","Package":"github.com/qompack/qompack/internal/store","Test":"TestAuditPublication_PendingObjectIsNotACandidate","Output":"=== RUN   TestAuditPublication_PendingObjectIsNotACandidate\n"}
{"Time":"2026-09-21T14:47:10.1920563-04:00","Action":"output","Package":"github.com/qompack/qompack/internal/store","Test":"TestAuditPublication_PendingObjectIsNotACandidate","Output":"--- PASS: TestAuditPublication_PendingObjectIsNotACandidate (0.08s)\n"}
{"Time":"2026-09-21T14:47:10.1920563-04:00","Action":"pass","Package":"github.com/qompack/qompack/internal/store","Test":"TestAuditPublication_PendingObjectIsNotACandidate","Elapsed":0.08}
{"Time":"2026-09-21T14:47:10.1926192-04:00","Action":"run","Package":"github.com/qompack/qompack/internal/store","Test":"TestAuditPublication_EmptyProjectIsCleanAndComplete"}
{"Time":"2026-09-21T14:47:10.1926192-04:00","Action":"output","Package":"github.com/qompack/qompack/internal/store","Test":"TestAuditPublication_EmptyProjectIsCleanAndComplete","Output":"=== RUN   TestAuditPublication_EmptyProjectIsCleanAndComplete\n"}
{"Time":"2026-09-21T14:47:10.2435333-04:00","Action":"output","Package":"github.com/qompack/qompack/internal/store","Test":"TestAuditPublication_EmptyProjectIsCleanAndComplete","Output":"--- PASS: TestAuditPublication_EmptyProjectIsCleanAndComplete (0.05s)\n"}
{"Time":"2026-09-21T14:47:10.2435333-04:00","Action":"pass","Package":"github.com/qompack/qompack/internal/store","Test":"TestAuditPublication_EmptyProjectIsCleanAndComplete","Elapsed":0.05}
{"Time":"2026-09-21T14:47:10.2435333-04:00","Action":"run","Package":"github.com/qompack/qompack/internal/store","Test":"TestAuditPublication_RespectsTheCaptureCap"}
{"Time":"2026-09-21T14:47:10.2435333-04:00","Action":"output","Package":"github.com/qompack/qompack/internal/store","Test":"TestAuditPublication_RespectsTheCaptureCap","Output":"=== RUN   TestAuditPublication_RespectsTheCaptureCap\n"}
{"Time":"2026-09-21T14:47:10.3727111-04:00","Action":"output","Package":"github.com/qompack/qompack/internal/store","Test":"TestAuditPublication_RespectsTheCaptureCap","Output":"--- PASS: TestAuditPublication_RespectsTheCaptureCap (0.13s)\n"}
{"Time":"2026-09-21T14:47:10.3727111-04:00","Action":"pass","Package":"github.com/qompack/qompack/internal/store","Test":"TestAuditPublication_RespectsTheCaptureCap","Elapsed":0.13}
{"Time":"2026-09-21T14:47:10.3727111-04:00","Action":"run","Package":"github.com/qompack/qompack/internal/store","Test":"TestAuditPublication_RespectsTheEntryBudget"}
{"Time":"2026-09-21T14:47:10.3727111-04:00","Action":"output","Package":"github.com/qompack/qompack/internal/store","Test":"TestAuditPublication_RespectsTheEntryBudget","Output":"=== RUN   TestAuditPublication_RespectsTheEntryBudget\n"}
{"Time":"2026-09-21T14:47:10.4939099-04:00","Action":"output","Package":"github.com/qompack/qompack/internal/store","Test":"TestAuditPublication_RespectsTheEntryBudget","Output":"--- PASS: TestAuditPublication_RespectsTheEntryBudget (0.12s)\n"}
{"Time":"2026-09-21T14:47:10.4939099-04:00","Action":"pass","Package":"github.com/qompack/qompack/internal/store","Test":"TestAuditPublication_RespectsTheEntryBudget","Elapsed":0.12}
{"Time":"2026-09-21T14:47:10.4939099-04:00","Action":"run","Package":"github.com/qompack/qompack/internal/store","Test":"TestAuditPublication_ClosedStoreDegrades"}
{"Time":"2026-09-21T14:47:10.4939099-04:00","Action":"output","Package":"github.com/qompack/qompack/internal/store","Test":"TestAuditPublication_ClosedStoreDegrades","Output":"=== RUN   TestAuditPublication_ClosedStoreDegrades\n"}
{"Time":"2026-09-21T14:47:10.5458356-04:00","Action":"output","Package":"github.com/qompack/qompack/internal/store","Test":"TestAuditPublication_ClosedStoreDegrades","Output":"--- PASS: TestAuditPublication_ClosedStoreDegrades (0.05s)\n"}
{"Time":"2026-09-21T14:47:10.5458356-04:00","Action":"pass","Package":"github.com/qompack/qompack/internal/store","Test":"TestAuditPublication_ClosedStoreDegrades","Elapsed":0.05}
{"Time":"2026-09-21T14:47:10.5458356-04:00","Action":"run","Package":"github.com/qompack/qompack/internal/store","Test":"TestAuditPublication_HonoursCancellation"}
{"Time":"2026-09-21T14:47:10.5458356-04:00","Action":"output","Package":"github.com/qompack/qompack/internal/store","Test":"TestAuditPublication_HonoursCancellation","Output":"=== RUN   TestAuditPublication_HonoursCancellation\n"}
{"Time":"2026-09-21T14:47:10.6145189-04:00","Action":"output","Package":"github.com/qompack/qompack/internal/store","Test":"TestAuditPublication_HonoursCancellation","Output":"--- PASS: TestAuditPublication_HonoursCancellation (0.07s)\n"}
{"Time":"2026-09-21T14:47:10.6145189-04:00","Action":"pass","Package":"github.com/qompack/qompack/internal/store","Test":"TestAuditPublication_HonoursCancellation","Elapsed":0.07}
{"Time":"2026-09-21T14:47:10.6179774-04:00","Action":"output","Package":"github.com/qompack/qompack/internal/store","Output":"PASS\n"}
{"Time":"2026-09-21T14:47:10.6320163-04:00","Action":"output","Package":"github.com/qompack/qompack/internal/store","Output":"ok  \tgithub.com/qompack/qompack/internal/store\t4.447s\n"}
{"Time":"2026-09-21T14:47:10.6320163-04:00","Action":"pass","Package":"github.com/qompack/qompack/internal/store","Elapsed":4.449}
