{"Time":"2026-09-21T14:18:09.7415595-04:00","Action":"start","Package":"github.com/qompack/qompack/internal/daemon"}
{"Time":"2026-09-21T14:18:10.0332314-04:00","Action":"run","Package":"github.com/qompack/qompack/internal/daemon","Test":"TestRecordHotPathSampleRejectsInvalidTS"}
{"Time":"2026-09-21T14:18:10.0332314-04:00","Action":"output","Package":"github.com/qompack/qompack/internal/daemon","Test":"TestRecordHotPathSampleRejectsInvalidTS","Output":"=== RUN   TestRecordHotPathSampleRejectsInvalidTS\n"}
{"Time":"2026-09-21T14:18:10.0332314-04:00","Action":"output","Package":"github.com/qompack/qompack/internal/daemon","Test":"TestRecordHotPathSampleRejectsInvalidTS","Output":"=== PAUSE TestRecordHotPathSampleRejectsInvalidTS\n"}
{"Time":"2026-09-21T14:18:10.0349465-04:00","Action":"pause","Package":"github.com/qompack/qompack/internal/daemon","Test":"TestRecordHotPathSampleRejectsInvalidTS"}
{"Time":"2026-09-21T14:18:10.0349465-04:00","Action":"run","Package":"github.com/qompack/qompack/internal/daemon","Test":"TestDispatchOpDeniesBeforeAnythingIsPersisted"}
{"Time":"2026-09-21T14:18:10.0349465-04:00","Action":"output","Package":"github.com/qompack/qompack/internal/daemon","Test":"TestDispatchOpDeniesBeforeAnythingIsPersisted","Output":"=== RUN   TestDispatchOpDeniesBeforeAnythingIsPersisted\n"}
{"Time":"2026-09-21T14:18:10.0417654-04:00","Action":"output","Package":"github.com/qompack/qompack/internal/daemon","Test":"TestDispatchOpDeniesBeforeAnythingIsPersisted","Output":"--- PASS: TestDispatchOpDeniesBeforeAnythingIsPersisted (0.01s)\n"}
{"Time":"2026-09-21T14:18:10.0417654-04:00","Action":"pass","Package":"github.com/qompack/qompack/internal/daemon","Test":"TestDispatchOpDeniesBeforeAnythingIsPersisted","Elapsed":0.01}
{"Time":"2026-09-21T14:18:10.0423201-04:00","Action":"run","Package":"github.com/qompack/qompack/internal/daemon","Test":"TestDispatchOpRefusesAnUndecidableCapture"}
{"Time":"2026-09-21T14:18:10.0423201-04:00","Action":"output","Package":"github.com/qompack/qompack/internal/daemon","Test":"TestDispatchOpRefusesAnUndecidableCapture","Output":"=== RUN   TestDispatchOpRefusesAnUndecidableCapture\n"}
{"Time":"2026-09-21T14:18:10.0461794-04:00","Action":"output","Package":"github.com/qompack/qompack/internal/daemon","Test":"TestDispatchOpRefusesAnUndecidableCapture","Output":"--- PASS: TestDispatchOpRefusesAnUndecidableCapture (0.00s)\n"}
{"Time":"2026-09-21T14:18:10.0461794-04:00","Action":"pass","Package":"github.com/qompack/qompack/internal/daemon","Test":"TestDispatchOpRefusesAnUndecidableCapture","Elapsed":0}
{"Time":"2026-09-21T14:18:10.0461794-04:00","Action":"run","Package":"github.com/qompack/qompack/internal/daemon","Test":"TestDispatchOpPersistsADegradedCaptureAsEvidence"}
{"Time":"2026-09-21T14:18:10.0461794-04:00","Action":"output","Package":"github.com/qompack/qompack/internal/daemon","Test":"TestDispatchOpPersistsADegradedCaptureAsEvidence","Output":"=== RUN   TestDispatchOpPersistsADegradedCaptureAsEvidence\n"}
{"Time":"2026-09-21T14:18:10.0544355-04:00","Action":"output","Package":"github.com/qompack/qompack/internal/daemon","Test":"TestDispatchOpPersistsADegradedCaptureAsEvidence","Output":"    delivery_publication_test.go:194: \n"}
{"Time":"2026-09-21T14:18:10.0553585-04:00","Action":"output","Package":"github.com/qompack/qompack/internal/daemon","Test":"TestDispatchOpPersistsADegradedCaptureAsEvidence","Output":"        \tError Trace:\tC:/Users/Quant/Documents/Programming/Projects/qompack-v6/internal/daemon/delivery_publication_test.go:550\n"}
{"Time":"2026-09-21T14:18:10.0553585-04:00","Action":"output","Package":"github.com/qompack/qompack/internal/daemon","Test":"TestDispatchOpPersistsADegradedCaptureAsEvidence","Output":"        \t            \t\t\t\tC:/Users/Quant/Documents/Programming/Projects/qompack-v6/internal/daemon/delivery_publication_test.go:194\n"}
{"Time":"2026-09-21T14:18:10.0553585-04:00","Action":"output","Package":"github.com/qompack/qompack/internal/daemon","Test":"TestDispatchOpPersistsADegradedCaptureAsEvidence","Output":"        \tError:      \t\"[]\" should have 1 item(s), but has 0\n"}
{"Time":"2026-09-21T14:18:10.0553585-04:00","Action":"output","Package":"github.com/qompack/qompack/internal/daemon","Test":"TestDispatchOpPersistsADegradedCaptureAsEvidence","Output":"        \tTest:       \tTestDispatchOpPersistsADegradedCaptureAsEvidence\n"}
{"Time":"2026-09-21T14:18:10.069213-04:00","Action":"output","Package":"github.com/qompack/qompack/internal/daemon","Test":"TestDispatchOpPersistsADegradedCaptureAsEvidence","Output":"--- FAIL: TestDispatchOpPersistsADegradedCaptureAsEvidence (0.02s)\n"}
{"Time":"2026-09-21T14:18:10.0698727-04:00","Action":"fail","Package":"github.com/qompack/qompack/internal/daemon","Test":"TestDispatchOpPersistsADegradedCaptureAsEvidence","Elapsed":0.02}
{"Time":"2026-09-21T14:18:10.0698727-04:00","Action":"run","Package":"github.com/qompack/qompack/internal/daemon","Test":"TestDispatchOpObservesAnOversizePayloadAtTheShippedDefault"}
{"Time":"2026-09-21T14:18:10.0698727-04:00","Action":"output","Package":"github.com/qompack/qompack/internal/daemon","Test":"TestDispatchOpObservesAnOversizePayloadAtTheShippedDefault","Output":"=== RUN   TestDispatchOpObservesAnOversizePayloadAtTheShippedDefault\n"}
{"Time":"2026-09-21T14:18:10.2345595-04:00","Action":"output","Package":"github.com/qompack/qompack/internal/daemon","Test":"TestDispatchOpObservesAnOversizePayloadAtTheShippedDefault","Output":"--- PASS: TestDispatchOpObservesAnOversizePayloadAtTheShippedDefault (0.17s)\n"}
{"Time":"2026-09-21T14:18:10.2351059-04:00","Action":"pass","Package":"github.com/qompack/qompack/internal/daemon","Test":"TestDispatchOpObservesAnOversizePayloadAtTheShippedDefault","Elapsed":0.17}
{"Time":"2026-09-21T14:18:10.2351059-04:00","Action":"run","Package":"github.com/qompack/qompack/internal/daemon","Test":"TestDispatchOpAdmitsARequestThatCarriesNoDecision"}
{"Time":"2026-09-21T14:18:10.2351059-04:00","Action":"output","Package":"github.com/qompack/qompack/internal/daemon","Test":"TestDispatchOpAdmitsARequestThatCarriesNoDecision","Output":"=== RUN   TestDispatchOpAdmitsARequestThatCarriesNoDecision\n"}
{"Time":"2026-09-21T14:18:10.2410966-04:00","Action":"output","Package":"github.com/qompack/qompack/internal/daemon","Test":"TestDispatchOpAdmitsARequestThatCarriesNoDecision","Output":"--- PASS: TestDispatchOpAdmitsARequestThatCarriesNoDecision (0.01s)\n"}
{"Time":"2026-09-21T14:18:10.2410966-04:00","Action":"pass","Package":"github.com/qompack/qompack/internal/daemon","Test":"TestDispatchOpAdmitsARequestThatCarriesNoDecision","Elapsed":0.01}
{"Time":"2026-09-21T14:18:10.2427671-04:00","Action":"run","Package":"github.com/qompack/qompack/internal/daemon","Test":"TestCarriedDefect_SP20D6_GatedBASampleIncludesThePreACKHandler"}
{"Time":"2026-09-21T14:18:10.2427671-04:00","Action":"output","Package":"github.com/qompack/qompack/internal/daemon","Test":"TestCarriedDefect_SP20D6_GatedBASampleIncludesThePreACKHandler","Output":"=== RUN   TestCarriedDefect_SP20D6_GatedBASampleIncludesThePreACKHandler\n"}
{"Time":"2026-09-21T14:18:10.2427671-04:00","Action":"run","Package":"github.com/qompack/qompack/internal/daemon","Test":"TestCarriedDefect_SP20D6_GatedBASampleIncludesThePreACKHandler/the_gated_sample_includes_the_handler_the_hook_waits_on"}
{"Time":"2026-09-21T14:18:10.2427671-04:00","Action":"output","Package":"github.com/qompack/qompack/internal/daemon","Test":"TestCarriedDefect_SP20D6_GatedBASampleIncludesThePreACKHandler/the_gated_sample_includes_the_handler_the_hook_waits_on","Output":"=== RUN   TestCarriedDefect_SP20D6_GatedBASampleIncludesThePreACKHandler/the_gated_sample_includes_the_handler_the_hook_waits_on\n"}
{"Time":"2026-09-21T14:18:10.2559537-04:00","Action":"output","Package":"github.com/qompack/qompack/internal/daemon","Test":"TestCarriedDefect_SP20D6_GatedBASampleIncludesThePreACKHandler/the_gated_sample_includes_the_handler_the_hook_waits_on","Output":"--- PASS: TestCarriedDefect_SP20D6_GatedBASampleIncludesThePreACKHandler/the_gated_sample_includes_the_handler_the_hook_waits_on (0.01s)\n"}
{"Time":"2026-09-21T14:18:10.2565501-04:00","Action":"pass","Package":"github.com/qompack/qompack/internal/daemon","Test":"TestCarriedDefect_SP20D6_GatedBASampleIncludesThePreACKHandler/the_gated_sample_includes_the_handler_the_hook_waits_on","Elapsed":0.01}
{"Time":"2026-09-21T14:18:10.2565501-04:00","Action":"run","Package":"github.com/qompack/qompack/internal/daemon","Test":"TestCarriedDefect_SP20D6_GatedBASampleIncludesThePreACKHandler/the_ack_byte_is_observed_only_after_the_handler_returned"}
{"Time":"2026-09-21T14:18:10.2565501-04:00","Action":"output","Package":"github.com/qompack/qompack/internal/daemon","Test":"TestCarriedDefect_SP20D6_GatedBASampleIncludesThePreACKHandler/the_ack_byte_is_observed_only_after_the_handler_returned","Output":"=== RUN   TestCarriedDefect_SP20D6_GatedBASampleIncludesThePreACKHandler/the_ack_byte_is_observed_only_after_the_handler_returned\n"}
{"Time":"2026-09-21T14:18:10.275737-04:00","Action":"output","Package":"github.com/qompack/qompack/internal/daemon","Test":"TestCarriedDefect_SP20D6_GatedBASampleIncludesThePreACKHandler/the_ack_byte_is_observed_only_after_the_handler_returned","Output":"--- PASS: TestCarriedDefect_SP20D6_GatedBASampleIncludesThePreACKHandler/the_ack_byte_is_observed_only_after_the_handler_returned (0.02s)\n"}
{"Time":"2026-09-21T14:18:10.275737-04:00","Action":"pass","Package":"github.com/qompack/qompack/internal/daemon","Test":"TestCarriedDefect_SP20D6_GatedBASampleIncludesThePreACKHandler/the_ack_byte_is_observed_only_after_the_handler_returned","Elapsed":0.02}
{"Time":"2026-09-21T14:18:10.275737-04:00","Action":"output","Package":"github.com/qompack/qompack/internal/daemon","Test":"TestCarriedDefect_SP20D6_GatedBASampleIncludesThePreACKHandler","Output":"--- PASS: TestCarriedDefect_SP20D6_GatedBASampleIncludesThePreACKHandler (0.03s)\n"}
{"Time":"2026-09-21T14:18:10.275737-04:00","Action":"pass","Package":"github.com/qompack/qompack/internal/daemon","Test":"TestCarriedDefect_SP20D6_GatedBASampleIncludesThePreACKHandler","Elapsed":0.03}
{"Time":"2026-09-21T14:18:10.2786174-04:00","Action":"cont","Package":"github.com/qompack/qompack/internal/daemon","Test":"TestRecordHotPathSampleRejectsInvalidTS"}
{"Time":"2026-09-21T14:18:10.2786174-04:00","Action":"output","Package":"github.com/qompack/qompack/internal/daemon","Test":"TestRecordHotPathSampleRejectsInvalidTS","Output":"=== CONT  TestRecordHotPathSampleRejectsInvalidTS\n"}
{"Time":"2026-09-21T14:18:10.2830151-04:00","Action":"output","Package":"github.com/qompack/qompack/internal/daemon","Test":"TestRecordHotPathSampleRejectsInvalidTS","Output":"--- PASS: TestRecordHotPathSampleRejectsInvalidTS (0.00s)\n"}
{"Time":"2026-09-21T14:18:10.2830151-04:00","Action":"pass","Package":"github.com/qompack/qompack/internal/daemon","Test":"TestRecordHotPathSampleRejectsInvalidTS","Elapsed":0}
{"Time":"2026-09-21T14:18:10.2830151-04:00","Action":"output","Package":"github.com/qompack/qompack/internal/daemon","Output":"FAIL\n"}
{"Time":"2026-09-21T14:18:10.2913217-04:00","Action":"output","Package":"github.com/qompack/qompack/internal/daemon","Output":"FAIL\tgithub.com/qompack/qompack/internal/daemon\t0.549s\n"}
{"Time":"2026-09-21T14:18:10.2913217-04:00","Action":"fail","Package":"github.com/qompack/qompack/internal/daemon","Elapsed":0.55}
