{"Time":"2026-09-21T16:08:09.6441408-04:00","Action":"start","Package":"github.com/qompack/qompack/internal/daemon"}
{"Time":"2026-09-21T16:08:09.6446854-04:00","Action":"start","Package":"github.com/qompack/qompack/test/guards"}
{"Time":"2026-09-21T16:08:09.8485112-04:00","Action":"run","Package":"github.com/qompack/qompack/test/guards","Test":"TestCarriedDefects_ManifestIsWellFormed"}
{"Time":"2026-09-21T16:08:09.8485112-04:00","Action":"output","Package":"github.com/qompack/qompack/test/guards","Test":"TestCarriedDefects_ManifestIsWellFormed","Output":"=== RUN   TestCarriedDefects_ManifestIsWellFormed\n"}
{"Time":"2026-09-21T16:08:09.8490361-04:00","Action":"output","Package":"github.com/qompack/qompack/test/guards","Test":"TestCarriedDefects_ManifestIsWellFormed","Output":"=== PAUSE TestCarriedDefects_ManifestIsWellFormed\n"}
{"Time":"2026-09-21T16:08:09.849562-04:00","Action":"pause","Package":"github.com/qompack/qompack/test/guards","Test":"TestCarriedDefects_ManifestIsWellFormed"}
{"Time":"2026-09-21T16:08:09.849562-04:00","Action":"run","Package":"github.com/qompack/qompack/test/guards","Test":"TestGuard_AReleasedLockReportsItsSealResidual"}
{"Time":"2026-09-21T16:08:09.849562-04:00","Action":"output","Package":"github.com/qompack/qompack/test/guards","Test":"TestGuard_AReleasedLockReportsItsSealResidual","Output":"=== RUN   TestGuard_AReleasedLockReportsItsSealResidual\n"}
{"Time":"2026-09-21T16:08:09.8555585-04:00","Action":"run","Package":"github.com/qompack/qompack/internal/daemon","Test":"TestObservePromptRepliesWithinDeadline"}
{"Time":"2026-09-21T16:08:09.8555585-04:00","Action":"output","Package":"github.com/qompack/qompack/internal/daemon","Test":"TestObservePromptRepliesWithinDeadline","Output":"=== RUN   TestObservePromptRepliesWithinDeadline\n"}
{"Time":"2026-09-21T16:08:09.8561039-04:00","Action":"output","Package":"github.com/qompack/qompack/internal/daemon","Test":"TestObservePromptRepliesWithinDeadline","Output":"=== PAUSE TestObservePromptRepliesWithinDeadline\n"}
{"Time":"2026-09-21T16:08:09.8561039-04:00","Action":"pause","Package":"github.com/qompack/qompack/internal/daemon","Test":"TestObservePromptRepliesWithinDeadline"}
{"Time":"2026-09-21T16:08:09.8561039-04:00","Action":"run","Package":"github.com/qompack/qompack/internal/daemon","Test":"TestObservePromptBlockingVariantTimesOut"}
{"Time":"2026-09-21T16:08:09.8561039-04:00","Action":"output","Package":"github.com/qompack/qompack/internal/daemon","Test":"TestObservePromptBlockingVariantTimesOut","Output":"=== RUN   TestObservePromptBlockingVariantTimesOut\n"}
{"Time":"2026-09-21T16:08:09.8561039-04:00","Action":"output","Package":"github.com/qompack/qompack/internal/daemon","Test":"TestObservePromptBlockingVariantTimesOut","Output":"=== PAUSE TestObservePromptBlockingVariantTimesOut\n"}
{"Time":"2026-09-21T16:08:09.8561039-04:00","Action":"pause","Package":"github.com/qompack/qompack/internal/daemon","Test":"TestObservePromptBlockingVariantTimesOut"}
{"Time":"2026-09-21T16:08:09.8561039-04:00","Action":"run","Package":"github.com/qompack/qompack/internal/daemon","Test":"TestObservePromptWALFailureIsObservable"}
{"Time":"2026-09-21T16:08:09.8561039-04:00","Action":"output","Package":"github.com/qompack/qompack/internal/daemon","Test":"TestObservePromptWALFailureIsObservable","Output":"=== RUN   TestObservePromptWALFailureIsObservable\n"}
{"Time":"2026-09-21T16:08:09.8561039-04:00","Action":"output","Package":"github.com/qompack/qompack/internal/daemon","Test":"TestObservePromptWALFailureIsObservable","Output":"=== PAUSE TestObservePromptWALFailureIsObservable\n"}
{"Time":"2026-09-21T16:08:09.8561039-04:00","Action":"pause","Package":"github.com/qompack/qompack/internal/daemon","Test":"TestObservePromptWALFailureIsObservable"}
{"Time":"2026-09-21T16:08:09.8561039-04:00","Action":"run","Package":"github.com/qompack/qompack/internal/daemon","Test":"TestObservePrompt_PassiveModeInvokesSeamButEmitsNothing"}
{"Time":"2026-09-21T16:08:09.8561039-04:00","Action":"output","Package":"github.com/qompack/qompack/internal/daemon","Test":"TestObservePrompt_PassiveModeInvokesSeamButEmitsNothing","Output":"=== RUN   TestObservePrompt_PassiveModeInvokesSeamButEmitsNothing\n"}
{"Time":"2026-09-21T16:08:09.8561039-04:00","Action":"output","Package":"github.com/qompack/qompack/internal/daemon","Test":"TestObservePrompt_PassiveModeInvokesSeamButEmitsNothing","Output":"=== PAUSE TestObservePrompt_PassiveModeInvokesSeamButEmitsNothing\n"}
{"Time":"2026-09-21T16:08:09.8561039-04:00","Action":"pause","Package":"github.com/qompack/qompack/internal/daemon","Test":"TestObservePrompt_PassiveModeInvokesSeamButEmitsNothing"}
{"Time":"2026-09-21T16:08:09.8561039-04:00","Action":"run","Package":"github.com/qompack/qompack/internal/daemon","Test":"TestObservePrompt_ModeOffNeverInvokesTheSeam"}
{"Time":"2026-09-21T16:08:09.8561039-04:00","Action":"output","Package":"github.com/qompack/qompack/internal/daemon","Test":"TestObservePrompt_ModeOffNeverInvokesTheSeam","Output":"=== RUN   TestObservePrompt_ModeOffNeverInvokesTheSeam\n"}
{"Time":"2026-09-21T16:08:09.8561039-04:00","Action":"output","Package":"github.com/qompack/qompack/internal/daemon","Test":"TestObservePrompt_ModeOffNeverInvokesTheSeam","Output":"=== PAUSE TestObservePrompt_ModeOffNeverInvokesTheSeam\n"}
{"Time":"2026-09-21T16:08:09.8561039-04:00","Action":"pause","Package":"github.com/qompack/qompack/internal/daemon","Test":"TestObservePrompt_ModeOffNeverInvokesTheSeam"}
{"Time":"2026-09-21T16:08:09.8593302-04:00","Action":"run","Package":"github.com/qompack/qompack/internal/daemon","Test":"TestObservePrompt_RecordingOutlivesTheReplyDeadline"}
{"Time":"2026-09-21T16:08:09.8598689-04:00","Action":"output","Package":"github.com/qompack/qompack/internal/daemon","Test":"TestObservePrompt_RecordingOutlivesTheReplyDeadline","Output":"=== RUN   TestObservePrompt_RecordingOutlivesTheReplyDeadline\n"}
{"Time":"2026-09-21T16:08:09.8598689-04:00","Action":"output","Package":"github.com/qompack/qompack/internal/daemon","Test":"TestObservePrompt_RecordingOutlivesTheReplyDeadline","Output":"=== PAUSE TestObservePrompt_RecordingOutlivesTheReplyDeadline\n"}
{"Time":"2026-09-21T16:08:09.8598689-04:00","Action":"pause","Package":"github.com/qompack/qompack/internal/daemon","Test":"TestObservePrompt_RecordingOutlivesTheReplyDeadline"}
{"Time":"2026-09-21T16:08:09.8598689-04:00","Action":"run","Package":"github.com/qompack/qompack/internal/daemon","Test":"TestObservePrompt_CancelledRequestIsNotAnOverrun"}
{"Time":"2026-09-21T16:08:09.8598689-04:00","Action":"output","Package":"github.com/qompack/qompack/internal/daemon","Test":"TestObservePrompt_CancelledRequestIsNotAnOverrun","Output":"=== RUN   TestObservePrompt_CancelledRequestIsNotAnOverrun\n"}
{"Time":"2026-09-21T16:08:09.8598689-04:00","Action":"output","Package":"github.com/qompack/qompack/internal/daemon","Test":"TestObservePrompt_CancelledRequestIsNotAnOverrun","Output":"=== PAUSE TestObservePrompt_CancelledRequestIsNotAnOverrun\n"}
{"Time":"2026-09-21T16:08:09.8598689-04:00","Action":"pause","Package":"github.com/qompack/qompack/internal/daemon","Test":"TestObservePrompt_CancelledRequestIsNotAnOverrun"}
{"Time":"2026-09-21T16:08:09.8598689-04:00","Action":"run","Package":"github.com/qompack/qompack/internal/daemon","Test":"TestObservePrompt_PanickingSeamIsRecovered"}
{"Time":"2026-09-21T16:08:09.8598689-04:00","Action":"output","Package":"github.com/qompack/qompack/internal/daemon","Test":"TestObservePrompt_PanickingSeamIsRecovered","Output":"=== RUN   TestObservePrompt_PanickingSeamIsRecovered\n"}
{"Time":"2026-09-21T16:08:09.8598689-04:00","Action":"output","Package":"github.com/qompack/qompack/internal/daemon","Test":"TestObservePrompt_PanickingSeamIsRecovered","Output":"=== PAUSE TestObservePrompt_PanickingSeamIsRecovered\n"}
{"Time":"2026-09-21T16:08:09.8598689-04:00","Action":"pause","Package":"github.com/qompack/qompack/internal/daemon","Test":"TestObservePrompt_PanickingSeamIsRecovered"}
{"Time":"2026-09-21T16:08:09.8598689-04:00","Action":"run","Package":"github.com/qompack/qompack/internal/daemon","Test":"TestObservePrompt_StopJoinsAnInFlightRecording"}
{"Time":"2026-09-21T16:08:09.8598689-04:00","Action":"output","Package":"github.com/qompack/qompack/internal/daemon","Test":"TestObservePrompt_StopJoinsAnInFlightRecording","Output":"=== RUN   TestObservePrompt_StopJoinsAnInFlightRecording\n"}
{"Time":"2026-09-21T16:08:09.8598689-04:00","Action":"output","Package":"github.com/qompack/qompack/internal/daemon","Test":"TestObservePrompt_StopJoinsAnInFlightRecording","Output":"=== PAUSE TestObservePrompt_StopJoinsAnInFlightRecording\n"}
{"Time":"2026-09-21T16:08:09.8598689-04:00","Action":"pause","Package":"github.com/qompack/qompack/internal/daemon","Test":"TestObservePrompt_StopJoinsAnInFlightRecording"}
{"Time":"2026-09-21T16:08:09.8598689-04:00","Action":"run","Package":"github.com/qompack/qompack/internal/daemon","Test":"TestObservePrompt_StopCancelsARecordingThatOutlivesItsGrace"}
{"Time":"2026-09-21T16:08:09.8598689-04:00","Action":"output","Package":"github.com/qompack/qompack/internal/daemon","Test":"TestObservePrompt_StopCancelsARecordingThatOutlivesItsGrace","Output":"=== RUN   TestObservePrompt_StopCancelsARecordingThatOutlivesItsGrace\n"}
{"Time":"2026-09-21T16:08:09.8604019-04:00","Action":"output","Package":"github.com/qompack/qompack/internal/daemon","Test":"TestObservePrompt_StopCancelsARecordingThatOutlivesItsGrace","Output":"=== PAUSE TestObservePrompt_StopCancelsARecordingThatOutlivesItsGrace\n"}
{"Time":"2026-09-21T16:08:09.8604019-04:00","Action":"pause","Package":"github.com/qompack/qompack/internal/daemon","Test":"TestObservePrompt_StopCancelsARecordingThatOutlivesItsGrace"}
{"Time":"2026-09-21T16:08:09.8604019-04:00","Action":"run","Package":"github.com/qompack/qompack/internal/daemon","Test":"TestObservePrompt_StopAbandonsACaptureThatIgnoresCancellation"}
{"Time":"2026-09-21T16:08:09.8604019-04:00","Action":"output","Package":"github.com/qompack/qompack/internal/daemon","Test":"TestObservePrompt_StopAbandonsACaptureThatIgnoresCancellation","Output":"=== RUN   TestObservePrompt_StopAbandonsACaptureThatIgnoresCancellation\n"}
{"Time":"2026-09-21T16:08:09.8604019-04:00","Action":"output","Package":"github.com/qompack/qompack/internal/daemon","Test":"TestObservePrompt_StopAbandonsACaptureThatIgnoresCancellation","Output":"=== PAUSE TestObservePrompt_StopAbandonsACaptureThatIgnoresCancellation\n"}
{"Time":"2026-09-21T16:08:09.8604019-04:00","Action":"pause","Package":"github.com/qompack/qompack/internal/daemon","Test":"TestObservePrompt_StopAbandonsACaptureThatIgnoresCancellation"}
{"Time":"2026-09-21T16:08:09.8604019-04:00","Action":"run","Package":"github.com/qompack/qompack/internal/daemon","Test":"TestObservePrompt_RealObserverCaptureLandsBehindAHeldSessionLock"}
{"Time":"2026-09-21T16:08:09.8604019-04:00","Action":"output","Package":"github.com/qompack/qompack/internal/daemon","Test":"TestObservePrompt_RealObserverCaptureLandsBehindAHeldSessionLock","Output":"=== RUN   TestObservePrompt_RealObserverCaptureLandsBehindAHeldSessionLock\n"}
{"Time":"2026-09-21T16:08:09.8857383-04:00","Action":"run","Package":"github.com/qompack/qompack/test/guards","Test":"TestGuard_AReleasedLockReportsItsSealResidual/internal/daemon/borrowed_lease.go:ReleaseWithReport"}
{"Time":"2026-09-21T16:08:09.8857383-04:00","Action":"output","Package":"github.com/qompack/qompack/test/guards","Test":"TestGuard_AReleasedLockReportsItsSealResidual/internal/daemon/borrowed_lease.go:ReleaseWithReport","Output":"=== RUN   TestGuard_AReleasedLockReportsItsSealResidual/internal/daemon/borrowed_lease.go:ReleaseWithReport\n"}
{"Time":"2026-09-21T16:08:09.886252-04:00","Action":"output","Package":"github.com/qompack/qompack/test/guards","Test":"TestGuard_AReleasedLockReportsItsSealResidual/internal/daemon/borrowed_lease.go:ReleaseWithReport","Output":"--- PASS: TestGuard_AReleasedLockReportsItsSealResidual/internal/daemon/borrowed_lease.go:ReleaseWithReport (0.00s)\n"}
{"Time":"2026-09-21T16:08:09.886252-04:00","Action":"pass","Package":"github.com/qompack/qompack/test/guards","Test":"TestGuard_AReleasedLockReportsItsSealResidual/internal/daemon/borrowed_lease.go:ReleaseWithReport","Elapsed":0}
{"Time":"2026-09-21T16:08:09.886252-04:00","Action":"run","Package":"github.com/qompack/qompack/test/guards","Test":"TestGuard_AReleasedLockReportsItsSealResidual/every_release_in_internal/daemon_is_accounted_for"}
{"Time":"2026-09-21T16:08:09.886252-04:00","Action":"output","Package":"github.com/qompack/qompack/test/guards","Test":"TestGuard_AReleasedLockReportsItsSealResidual/every_release_in_internal/daemon_is_accounted_for","Output":"=== RUN   TestGuard_AReleasedLockReportsItsSealResidual/every_release_in_internal/daemon_is_accounted_for\n"}
{"Time":"2026-09-21T16:08:09.8980189-04:00","Action":"output","Package":"github.com/qompack/qompack/test/guards","Test":"TestGuard_AReleasedLockReportsItsSealResidual/every_release_in_internal/daemon_is_accounted_for","Output":"--- PASS: TestGuard_AReleasedLockReportsItsSealResidual/every_release_in_internal/daemon_is_accounted_for (0.01s)\n"}
{"Time":"2026-09-21T16:08:09.8980189-04:00","Action":"pass","Package":"github.com/qompack/qompack/test/guards","Test":"TestGuard_AReleasedLockReportsItsSealResidual/every_release_in_internal/daemon_is_accounted_for","Elapsed":0.01}
{"Time":"2026-09-21T16:08:09.8980189-04:00","Action":"output","Package":"github.com/qompack/qompack/test/guards","Test":"TestGuard_AReleasedLockReportsItsSealResidual","Output":"--- PASS: TestGuard_AReleasedLockReportsItsSealResidual (0.05s)\n"}
{"Time":"2026-09-21T16:08:09.8980189-04:00","Action":"pass","Package":"github.com/qompack/qompack/test/guards","Test":"TestGuard_AReleasedLockReportsItsSealResidual","Elapsed":0.05}
{"Time":"2026-09-21T16:08:09.8980189-04:00","Action":"run","Package":"github.com/qompack/qompack/test/guards","Test":"TestGuard_TheSealResidualScannerSeesBothCallShapes"}
{"Time":"2026-09-21T16:08:09.8980189-04:00","Action":"output","Package":"github.com/qompack/qompack/test/guards","Test":"TestGuard_TheSealResidualScannerSeesBothCallShapes","Output":"=== RUN   TestGuard_TheSealResidualScannerSeesBothCallShapes\n"}
{"Time":"2026-09-21T16:08:09.8980189-04:00","Action":"output","Package":"github.com/qompack/qompack/test/guards","Test":"TestGuard_TheSealResidualScannerSeesBothCallShapes","Output":"--- PASS: TestGuard_TheSealResidualScannerSeesBothCallShapes (0.00s)\n"}
{"Time":"2026-09-21T16:08:09.8980189-04:00","Action":"pass","Package":"github.com/qompack/qompack/test/guards","Test":"TestGuard_TheSealResidualScannerSeesBothCallShapes","Elapsed":0}
{"Time":"2026-09-21T16:08:09.8980189-04:00","Action":"run","Package":"github.com/qompack/qompack/test/guards","Test":"TestV1_WriteSetConfinedAcrossFullHookSequence"}
{"Time":"2026-09-21T16:08:09.8980189-04:00","Action":"output","Package":"github.com/qompack/qompack/test/guards","Test":"TestV1_WriteSetConfinedAcrossFullHookSequence","Output":"=== RUN   TestV1_WriteSetConfinedAcrossFullHookSequence\n"}
{"Time":"2026-09-21T16:08:10.185445-04:00","Action":"output","Package":"github.com/qompack/qompack/internal/daemon","Test":"TestObservePrompt_RealObserverCaptureLandsBehindAHeldSessionLock","Output":"--- PASS: TestObservePrompt_RealObserverCaptureLandsBehindAHeldSessionLock (0.33s)\n"}
{"Time":"2026-09-21T16:08:10.1859633-04:00","Action":"pass","Package":"github.com/qompack/qompack/internal/daemon","Test":"TestObservePrompt_RealObserverCaptureLandsBehindAHeldSessionLock","Elapsed":0.33}
{"Time":"2026-09-21T16:08:10.1875522-04:00","Action":"cont","Package":"github.com/qompack/qompack/internal/daemon","Test":"TestObservePromptRepliesWithinDeadline"}
{"Time":"2026-09-21T16:08:10.1875522-04:00","Action":"output","Package":"github.com/qompack/qompack/internal/daemon","Test":"TestObservePromptRepliesWithinDeadline","Output":"=== CONT  TestObservePromptRepliesWithinDeadline\n"}
{"Time":"2026-09-21T16:08:10.1875522-04:00","Action":"cont","Package":"github.com/qompack/qompack/internal/daemon","Test":"TestObservePrompt_CancelledRequestIsNotAnOverrun"}
{"Time":"2026-09-21T16:08:10.1875522-04:00","Action":"output","Package":"github.com/qompack/qompack/internal/daemon","Test":"TestObservePrompt_CancelledRequestIsNotAnOverrun","Output":"=== CONT  TestObservePrompt_CancelledRequestIsNotAnOverrun\n"}
{"Time":"2026-09-21T16:08:10.1993474-04:00","Action":"output","Package":"github.com/qompack/qompack/internal/daemon","Test":"TestObservePromptRepliesWithinDeadline","Output":"--- PASS: TestObservePromptRepliesWithinDeadline (0.01s)\n"}
{"Time":"2026-09-21T16:08:10.1993474-04:00","Action":"pass","Package":"github.com/qompack/qompack/internal/daemon","Test":"TestObservePromptRepliesWithinDeadline","Elapsed":0.01}
{"Time":"2026-09-21T16:08:10.1993474-04:00","Action":"cont","Package":"github.com/qompack/qompack/internal/daemon","Test":"TestObservePrompt_RecordingOutlivesTheReplyDeadline"}
{"Time":"2026-09-21T16:08:10.1993474-04:00","Action":"output","Package":"github.com/qompack/qompack/internal/daemon","Test":"TestObservePrompt_RecordingOutlivesTheReplyDeadline","Output":"=== CONT  TestObservePrompt_RecordingOutlivesTheReplyDeadline\n"}
{"Time":"2026-09-21T16:08:10.2047921-04:00","Action":"output","Package":"github.com/qompack/qompack/internal/daemon","Test":"TestObservePrompt_CancelledRequestIsNotAnOverrun","Output":"--- PASS: TestObservePrompt_CancelledRequestIsNotAnOverrun (0.02s)\n"}
{"Time":"2026-09-21T16:08:10.2047921-04:00","Action":"pass","Package":"github.com/qompack/qompack/internal/daemon","Test":"TestObservePrompt_CancelledRequestIsNotAnOverrun","Elapsed":0.02}
{"Time":"2026-09-21T16:08:10.2053273-04:00","Action":"cont","Package":"github.com/qompack/qompack/internal/daemon","Test":"TestObservePrompt_ModeOffNeverInvokesTheSeam"}
{"Time":"2026-09-21T16:08:10.2053273-04:00","Action":"output","Package":"github.com/qompack/qompack/internal/daemon","Test":"TestObservePrompt_ModeOffNeverInvokesTheSeam","Output":"=== CONT  TestObservePrompt_ModeOffNeverInvokesTheSeam\n"}
{"Time":"2026-09-21T16:08:10.2318251-04:00","Action":"output","Package":"github.com/qompack/qompack/internal/daemon","Test":"TestObservePrompt_ModeOffNeverInvokesTheSeam","Output":"--- PASS: TestObservePrompt_ModeOffNeverInvokesTheSeam (0.03s)\n"}
{"Time":"2026-09-21T16:08:10.2318251-04:00","Action":"pass","Package":"github.com/qompack/qompack/internal/daemon","Test":"TestObservePrompt_ModeOffNeverInvokesTheSeam","Elapsed":0.03}
{"Time":"2026-09-21T16:08:10.2318251-04:00","Action":"cont","Package":"github.com/qompack/qompack/internal/daemon","Test":"TestObservePrompt_PassiveModeInvokesSeamButEmitsNothing"}
{"Time":"2026-09-21T16:08:10.2318251-04:00","Action":"output","Package":"github.com/qompack/qompack/internal/daemon","Test":"TestObservePrompt_PassiveModeInvokesSeamButEmitsNothing","Output":"=== CONT  TestObservePrompt_PassiveModeInvokesSeamButEmitsNothing\n"}
{"Time":"2026-09-21T16:08:10.244534-04:00","Action":"output","Package":"github.com/qompack/qompack/internal/daemon","Test":"TestObservePrompt_PassiveModeInvokesSeamButEmitsNothing","Output":"--- PASS: TestObservePrompt_PassiveModeInvokesSeamButEmitsNothing (0.01s)\n"}
{"Time":"2026-09-21T16:08:10.2450806-04:00","Action":"pass","Package":"github.com/qompack/qompack/internal/daemon","Test":"TestObservePrompt_PassiveModeInvokesSeamButEmitsNothing","Elapsed":0.01}
{"Time":"2026-09-21T16:08:10.2450806-04:00","Action":"cont","Package":"github.com/qompack/qompack/internal/daemon","Test":"TestObservePromptWALFailureIsObservable"}
{"Time":"2026-09-21T16:08:10.2450806-04:00","Action":"output","Package":"github.com/qompack/qompack/internal/daemon","Test":"TestObservePromptWALFailureIsObservable","Output":"=== CONT  TestObservePromptWALFailureIsObservable\n"}
{"Time":"2026-09-21T16:08:10.2483699-04:00","Action":"output","Package":"github.com/qompack/qompack/internal/daemon","Test":"TestObservePromptWALFailureIsObservable","Output":"--- PASS: TestObservePromptWALFailureIsObservable (0.00s)\n"}
{"Time":"2026-09-21T16:08:10.2483699-04:00","Action":"pass","Package":"github.com/qompack/qompack/internal/daemon","Test":"TestObservePromptWALFailureIsObservable","Elapsed":0}
{"Time":"2026-09-21T16:08:10.2483699-04:00","Action":"cont","Package":"github.com/qompack/qompack/internal/daemon","Test":"TestObservePromptBlockingVariantTimesOut"}
{"Time":"2026-09-21T16:08:10.2483699-04:00","Action":"output","Package":"github.com/qompack/qompack/internal/daemon","Test":"TestObservePromptBlockingVariantTimesOut","Output":"=== CONT  TestObservePromptBlockingVariantTimesOut\n"}
{"Time":"2026-09-21T16:08:10.4635061-04:00","Action":"output","Package":"github.com/qompack/qompack/internal/daemon","Test":"TestObservePrompt_RecordingOutlivesTheReplyDeadline","Output":"--- PASS: TestObservePrompt_RecordingOutlivesTheReplyDeadline (0.26s)\n"}
{"Time":"2026-09-21T16:08:10.4635061-04:00","Action":"pass","Package":"github.com/qompack/qompack/internal/daemon","Test":"TestObservePrompt_RecordingOutlivesTheReplyDeadline","Elapsed":0.26}
{"Time":"2026-09-21T16:08:10.4640441-04:00","Action":"cont","Package":"github.com/qompack/qompack/internal/daemon","Test":"TestObservePrompt_StopJoinsAnInFlightRecording"}
{"Time":"2026-09-21T16:08:10.4640441-04:00","Action":"output","Package":"github.com/qompack/qompack/internal/daemon","Test":"TestObservePrompt_StopJoinsAnInFlightRecording","Output":"=== CONT  TestObservePrompt_StopJoinsAnInFlightRecording\n"}
{"Time":"2026-09-21T16:08:10.506361-04:00","Action":"output","Package":"github.com/qompack/qompack/internal/daemon","Test":"TestObservePromptBlockingVariantTimesOut","Output":"--- PASS: TestObservePromptBlockingVariantTimesOut (0.26s)\n"}
{"Time":"2026-09-21T16:08:10.5068903-04:00","Action":"pass","Package":"github.com/qompack/qompack/internal/daemon","Test":"TestObservePromptBlockingVariantTimesOut","Elapsed":0.26}
{"Time":"2026-09-21T16:08:10.5068903-04:00","Action":"cont","Package":"github.com/qompack/qompack/internal/daemon","Test":"TestObservePrompt_StopAbandonsACaptureThatIgnoresCancellation"}
{"Time":"2026-09-21T16:08:10.5068903-04:00","Action":"output","Package":"github.com/qompack/qompack/internal/daemon","Test":"TestObservePrompt_StopAbandonsACaptureThatIgnoresCancellation","Output":"=== CONT  TestObservePrompt_StopAbandonsACaptureThatIgnoresCancellation\n"}
{"Time":"2026-09-21T16:08:10.8215131-04:00","Action":"output","Package":"github.com/qompack/qompack/internal/daemon","Test":"TestObservePrompt_StopAbandonsACaptureThatIgnoresCancellation","Output":"--- PASS: TestObservePrompt_StopAbandonsACaptureThatIgnoresCancellation (0.32s)\n"}
{"Time":"2026-09-21T16:08:10.8215131-04:00","Action":"pass","Package":"github.com/qompack/qompack/internal/daemon","Test":"TestObservePrompt_StopAbandonsACaptureThatIgnoresCancellation","Elapsed":0.32}
{"Time":"2026-09-21T16:08:10.8215131-04:00","Action":"cont","Package":"github.com/qompack/qompack/internal/daemon","Test":"TestObservePrompt_StopCancelsARecordingThatOutlivesItsGrace"}
{"Time":"2026-09-21T16:08:10.8215131-04:00","Action":"output","Package":"github.com/qompack/qompack/internal/daemon","Test":"TestObservePrompt_StopCancelsARecordingThatOutlivesItsGrace","Output":"=== CONT  TestObservePrompt_StopCancelsARecordingThatOutlivesItsGrace\n"}
{"Time":"2026-09-21T16:08:10.9329114-04:00","Action":"output","Package":"github.com/qompack/qompack/internal/daemon","Test":"TestObservePrompt_StopJoinsAnInFlightRecording","Output":"--- PASS: TestObservePrompt_StopJoinsAnInFlightRecording (0.47s)\n"}
{"Time":"2026-09-21T16:08:10.9335322-04:00","Action":"pass","Package":"github.com/qompack/qompack/internal/daemon","Test":"TestObservePrompt_StopJoinsAnInFlightRecording","Elapsed":0.47}
{"Time":"2026-09-21T16:08:10.9335322-04:00","Action":"cont","Package":"github.com/qompack/qompack/internal/daemon","Test":"TestObservePrompt_PanickingSeamIsRecovered"}
{"Time":"2026-09-21T16:08:10.9335322-04:00","Action":"output","Package":"github.com/qompack/qompack/internal/daemon","Test":"TestObservePrompt_PanickingSeamIsRecovered","Output":"=== CONT  TestObservePrompt_PanickingSeamIsRecovered\n"}
{"Time":"2026-09-21T16:08:10.9505711-04:00","Action":"output","Package":"github.com/qompack/qompack/internal/daemon","Test":"TestObservePrompt_PanickingSeamIsRecovered","Output":"--- PASS: TestObservePrompt_PanickingSeamIsRecovered (0.02s)\n"}
{"Time":"2026-09-21T16:08:11.289418-04:00","Action":"pass","Package":"github.com/qompack/qompack/internal/daemon","Test":"TestObservePrompt_PanickingSeamIsRecovered","Elapsed":0.02}
{"Time":"2026-09-21T16:08:11.289418-04:00","Action":"output","Package":"github.com/qompack/qompack/internal/daemon","Test":"TestObservePrompt_StopCancelsARecordingThatOutlivesItsGrace","Output":"--- PASS: TestObservePrompt_StopCancelsARecordingThatOutlivesItsGrace (0.47s)\n"}
{"Time":"2026-09-21T16:08:11.289418-04:00","Action":"pass","Package":"github.com/qompack/qompack/internal/daemon","Test":"TestObservePrompt_StopCancelsARecordingThatOutlivesItsGrace","Elapsed":0.47}
{"Time":"2026-09-21T16:08:11.289418-04:00","Action":"output","Package":"github.com/qompack/qompack/internal/daemon","Output":"PASS\n"}
{"Time":"2026-09-21T16:08:11.3013857-04:00","Action":"output","Package":"github.com/qompack/qompack/internal/daemon","Output":"ok  \tgithub.com/qompack/qompack/internal/daemon\t1.657s\n"}
{"Time":"2026-09-21T16:08:11.3013857-04:00","Action":"pass","Package":"github.com/qompack/qompack/internal/daemon","Elapsed":1.657}
{"Time":"2026-09-21T16:08:12.2626126-04:00","Action":"output","Package":"github.com/qompack/qompack/test/guards","Test":"TestV1_WriteSetConfinedAcrossFullHookSequence","Output":"--- PASS: TestV1_WriteSetConfinedAcrossFullHookSequence (2.36s)\n"}
{"Time":"2026-09-21T16:08:12.2631693-04:00","Action":"pass","Package":"github.com/qompack/qompack/test/guards","Test":"TestV1_WriteSetConfinedAcrossFullHookSequence","Elapsed":2.36}
{"Time":"2026-09-21T16:08:12.2631693-04:00","Action":"run","Package":"github.com/qompack/qompack/test/guards","Test":"TestGuard_WriteSetConfinedToQompack"}
{"Time":"2026-09-21T16:08:12.2631693-04:00","Action":"output","Package":"github.com/qompack/qompack/test/guards","Test":"TestGuard_WriteSetConfinedToQompack","Output":"=== RUN   TestGuard_WriteSetConfinedToQompack\n"}
{"Time":"2026-09-21T16:08:12.3457614-04:00","Action":"output","Package":"github.com/qompack/qompack/test/guards","Test":"TestGuard_WriteSetConfinedToQompack","Output":"--- PASS: TestGuard_WriteSetConfinedToQompack (0.08s)\n"}
{"Time":"2026-09-21T16:08:12.3463095-04:00","Action":"pass","Package":"github.com/qompack/qompack/test/guards","Test":"TestGuard_WriteSetConfinedToQompack","Elapsed":0.08}
{"Time":"2026-09-21T16:08:12.3463095-04:00","Action":"run","Package":"github.com/qompack/qompack/test/guards","Test":"TestGuard_WriteSetDetectsAStrayWrite"}
{"Time":"2026-09-21T16:08:12.3463095-04:00","Action":"output","Package":"github.com/qompack/qompack/test/guards","Test":"TestGuard_WriteSetDetectsAStrayWrite","Output":"=== RUN   TestGuard_WriteSetDetectsAStrayWrite\n"}
{"Time":"2026-09-21T16:08:12.3463095-04:00","Action":"output","Package":"github.com/qompack/qompack/test/guards","Test":"TestGuard_WriteSetDetectsAStrayWrite","Output":"=== PAUSE TestGuard_WriteSetDetectsAStrayWrite\n"}
{"Time":"2026-09-21T16:08:12.3463095-04:00","Action":"pause","Package":"github.com/qompack/qompack/test/guards","Test":"TestGuard_WriteSetDetectsAStrayWrite"}
{"Time":"2026-09-21T16:08:12.3463095-04:00","Action":"cont","Package":"github.com/qompack/qompack/test/guards","Test":"TestCarriedDefects_ManifestIsWellFormed"}
{"Time":"2026-09-21T16:08:12.3463095-04:00","Action":"output","Package":"github.com/qompack/qompack/test/guards","Test":"TestCarriedDefects_ManifestIsWellFormed","Output":"=== CONT  TestCarriedDefects_ManifestIsWellFormed\n"}
{"Time":"2026-09-21T16:08:12.3463095-04:00","Action":"cont","Package":"github.com/qompack/qompack/test/guards","Test":"TestGuard_WriteSetDetectsAStrayWrite"}
{"Time":"2026-09-21T16:08:12.3463095-04:00","Action":"output","Package":"github.com/qompack/qompack/test/guards","Test":"TestGuard_WriteSetDetectsAStrayWrite","Output":"=== CONT  TestGuard_WriteSetDetectsAStrayWrite\n"}
{"Time":"2026-09-21T16:08:12.3567691-04:00","Action":"output","Package":"github.com/qompack/qompack/test/guards","Test":"TestGuard_WriteSetDetectsAStrayWrite","Output":"--- PASS: TestGuard_WriteSetDetectsAStrayWrite (0.01s)\n"}
{"Time":"2026-09-21T16:08:12.382131-04:00","Action":"pass","Package":"github.com/qompack/qompack/test/guards","Test":"TestGuard_WriteSetDetectsAStrayWrite","Elapsed":0.01}
{"Time":"2026-09-21T16:08:12.382131-04:00","Action":"run","Package":"github.com/qompack/qompack/test/guards","Test":"TestCarriedDefects_ManifestIsWellFormed/SP04-D1"}
{"Time":"2026-09-21T16:08:12.382131-04:00","Action":"output","Package":"github.com/qompack/qompack/test/guards","Test":"TestCarriedDefects_ManifestIsWellFormed/SP04-D1","Output":"=== RUN   TestCarriedDefects_ManifestIsWellFormed/SP04-D1\n"}
{"Time":"2026-09-21T16:08:12.3961045-04:00","Action":"output","Package":"github.com/qompack/qompack/test/guards","Test":"TestCarriedDefects_ManifestIsWellFormed/SP04-D1","Output":"--- PASS: TestCarriedDefects_ManifestIsWellFormed/SP04-D1 (0.01s)\n"}
{"Time":"2026-09-21T16:08:12.3961045-04:00","Action":"pass","Package":"github.com/qompack/qompack/test/guards","Test":"TestCarriedDefects_ManifestIsWellFormed/SP04-D1","Elapsed":0.01}
{"Time":"2026-09-21T16:08:12.3961045-04:00","Action":"run","Package":"github.com/qompack/qompack/test/guards","Test":"TestCarriedDefects_ManifestIsWellFormed/SP04-D2"}
{"Time":"2026-09-21T16:08:12.3961045-04:00","Action":"output","Package":"github.com/qompack/qompack/test/guards","Test":"TestCarriedDefects_ManifestIsWellFormed/SP04-D2","Output":"=== RUN   TestCarriedDefects_ManifestIsWellFormed/SP04-D2\n"}
{"Time":"2026-09-21T16:08:12.3961045-04:00","Action":"output","Package":"github.com/qompack/qompack/test/guards","Test":"TestCarriedDefects_ManifestIsWellFormed/SP04-D2","Output":"--- PASS: TestCarriedDefects_ManifestIsWellFormed/SP04-D2 (0.00s)\n"}
{"Time":"2026-09-21T16:08:12.3961045-04:00","Action":"pass","Package":"github.com/qompack/qompack/test/guards","Test":"TestCarriedDefects_ManifestIsWellFormed/SP04-D2","Elapsed":0}
{"Time":"2026-09-21T16:08:12.3961045-04:00","Action":"run","Package":"github.com/qompack/qompack/test/guards","Test":"TestCarriedDefects_ManifestIsWellFormed/SP04-D3"}
{"Time":"2026-09-21T16:08:12.3961045-04:00","Action":"output","Package":"github.com/qompack/qompack/test/guards","Test":"TestCarriedDefects_ManifestIsWellFormed/SP04-D3","Output":"=== RUN   TestCarriedDefects_ManifestIsWellFormed/SP04-D3\n"}
{"Time":"2026-09-21T16:08:12.3966757-04:00","Action":"output","Package":"github.com/qompack/qompack/test/guards","Test":"TestCarriedDefects_ManifestIsWellFormed/SP04-D3","Output":"--- PASS: TestCarriedDefects_ManifestIsWellFormed/SP04-D3 (0.00s)\n"}
{"Time":"2026-09-21T16:08:12.3966757-04:00","Action":"pass","Package":"github.com/qompack/qompack/test/guards","Test":"TestCarriedDefects_ManifestIsWellFormed/SP04-D3","Elapsed":0}
{"Time":"2026-09-21T16:08:12.3966757-04:00","Action":"run","Package":"github.com/qompack/qompack/test/guards","Test":"TestCarriedDefects_ManifestIsWellFormed/SP04-D4"}
{"Time":"2026-09-21T16:08:12.3966757-04:00","Action":"output","Package":"github.com/qompack/qompack/test/guards","Test":"TestCarriedDefects_ManifestIsWellFormed/SP04-D4","Output":"=== RUN   TestCarriedDefects_ManifestIsWellFormed/SP04-D4\n"}
{"Time":"2026-09-21T16:08:12.3966757-04:00","Action":"output","Package":"github.com/qompack/qompack/test/guards","Test":"TestCarriedDefects_ManifestIsWellFormed/SP04-D4","Output":"--- PASS: TestCarriedDefects_ManifestIsWellFormed/SP04-D4 (0.00s)\n"}
{"Time":"2026-09-21T16:08:12.3966757-04:00","Action":"pass","Package":"github.com/qompack/qompack/test/guards","Test":"TestCarriedDefects_ManifestIsWellFormed/SP04-D4","Elapsed":0}
{"Time":"2026-09-21T16:08:12.3966757-04:00","Action":"run","Package":"github.com/qompack/qompack/test/guards","Test":"TestCarriedDefects_ManifestIsWellFormed/SP04-D5"}
{"Time":"2026-09-21T16:08:12.3966757-04:00","Action":"output","Package":"github.com/qompack/qompack/test/guards","Test":"TestCarriedDefects_ManifestIsWellFormed/SP04-D5","Output":"=== RUN   TestCarriedDefects_ManifestIsWellFormed/SP04-D5\n"}
{"Time":"2026-09-21T16:08:12.3972051-04:00","Action":"output","Package":"github.com/qompack/qompack/test/guards","Test":"TestCarriedDefects_ManifestIsWellFormed/SP04-D5","Output":"--- PASS: TestCarriedDefects_ManifestIsWellFormed/SP04-D5 (0.00s)\n"}
{"Time":"2026-09-21T16:08:12.3972051-04:00","Action":"pass","Package":"github.com/qompack/qompack/test/guards","Test":"TestCarriedDefects_ManifestIsWellFormed/SP04-D5","Elapsed":0}
{"Time":"2026-09-21T16:08:12.3972051-04:00","Action":"run","Package":"github.com/qompack/qompack/test/guards","Test":"TestCarriedDefects_ManifestIsWellFormed/SP04-D6"}
{"Time":"2026-09-21T16:08:12.3972051-04:00","Action":"output","Package":"github.com/qompack/qompack/test/guards","Test":"TestCarriedDefects_ManifestIsWellFormed/SP04-D6","Output":"=== RUN   TestCarriedDefects_ManifestIsWellFormed/SP04-D6\n"}
{"Time":"2026-09-21T16:08:12.3972051-04:00","Action":"output","Package":"github.com/qompack/qompack/test/guards","Test":"TestCarriedDefects_ManifestIsWellFormed/SP04-D6","Output":"--- PASS: TestCarriedDefects_ManifestIsWellFormed/SP04-D6 (0.00s)\n"}
{"Time":"2026-09-21T16:08:12.3972051-04:00","Action":"pass","Package":"github.com/qompack/qompack/test/guards","Test":"TestCarriedDefects_ManifestIsWellFormed/SP04-D6","Elapsed":0}
{"Time":"2026-09-21T16:08:12.3972051-04:00","Action":"run","Package":"github.com/qompack/qompack/test/guards","Test":"TestCarriedDefects_ManifestIsWellFormed/SP06-D1"}
{"Time":"2026-09-21T16:08:12.3972051-04:00","Action":"output","Package":"github.com/qompack/qompack/test/guards","Test":"TestCarriedDefects_ManifestIsWellFormed/SP06-D1","Output":"=== RUN   TestCarriedDefects_ManifestIsWellFormed/SP06-D1\n"}
{"Time":"2026-09-21T16:08:12.4091678-04:00","Action":"output","Package":"github.com/qompack/qompack/test/guards","Test":"TestCarriedDefects_ManifestIsWellFormed/SP06-D1","Output":"--- PASS: TestCarriedDefects_ManifestIsWellFormed/SP06-D1 (0.01s)\n"}
{"Time":"2026-09-21T16:08:12.4096713-04:00","Action":"pass","Package":"github.com/qompack/qompack/test/guards","Test":"TestCarriedDefects_ManifestIsWellFormed/SP06-D1","Elapsed":0.01}
{"Time":"2026-09-21T16:08:12.4096713-04:00","Action":"run","Package":"github.com/qompack/qompack/test/guards","Test":"TestCarriedDefects_ManifestIsWellFormed/SP05-D1"}
{"Time":"2026-09-21T16:08:12.4096713-04:00","Action":"output","Package":"github.com/qompack/qompack/test/guards","Test":"TestCarriedDefects_ManifestIsWellFormed/SP05-D1","Output":"=== RUN   TestCarriedDefects_ManifestIsWellFormed/SP05-D1\n"}
{"Time":"2026-09-21T16:08:12.4096713-04:00","Action":"output","Package":"github.com/qompack/qompack/test/guards","Test":"TestCarriedDefects_ManifestIsWellFormed/SP05-D1","Output":"--- PASS: TestCarriedDefects_ManifestIsWellFormed/SP05-D1 (0.00s)\n"}
{"Time":"2026-09-21T16:08:12.4096713-04:00","Action":"pass","Package":"github.com/qompack/qompack/test/guards","Test":"TestCarriedDefects_ManifestIsWellFormed/SP05-D1","Elapsed":0}
{"Time":"2026-09-21T16:08:12.4096713-04:00","Action":"run","Package":"github.com/qompack/qompack/test/guards","Test":"TestCarriedDefects_ManifestIsWellFormed/SP02-D1"}
{"Time":"2026-09-21T16:08:12.4096713-04:00","Action":"output","Package":"github.com/qompack/qompack/test/guards","Test":"TestCarriedDefects_ManifestIsWellFormed/SP02-D1","Output":"=== RUN   TestCarriedDefects_ManifestIsWellFormed/SP02-D1\n"}
{"Time":"2026-09-21T16:08:12.4195335-04:00","Action":"output","Package":"github.com/qompack/qompack/test/guards","Test":"TestCarriedDefects_ManifestIsWellFormed/SP02-D1","Output":"--- PASS: TestCarriedDefects_ManifestIsWellFormed/SP02-D1 (0.01s)\n"}
{"Time":"2026-09-21T16:08:12.42007-04:00","Action":"pass","Package":"github.com/qompack/qompack/test/guards","Test":"TestCarriedDefects_ManifestIsWellFormed/SP02-D1","Elapsed":0.01}
{"Time":"2026-09-21T16:08:12.42007-04:00","Action":"run","Package":"github.com/qompack/qompack/test/guards","Test":"TestCarriedDefects_ManifestIsWellFormed/SP02-D2"}
{"Time":"2026-09-21T16:08:12.42007-04:00","Action":"output","Package":"github.com/qompack/qompack/test/guards","Test":"TestCarriedDefects_ManifestIsWellFormed/SP02-D2","Output":"=== RUN   TestCarriedDefects_ManifestIsWellFormed/SP02-D2\n"}
{"Time":"2026-09-21T16:08:12.42007-04:00","Action":"output","Package":"github.com/qompack/qompack/test/guards","Test":"TestCarriedDefects_ManifestIsWellFormed/SP02-D2","Output":"--- PASS: TestCarriedDefects_ManifestIsWellFormed/SP02-D2 (0.00s)\n"}
{"Time":"2026-09-21T16:08:12.42007-04:00","Action":"pass","Package":"github.com/qompack/qompack/test/guards","Test":"TestCarriedDefects_ManifestIsWellFormed/SP02-D2","Elapsed":0}
{"Time":"2026-09-21T16:08:12.42007-04:00","Action":"run","Package":"github.com/qompack/qompack/test/guards","Test":"TestCarriedDefects_ManifestIsWellFormed/SP02-D3"}
{"Time":"2026-09-21T16:08:12.42007-04:00","Action":"output","Package":"github.com/qompack/qompack/test/guards","Test":"TestCarriedDefects_ManifestIsWellFormed/SP02-D3","Output":"=== RUN   TestCarriedDefects_ManifestIsWellFormed/SP02-D3\n"}
{"Time":"2026-09-21T16:08:12.4206039-04:00","Action":"output","Package":"github.com/qompack/qompack/test/guards","Test":"TestCarriedDefects_ManifestIsWellFormed/SP02-D3","Output":"--- PASS: TestCarriedDefects_ManifestIsWellFormed/SP02-D3 (0.00s)\n"}
{"Time":"2026-09-21T16:08:12.4206039-04:00","Action":"pass","Package":"github.com/qompack/qompack/test/guards","Test":"TestCarriedDefects_ManifestIsWellFormed/SP02-D3","Elapsed":0}
{"Time":"2026-09-21T16:08:12.4206039-04:00","Action":"run","Package":"github.com/qompack/qompack/test/guards","Test":"TestCarriedDefects_ManifestIsWellFormed/SP02-D4"}
{"Time":"2026-09-21T16:08:12.4206039-04:00","Action":"output","Package":"github.com/qompack/qompack/test/guards","Test":"TestCarriedDefects_ManifestIsWellFormed/SP02-D4","Output":"=== RUN   TestCarriedDefects_ManifestIsWellFormed/SP02-D4\n"}
{"Time":"2026-09-21T16:08:12.421126-04:00","Action":"output","Package":"github.com/qompack/qompack/test/guards","Test":"TestCarriedDefects_ManifestIsWellFormed/SP02-D4","Output":"--- PASS: TestCarriedDefects_ManifestIsWellFormed/SP02-D4 (0.00s)\n"}
{"Time":"2026-09-21T16:08:12.421126-04:00","Action":"pass","Package":"github.com/qompack/qompack/test/guards","Test":"TestCarriedDefects_ManifestIsWellFormed/SP02-D4","Elapsed":0}
{"Time":"2026-09-21T16:08:12.421126-04:00","Action":"run","Package":"github.com/qompack/qompack/test/guards","Test":"TestCarriedDefects_ManifestIsWellFormed/SP02-D5"}
{"Time":"2026-09-21T16:08:12.421126-04:00","Action":"output","Package":"github.com/qompack/qompack/test/guards","Test":"TestCarriedDefects_ManifestIsWellFormed/SP02-D5","Output":"=== RUN   TestCarriedDefects_ManifestIsWellFormed/SP02-D5\n"}
{"Time":"2026-09-21T16:08:12.4216474-04:00","Action":"output","Package":"github.com/qompack/qompack/test/guards","Test":"TestCarriedDefects_ManifestIsWellFormed/SP02-D5","Output":"--- PASS: TestCarriedDefects_ManifestIsWellFormed/SP02-D5 (0.00s)\n"}
{"Time":"2026-09-21T16:08:12.4216474-04:00","Action":"pass","Package":"github.com/qompack/qompack/test/guards","Test":"TestCarriedDefects_ManifestIsWellFormed/SP02-D5","Elapsed":0}
{"Time":"2026-09-21T16:08:12.4216474-04:00","Action":"run","Package":"github.com/qompack/qompack/test/guards","Test":"TestCarriedDefects_ManifestIsWellFormed/SP02-D6"}
{"Time":"2026-09-21T16:08:12.4216474-04:00","Action":"output","Package":"github.com/qompack/qompack/test/guards","Test":"TestCarriedDefects_ManifestIsWellFormed/SP02-D6","Output":"=== RUN   TestCarriedDefects_ManifestIsWellFormed/SP02-D6\n"}
{"Time":"2026-09-21T16:08:12.4216474-04:00","Action":"output","Package":"github.com/qompack/qompack/test/guards","Test":"TestCarriedDefects_ManifestIsWellFormed/SP02-D6","Output":"--- PASS: TestCarriedDefects_ManifestIsWellFormed/SP02-D6 (0.00s)\n"}
{"Time":"2026-09-21T16:08:12.4216474-04:00","Action":"pass","Package":"github.com/qompack/qompack/test/guards","Test":"TestCarriedDefects_ManifestIsWellFormed/SP02-D6","Elapsed":0}
{"Time":"2026-09-21T16:08:12.4216474-04:00","Action":"run","Package":"github.com/qompack/qompack/test/guards","Test":"TestCarriedDefects_ManifestIsWellFormed/SP04-D7"}
{"Time":"2026-09-21T16:08:12.4216474-04:00","Action":"output","Package":"github.com/qompack/qompack/test/guards","Test":"TestCarriedDefects_ManifestIsWellFormed/SP04-D7","Output":"=== RUN   TestCarriedDefects_ManifestIsWellFormed/SP04-D7\n"}
{"Time":"2026-09-21T16:08:12.4221833-04:00","Action":"output","Package":"github.com/qompack/qompack/test/guards","Test":"TestCarriedDefects_ManifestIsWellFormed/SP04-D7","Output":"--- PASS: TestCarriedDefects_ManifestIsWellFormed/SP04-D7 (0.00s)\n"}
{"Time":"2026-09-21T16:08:12.4221833-04:00","Action":"pass","Package":"github.com/qompack/qompack/test/guards","Test":"TestCarriedDefects_ManifestIsWellFormed/SP04-D7","Elapsed":0}
{"Time":"2026-09-21T16:08:12.4221833-04:00","Action":"run","Package":"github.com/qompack/qompack/test/guards","Test":"TestCarriedDefects_ManifestIsWellFormed/SP06-D2"}
{"Time":"2026-09-21T16:08:12.4221833-04:00","Action":"output","Package":"github.com/qompack/qompack/test/guards","Test":"TestCarriedDefects_ManifestIsWellFormed/SP06-D2","Output":"=== RUN   TestCarriedDefects_ManifestIsWellFormed/SP06-D2\n"}
{"Time":"2026-09-21T16:08:12.4226974-04:00","Action":"output","Package":"github.com/qompack/qompack/test/guards","Test":"TestCarriedDefects_ManifestIsWellFormed/SP06-D2","Output":"--- PASS: TestCarriedDefects_ManifestIsWellFormed/SP06-D2 (0.00s)\n"}
{"Time":"2026-09-21T16:08:12.4226974-04:00","Action":"pass","Package":"github.com/qompack/qompack/test/guards","Test":"TestCarriedDefects_ManifestIsWellFormed/SP06-D2","Elapsed":0}
{"Time":"2026-09-21T16:08:12.4226974-04:00","Action":"run","Package":"github.com/qompack/qompack/test/guards","Test":"TestCarriedDefects_ManifestIsWellFormed/SP08-D1"}
{"Time":"2026-09-21T16:08:12.4226974-04:00","Action":"output","Package":"github.com/qompack/qompack/test/guards","Test":"TestCarriedDefects_ManifestIsWellFormed/SP08-D1","Output":"=== RUN   TestCarriedDefects_ManifestIsWellFormed/SP08-D1\n"}
{"Time":"2026-09-21T16:08:12.4343183-04:00","Action":"output","Package":"github.com/qompack/qompack/test/guards","Test":"TestCarriedDefects_ManifestIsWellFormed/SP08-D1","Output":"--- PASS: TestCarriedDefects_ManifestIsWellFormed/SP08-D1 (0.01s)\n"}
{"Time":"2026-09-21T16:08:12.4348582-04:00","Action":"pass","Package":"github.com/qompack/qompack/test/guards","Test":"TestCarriedDefects_ManifestIsWellFormed/SP08-D1","Elapsed":0.01}
{"Time":"2026-09-21T16:08:12.4348582-04:00","Action":"run","Package":"github.com/qompack/qompack/test/guards","Test":"TestCarriedDefects_ManifestIsWellFormed/SP10-D1"}
{"Time":"2026-09-21T16:08:12.4348582-04:00","Action":"output","Package":"github.com/qompack/qompack/test/guards","Test":"TestCarriedDefects_ManifestIsWellFormed/SP10-D1","Output":"=== RUN   TestCarriedDefects_ManifestIsWellFormed/SP10-D1\n"}
{"Time":"2026-09-21T16:08:12.4484799-04:00","Action":"output","Package":"github.com/qompack/qompack/test/guards","Test":"TestCarriedDefects_ManifestIsWellFormed/SP10-D1","Output":"--- PASS: TestCarriedDefects_ManifestIsWellFormed/SP10-D1 (0.01s)\n"}
{"Time":"2026-09-21T16:08:12.4484799-04:00","Action":"pass","Package":"github.com/qompack/qompack/test/guards","Test":"TestCarriedDefects_ManifestIsWellFormed/SP10-D1","Elapsed":0.01}
{"Time":"2026-09-21T16:08:12.4484799-04:00","Action":"run","Package":"github.com/qompack/qompack/test/guards","Test":"TestCarriedDefects_ManifestIsWellFormed/SP09-D1"}
{"Time":"2026-09-21T16:08:12.4484799-04:00","Action":"output","Package":"github.com/qompack/qompack/test/guards","Test":"TestCarriedDefects_ManifestIsWellFormed/SP09-D1","Output":"=== RUN   TestCarriedDefects_ManifestIsWellFormed/SP09-D1\n"}
{"Time":"2026-09-21T16:08:12.4490537-04:00","Action":"output","Package":"github.com/qompack/qompack/test/guards","Test":"TestCarriedDefects_ManifestIsWellFormed/SP09-D1","Output":"--- PASS: TestCarriedDefects_ManifestIsWellFormed/SP09-D1 (0.00s)\n"}
{"Time":"2026-09-21T16:08:12.4490537-04:00","Action":"pass","Package":"github.com/qompack/qompack/test/guards","Test":"TestCarriedDefects_ManifestIsWellFormed/SP09-D1","Elapsed":0}
{"Time":"2026-09-21T16:08:12.4490537-04:00","Action":"run","Package":"github.com/qompack/qompack/test/guards","Test":"TestCarriedDefects_ManifestIsWellFormed/SP20-D2"}
{"Time":"2026-09-21T16:08:12.4490537-04:00","Action":"output","Package":"github.com/qompack/qompack/test/guards","Test":"TestCarriedDefects_ManifestIsWellFormed/SP20-D2","Output":"=== RUN   TestCarriedDefects_ManifestIsWellFormed/SP20-D2\n"}
{"Time":"2026-09-21T16:08:12.4496837-04:00","Action":"output","Package":"github.com/qompack/qompack/test/guards","Test":"TestCarriedDefects_ManifestIsWellFormed/SP20-D2","Output":"--- PASS: TestCarriedDefects_ManifestIsWellFormed/SP20-D2 (0.00s)\n"}
{"Time":"2026-09-21T16:08:12.4496837-04:00","Action":"pass","Package":"github.com/qompack/qompack/test/guards","Test":"TestCarriedDefects_ManifestIsWellFormed/SP20-D2","Elapsed":0}
{"Time":"2026-09-21T16:08:12.4496837-04:00","Action":"run","Package":"github.com/qompack/qompack/test/guards","Test":"TestCarriedDefects_ManifestIsWellFormed/SP20-D3"}
{"Time":"2026-09-21T16:08:12.4496837-04:00","Action":"output","Package":"github.com/qompack/qompack/test/guards","Test":"TestCarriedDefects_ManifestIsWellFormed/SP20-D3","Output":"=== RUN   TestCarriedDefects_ManifestIsWellFormed/SP20-D3\n"}
{"Time":"2026-09-21T16:08:12.4496837-04:00","Action":"output","Package":"github.com/qompack/qompack/test/guards","Test":"TestCarriedDefects_ManifestIsWellFormed/SP20-D3","Output":"--- PASS: TestCarriedDefects_ManifestIsWellFormed/SP20-D3 (0.00s)\n"}
{"Time":"2026-09-21T16:08:12.4496837-04:00","Action":"pass","Package":"github.com/qompack/qompack/test/guards","Test":"TestCarriedDefects_ManifestIsWellFormed/SP20-D3","Elapsed":0}
{"Time":"2026-09-21T16:08:12.4502262-04:00","Action":"run","Package":"github.com/qompack/qompack/test/guards","Test":"TestCarriedDefects_ManifestIsWellFormed/SP08-D2"}
{"Time":"2026-09-21T16:08:12.4502262-04:00","Action":"output","Package":"github.com/qompack/qompack/test/guards","Test":"TestCarriedDefects_ManifestIsWellFormed/SP08-D2","Output":"=== RUN   TestCarriedDefects_ManifestIsWellFormed/SP08-D2\n"}
{"Time":"2026-09-21T16:08:12.4502262-04:00","Action":"output","Package":"github.com/qompack/qompack/test/guards","Test":"TestCarriedDefects_ManifestIsWellFormed/SP08-D2","Output":"--- PASS: TestCarriedDefects_ManifestIsWellFormed/SP08-D2 (0.00s)\n"}
{"Time":"2026-09-21T16:08:12.4502262-04:00","Action":"pass","Package":"github.com/qompack/qompack/test/guards","Test":"TestCarriedDefects_ManifestIsWellFormed/SP08-D2","Elapsed":0}
{"Time":"2026-09-21T16:08:12.4502262-04:00","Action":"run","Package":"github.com/qompack/qompack/test/guards","Test":"TestCarriedDefects_ManifestIsWellFormed/SP20-D1"}
{"Time":"2026-09-21T16:08:12.4502262-04:00","Action":"output","Package":"github.com/qompack/qompack/test/guards","Test":"TestCarriedDefects_ManifestIsWellFormed/SP20-D1","Output":"=== RUN   TestCarriedDefects_ManifestIsWellFormed/SP20-D1\n"}
{"Time":"2026-09-21T16:08:12.4507524-04:00","Action":"output","Package":"github.com/qompack/qompack/test/guards","Test":"TestCarriedDefects_ManifestIsWellFormed/SP20-D1","Output":"--- PASS: TestCarriedDefects_ManifestIsWellFormed/SP20-D1 (0.00s)\n"}
{"Time":"2026-09-21T16:08:12.4507524-04:00","Action":"pass","Package":"github.com/qompack/qompack/test/guards","Test":"TestCarriedDefects_ManifestIsWellFormed/SP20-D1","Elapsed":0}
{"Time":"2026-09-21T16:08:12.4507524-04:00","Action":"run","Package":"github.com/qompack/qompack/test/guards","Test":"TestCarriedDefects_ManifestIsWellFormed/SP05-D2"}
{"Time":"2026-09-21T16:08:12.4507524-04:00","Action":"output","Package":"github.com/qompack/qompack/test/guards","Test":"TestCarriedDefects_ManifestIsWellFormed/SP05-D2","Output":"=== RUN   TestCarriedDefects_ManifestIsWellFormed/SP05-D2\n"}
{"Time":"2026-09-21T16:08:12.4507524-04:00","Action":"output","Package":"github.com/qompack/qompack/test/guards","Test":"TestCarriedDefects_ManifestIsWellFormed/SP05-D2","Output":"--- PASS: TestCarriedDefects_ManifestIsWellFormed/SP05-D2 (0.00s)\n"}
{"Time":"2026-09-21T16:08:12.4507524-04:00","Action":"pass","Package":"github.com/qompack/qompack/test/guards","Test":"TestCarriedDefects_ManifestIsWellFormed/SP05-D2","Elapsed":0}
{"Time":"2026-09-21T16:08:12.4507524-04:00","Action":"run","Package":"github.com/qompack/qompack/test/guards","Test":"TestCarriedDefects_ManifestIsWellFormed/SP08-D3"}
{"Time":"2026-09-21T16:08:12.4507524-04:00","Action":"output","Package":"github.com/qompack/qompack/test/guards","Test":"TestCarriedDefects_ManifestIsWellFormed/SP08-D3","Output":"=== RUN   TestCarriedDefects_ManifestIsWellFormed/SP08-D3\n"}
{"Time":"2026-09-21T16:08:12.4512713-04:00","Action":"output","Package":"github.com/qompack/qompack/test/guards","Test":"TestCarriedDefects_ManifestIsWellFormed/SP08-D3","Output":"--- PASS: TestCarriedDefects_ManifestIsWellFormed/SP08-D3 (0.00s)\n"}
{"Time":"2026-09-21T16:08:12.4512713-04:00","Action":"pass","Package":"github.com/qompack/qompack/test/guards","Test":"TestCarriedDefects_ManifestIsWellFormed/SP08-D3","Elapsed":0}
{"Time":"2026-09-21T16:08:12.4512713-04:00","Action":"run","Package":"github.com/qompack/qompack/test/guards","Test":"TestCarriedDefects_ManifestIsWellFormed/SP20-D4"}
{"Time":"2026-09-21T16:08:12.4512713-04:00","Action":"output","Package":"github.com/qompack/qompack/test/guards","Test":"TestCarriedDefects_ManifestIsWellFormed/SP20-D4","Output":"=== RUN   TestCarriedDefects_ManifestIsWellFormed/SP20-D4\n"}
{"Time":"2026-09-21T16:08:12.451787-04:00","Action":"output","Package":"github.com/qompack/qompack/test/guards","Test":"TestCarriedDefects_ManifestIsWellFormed/SP20-D4","Output":"--- PASS: TestCarriedDefects_ManifestIsWellFormed/SP20-D4 (0.00s)\n"}
{"Time":"2026-09-21T16:08:12.451787-04:00","Action":"pass","Package":"github.com/qompack/qompack/test/guards","Test":"TestCarriedDefects_ManifestIsWellFormed/SP20-D4","Elapsed":0}
{"Time":"2026-09-21T16:08:12.451787-04:00","Action":"run","Package":"github.com/qompack/qompack/test/guards","Test":"TestCarriedDefects_ManifestIsWellFormed/SP20-D5"}
{"Time":"2026-09-21T16:08:12.451787-04:00","Action":"output","Package":"github.com/qompack/qompack/test/guards","Test":"TestCarriedDefects_ManifestIsWellFormed/SP20-D5","Output":"=== RUN   TestCarriedDefects_ManifestIsWellFormed/SP20-D5\n"}
{"Time":"2026-09-21T16:08:12.4523168-04:00","Action":"output","Package":"github.com/qompack/qompack/test/guards","Test":"TestCarriedDefects_ManifestIsWellFormed/SP20-D5","Output":"--- PASS: TestCarriedDefects_ManifestIsWellFormed/SP20-D5 (0.00s)\n"}
{"Time":"2026-09-21T16:08:12.4523168-04:00","Action":"pass","Package":"github.com/qompack/qompack/test/guards","Test":"TestCarriedDefects_ManifestIsWellFormed/SP20-D5","Elapsed":0}
{"Time":"2026-09-21T16:08:12.4523168-04:00","Action":"run","Package":"github.com/qompack/qompack/test/guards","Test":"TestCarriedDefects_ManifestIsWellFormed/SP20-D6"}
{"Time":"2026-09-21T16:08:12.4523168-04:00","Action":"output","Package":"github.com/qompack/qompack/test/guards","Test":"TestCarriedDefects_ManifestIsWellFormed/SP20-D6","Output":"=== RUN   TestCarriedDefects_ManifestIsWellFormed/SP20-D6\n"}
{"Time":"2026-09-21T16:08:12.4523168-04:00","Action":"output","Package":"github.com/qompack/qompack/test/guards","Test":"TestCarriedDefects_ManifestIsWellFormed/SP20-D6","Output":"--- PASS: TestCarriedDefects_ManifestIsWellFormed/SP20-D6 (0.00s)\n"}
{"Time":"2026-09-21T16:08:12.4523168-04:00","Action":"pass","Package":"github.com/qompack/qompack/test/guards","Test":"TestCarriedDefects_ManifestIsWellFormed/SP20-D6","Elapsed":0}
{"Time":"2026-09-21T16:08:12.4523168-04:00","Action":"output","Package":"github.com/qompack/qompack/test/guards","Test":"TestCarriedDefects_ManifestIsWellFormed","Output":"--- PASS: TestCarriedDefects_ManifestIsWellFormed (0.11s)\n"}
{"Time":"2026-09-21T16:08:12.4523168-04:00","Action":"pass","Package":"github.com/qompack/qompack/test/guards","Test":"TestCarriedDefects_ManifestIsWellFormed","Elapsed":0.11}
{"Time":"2026-09-21T16:08:12.4523168-04:00","Action":"output","Package":"github.com/qompack/qompack/test/guards","Output":"PASS\n"}
{"Time":"2026-09-21T16:08:12.4590304-04:00","Action":"output","Package":"github.com/qompack/qompack/test/guards","Output":"ok  \tgithub.com/qompack/qompack/test/guards\t2.814s\n"}
{"Time":"2026-09-21T16:08:12.4590304-04:00","Action":"pass","Package":"github.com/qompack/qompack/test/guards","Elapsed":2.814}
