{"Time":"2026-09-21T16:04:34.8270312-04:00","Action":"start","Package":"github.com/qompack/qompack/internal/observer"}
{"Time":"2026-09-21T16:04:35.020089-04:00","Action":"run","Package":"github.com/qompack/qompack/internal/observer","Test":"TestOnUserPrompt_ReplyOnlyRecordsNothing"}
{"Time":"2026-09-21T16:04:35.02064-04:00","Action":"output","Package":"github.com/qompack/qompack/internal/observer","Test":"TestOnUserPrompt_ReplyOnlyRecordsNothing","Output":"=== RUN   TestOnUserPrompt_ReplyOnlyRecordsNothing\n"}
{"Time":"2026-09-21T16:04:35.0217288-04:00","Action":"output","Package":"github.com/qompack/qompack/internal/observer","Test":"TestOnUserPrompt_ReplyOnlyRecordsNothing","Output":"--- PASS: TestOnUserPrompt_ReplyOnlyRecordsNothing (0.00s)\n"}
{"Time":"2026-09-21T16:04:35.0222852-04:00","Action":"pass","Package":"github.com/qompack/qompack/internal/observer","Test":"TestOnUserPrompt_ReplyOnlyRecordsNothing","Elapsed":0}
{"Time":"2026-09-21T16:04:35.0222852-04:00","Action":"run","Package":"github.com/qompack/qompack/internal/observer","Test":"TestOnUserPrompt_WorkerRecordsAndAdvancesTurn"}
{"Time":"2026-09-21T16:04:35.0222852-04:00","Action":"output","Package":"github.com/qompack/qompack/internal/observer","Test":"TestOnUserPrompt_WorkerRecordsAndAdvancesTurn","Output":"=== RUN   TestOnUserPrompt_WorkerRecordsAndAdvancesTurn\n"}
{"Time":"2026-09-21T16:04:35.0228263-04:00","Action":"output","Package":"github.com/qompack/qompack/internal/observer","Test":"TestOnUserPrompt_WorkerRecordsAndAdvancesTurn","Output":"--- PASS: TestOnUserPrompt_WorkerRecordsAndAdvancesTurn (0.00s)\n"}
{"Time":"2026-09-21T16:04:35.0228263-04:00","Action":"pass","Package":"github.com/qompack/qompack/internal/observer","Test":"TestOnUserPrompt_WorkerRecordsAndAdvancesTurn","Elapsed":0}
{"Time":"2026-09-21T16:04:35.0228263-04:00","Action":"run","Package":"github.com/qompack/qompack/internal/observer","Test":"TestOnUserPrompt_LeasedCaptureFailurePropagates"}
{"Time":"2026-09-21T16:04:35.0228263-04:00","Action":"output","Package":"github.com/qompack/qompack/internal/observer","Test":"TestOnUserPrompt_LeasedCaptureFailurePropagates","Output":"=== RUN   TestOnUserPrompt_LeasedCaptureFailurePropagates\n"}
{"Time":"2026-09-21T16:04:35.0233665-04:00","Action":"output","Package":"github.com/qompack/qompack/internal/observer","Test":"TestOnUserPrompt_LeasedCaptureFailurePropagates","Output":"--- PASS: TestOnUserPrompt_LeasedCaptureFailurePropagates (0.00s)\n"}
{"Time":"2026-09-21T16:04:35.0233665-04:00","Action":"pass","Package":"github.com/qompack/qompack/internal/observer","Test":"TestOnUserPrompt_LeasedCaptureFailurePropagates","Elapsed":0}
{"Time":"2026-09-21T16:04:35.0233665-04:00","Action":"run","Package":"github.com/qompack/qompack/internal/observer","Test":"TestOnUserPrompt_UnleasedCaptureFailureIsSoftAndAdvances"}
{"Time":"2026-09-21T16:04:35.0233665-04:00","Action":"output","Package":"github.com/qompack/qompack/internal/observer","Test":"TestOnUserPrompt_UnleasedCaptureFailureIsSoftAndAdvances","Output":"=== RUN   TestOnUserPrompt_UnleasedCaptureFailureIsSoftAndAdvances\n"}
{"Time":"2026-09-21T16:04:35.0239086-04:00","Action":"output","Package":"github.com/qompack/qompack/internal/observer","Test":"TestOnUserPrompt_UnleasedCaptureFailureIsSoftAndAdvances","Output":"--- PASS: TestOnUserPrompt_UnleasedCaptureFailureIsSoftAndAdvances (0.00s)\n"}
{"Time":"2026-09-21T16:04:35.0244507-04:00","Action":"pass","Package":"github.com/qompack/qompack/internal/observer","Test":"TestOnUserPrompt_UnleasedCaptureFailureIsSoftAndAdvances","Elapsed":0}
{"Time":"2026-09-21T16:04:35.0244507-04:00","Action":"run","Package":"github.com/qompack/qompack/internal/observer","Test":"TestOnUserPrompt_EmptyPromptIsNotATurn"}
{"Time":"2026-09-21T16:04:35.0244507-04:00","Action":"output","Package":"github.com/qompack/qompack/internal/observer","Test":"TestOnUserPrompt_EmptyPromptIsNotATurn","Output":"=== RUN   TestOnUserPrompt_EmptyPromptIsNotATurn\n"}
{"Time":"2026-09-21T16:04:35.0249856-04:00","Action":"output","Package":"github.com/qompack/qompack/internal/observer","Test":"TestOnUserPrompt_EmptyPromptIsNotATurn","Output":"--- PASS: TestOnUserPrompt_EmptyPromptIsNotATurn (0.00s)\n"}
{"Time":"2026-09-21T16:04:35.0249856-04:00","Action":"pass","Package":"github.com/qompack/qompack/internal/observer","Test":"TestOnUserPrompt_EmptyPromptIsNotATurn","Elapsed":0}
{"Time":"2026-09-21T16:04:35.0249856-04:00","Action":"run","Package":"github.com/qompack/qompack/internal/observer","Test":"TestV6Prompt_NewDeliveryAfterUnpersistedRestartStaysDistinct"}
{"Time":"2026-09-21T16:04:35.0249856-04:00","Action":"output","Package":"github.com/qompack/qompack/internal/observer","Test":"TestV6Prompt_NewDeliveryAfterUnpersistedRestartStaysDistinct","Output":"=== RUN   TestV6Prompt_NewDeliveryAfterUnpersistedRestartStaysDistinct\n"}
{"Time":"2026-09-21T16:04:35.0249856-04:00","Action":"run","Package":"github.com/qompack/qompack/internal/observer","Test":"TestV6Prompt_NewDeliveryAfterUnpersistedRestartStaysDistinct/first"}
{"Time":"2026-09-21T16:04:35.0249856-04:00","Action":"output","Package":"github.com/qompack/qompack/internal/observer","Test":"TestV6Prompt_NewDeliveryAfterUnpersistedRestartStaysDistinct/first","Output":"=== RUN   TestV6Prompt_NewDeliveryAfterUnpersistedRestartStaysDistinct/first\n"}
{"ImportPath":"github.com/qompack/qompack/internal/daemon [github.com/qompack/qompack/internal/daemon.test]","Action":"build-output","Output":"# github.com/qompack/qompack/internal/daemon [github.com/qompack/qompack/internal/daemon.test]\n"}
{"ImportPath":"github.com/qompack/qompack/internal/daemon [github.com/qompack/qompack/internal/daemon.test]","Action":"build-output","Output":"internal\\daemon\\daemon.go:856:37: undefined: observer\n"}
{"ImportPath":"github.com/qompack/qompack/internal/daemon [github.com/qompack/qompack/internal/daemon.test]","Action":"build-fail"}
{"Time":"2026-09-21T16:04:35.1438011-04:00","Action":"output","Package":"github.com/qompack/qompack/internal/observer","Test":"TestV6Prompt_NewDeliveryAfterUnpersistedRestartStaysDistinct/first","Output":"--- PASS: TestV6Prompt_NewDeliveryAfterUnpersistedRestartStaysDistinct/first (0.12s)\n"}
{"Time":"2026-09-21T16:04:35.1438011-04:00","Action":"pass","Package":"github.com/qompack/qompack/internal/observer","Test":"TestV6Prompt_NewDeliveryAfterUnpersistedRestartStaysDistinct/first","Elapsed":0.12}
{"Time":"2026-09-21T16:04:35.1438011-04:00","Action":"run","Package":"github.com/qompack/qompack/internal/observer","Test":"TestV6Prompt_NewDeliveryAfterUnpersistedRestartStaysDistinct/different"}
{"Time":"2026-09-21T16:04:35.1438011-04:00","Action":"output","Package":"github.com/qompack/qompack/internal/observer","Test":"TestV6Prompt_NewDeliveryAfterUnpersistedRestartStaysDistinct/different","Output":"=== RUN   TestV6Prompt_NewDeliveryAfterUnpersistedRestartStaysDistinct/different\n"}
{"Time":"2026-09-21T16:04:35.2893606-04:00","Action":"output","Package":"github.com/qompack/qompack/internal/observer","Test":"TestV6Prompt_NewDeliveryAfterUnpersistedRestartStaysDistinct/different","Output":"--- PASS: TestV6Prompt_NewDeliveryAfterUnpersistedRestartStaysDistinct/different (0.15s)\n"}
{"Time":"2026-09-21T16:04:35.2901757-04:00","Action":"pass","Package":"github.com/qompack/qompack/internal/observer","Test":"TestV6Prompt_NewDeliveryAfterUnpersistedRestartStaysDistinct/different","Elapsed":0.15}
{"Time":"2026-09-21T16:04:35.2901757-04:00","Action":"output","Package":"github.com/qompack/qompack/internal/observer","Test":"TestV6Prompt_NewDeliveryAfterUnpersistedRestartStaysDistinct","Output":"--- PASS: TestV6Prompt_NewDeliveryAfterUnpersistedRestartStaysDistinct (0.26s)\n"}
{"Time":"2026-09-21T16:04:35.2901757-04:00","Action":"pass","Package":"github.com/qompack/qompack/internal/observer","Test":"TestV6Prompt_NewDeliveryAfterUnpersistedRestartStaysDistinct","Elapsed":0.26}
{"Time":"2026-09-21T16:04:35.2901757-04:00","Action":"run","Package":"github.com/qompack/qompack/internal/observer","Test":"TestPendingThrashLines_DrainsAndFormatsThroughGrammar"}
{"Time":"2026-09-21T16:04:35.2901757-04:00","Action":"output","Package":"github.com/qompack/qompack/internal/observer","Test":"TestPendingThrashLines_DrainsAndFormatsThroughGrammar","Output":"=== RUN   TestPendingThrashLines_DrainsAndFormatsThroughGrammar\n"}
{"Time":"2026-09-21T16:04:35.2917171-04:00","Action":"output","Package":"github.com/qompack/qompack/internal/observer","Test":"TestPendingThrashLines_DrainsAndFormatsThroughGrammar","Output":"--- PASS: TestPendingThrashLines_DrainsAndFormatsThroughGrammar (0.00s)\n"}
{"Time":"2026-09-21T16:04:35.2917171-04:00","Action":"pass","Package":"github.com/qompack/qompack/internal/observer","Test":"TestPendingThrashLines_DrainsAndFormatsThroughGrammar","Elapsed":0}
{"Time":"2026-09-21T16:04:35.2917171-04:00","Action":"run","Package":"github.com/qompack/qompack/internal/observer","Test":"TestOnUserPrompt_StoresVerbatim"}
{"Time":"2026-09-21T16:04:35.2917171-04:00","Action":"output","Package":"github.com/qompack/qompack/internal/observer","Test":"TestOnUserPrompt_StoresVerbatim","Output":"=== RUN   TestOnUserPrompt_StoresVerbatim\n"}
{"Time":"2026-09-21T16:04:35.2932579-04:00","Action":"output","Package":"github.com/qompack/qompack/internal/observer","Test":"TestOnUserPrompt_StoresVerbatim","Output":"--- PASS: TestOnUserPrompt_StoresVerbatim (0.00s)\n"}
{"Time":"2026-09-21T16:04:35.2932579-04:00","Action":"pass","Package":"github.com/qompack/qompack/internal/observer","Test":"TestOnUserPrompt_StoresVerbatim","Elapsed":0}
{"Time":"2026-09-21T16:04:35.2932579-04:00","Action":"run","Package":"github.com/qompack/qompack/internal/observer","Test":"TestOnUserPrompt_VerbatimAgainstARealStore"}
{"Time":"2026-09-21T16:04:35.2932579-04:00","Action":"output","Package":"github.com/qompack/qompack/internal/observer","Test":"TestOnUserPrompt_VerbatimAgainstARealStore","Output":"=== RUN   TestOnUserPrompt_VerbatimAgainstARealStore\n"}
{"Time":"2026-09-21T16:04:35.3624745-04:00","Action":"output","Package":"github.com/qompack/qompack/internal/observer","Test":"TestOnUserPrompt_VerbatimAgainstARealStore","Output":"--- PASS: TestOnUserPrompt_VerbatimAgainstARealStore (0.07s)\n"}
{"Time":"2026-09-21T16:04:35.3624745-04:00","Action":"pass","Package":"github.com/qompack/qompack/internal/observer","Test":"TestOnUserPrompt_VerbatimAgainstARealStore","Elapsed":0.07}
{"Time":"2026-09-21T16:04:35.3624745-04:00","Action":"run","Package":"github.com/qompack/qompack/internal/observer","Test":"TestOnUserPrompt_RecordsIndexEntry"}
{"Time":"2026-09-21T16:04:35.3624745-04:00","Action":"output","Package":"github.com/qompack/qompack/internal/observer","Test":"TestOnUserPrompt_RecordsIndexEntry","Output":"=== RUN   TestOnUserPrompt_RecordsIndexEntry\n"}
{"Time":"2026-09-21T16:04:35.3641002-04:00","Action":"output","Package":"github.com/qompack/qompack/internal/observer","Test":"TestOnUserPrompt_RecordsIndexEntry","Output":"--- PASS: TestOnUserPrompt_RecordsIndexEntry (0.00s)\n"}
{"Time":"2026-09-21T16:04:35.3641002-04:00","Action":"pass","Package":"github.com/qompack/qompack/internal/observer","Test":"TestOnUserPrompt_RecordsIndexEntry","Elapsed":0}
{"Time":"2026-09-21T16:04:35.3641002-04:00","Action":"run","Package":"github.com/qompack/qompack/internal/observer","Test":"TestOnUserPrompt_TurnIncrements"}
{"Time":"2026-09-21T16:04:35.3641002-04:00","Action":"output","Package":"github.com/qompack/qompack/internal/observer","Test":"TestOnUserPrompt_TurnIncrements","Output":"=== RUN   TestOnUserPrompt_TurnIncrements\n"}
{"Time":"2026-09-21T16:04:35.3657077-04:00","Action":"output","Package":"github.com/qompack/qompack/internal/observer","Test":"TestOnUserPrompt_TurnIncrements","Output":"--- PASS: TestOnUserPrompt_TurnIncrements (0.00s)\n"}
{"Time":"2026-09-21T16:04:35.3657077-04:00","Action":"pass","Package":"github.com/qompack/qompack/internal/observer","Test":"TestOnUserPrompt_TurnIncrements","Elapsed":0}
{"Time":"2026-09-21T16:04:35.3657077-04:00","Action":"run","Package":"github.com/qompack/qompack/internal/observer","Test":"TestOnUserPrompt_DAGNodeAndSegmentEdge"}
{"Time":"2026-09-21T16:04:35.3657077-04:00","Action":"output","Package":"github.com/qompack/qompack/internal/observer","Test":"TestOnUserPrompt_DAGNodeAndSegmentEdge","Output":"=== RUN   TestOnUserPrompt_DAGNodeAndSegmentEdge\n"}
{"Time":"2026-09-21T16:04:35.3673469-04:00","Action":"output","Package":"github.com/qompack/qompack/internal/observer","Test":"TestOnUserPrompt_DAGNodeAndSegmentEdge","Output":"--- PASS: TestOnUserPrompt_DAGNodeAndSegmentEdge (0.00s)\n"}
{"Time":"2026-09-21T16:04:35.3673469-04:00","Action":"pass","Package":"github.com/qompack/qompack/internal/observer","Test":"TestOnUserPrompt_DAGNodeAndSegmentEdge","Elapsed":0}
{"Time":"2026-09-21T16:04:35.3673469-04:00","Action":"run","Package":"github.com/qompack/qompack/internal/observer","Test":"TestOnUserPrompt_NeverRegenerated"}
{"Time":"2026-09-21T16:04:35.3673469-04:00","Action":"output","Package":"github.com/qompack/qompack/internal/observer","Test":"TestOnUserPrompt_NeverRegenerated","Output":"=== RUN   TestOnUserPrompt_NeverRegenerated\n"}
{"Time":"2026-09-21T16:04:35.4118522-04:00","Action":"output","Package":"github.com/qompack/qompack/internal/observer","Test":"TestOnUserPrompt_NeverRegenerated","Output":"--- PASS: TestOnUserPrompt_NeverRegenerated (0.04s)\n"}
{"Time":"2026-09-21T16:04:35.4118522-04:00","Action":"pass","Package":"github.com/qompack/qompack/internal/observer","Test":"TestOnUserPrompt_NeverRegenerated","Elapsed":0.04}
{"Time":"2026-09-21T16:04:35.4118522-04:00","Action":"run","Package":"github.com/qompack/qompack/internal/observer","Test":"TestOnUserPrompt_EmptyPromptIgnored"}
{"Time":"2026-09-21T16:04:35.4118522-04:00","Action":"output","Package":"github.com/qompack/qompack/internal/observer","Test":"TestOnUserPrompt_EmptyPromptIgnored","Output":"=== RUN   TestOnUserPrompt_EmptyPromptIgnored\n"}
{"Time":"2026-09-21T16:04:35.4128633-04:00","Action":"output","Package":"github.com/qompack/qompack/internal/observer","Test":"TestOnUserPrompt_EmptyPromptIgnored","Output":"--- PASS: TestOnUserPrompt_EmptyPromptIgnored (0.00s)\n"}
{"Time":"2026-09-21T16:04:35.4128633-04:00","Action":"pass","Package":"github.com/qompack/qompack/internal/observer","Test":"TestOnUserPrompt_EmptyPromptIgnored","Elapsed":0}
{"Time":"2026-09-21T16:04:35.4128633-04:00","Action":"run","Package":"github.com/qompack/qompack/internal/observer","Test":"TestOnUserPrompt_GrammarSymbolAppended"}
{"Time":"2026-09-21T16:04:35.4128633-04:00","Action":"output","Package":"github.com/qompack/qompack/internal/observer","Test":"TestOnUserPrompt_GrammarSymbolAppended","Output":"=== RUN   TestOnUserPrompt_GrammarSymbolAppended\n"}
{"Time":"2026-09-21T16:04:35.413909-04:00","Action":"output","Package":"github.com/qompack/qompack/internal/observer","Test":"TestOnUserPrompt_GrammarSymbolAppended","Output":"--- PASS: TestOnUserPrompt_GrammarSymbolAppended (0.00s)\n"}
{"Time":"2026-09-21T16:04:35.413909-04:00","Action":"pass","Package":"github.com/qompack/qompack/internal/observer","Test":"TestOnUserPrompt_GrammarSymbolAppended","Elapsed":0}
{"Time":"2026-09-21T16:04:35.413909-04:00","Action":"run","Package":"github.com/qompack/qompack/internal/observer","Test":"TestOnUserPrompt_ThrashWarningInFullMode"}
{"Time":"2026-09-21T16:04:35.413909-04:00","Action":"output","Package":"github.com/qompack/qompack/internal/observer","Test":"TestOnUserPrompt_ThrashWarningInFullMode","Output":"=== RUN   TestOnUserPrompt_ThrashWarningInFullMode\n"}
{"Time":"2026-09-21T16:04:35.4163014-04:00","Action":"output","Package":"github.com/qompack/qompack/internal/observer","Test":"TestOnUserPrompt_ThrashWarningInFullMode","Output":"--- PASS: TestOnUserPrompt_ThrashWarningInFullMode (0.00s)\n"}
{"Time":"2026-09-21T16:04:35.4168448-04:00","Action":"pass","Package":"github.com/qompack/qompack/internal/observer","Test":"TestOnUserPrompt_ThrashWarningInFullMode","Elapsed":0}
{"Time":"2026-09-21T16:04:35.4168448-04:00","Action":"run","Package":"github.com/qompack/qompack/internal/observer","Test":"TestOnUserPrompt_NoThrashWarningInPassiveMode"}
{"Time":"2026-09-21T16:04:35.4168448-04:00","Action":"output","Package":"github.com/qompack/qompack/internal/observer","Test":"TestOnUserPrompt_NoThrashWarningInPassiveMode","Output":"=== RUN   TestOnUserPrompt_NoThrashWarningInPassiveMode\n"}
{"Time":"2026-09-21T16:04:35.4188485-04:00","Action":"output","Package":"github.com/qompack/qompack/internal/observer","Test":"TestOnUserPrompt_NoThrashWarningInPassiveMode","Output":"--- PASS: TestOnUserPrompt_NoThrashWarningInPassiveMode (0.00s)\n"}
{"Time":"2026-09-21T16:04:35.4188485-04:00","Action":"pass","Package":"github.com/qompack/qompack/internal/observer","Test":"TestOnUserPrompt_NoThrashWarningInPassiveMode","Elapsed":0}
{"Time":"2026-09-21T16:04:35.4188485-04:00","Action":"run","Package":"github.com/qompack/qompack/internal/observer","Test":"TestOnUserPrompt_ThrashWarnedOncePerRule"}
{"Time":"2026-09-21T16:04:35.4188485-04:00","Action":"output","Package":"github.com/qompack/qompack/internal/observer","Test":"TestOnUserPrompt_ThrashWarnedOncePerRule","Output":"=== RUN   TestOnUserPrompt_ThrashWarnedOncePerRule\n"}
{"Time":"2026-09-21T16:04:35.4232711-04:00","Action":"output","Package":"github.com/qompack/qompack/internal/observer","Test":"TestOnUserPrompt_ThrashWarnedOncePerRule","Output":"--- PASS: TestOnUserPrompt_ThrashWarnedOncePerRule (0.00s)\n"}
{"Time":"2026-09-21T16:04:35.4232711-04:00","Action":"pass","Package":"github.com/qompack/qompack/internal/observer","Test":"TestOnUserPrompt_ThrashWarnedOncePerRule","Elapsed":0}
{"Time":"2026-09-21T16:04:35.4232711-04:00","Action":"run","Package":"github.com/qompack/qompack/internal/observer","Test":"TestOnUserPrompt_PutFailureStillIncrementsTurn"}
{"Time":"2026-09-21T16:04:35.4232711-04:00","Action":"output","Package":"github.com/qompack/qompack/internal/observer","Test":"TestOnUserPrompt_PutFailureStillIncrementsTurn","Output":"=== RUN   TestOnUserPrompt_PutFailureStillIncrementsTurn\n"}
{"Time":"2026-09-21T16:04:35.424354-04:00","Action":"output","Package":"github.com/qompack/qompack/internal/observer","Test":"TestOnUserPrompt_PutFailureStillIncrementsTurn","Output":"--- PASS: TestOnUserPrompt_PutFailureStillIncrementsTurn (0.00s)\n"}
{"Time":"2026-09-21T16:04:35.424354-04:00","Action":"pass","Package":"github.com/qompack/qompack/internal/observer","Test":"TestOnUserPrompt_PutFailureStillIncrementsTurn","Elapsed":0}
{"Time":"2026-09-21T16:04:35.424354-04:00","Action":"run","Package":"github.com/qompack/qompack/internal/observer","Test":"TestOnUserPrompt_BackwardSliceReachesThePrompt"}
{"Time":"2026-09-21T16:04:35.424354-04:00","Action":"output","Package":"github.com/qompack/qompack/internal/observer","Test":"TestOnUserPrompt_BackwardSliceReachesThePrompt","Output":"=== RUN   TestOnUserPrompt_BackwardSliceReachesThePrompt\n"}
{"Time":"2026-09-21T16:04:35.4302455-04:00","Action":"output","Package":"github.com/qompack/qompack/internal/observer","Test":"TestOnUserPrompt_BackwardSliceReachesThePrompt","Output":"--- PASS: TestOnUserPrompt_BackwardSliceReachesThePrompt (0.01s)\n"}
{"Time":"2026-09-21T16:04:35.4302455-04:00","Action":"pass","Package":"github.com/qompack/qompack/internal/observer","Test":"TestOnUserPrompt_BackwardSliceReachesThePrompt","Elapsed":0.01}
{"Time":"2026-09-21T16:04:35.4302455-04:00","Action":"output","Package":"github.com/qompack/qompack/internal/observer","Output":"PASS\n"}
{"Time":"2026-09-21T16:04:35.4351631-04:00","Action":"output","Package":"github.com/qompack/qompack/internal/observer","Output":"ok  \tgithub.com/qompack/qompack/internal/observer\t0.608s\n"}
{"Time":"2026-09-21T16:04:35.4351631-04:00","Action":"pass","Package":"github.com/qompack/qompack/internal/observer","Elapsed":0.608}
{"Time":"2026-09-21T16:04:35.6245376-04:00","Action":"start","Package":"github.com/qompack/qompack/internal/daemon"}
{"Time":"2026-09-21T16:04:35.6245376-04:00","Action":"output","Package":"github.com/qompack/qompack/internal/daemon","Output":"FAIL\tgithub.com/qompack/qompack/internal/daemon [build failed]\n"}
{"Time":"2026-09-21T16:04:35.6245376-04:00","Action":"fail","Package":"github.com/qompack/qompack/internal/daemon","Elapsed":0,"FailedBuild":"github.com/qompack/qompack/internal/daemon [github.com/qompack/qompack/internal/daemon.test]"}
