{"Time":"2026-09-21T16:05:37.3968977-04:00","Action":"start","Package":"github.com/qompack/qompack/internal/observer"}
{"Time":"2026-09-21T16:05:37.5825111-04:00","Action":"run","Package":"github.com/qompack/qompack/internal/observer","Test":"TestOnUserPrompt_ReplyOnlyRecordsNothing"}
{"Time":"2026-09-21T16:05:37.5825111-04:00","Action":"output","Package":"github.com/qompack/qompack/internal/observer","Test":"TestOnUserPrompt_ReplyOnlyRecordsNothing","Output":"=== RUN   TestOnUserPrompt_ReplyOnlyRecordsNothing\n"}
{"Time":"2026-09-21T16:05:37.5836855-04:00","Action":"output","Package":"github.com/qompack/qompack/internal/observer","Test":"TestOnUserPrompt_ReplyOnlyRecordsNothing","Output":"--- PASS: TestOnUserPrompt_ReplyOnlyRecordsNothing (0.00s)\n"}
{"Time":"2026-09-21T16:05:37.5842355-04:00","Action":"pass","Package":"github.com/qompack/qompack/internal/observer","Test":"TestOnUserPrompt_ReplyOnlyRecordsNothing","Elapsed":0}
{"Time":"2026-09-21T16:05:37.5842355-04:00","Action":"run","Package":"github.com/qompack/qompack/internal/observer","Test":"TestOnUserPrompt_WorkerRecordsAndAdvancesTurn"}
{"Time":"2026-09-21T16:05:37.5842355-04:00","Action":"output","Package":"github.com/qompack/qompack/internal/observer","Test":"TestOnUserPrompt_WorkerRecordsAndAdvancesTurn","Output":"=== RUN   TestOnUserPrompt_WorkerRecordsAndAdvancesTurn\n"}
{"Time":"2026-09-21T16:05:37.5847874-04:00","Action":"output","Package":"github.com/qompack/qompack/internal/observer","Test":"TestOnUserPrompt_WorkerRecordsAndAdvancesTurn","Output":"--- PASS: TestOnUserPrompt_WorkerRecordsAndAdvancesTurn (0.00s)\n"}
{"Time":"2026-09-21T16:05:37.5847874-04:00","Action":"pass","Package":"github.com/qompack/qompack/internal/observer","Test":"TestOnUserPrompt_WorkerRecordsAndAdvancesTurn","Elapsed":0}
{"Time":"2026-09-21T16:05:37.5847874-04:00","Action":"run","Package":"github.com/qompack/qompack/internal/observer","Test":"TestOnUserPrompt_LeasedCaptureFailurePropagates"}
{"Time":"2026-09-21T16:05:37.5847874-04:00","Action":"output","Package":"github.com/qompack/qompack/internal/observer","Test":"TestOnUserPrompt_LeasedCaptureFailurePropagates","Output":"=== RUN   TestOnUserPrompt_LeasedCaptureFailurePropagates\n"}
{"Time":"2026-09-21T16:05:37.5858716-04:00","Action":"output","Package":"github.com/qompack/qompack/internal/observer","Test":"TestOnUserPrompt_LeasedCaptureFailurePropagates","Output":"--- PASS: TestOnUserPrompt_LeasedCaptureFailurePropagates (0.00s)\n"}
{"Time":"2026-09-21T16:05:37.5858716-04:00","Action":"pass","Package":"github.com/qompack/qompack/internal/observer","Test":"TestOnUserPrompt_LeasedCaptureFailurePropagates","Elapsed":0}
{"Time":"2026-09-21T16:05:37.5858716-04:00","Action":"run","Package":"github.com/qompack/qompack/internal/observer","Test":"TestOnUserPrompt_UnleasedCaptureFailureIsSoftAndAdvances"}
{"Time":"2026-09-21T16:05:37.5858716-04:00","Action":"output","Package":"github.com/qompack/qompack/internal/observer","Test":"TestOnUserPrompt_UnleasedCaptureFailureIsSoftAndAdvances","Output":"=== RUN   TestOnUserPrompt_UnleasedCaptureFailureIsSoftAndAdvances\n"}
{"Time":"2026-09-21T16:05:37.586985-04:00","Action":"output","Package":"github.com/qompack/qompack/internal/observer","Test":"TestOnUserPrompt_UnleasedCaptureFailureIsSoftAndAdvances","Output":"--- PASS: TestOnUserPrompt_UnleasedCaptureFailureIsSoftAndAdvances (0.00s)\n"}
{"Time":"2026-09-21T16:05:37.586985-04:00","Action":"pass","Package":"github.com/qompack/qompack/internal/observer","Test":"TestOnUserPrompt_UnleasedCaptureFailureIsSoftAndAdvances","Elapsed":0}
{"Time":"2026-09-21T16:05:37.586985-04:00","Action":"run","Package":"github.com/qompack/qompack/internal/observer","Test":"TestOnUserPrompt_EmptyPromptIsNotATurn"}
{"Time":"2026-09-21T16:05:37.586985-04:00","Action":"output","Package":"github.com/qompack/qompack/internal/observer","Test":"TestOnUserPrompt_EmptyPromptIsNotATurn","Output":"=== RUN   TestOnUserPrompt_EmptyPromptIsNotATurn\n"}
{"Time":"2026-09-21T16:05:37.5875312-04:00","Action":"output","Package":"github.com/qompack/qompack/internal/observer","Test":"TestOnUserPrompt_EmptyPromptIsNotATurn","Output":"--- PASS: TestOnUserPrompt_EmptyPromptIsNotATurn (0.00s)\n"}
{"Time":"2026-09-21T16:05:37.5875312-04:00","Action":"pass","Package":"github.com/qompack/qompack/internal/observer","Test":"TestOnUserPrompt_EmptyPromptIsNotATurn","Elapsed":0}
{"Time":"2026-09-21T16:05:37.5875312-04:00","Action":"run","Package":"github.com/qompack/qompack/internal/observer","Test":"TestV6Prompt_NewDeliveryAfterUnpersistedRestartStaysDistinct"}
{"Time":"2026-09-21T16:05:37.5880744-04:00","Action":"output","Package":"github.com/qompack/qompack/internal/observer","Test":"TestV6Prompt_NewDeliveryAfterUnpersistedRestartStaysDistinct","Output":"=== RUN   TestV6Prompt_NewDeliveryAfterUnpersistedRestartStaysDistinct\n"}
{"Time":"2026-09-21T16:05:37.5880744-04:00","Action":"run","Package":"github.com/qompack/qompack/internal/observer","Test":"TestV6Prompt_NewDeliveryAfterUnpersistedRestartStaysDistinct/first"}
{"Time":"2026-09-21T16:05:37.5880744-04:00","Action":"output","Package":"github.com/qompack/qompack/internal/observer","Test":"TestV6Prompt_NewDeliveryAfterUnpersistedRestartStaysDistinct/first","Output":"=== RUN   TestV6Prompt_NewDeliveryAfterUnpersistedRestartStaysDistinct/first\n"}
{"Time":"2026-09-21T16:05:37.6954424-04:00","Action":"output","Package":"github.com/qompack/qompack/internal/observer","Test":"TestV6Prompt_NewDeliveryAfterUnpersistedRestartStaysDistinct/first","Output":"--- PASS: TestV6Prompt_NewDeliveryAfterUnpersistedRestartStaysDistinct/first (0.11s)\n"}
{"Time":"2026-09-21T16:05:37.6954424-04:00","Action":"pass","Package":"github.com/qompack/qompack/internal/observer","Test":"TestV6Prompt_NewDeliveryAfterUnpersistedRestartStaysDistinct/first","Elapsed":0.11}
{"Time":"2026-09-21T16:05:37.6954424-04:00","Action":"run","Package":"github.com/qompack/qompack/internal/observer","Test":"TestV6Prompt_NewDeliveryAfterUnpersistedRestartStaysDistinct/different"}
{"Time":"2026-09-21T16:05:37.6954424-04:00","Action":"output","Package":"github.com/qompack/qompack/internal/observer","Test":"TestV6Prompt_NewDeliveryAfterUnpersistedRestartStaysDistinct/different","Output":"=== RUN   TestV6Prompt_NewDeliveryAfterUnpersistedRestartStaysDistinct/different\n"}
{"Time":"2026-09-21T16:05:37.8095984-04:00","Action":"output","Package":"github.com/qompack/qompack/internal/observer","Test":"TestV6Prompt_NewDeliveryAfterUnpersistedRestartStaysDistinct/different","Output":"--- PASS: TestV6Prompt_NewDeliveryAfterUnpersistedRestartStaysDistinct/different (0.11s)\n"}
{"Time":"2026-09-21T16:05:37.8095984-04:00","Action":"pass","Package":"github.com/qompack/qompack/internal/observer","Test":"TestV6Prompt_NewDeliveryAfterUnpersistedRestartStaysDistinct/different","Elapsed":0.11}
{"Time":"2026-09-21T16:05:37.8095984-04:00","Action":"output","Package":"github.com/qompack/qompack/internal/observer","Test":"TestV6Prompt_NewDeliveryAfterUnpersistedRestartStaysDistinct","Output":"--- PASS: TestV6Prompt_NewDeliveryAfterUnpersistedRestartStaysDistinct (0.22s)\n"}
{"Time":"2026-09-21T16:05:37.8095984-04:00","Action":"pass","Package":"github.com/qompack/qompack/internal/observer","Test":"TestV6Prompt_NewDeliveryAfterUnpersistedRestartStaysDistinct","Elapsed":0.22}
{"Time":"2026-09-21T16:05:37.8095984-04:00","Action":"run","Package":"github.com/qompack/qompack/internal/observer","Test":"TestV6Prompt_RestartRepairsIndexBeforeSidecarCut"}
{"Time":"2026-09-21T16:05:37.8095984-04:00","Action":"output","Package":"github.com/qompack/qompack/internal/observer","Test":"TestV6Prompt_RestartRepairsIndexBeforeSidecarCut","Output":"=== RUN   TestV6Prompt_RestartRepairsIndexBeforeSidecarCut\n"}
{"Time":"2026-09-21T16:05:38.0358466-04:00","Action":"output","Package":"github.com/qompack/qompack/internal/observer","Test":"TestV6Prompt_RestartRepairsIndexBeforeSidecarCut","Output":"--- PASS: TestV6Prompt_RestartRepairsIndexBeforeSidecarCut (0.23s)\n"}
{"Time":"2026-09-21T16:05:38.0358466-04:00","Action":"pass","Package":"github.com/qompack/qompack/internal/observer","Test":"TestV6Prompt_RestartRepairsIndexBeforeSidecarCut","Elapsed":0.23}
{"Time":"2026-09-21T16:05:38.0358466-04:00","Action":"run","Package":"github.com/qompack/qompack/internal/observer","Test":"TestV6Prompt_PublishedMissingObjectIsNotAcknowledged"}
{"Time":"2026-09-21T16:05:38.0358466-04:00","Action":"output","Package":"github.com/qompack/qompack/internal/observer","Test":"TestV6Prompt_PublishedMissingObjectIsNotAcknowledged","Output":"=== RUN   TestV6Prompt_PublishedMissingObjectIsNotAcknowledged\n"}
{"Time":"2026-09-21T16:05:38.1181433-04:00","Action":"output","Package":"github.com/qompack/qompack/internal/observer","Test":"TestV6Prompt_PublishedMissingObjectIsNotAcknowledged","Output":"--- PASS: TestV6Prompt_PublishedMissingObjectIsNotAcknowledged (0.08s)\n"}
{"Time":"2026-09-21T16:05:38.1186763-04:00","Action":"pass","Package":"github.com/qompack/qompack/internal/observer","Test":"TestV6Prompt_PublishedMissingObjectIsNotAcknowledged","Elapsed":0.08}
{"Time":"2026-09-21T16:05:38.1186763-04:00","Action":"run","Package":"github.com/qompack/qompack/internal/observer","Test":"TestPendingThrashLines_DrainsAndFormatsThroughGrammar"}
{"Time":"2026-09-21T16:05:38.1186763-04:00","Action":"output","Package":"github.com/qompack/qompack/internal/observer","Test":"TestPendingThrashLines_DrainsAndFormatsThroughGrammar","Output":"=== RUN   TestPendingThrashLines_DrainsAndFormatsThroughGrammar\n"}
{"Time":"2026-09-21T16:05:38.1210249-04:00","Action":"output","Package":"github.com/qompack/qompack/internal/observer","Test":"TestPendingThrashLines_DrainsAndFormatsThroughGrammar","Output":"--- PASS: TestPendingThrashLines_DrainsAndFormatsThroughGrammar (0.00s)\n"}
{"Time":"2026-09-21T16:05:38.1210249-04:00","Action":"pass","Package":"github.com/qompack/qompack/internal/observer","Test":"TestPendingThrashLines_DrainsAndFormatsThroughGrammar","Elapsed":0}
{"Time":"2026-09-21T16:05:38.1210249-04:00","Action":"run","Package":"github.com/qompack/qompack/internal/observer","Test":"TestOnUserPrompt_StoresVerbatim"}
{"Time":"2026-09-21T16:05:38.1210249-04:00","Action":"output","Package":"github.com/qompack/qompack/internal/observer","Test":"TestOnUserPrompt_StoresVerbatim","Output":"=== RUN   TestOnUserPrompt_StoresVerbatim\n"}
{"Time":"2026-09-21T16:05:38.1226445-04:00","Action":"output","Package":"github.com/qompack/qompack/internal/observer","Test":"TestOnUserPrompt_StoresVerbatim","Output":"--- PASS: TestOnUserPrompt_StoresVerbatim (0.00s)\n"}
{"Time":"2026-09-21T16:05:38.1226445-04:00","Action":"pass","Package":"github.com/qompack/qompack/internal/observer","Test":"TestOnUserPrompt_StoresVerbatim","Elapsed":0}
{"Time":"2026-09-21T16:05:38.1226445-04:00","Action":"run","Package":"github.com/qompack/qompack/internal/observer","Test":"TestOnUserPrompt_VerbatimAgainstARealStore"}
{"Time":"2026-09-21T16:05:38.1226445-04:00","Action":"output","Package":"github.com/qompack/qompack/internal/observer","Test":"TestOnUserPrompt_VerbatimAgainstARealStore","Output":"=== RUN   TestOnUserPrompt_VerbatimAgainstARealStore\n"}
{"Time":"2026-09-21T16:05:38.1824326-04:00","Action":"output","Package":"github.com/qompack/qompack/internal/observer","Test":"TestOnUserPrompt_VerbatimAgainstARealStore","Output":"--- PASS: TestOnUserPrompt_VerbatimAgainstARealStore (0.06s)\n"}
{"Time":"2026-09-21T16:05:38.1829672-04:00","Action":"pass","Package":"github.com/qompack/qompack/internal/observer","Test":"TestOnUserPrompt_VerbatimAgainstARealStore","Elapsed":0.06}
{"Time":"2026-09-21T16:05:38.1829672-04:00","Action":"run","Package":"github.com/qompack/qompack/internal/observer","Test":"TestOnUserPrompt_RecordsIndexEntry"}
{"Time":"2026-09-21T16:05:38.1829672-04:00","Action":"output","Package":"github.com/qompack/qompack/internal/observer","Test":"TestOnUserPrompt_RecordsIndexEntry","Output":"=== RUN   TestOnUserPrompt_RecordsIndexEntry\n"}
{"Time":"2026-09-21T16:05:38.183499-04:00","Action":"output","Package":"github.com/qompack/qompack/internal/observer","Test":"TestOnUserPrompt_RecordsIndexEntry","Output":"--- PASS: TestOnUserPrompt_RecordsIndexEntry (0.00s)\n"}
{"Time":"2026-09-21T16:05:38.183499-04:00","Action":"pass","Package":"github.com/qompack/qompack/internal/observer","Test":"TestOnUserPrompt_RecordsIndexEntry","Elapsed":0}
{"Time":"2026-09-21T16:05:38.183499-04:00","Action":"run","Package":"github.com/qompack/qompack/internal/observer","Test":"TestOnUserPrompt_TurnIncrements"}
{"Time":"2026-09-21T16:05:38.184032-04:00","Action":"output","Package":"github.com/qompack/qompack/internal/observer","Test":"TestOnUserPrompt_TurnIncrements","Output":"=== RUN   TestOnUserPrompt_TurnIncrements\n"}
{"Time":"2026-09-21T16:05:38.1845619-04:00","Action":"output","Package":"github.com/qompack/qompack/internal/observer","Test":"TestOnUserPrompt_TurnIncrements","Output":"--- PASS: TestOnUserPrompt_TurnIncrements (0.00s)\n"}
{"Time":"2026-09-21T16:05:38.1845619-04:00","Action":"pass","Package":"github.com/qompack/qompack/internal/observer","Test":"TestOnUserPrompt_TurnIncrements","Elapsed":0}
{"Time":"2026-09-21T16:05:38.1845619-04:00","Action":"run","Package":"github.com/qompack/qompack/internal/observer","Test":"TestOnUserPrompt_DAGNodeAndSegmentEdge"}
{"Time":"2026-09-21T16:05:38.1845619-04:00","Action":"output","Package":"github.com/qompack/qompack/internal/observer","Test":"TestOnUserPrompt_DAGNodeAndSegmentEdge","Output":"=== RUN   TestOnUserPrompt_DAGNodeAndSegmentEdge\n"}
{"Time":"2026-09-21T16:05:38.1851075-04:00","Action":"output","Package":"github.com/qompack/qompack/internal/observer","Test":"TestOnUserPrompt_DAGNodeAndSegmentEdge","Output":"--- PASS: TestOnUserPrompt_DAGNodeAndSegmentEdge (0.00s)\n"}
{"Time":"2026-09-21T16:05:38.1851075-04:00","Action":"pass","Package":"github.com/qompack/qompack/internal/observer","Test":"TestOnUserPrompt_DAGNodeAndSegmentEdge","Elapsed":0}
{"Time":"2026-09-21T16:05:38.1851075-04:00","Action":"run","Package":"github.com/qompack/qompack/internal/observer","Test":"TestOnUserPrompt_NeverRegenerated"}
{"Time":"2026-09-21T16:05:38.1851075-04:00","Action":"output","Package":"github.com/qompack/qompack/internal/observer","Test":"TestOnUserPrompt_NeverRegenerated","Output":"=== RUN   TestOnUserPrompt_NeverRegenerated\n"}
{"Time":"2026-09-21T16:05:38.2234397-04:00","Action":"output","Package":"github.com/qompack/qompack/internal/observer","Test":"TestOnUserPrompt_NeverRegenerated","Output":"--- PASS: TestOnUserPrompt_NeverRegenerated (0.04s)\n"}
{"Time":"2026-09-21T16:05:38.2234397-04:00","Action":"pass","Package":"github.com/qompack/qompack/internal/observer","Test":"TestOnUserPrompt_NeverRegenerated","Elapsed":0.04}
{"Time":"2026-09-21T16:05:38.2234397-04:00","Action":"run","Package":"github.com/qompack/qompack/internal/observer","Test":"TestOnUserPrompt_EmptyPromptIgnored"}
{"Time":"2026-09-21T16:05:38.2234397-04:00","Action":"output","Package":"github.com/qompack/qompack/internal/observer","Test":"TestOnUserPrompt_EmptyPromptIgnored","Output":"=== RUN   TestOnUserPrompt_EmptyPromptIgnored\n"}
{"Time":"2026-09-21T16:05:38.2239785-04:00","Action":"output","Package":"github.com/qompack/qompack/internal/observer","Test":"TestOnUserPrompt_EmptyPromptIgnored","Output":"--- PASS: TestOnUserPrompt_EmptyPromptIgnored (0.00s)\n"}
{"Time":"2026-09-21T16:05:38.2239785-04:00","Action":"pass","Package":"github.com/qompack/qompack/internal/observer","Test":"TestOnUserPrompt_EmptyPromptIgnored","Elapsed":0}
{"Time":"2026-09-21T16:05:38.2239785-04:00","Action":"run","Package":"github.com/qompack/qompack/internal/observer","Test":"TestOnUserPrompt_GrammarSymbolAppended"}
{"Time":"2026-09-21T16:05:38.2239785-04:00","Action":"output","Package":"github.com/qompack/qompack/internal/observer","Test":"TestOnUserPrompt_GrammarSymbolAppended","Output":"=== RUN   TestOnUserPrompt_GrammarSymbolAppended\n"}
{"Time":"2026-09-21T16:05:38.2250604-04:00","Action":"output","Package":"github.com/qompack/qompack/internal/observer","Test":"TestOnUserPrompt_GrammarSymbolAppended","Output":"--- PASS: TestOnUserPrompt_GrammarSymbolAppended (0.00s)\n"}
{"Time":"2026-09-21T16:05:38.2250604-04:00","Action":"pass","Package":"github.com/qompack/qompack/internal/observer","Test":"TestOnUserPrompt_GrammarSymbolAppended","Elapsed":0}
{"Time":"2026-09-21T16:05:38.2250604-04:00","Action":"run","Package":"github.com/qompack/qompack/internal/observer","Test":"TestOnUserPrompt_ThrashWarningInFullMode"}
{"Time":"2026-09-21T16:05:38.2250604-04:00","Action":"output","Package":"github.com/qompack/qompack/internal/observer","Test":"TestOnUserPrompt_ThrashWarningInFullMode","Output":"=== RUN   TestOnUserPrompt_ThrashWarningInFullMode\n"}
{"Time":"2026-09-21T16:05:38.2266961-04:00","Action":"output","Package":"github.com/qompack/qompack/internal/observer","Test":"TestOnUserPrompt_ThrashWarningInFullMode","Output":"--- PASS: TestOnUserPrompt_ThrashWarningInFullMode (0.00s)\n"}
{"Time":"2026-09-21T16:05:38.2266961-04:00","Action":"pass","Package":"github.com/qompack/qompack/internal/observer","Test":"TestOnUserPrompt_ThrashWarningInFullMode","Elapsed":0}
{"Time":"2026-09-21T16:05:38.2266961-04:00","Action":"run","Package":"github.com/qompack/qompack/internal/observer","Test":"TestOnUserPrompt_NoThrashWarningInPassiveMode"}
{"Time":"2026-09-21T16:05:38.2266961-04:00","Action":"output","Package":"github.com/qompack/qompack/internal/observer","Test":"TestOnUserPrompt_NoThrashWarningInPassiveMode","Output":"=== RUN   TestOnUserPrompt_NoThrashWarningInPassiveMode\n"}
{"Time":"2026-09-21T16:05:38.2290634-04:00","Action":"output","Package":"github.com/qompack/qompack/internal/observer","Test":"TestOnUserPrompt_NoThrashWarningInPassiveMode","Output":"--- PASS: TestOnUserPrompt_NoThrashWarningInPassiveMode (0.00s)\n"}
{"Time":"2026-09-21T16:05:38.2290634-04:00","Action":"pass","Package":"github.com/qompack/qompack/internal/observer","Test":"TestOnUserPrompt_NoThrashWarningInPassiveMode","Elapsed":0}
{"Time":"2026-09-21T16:05:38.2290634-04:00","Action":"run","Package":"github.com/qompack/qompack/internal/observer","Test":"TestOnUserPrompt_ThrashWarnedOncePerRule"}
{"Time":"2026-09-21T16:05:38.2290634-04:00","Action":"output","Package":"github.com/qompack/qompack/internal/observer","Test":"TestOnUserPrompt_ThrashWarnedOncePerRule","Output":"=== RUN   TestOnUserPrompt_ThrashWarnedOncePerRule\n"}
{"Time":"2026-09-21T16:05:38.2322764-04:00","Action":"output","Package":"github.com/qompack/qompack/internal/observer","Test":"TestOnUserPrompt_ThrashWarnedOncePerRule","Output":"--- PASS: TestOnUserPrompt_ThrashWarnedOncePerRule (0.00s)\n"}
{"Time":"2026-09-21T16:05:38.2322764-04:00","Action":"pass","Package":"github.com/qompack/qompack/internal/observer","Test":"TestOnUserPrompt_ThrashWarnedOncePerRule","Elapsed":0}
{"Time":"2026-09-21T16:05:38.2322764-04:00","Action":"run","Package":"github.com/qompack/qompack/internal/observer","Test":"TestOnUserPrompt_PutFailureStillIncrementsTurn"}
{"Time":"2026-09-21T16:05:38.2322764-04:00","Action":"output","Package":"github.com/qompack/qompack/internal/observer","Test":"TestOnUserPrompt_PutFailureStillIncrementsTurn","Output":"=== RUN   TestOnUserPrompt_PutFailureStillIncrementsTurn\n"}
{"Time":"2026-09-21T16:05:38.232812-04:00","Action":"output","Package":"github.com/qompack/qompack/internal/observer","Test":"TestOnUserPrompt_PutFailureStillIncrementsTurn","Output":"--- PASS: TestOnUserPrompt_PutFailureStillIncrementsTurn (0.00s)\n"}
{"Time":"2026-09-21T16:05:38.232812-04:00","Action":"pass","Package":"github.com/qompack/qompack/internal/observer","Test":"TestOnUserPrompt_PutFailureStillIncrementsTurn","Elapsed":0}
{"Time":"2026-09-21T16:05:38.232812-04:00","Action":"run","Package":"github.com/qompack/qompack/internal/observer","Test":"TestOnUserPrompt_BackwardSliceReachesThePrompt"}
{"Time":"2026-09-21T16:05:38.232812-04:00","Action":"output","Package":"github.com/qompack/qompack/internal/observer","Test":"TestOnUserPrompt_BackwardSliceReachesThePrompt","Output":"=== RUN   TestOnUserPrompt_BackwardSliceReachesThePrompt\n"}
{"Time":"2026-09-21T16:05:38.2355461-04:00","Action":"output","Package":"github.com/qompack/qompack/internal/observer","Test":"TestOnUserPrompt_BackwardSliceReachesThePrompt","Output":"--- PASS: TestOnUserPrompt_BackwardSliceReachesThePrompt (0.00s)\n"}
{"Time":"2026-09-21T16:05:38.2355461-04:00","Action":"pass","Package":"github.com/qompack/qompack/internal/observer","Test":"TestOnUserPrompt_BackwardSliceReachesThePrompt","Elapsed":0}
{"Time":"2026-09-21T16:05:38.2355461-04:00","Action":"output","Package":"github.com/qompack/qompack/internal/observer","Output":"PASS\n"}
{"Time":"2026-09-21T16:05:38.2416719-04:00","Action":"output","Package":"github.com/qompack/qompack/internal/observer","Output":"ok  \tgithub.com/qompack/qompack/internal/observer\t0.844s\n"}
{"Time":"2026-09-21T16:05:38.2416719-04:00","Action":"pass","Package":"github.com/qompack/qompack/internal/observer","Elapsed":0.845}
{"Time":"2026-09-21T16:05:40.4486263-04:00","Action":"start","Package":"github.com/qompack/qompack/internal/daemon"}
{"Time":"2026-09-21T16:05:40.6564415-04:00","Action":"run","Package":"github.com/qompack/qompack/internal/daemon","Test":"TestBorrowedLease_SurvivesDaemonUntilCallerClosesWriters"}
{"Time":"2026-09-21T16:05:40.6564415-04:00","Action":"output","Package":"github.com/qompack/qompack/internal/daemon","Test":"TestBorrowedLease_SurvivesDaemonUntilCallerClosesWriters","Output":"=== RUN   TestBorrowedLease_SurvivesDaemonUntilCallerClosesWriters\n"}
{"Time":"2026-09-21T16:05:40.7379472-04:00","Action":"output","Package":"github.com/qompack/qompack/internal/daemon","Test":"TestBorrowedLease_SurvivesDaemonUntilCallerClosesWriters","Output":"--- PASS: TestBorrowedLease_SurvivesDaemonUntilCallerClosesWriters (0.08s)\n"}
{"Time":"2026-09-21T16:05:40.7384844-04:00","Action":"pass","Package":"github.com/qompack/qompack/internal/daemon","Test":"TestBorrowedLease_SurvivesDaemonUntilCallerClosesWriters","Elapsed":0.08}
{"Time":"2026-09-21T16:05:40.7384844-04:00","Action":"run","Package":"github.com/qompack/qompack/internal/daemon","Test":"TestBorrowedLease_RejectsWrongProjectAndReleasedLease"}
{"Time":"2026-09-21T16:05:40.7384844-04:00","Action":"output","Package":"github.com/qompack/qompack/internal/daemon","Test":"TestBorrowedLease_RejectsWrongProjectAndReleasedLease","Output":"=== RUN   TestBorrowedLease_RejectsWrongProjectAndReleasedLease\n"}
{"Time":"2026-09-21T16:05:40.7576677-04:00","Action":"output","Package":"github.com/qompack/qompack/internal/daemon","Test":"TestBorrowedLease_RejectsWrongProjectAndReleasedLease","Output":"--- PASS: TestBorrowedLease_RejectsWrongProjectAndReleasedLease (0.02s)\n"}
{"Time":"2026-09-21T16:05:40.7576677-04:00","Action":"pass","Package":"github.com/qompack/qompack/internal/daemon","Test":"TestBorrowedLease_RejectsWrongProjectAndReleasedLease","Elapsed":0.02}
{"Time":"2026-09-21T16:05:40.7576677-04:00","Action":"run","Package":"github.com/qompack/qompack/internal/daemon","Test":"TestBorrowedLease_ReportsResidualOnlyAfterOwnerRelease"}
{"Time":"2026-09-21T16:05:40.7576677-04:00","Action":"output","Package":"github.com/qompack/qompack/internal/daemon","Test":"TestBorrowedLease_ReportsResidualOnlyAfterOwnerRelease","Output":"=== RUN   TestBorrowedLease_ReportsResidualOnlyAfterOwnerRelease\n"}
{"Time":"2026-09-21T16:05:40.8459905-04:00","Action":"output","Package":"github.com/qompack/qompack/internal/daemon","Test":"TestBorrowedLease_ReportsResidualOnlyAfterOwnerRelease","Output":"--- PASS: TestBorrowedLease_ReportsResidualOnlyAfterOwnerRelease (0.09s)\n"}
{"Time":"2026-09-21T16:05:40.8459905-04:00","Action":"pass","Package":"github.com/qompack/qompack/internal/daemon","Test":"TestBorrowedLease_ReportsResidualOnlyAfterOwnerRelease","Elapsed":0.09}
{"Time":"2026-09-21T16:05:40.8459905-04:00","Action":"run","Package":"github.com/qompack/qompack/internal/daemon","Test":"TestObservePrompt_PassiveModeInvokesSeamButEmitsNothing"}
{"Time":"2026-09-21T16:05:40.8459905-04:00","Action":"output","Package":"github.com/qompack/qompack/internal/daemon","Test":"TestObservePrompt_PassiveModeInvokesSeamButEmitsNothing","Output":"=== RUN   TestObservePrompt_PassiveModeInvokesSeamButEmitsNothing\n"}
{"Time":"2026-09-21T16:05:40.8459905-04:00","Action":"output","Package":"github.com/qompack/qompack/internal/daemon","Test":"TestObservePrompt_PassiveModeInvokesSeamButEmitsNothing","Output":"=== PAUSE TestObservePrompt_PassiveModeInvokesSeamButEmitsNothing\n"}
{"Time":"2026-09-21T16:05:40.8459905-04:00","Action":"pause","Package":"github.com/qompack/qompack/internal/daemon","Test":"TestObservePrompt_PassiveModeInvokesSeamButEmitsNothing"}
{"Time":"2026-09-21T16:05:40.8459905-04:00","Action":"run","Package":"github.com/qompack/qompack/internal/daemon","Test":"TestObservePrompt_ModeOffNeverInvokesTheSeam"}
{"Time":"2026-09-21T16:05:40.8459905-04:00","Action":"output","Package":"github.com/qompack/qompack/internal/daemon","Test":"TestObservePrompt_ModeOffNeverInvokesTheSeam","Output":"=== RUN   TestObservePrompt_ModeOffNeverInvokesTheSeam\n"}
{"Time":"2026-09-21T16:05:40.8459905-04:00","Action":"output","Package":"github.com/qompack/qompack/internal/daemon","Test":"TestObservePrompt_ModeOffNeverInvokesTheSeam","Output":"=== PAUSE TestObservePrompt_ModeOffNeverInvokesTheSeam\n"}
{"Time":"2026-09-21T16:05:40.8459905-04:00","Action":"pause","Package":"github.com/qompack/qompack/internal/daemon","Test":"TestObservePrompt_ModeOffNeverInvokesTheSeam"}
{"Time":"2026-09-21T16:05:40.8459905-04:00","Action":"run","Package":"github.com/qompack/qompack/internal/daemon","Test":"TestDeliverySeal_AResidualReachesTheOperatorFromStop"}
{"Time":"2026-09-21T16:05:40.8459905-04:00","Action":"output","Package":"github.com/qompack/qompack/internal/daemon","Test":"TestDeliverySeal_AResidualReachesTheOperatorFromStop","Output":"=== RUN   TestDeliverySeal_AResidualReachesTheOperatorFromStop\n"}
{"Time":"2026-09-21T16:05:40.8459905-04:00","Action":"run","Package":"github.com/qompack/qompack/internal/daemon","Test":"TestDeliverySeal_AResidualReachesTheOperatorFromStop/a_failed_downgrade_is_reported_once,_at_Warn,_naming_the_repair"}
{"Time":"2026-09-21T16:05:40.8459905-04:00","Action":"output","Package":"github.com/qompack/qompack/internal/daemon","Test":"TestDeliverySeal_AResidualReachesTheOperatorFromStop/a_failed_downgrade_is_reported_once,_at_Warn,_naming_the_repair","Output":"=== RUN   TestDeliverySeal_AResidualReachesTheOperatorFromStop/a_failed_downgrade_is_reported_once,_at_Warn,_naming_the_repair\n"}
{"Time":"2026-09-21T16:05:40.9330582-04:00","Action":"output","Package":"github.com/qompack/qompack/internal/daemon","Test":"TestDeliverySeal_AResidualReachesTheOperatorFromStop/a_failed_downgrade_is_reported_once,_at_Warn,_naming_the_repair","Output":"--- PASS: TestDeliverySeal_AResidualReachesTheOperatorFromStop/a_failed_downgrade_is_reported_once,_at_Warn,_naming_the_repair (0.09s)\n"}
{"Time":"2026-09-21T16:05:40.9330582-04:00","Action":"pass","Package":"github.com/qompack/qompack/internal/daemon","Test":"TestDeliverySeal_AResidualReachesTheOperatorFromStop/a_failed_downgrade_is_reported_once,_at_Warn,_naming_the_repair","Elapsed":0.09}
{"Time":"2026-09-21T16:05:40.9330582-04:00","Action":"run","Package":"github.com/qompack/qompack/internal/daemon","Test":"TestDeliverySeal_AResidualReachesTheOperatorFromStop/a_clean_stop_says_nothing"}
{"Time":"2026-09-21T16:05:40.9330582-04:00","Action":"output","Package":"github.com/qompack/qompack/internal/daemon","Test":"TestDeliverySeal_AResidualReachesTheOperatorFromStop/a_clean_stop_says_nothing","Output":"=== RUN   TestDeliverySeal_AResidualReachesTheOperatorFromStop/a_clean_stop_says_nothing\n"}
{"Time":"2026-09-21T16:05:41.0277934-04:00","Action":"output","Package":"github.com/qompack/qompack/internal/daemon","Test":"TestDeliverySeal_AResidualReachesTheOperatorFromStop/a_clean_stop_says_nothing","Output":"--- PASS: TestDeliverySeal_AResidualReachesTheOperatorFromStop/a_clean_stop_says_nothing (0.09s)\n"}
{"Time":"2026-09-21T16:05:41.0277934-04:00","Action":"pass","Package":"github.com/qompack/qompack/internal/daemon","Test":"TestDeliverySeal_AResidualReachesTheOperatorFromStop/a_clean_stop_says_nothing","Elapsed":0.09}
{"Time":"2026-09-21T16:05:41.0277934-04:00","Action":"output","Package":"github.com/qompack/qompack/internal/daemon","Test":"TestDeliverySeal_AResidualReachesTheOperatorFromStop","Output":"--- PASS: TestDeliverySeal_AResidualReachesTheOperatorFromStop (0.18s)\n"}
{"Time":"2026-09-21T16:05:41.0277934-04:00","Action":"pass","Package":"github.com/qompack/qompack/internal/daemon","Test":"TestDeliverySeal_AResidualReachesTheOperatorFromStop","Elapsed":0.18}
{"Time":"2026-09-21T16:05:41.0277934-04:00","Action":"run","Package":"github.com/qompack/qompack/internal/daemon","Test":"TestCarriedDefect_SP08D3_ReplayedPromptIsCapturedAtTurnZero"}
{"Time":"2026-09-21T16:05:41.0277934-04:00","Action":"output","Package":"github.com/qompack/qompack/internal/daemon","Test":"TestCarriedDefect_SP08D3_ReplayedPromptIsCapturedAtTurnZero","Output":"=== RUN   TestCarriedDefect_SP08D3_ReplayedPromptIsCapturedAtTurnZero\n"}
{"Time":"2026-09-21T16:05:41.2703207-04:00","Action":"output","Package":"github.com/qompack/qompack/internal/daemon","Test":"TestCarriedDefect_SP08D3_ReplayedPromptIsCapturedAtTurnZero","Output":"--- PASS: TestCarriedDefect_SP08D3_ReplayedPromptIsCapturedAtTurnZero (0.24s)\n"}
{"Time":"2026-09-21T16:05:41.2703207-04:00","Action":"pass","Package":"github.com/qompack/qompack/internal/daemon","Test":"TestCarriedDefect_SP08D3_ReplayedPromptIsCapturedAtTurnZero","Elapsed":0.24}
{"Time":"2026-09-21T16:05:41.2703207-04:00","Action":"run","Package":"github.com/qompack/qompack/internal/daemon","Test":"TestObservePrompt_RecordingOutlivesTheReplyDeadline"}
{"Time":"2026-09-21T16:05:41.2703207-04:00","Action":"output","Package":"github.com/qompack/qompack/internal/daemon","Test":"TestObservePrompt_RecordingOutlivesTheReplyDeadline","Output":"=== RUN   TestObservePrompt_RecordingOutlivesTheReplyDeadline\n"}
{"Time":"2026-09-21T16:05:41.2703207-04:00","Action":"output","Package":"github.com/qompack/qompack/internal/daemon","Test":"TestObservePrompt_RecordingOutlivesTheReplyDeadline","Output":"=== PAUSE TestObservePrompt_RecordingOutlivesTheReplyDeadline\n"}
{"Time":"2026-09-21T16:05:41.2703207-04:00","Action":"pause","Package":"github.com/qompack/qompack/internal/daemon","Test":"TestObservePrompt_RecordingOutlivesTheReplyDeadline"}
{"Time":"2026-09-21T16:05:41.2703207-04:00","Action":"run","Package":"github.com/qompack/qompack/internal/daemon","Test":"TestObservePrompt_CancelledRequestIsNotAnOverrun"}
{"Time":"2026-09-21T16:05:41.2703207-04:00","Action":"output","Package":"github.com/qompack/qompack/internal/daemon","Test":"TestObservePrompt_CancelledRequestIsNotAnOverrun","Output":"=== RUN   TestObservePrompt_CancelledRequestIsNotAnOverrun\n"}
{"Time":"2026-09-21T16:05:41.2703207-04:00","Action":"output","Package":"github.com/qompack/qompack/internal/daemon","Test":"TestObservePrompt_CancelledRequestIsNotAnOverrun","Output":"=== PAUSE TestObservePrompt_CancelledRequestIsNotAnOverrun\n"}
{"Time":"2026-09-21T16:05:41.2703207-04:00","Action":"pause","Package":"github.com/qompack/qompack/internal/daemon","Test":"TestObservePrompt_CancelledRequestIsNotAnOverrun"}
{"Time":"2026-09-21T16:05:41.2703207-04:00","Action":"run","Package":"github.com/qompack/qompack/internal/daemon","Test":"TestObservePrompt_PanickingSeamIsRecovered"}
{"Time":"2026-09-21T16:05:41.2703207-04:00","Action":"output","Package":"github.com/qompack/qompack/internal/daemon","Test":"TestObservePrompt_PanickingSeamIsRecovered","Output":"=== RUN   TestObservePrompt_PanickingSeamIsRecovered\n"}
{"Time":"2026-09-21T16:05:41.2708814-04:00","Action":"output","Package":"github.com/qompack/qompack/internal/daemon","Test":"TestObservePrompt_PanickingSeamIsRecovered","Output":"=== PAUSE TestObservePrompt_PanickingSeamIsRecovered\n"}
{"Time":"2026-09-21T16:05:41.2708814-04:00","Action":"pause","Package":"github.com/qompack/qompack/internal/daemon","Test":"TestObservePrompt_PanickingSeamIsRecovered"}
{"Time":"2026-09-21T16:05:41.2708814-04:00","Action":"run","Package":"github.com/qompack/qompack/internal/daemon","Test":"TestObservePrompt_StopJoinsAnInFlightRecording"}
{"Time":"2026-09-21T16:05:41.2708814-04:00","Action":"output","Package":"github.com/qompack/qompack/internal/daemon","Test":"TestObservePrompt_StopJoinsAnInFlightRecording","Output":"=== RUN   TestObservePrompt_StopJoinsAnInFlightRecording\n"}
{"Time":"2026-09-21T16:05:41.2708814-04:00","Action":"output","Package":"github.com/qompack/qompack/internal/daemon","Test":"TestObservePrompt_StopJoinsAnInFlightRecording","Output":"=== PAUSE TestObservePrompt_StopJoinsAnInFlightRecording\n"}
{"Time":"2026-09-21T16:05:41.2708814-04:00","Action":"pause","Package":"github.com/qompack/qompack/internal/daemon","Test":"TestObservePrompt_StopJoinsAnInFlightRecording"}
{"Time":"2026-09-21T16:05:41.2708814-04:00","Action":"run","Package":"github.com/qompack/qompack/internal/daemon","Test":"TestObservePrompt_StopCancelsARecordingThatOutlivesItsGrace"}
{"Time":"2026-09-21T16:05:41.2708814-04:00","Action":"output","Package":"github.com/qompack/qompack/internal/daemon","Test":"TestObservePrompt_StopCancelsARecordingThatOutlivesItsGrace","Output":"=== RUN   TestObservePrompt_StopCancelsARecordingThatOutlivesItsGrace\n"}
{"Time":"2026-09-21T16:05:41.2708814-04:00","Action":"output","Package":"github.com/qompack/qompack/internal/daemon","Test":"TestObservePrompt_StopCancelsARecordingThatOutlivesItsGrace","Output":"=== PAUSE TestObservePrompt_StopCancelsARecordingThatOutlivesItsGrace\n"}
{"Time":"2026-09-21T16:05:41.2708814-04:00","Action":"pause","Package":"github.com/qompack/qompack/internal/daemon","Test":"TestObservePrompt_StopCancelsARecordingThatOutlivesItsGrace"}
{"Time":"2026-09-21T16:05:41.2708814-04:00","Action":"run","Package":"github.com/qompack/qompack/internal/daemon","Test":"TestObservePrompt_StopAbandonsACaptureThatIgnoresCancellation"}
{"Time":"2026-09-21T16:05:41.2708814-04:00","Action":"output","Package":"github.com/qompack/qompack/internal/daemon","Test":"TestObservePrompt_StopAbandonsACaptureThatIgnoresCancellation","Output":"=== RUN   TestObservePrompt_StopAbandonsACaptureThatIgnoresCancellation\n"}
{"Time":"2026-09-21T16:05:41.2708814-04:00","Action":"output","Package":"github.com/qompack/qompack/internal/daemon","Test":"TestObservePrompt_StopAbandonsACaptureThatIgnoresCancellation","Output":"=== PAUSE TestObservePrompt_StopAbandonsACaptureThatIgnoresCancellation\n"}
{"Time":"2026-09-21T16:05:41.2708814-04:00","Action":"pause","Package":"github.com/qompack/qompack/internal/daemon","Test":"TestObservePrompt_StopAbandonsACaptureThatIgnoresCancellation"}
{"Time":"2026-09-21T16:05:41.2708814-04:00","Action":"run","Package":"github.com/qompack/qompack/internal/daemon","Test":"TestObservePrompt_RealObserverCaptureLandsBehindAHeldSessionLock"}
{"Time":"2026-09-21T16:05:41.2708814-04:00","Action":"output","Package":"github.com/qompack/qompack/internal/daemon","Test":"TestObservePrompt_RealObserverCaptureLandsBehindAHeldSessionLock","Output":"=== RUN   TestObservePrompt_RealObserverCaptureLandsBehindAHeldSessionLock\n"}
{"Time":"2026-09-21T16:05:41.5956903-04:00","Action":"output","Package":"github.com/qompack/qompack/internal/daemon","Test":"TestObservePrompt_RealObserverCaptureLandsBehindAHeldSessionLock","Output":"--- PASS: TestObservePrompt_RealObserverCaptureLandsBehindAHeldSessionLock (0.33s)\n"}
{"Time":"2026-09-21T16:05:41.5956903-04:00","Action":"pass","Package":"github.com/qompack/qompack/internal/daemon","Test":"TestObservePrompt_RealObserverCaptureLandsBehindAHeldSessionLock","Elapsed":0.33}
{"Time":"2026-09-21T16:05:41.5956903-04:00","Action":"cont","Package":"github.com/qompack/qompack/internal/daemon","Test":"TestObservePrompt_PassiveModeInvokesSeamButEmitsNothing"}
{"Time":"2026-09-21T16:05:41.5956903-04:00","Action":"output","Package":"github.com/qompack/qompack/internal/daemon","Test":"TestObservePrompt_PassiveModeInvokesSeamButEmitsNothing","Output":"=== CONT  TestObservePrompt_PassiveModeInvokesSeamButEmitsNothing\n"}
{"Time":"2026-09-21T16:05:41.5956903-04:00","Action":"cont","Package":"github.com/qompack/qompack/internal/daemon","Test":"TestObservePrompt_PanickingSeamIsRecovered"}
{"Time":"2026-09-21T16:05:41.5956903-04:00","Action":"output","Package":"github.com/qompack/qompack/internal/daemon","Test":"TestObservePrompt_PanickingSeamIsRecovered","Output":"=== CONT  TestObservePrompt_PanickingSeamIsRecovered\n"}
{"Time":"2026-09-21T16:05:41.6101667-04:00","Action":"output","Package":"github.com/qompack/qompack/internal/daemon","Test":"TestObservePrompt_PanickingSeamIsRecovered","Output":"--- PASS: TestObservePrompt_PanickingSeamIsRecovered (0.01s)\n"}
{"Time":"2026-09-21T16:05:41.6106921-04:00","Action":"pass","Package":"github.com/qompack/qompack/internal/daemon","Test":"TestObservePrompt_PanickingSeamIsRecovered","Elapsed":0.01}
{"Time":"2026-09-21T16:05:41.6106921-04:00","Action":"cont","Package":"github.com/qompack/qompack/internal/daemon","Test":"TestObservePrompt_CancelledRequestIsNotAnOverrun"}
{"Time":"2026-09-21T16:05:41.6106921-04:00","Action":"output","Package":"github.com/qompack/qompack/internal/daemon","Test":"TestObservePrompt_CancelledRequestIsNotAnOverrun","Output":"=== CONT  TestObservePrompt_CancelledRequestIsNotAnOverrun\n"}
{"Time":"2026-09-21T16:05:41.6123285-04:00","Action":"output","Package":"github.com/qompack/qompack/internal/daemon","Test":"TestObservePrompt_PassiveModeInvokesSeamButEmitsNothing","Output":"--- PASS: TestObservePrompt_PassiveModeInvokesSeamButEmitsNothing (0.02s)\n"}
{"Time":"2026-09-21T16:05:41.6123285-04:00","Action":"pass","Package":"github.com/qompack/qompack/internal/daemon","Test":"TestObservePrompt_PassiveModeInvokesSeamButEmitsNothing","Elapsed":0.02}
{"Time":"2026-09-21T16:05:41.6123285-04:00","Action":"cont","Package":"github.com/qompack/qompack/internal/daemon","Test":"TestObservePrompt_RecordingOutlivesTheReplyDeadline"}
{"Time":"2026-09-21T16:05:41.6123285-04:00","Action":"output","Package":"github.com/qompack/qompack/internal/daemon","Test":"TestObservePrompt_RecordingOutlivesTheReplyDeadline","Output":"=== CONT  TestObservePrompt_RecordingOutlivesTheReplyDeadline\n"}
{"Time":"2026-09-21T16:05:41.6226065-04:00","Action":"output","Package":"github.com/qompack/qompack/internal/daemon","Test":"TestObservePrompt_CancelledRequestIsNotAnOverrun","Output":"--- PASS: TestObservePrompt_CancelledRequestIsNotAnOverrun (0.01s)\n"}
{"Time":"2026-09-21T16:05:41.6226065-04:00","Action":"pass","Package":"github.com/qompack/qompack/internal/daemon","Test":"TestObservePrompt_CancelledRequestIsNotAnOverrun","Elapsed":0.01}
{"Time":"2026-09-21T16:05:41.6226065-04:00","Action":"cont","Package":"github.com/qompack/qompack/internal/daemon","Test":"TestObservePrompt_ModeOffNeverInvokesTheSeam"}
{"Time":"2026-09-21T16:05:41.6226065-04:00","Action":"output","Package":"github.com/qompack/qompack/internal/daemon","Test":"TestObservePrompt_ModeOffNeverInvokesTheSeam","Output":"=== CONT  TestObservePrompt_ModeOffNeverInvokesTheSeam\n"}
{"Time":"2026-09-21T16:05:41.6466801-04:00","Action":"output","Package":"github.com/qompack/qompack/internal/daemon","Test":"TestObservePrompt_ModeOffNeverInvokesTheSeam","Output":"--- PASS: TestObservePrompt_ModeOffNeverInvokesTheSeam (0.02s)\n"}
{"Time":"2026-09-21T16:05:41.6466801-04:00","Action":"pass","Package":"github.com/qompack/qompack/internal/daemon","Test":"TestObservePrompt_ModeOffNeverInvokesTheSeam","Elapsed":0.02}
{"Time":"2026-09-21T16:05:41.6466801-04:00","Action":"cont","Package":"github.com/qompack/qompack/internal/daemon","Test":"TestObservePrompt_StopCancelsARecordingThatOutlivesItsGrace"}
{"Time":"2026-09-21T16:05:41.6466801-04:00","Action":"output","Package":"github.com/qompack/qompack/internal/daemon","Test":"TestObservePrompt_StopCancelsARecordingThatOutlivesItsGrace","Output":"=== CONT  TestObservePrompt_StopCancelsARecordingThatOutlivesItsGrace\n"}
{"Time":"2026-09-21T16:05:41.8754825-04:00","Action":"output","Package":"github.com/qompack/qompack/internal/daemon","Test":"TestObservePrompt_RecordingOutlivesTheReplyDeadline","Output":"--- PASS: TestObservePrompt_RecordingOutlivesTheReplyDeadline (0.26s)\n"}
{"Time":"2026-09-21T16:05:41.8754825-04:00","Action":"pass","Package":"github.com/qompack/qompack/internal/daemon","Test":"TestObservePrompt_RecordingOutlivesTheReplyDeadline","Elapsed":0.26}
{"Time":"2026-09-21T16:05:41.8754825-04:00","Action":"cont","Package":"github.com/qompack/qompack/internal/daemon","Test":"TestObservePrompt_StopAbandonsACaptureThatIgnoresCancellation"}
{"Time":"2026-09-21T16:05:41.8754825-04:00","Action":"output","Package":"github.com/qompack/qompack/internal/daemon","Test":"TestObservePrompt_StopAbandonsACaptureThatIgnoresCancellation","Output":"=== CONT  TestObservePrompt_StopAbandonsACaptureThatIgnoresCancellation\n"}
{"Time":"2026-09-21T16:05:42.1094438-04:00","Action":"output","Package":"github.com/qompack/qompack/internal/daemon","Test":"TestObservePrompt_StopCancelsARecordingThatOutlivesItsGrace","Output":"--- PASS: TestObservePrompt_StopCancelsARecordingThatOutlivesItsGrace (0.46s)\n"}
{"Time":"2026-09-21T16:05:42.1094438-04:00","Action":"pass","Package":"github.com/qompack/qompack/internal/daemon","Test":"TestObservePrompt_StopCancelsARecordingThatOutlivesItsGrace","Elapsed":0.46}
{"Time":"2026-09-21T16:05:42.1099614-04:00","Action":"cont","Package":"github.com/qompack/qompack/internal/daemon","Test":"TestObservePrompt_StopJoinsAnInFlightRecording"}
{"Time":"2026-09-21T16:05:42.1099614-04:00","Action":"output","Package":"github.com/qompack/qompack/internal/daemon","Test":"TestObservePrompt_StopJoinsAnInFlightRecording","Output":"=== CONT  TestObservePrompt_StopJoinsAnInFlightRecording\n"}
{"Time":"2026-09-21T16:05:42.1886-04:00","Action":"output","Package":"github.com/qompack/qompack/internal/daemon","Test":"TestObservePrompt_StopAbandonsACaptureThatIgnoresCancellation","Output":"--- PASS: TestObservePrompt_StopAbandonsACaptureThatIgnoresCancellation (0.31s)\n"}
{"Time":"2026-09-21T16:05:42.5801339-04:00","Action":"pass","Package":"github.com/qompack/qompack/internal/daemon","Test":"TestObservePrompt_StopAbandonsACaptureThatIgnoresCancellation","Elapsed":0.31}
{"Time":"2026-09-21T16:05:42.5806636-04:00","Action":"output","Package":"github.com/qompack/qompack/internal/daemon","Test":"TestObservePrompt_StopJoinsAnInFlightRecording","Output":"--- PASS: TestObservePrompt_StopJoinsAnInFlightRecording (0.47s)\n"}
{"Time":"2026-09-21T16:05:42.5806636-04:00","Action":"pass","Package":"github.com/qompack/qompack/internal/daemon","Test":"TestObservePrompt_StopJoinsAnInFlightRecording","Elapsed":0.47}
{"Time":"2026-09-21T16:05:42.5806636-04:00","Action":"output","Package":"github.com/qompack/qompack/internal/daemon","Output":"PASS\n"}
{"Time":"2026-09-21T16:05:42.5923484-04:00","Action":"output","Package":"github.com/qompack/qompack/internal/daemon","Output":"ok  \tgithub.com/qompack/qompack/internal/daemon\t2.144s\n"}
{"Time":"2026-09-21T16:05:42.5923484-04:00","Action":"pass","Package":"github.com/qompack/qompack/internal/daemon","Elapsed":2.144}
