{"Time":"2026-09-21T16:09:05.9661881-04:00","Action":"start","Package":"github.com/qompack/qompack/internal/store"}
{"Time":"2026-09-21T16:09:05.9667445-04:00","Action":"start","Package":"github.com/qompack/qompack/internal/observer"}
{"Time":"2026-09-21T16:09:06.1647912-04:00","Action":"run","Package":"github.com/qompack/qompack/internal/observer","Test":"TestOnUserPrompt_WarningDoesNotDependOnWorkerScheduling"}
{"Time":"2026-09-21T16:09:06.1653321-04:00","Action":"output","Package":"github.com/qompack/qompack/internal/observer","Test":"TestOnUserPrompt_WarningDoesNotDependOnWorkerScheduling","Output":"=== RUN   TestOnUserPrompt_WarningDoesNotDependOnWorkerScheduling\n"}
{"Time":"2026-09-21T16:09:06.1658823-04:00","Action":"run","Package":"github.com/qompack/qompack/internal/store","Test":"TestPromptFrontier_DistinguishesTurnClosingRecords"}
{"Time":"2026-09-21T16:09:06.1664343-04:00","Action":"output","Package":"github.com/qompack/qompack/internal/store","Test":"TestPromptFrontier_DistinguishesTurnClosingRecords","Output":"=== RUN   TestPromptFrontier_DistinguishesTurnClosingRecords\n"}
{"Time":"2026-09-21T16:09:06.1704877-04:00","Action":"output","Package":"github.com/qompack/qompack/internal/observer","Test":"TestOnUserPrompt_WarningDoesNotDependOnWorkerScheduling","Output":"--- PASS: TestOnUserPrompt_WarningDoesNotDependOnWorkerScheduling (0.01s)\n"}
{"Time":"2026-09-21T16:09:06.1704877-04:00","Action":"pass","Package":"github.com/qompack/qompack/internal/observer","Test":"TestOnUserPrompt_WarningDoesNotDependOnWorkerScheduling","Elapsed":0.01}
{"Time":"2026-09-21T16:09:06.1704877-04:00","Action":"run","Package":"github.com/qompack/qompack/internal/observer","Test":"TestV6Prompt_NewDeliveryAfterUnpersistedRestartStaysDistinct"}
{"Time":"2026-09-21T16:09:06.1704877-04:00","Action":"output","Package":"github.com/qompack/qompack/internal/observer","Test":"TestV6Prompt_NewDeliveryAfterUnpersistedRestartStaysDistinct","Output":"=== RUN   TestV6Prompt_NewDeliveryAfterUnpersistedRestartStaysDistinct\n"}
{"Time":"2026-09-21T16:09:06.1704877-04:00","Action":"run","Package":"github.com/qompack/qompack/internal/observer","Test":"TestV6Prompt_NewDeliveryAfterUnpersistedRestartStaysDistinct/first"}
{"Time":"2026-09-21T16:09:06.1704877-04:00","Action":"output","Package":"github.com/qompack/qompack/internal/observer","Test":"TestV6Prompt_NewDeliveryAfterUnpersistedRestartStaysDistinct/first","Output":"=== RUN   TestV6Prompt_NewDeliveryAfterUnpersistedRestartStaysDistinct/first\n"}
{"Time":"2026-09-21T16:09:06.1962179-04:00","Action":"output","Package":"github.com/qompack/qompack/internal/store","Test":"TestPromptFrontier_DistinguishesTurnClosingRecords","Output":"--- PASS: TestPromptFrontier_DistinguishesTurnClosingRecords (0.03s)\n"}
{"Time":"2026-09-21T16:09:06.1962179-04:00","Action":"pass","Package":"github.com/qompack/qompack/internal/store","Test":"TestPromptFrontier_DistinguishesTurnClosingRecords","Elapsed":0.03}
{"Time":"2026-09-21T16:09:06.1967657-04:00","Action":"run","Package":"github.com/qompack/qompack/internal/store","Test":"TestSyncPublication_RequiresEveryRecoveryObjectAndOpenWriters"}
{"Time":"2026-09-21T16:09:06.1967657-04:00","Action":"output","Package":"github.com/qompack/qompack/internal/store","Test":"TestSyncPublication_RequiresEveryRecoveryObjectAndOpenWriters","Output":"=== RUN   TestSyncPublication_RequiresEveryRecoveryObjectAndOpenWriters\n"}
{"Time":"2026-09-21T16:09:06.2888871-04:00","Action":"output","Package":"github.com/qompack/qompack/internal/store","Test":"TestSyncPublication_RequiresEveryRecoveryObjectAndOpenWriters","Output":"--- PASS: TestSyncPublication_RequiresEveryRecoveryObjectAndOpenWriters (0.09s)\n"}
{"Time":"2026-09-21T16:09:06.2894209-04:00","Action":"pass","Package":"github.com/qompack/qompack/internal/store","Test":"TestSyncPublication_RequiresEveryRecoveryObjectAndOpenWriters","Elapsed":0.09}
{"Time":"2026-09-21T16:09:06.2894209-04:00","Action":"output","Package":"github.com/qompack/qompack/internal/store","Output":"PASS\n"}
{"Time":"2026-09-21T16:09:06.2919492-04:00","Action":"output","Package":"github.com/qompack/qompack/internal/store","Output":"ok  \tgithub.com/qompack/qompack/internal/store\t0.325s\n"}
{"Time":"2026-09-21T16:09:06.2919492-04:00","Action":"pass","Package":"github.com/qompack/qompack/internal/store","Elapsed":0.326}
{"Time":"2026-09-21T16:09:06.3104934-04:00","Action":"output","Package":"github.com/qompack/qompack/internal/observer","Test":"TestV6Prompt_NewDeliveryAfterUnpersistedRestartStaysDistinct/first","Output":"--- PASS: TestV6Prompt_NewDeliveryAfterUnpersistedRestartStaysDistinct/first (0.14s)\n"}
{"Time":"2026-09-21T16:09:06.311025-04:00","Action":"pass","Package":"github.com/qompack/qompack/internal/observer","Test":"TestV6Prompt_NewDeliveryAfterUnpersistedRestartStaysDistinct/first","Elapsed":0.14}
{"Time":"2026-09-21T16:09:06.311025-04:00","Action":"run","Package":"github.com/qompack/qompack/internal/observer","Test":"TestV6Prompt_NewDeliveryAfterUnpersistedRestartStaysDistinct/different"}
{"Time":"2026-09-21T16:09:06.311025-04:00","Action":"output","Package":"github.com/qompack/qompack/internal/observer","Test":"TestV6Prompt_NewDeliveryAfterUnpersistedRestartStaysDistinct/different","Output":"=== RUN   TestV6Prompt_NewDeliveryAfterUnpersistedRestartStaysDistinct/different\n"}
{"Time":"2026-09-21T16:09:06.4353632-04:00","Action":"output","Package":"github.com/qompack/qompack/internal/observer","Test":"TestV6Prompt_NewDeliveryAfterUnpersistedRestartStaysDistinct/different","Output":"--- PASS: TestV6Prompt_NewDeliveryAfterUnpersistedRestartStaysDistinct/different (0.12s)\n"}
{"Time":"2026-09-21T16:09:06.4353632-04:00","Action":"pass","Package":"github.com/qompack/qompack/internal/observer","Test":"TestV6Prompt_NewDeliveryAfterUnpersistedRestartStaysDistinct/different","Elapsed":0.12}
{"Time":"2026-09-21T16:09:06.4353632-04:00","Action":"output","Package":"github.com/qompack/qompack/internal/observer","Test":"TestV6Prompt_NewDeliveryAfterUnpersistedRestartStaysDistinct","Output":"--- PASS: TestV6Prompt_NewDeliveryAfterUnpersistedRestartStaysDistinct (0.26s)\n"}
{"Time":"2026-09-21T16:09:06.4353632-04:00","Action":"pass","Package":"github.com/qompack/qompack/internal/observer","Test":"TestV6Prompt_NewDeliveryAfterUnpersistedRestartStaysDistinct","Elapsed":0.26}
{"Time":"2026-09-21T16:09:06.4353632-04:00","Action":"run","Package":"github.com/qompack/qompack/internal/observer","Test":"TestV6Prompt_RestartRepairsIndexBeforeSidecarCut"}
{"Time":"2026-09-21T16:09:06.4353632-04:00","Action":"output","Package":"github.com/qompack/qompack/internal/observer","Test":"TestV6Prompt_RestartRepairsIndexBeforeSidecarCut","Output":"=== RUN   TestV6Prompt_RestartRepairsIndexBeforeSidecarCut\n"}
{"Time":"2026-09-21T16:09:06.5720707-04:00","Action":"output","Package":"github.com/qompack/qompack/internal/observer","Test":"TestV6Prompt_RestartRepairsIndexBeforeSidecarCut","Output":"--- PASS: TestV6Prompt_RestartRepairsIndexBeforeSidecarCut (0.14s)\n"}
{"Time":"2026-09-21T16:09:06.5720707-04:00","Action":"pass","Package":"github.com/qompack/qompack/internal/observer","Test":"TestV6Prompt_RestartRepairsIndexBeforeSidecarCut","Elapsed":0.14}
{"Time":"2026-09-21T16:09:06.5720707-04:00","Action":"run","Package":"github.com/qompack/qompack/internal/observer","Test":"TestV6Prompt_PublishedMissingObjectIsNotAcknowledged"}
{"Time":"2026-09-21T16:09:06.5720707-04:00","Action":"output","Package":"github.com/qompack/qompack/internal/observer","Test":"TestV6Prompt_PublishedMissingObjectIsNotAcknowledged","Output":"=== RUN   TestV6Prompt_PublishedMissingObjectIsNotAcknowledged\n"}
{"Time":"2026-09-21T16:09:06.639708-04:00","Action":"output","Package":"github.com/qompack/qompack/internal/observer","Test":"TestV6Prompt_PublishedMissingObjectIsNotAcknowledged","Output":"--- PASS: TestV6Prompt_PublishedMissingObjectIsNotAcknowledged (0.07s)\n"}
{"Time":"2026-09-21T16:09:06.639708-04:00","Action":"pass","Package":"github.com/qompack/qompack/internal/observer","Test":"TestV6Prompt_PublishedMissingObjectIsNotAcknowledged","Elapsed":0.07}
{"Time":"2026-09-21T16:09:06.639708-04:00","Action":"output","Package":"github.com/qompack/qompack/internal/observer","Output":"PASS\n"}
{"Time":"2026-09-21T16:09:06.642303-04:00","Action":"output","Package":"github.com/qompack/qompack/internal/observer","Output":"ok  \tgithub.com/qompack/qompack/internal/observer\t0.675s\n"}
{"Time":"2026-09-21T16:09:06.6430756-04:00","Action":"pass","Package":"github.com/qompack/qompack/internal/observer","Elapsed":0.676}
