== round 4 tree after (24eae18) started_utc=2026-09-27T18:30:45Z
== load at start: cpu_load_pct=82 go_test_qompack_procs=11
== ZZ_CPU_COLOAD=1 ZZ_CPU_SPINNERS=8 ZZ_ITERS=2 timeout 1200 go test ./test/e2e/ -run '^TestZZW5_ColdStart$' -count=1 -v -timeout=18m
=== RUN   TestZZW5_ColdStart
    zz_w5_coldstart_diag_test.go:425: GOOS=windows NumCPU=22 cpu-coload="1" spinners=8 fsync=0 iters=2 up="marks"
    zz_w5_coldstart_diag_test.go:441: ROW mode=unstaged    source=startup i=0 wall=  766ms sswall=  766ms overhead= 353ms presend=  325ms dialable=  653ms stall=  10ms up=  693ms(ok=true) spooled=false daemons=1 leaseOK=1 lockHeld=0 answer=probe                                    probe_minted=true  sessions=1 mode=full drop=""
    zz_w5_coldstart_diag_test.go:441: ROW mode=unstaged    source=startup i=1 wall=  363ms sswall=  363ms overhead=  58ms presend=  201ms dialable=  246ms stall=  16ms up=  288ms(ok=true) spooled=false daemons=1 leaseOK=1 lockHeld=0 answer=probe                                    probe_minted=true  sessions=1 mode=full drop=""
    zz_w5_coldstart_diag_test.go:441: ROW mode=unstaged    source=resume  i=0 wall=  367ms sswall=  367ms overhead=  68ms presend=  176ms dialable=  237ms stall=  12ms up=  275ms(ok=true) spooled=false daemons=1 leaseOK=1 lockHeld=0 answer=probe                                    probe_minted=true  sessions=1 mode=full drop=""
    zz_w5_coldstart_diag_test.go:441: ROW mode=unstaged    source=resume  i=1 wall=  425ms sswall=  425ms overhead=  62ms presend=  201ms dialable=  245ms stall=  17ms up=  296ms(ok=true) spooled=false daemons=1 leaseOK=1 lockHeld=0 answer=probe                                    probe_minted=true  sessions=1 mode=full drop=""
    zz_w5_coldstart_diag_test.go:441: ROW mode=unstaged    source=compact i=0 wall= 1107ms sswall= 1107ms overhead= 124ms presend=  502ms dialable=  589ms stall=  14ms up=  829ms(ok=true) spooled=false daemons=1 leaseOK=1 lockHeld=0 answer=rehydration+probe                        probe_minted=true  sessions=2 mode=full drop="pointer_git_unavailable:checkpoint: no .git at the project root"
    zz_w5_coldstart_diag_test.go:441: ROW mode=unstaged    source=compact i=1 wall= 1538ms sswall= 1538ms overhead= 189ms presend=  902ms dialable= 1078ms stall=  14ms up= 1258ms(ok=true) spooled=false daemons=1 leaseOK=1 lockHeld=0 answer=rehydration+probe                        probe_minted=true  sessions=2 mode=full drop="pointer_git_unavailable:checkpoint: no .git at the project root"
    zz_w5_coldstart_diag_test.go:441: ROW mode=staged-cold source=startup i=0 wall= 2511ms sswall= 2511ms overhead= 689ms presend= 1590ms dialable= 2265ms stall= 542ms up= 2326ms(ok=true) spooled=false daemons=1 leaseOK=1 lockHeld=0 answer=probe                                    probe_minted=true  sessions=1 mode=full drop=""
    zz_w5_coldstart_diag_test.go:441: ROW mode=staged-cold source=startup i=1 wall= 1087ms sswall= 1087ms overhead= 337ms presend=  577ms dialable=  880ms stall= 129ms up=  933ms(ok=true) spooled=false daemons=1 leaseOK=1 lockHeld=0 answer=probe                                    probe_minted=true  sessions=1 mode=full drop=""
    zz_w5_coldstart_diag_test.go:441: ROW mode=staged-cold source=resume  i=0 wall= 1037ms sswall= 1037ms overhead= 270ms presend=  651ms dialable=  908ms stall= 168ms up=  949ms(ok=true) spooled=false daemons=1 leaseOK=1 lockHeld=0 answer=probe                                    probe_minted=true  sessions=1 mode=full drop=""
    zz_w5_coldstart_diag_test.go:441: ROW mode=staged-cold source=resume  i=1 wall= 1043ms sswall= 1043ms overhead= 343ms presend=  551ms dialable=  873ms stall= 128ms up=  935ms(ok=true) spooled=false daemons=1 leaseOK=1 lockHeld=0 answer=probe                                    probe_minted=true  sessions=1 mode=full drop=""
    zz_w5_coldstart_diag_test.go:441: ROW mode=staged-cold source=compact i=0 wall=  930ms sswall=  930ms overhead=  79ms presend=  577ms dialable=  646ms stall= 122ms up=  770ms(ok=true) spooled=false daemons=1 leaseOK=1 lockHeld=0 answer=rehydration+probe                        probe_minted=true  sessions=2 mode=full drop="pointer_git_unavailable:checkpoint: no .git at the project root"
    zz_w5_coldstart_diag_test.go:441: ROW mode=staged-cold source=compact i=1 wall= 1168ms sswall= 1168ms overhead= 111ms presend=  602ms dialable=  673ms stall= 109ms up=  898ms(ok=true) spooled=false daemons=1 leaseOK=1 lockHeld=0 answer=rehydration+probe                        probe_minted=true  sessions=2 mode=full drop="pointer_git_unavailable:checkpoint: no .git at the project root"
    zz_w5_coldstart_diag_test.go:441: ROW mode=staged-warm source=startup i=0 wall=  455ms sswall=  455ms overhead=  79ms presend=  251ms dialable=  314ms stall=  12ms up=  360ms(ok=true) spooled=false daemons=1 leaseOK=1 lockHeld=0 answer=probe                                    probe_minted=true  sessions=1 mode=full drop=""
    zz_w5_coldstart_diag_test.go:441: ROW mode=staged-warm source=startup i=1 wall=  396ms sswall=  396ms overhead=  58ms presend=  228ms dialable=  279ms stall=  11ms up=  314ms(ok=true) spooled=false daemons=1 leaseOK=1 lockHeld=0 answer=probe                                    probe_minted=true  sessions=1 mode=full drop=""
    zz_w5_coldstart_diag_test.go:441: ROW mode=staged-warm source=resume  i=0 wall=  404ms sswall=  404ms overhead=  99ms presend=  201ms dialable=  292ms stall=  11ms up=  328ms(ok=true) spooled=false daemons=1 leaseOK=1 lockHeld=0 answer=probe                                    probe_minted=true  sessions=1 mode=full drop=""
    zz_w5_coldstart_diag_test.go:441: ROW mode=staged-warm source=resume  i=1 wall=  408ms sswall=  408ms overhead=  68ms presend=  225ms dialable=  282ms stall=  11ms up=  317ms(ok=true) spooled=false daemons=1 leaseOK=1 lockHeld=0 answer=probe                                    probe_minted=true  sessions=1 mode=full drop=""
    zz_w5_coldstart_diag_test.go:441: ROW mode=staged-warm source=compact i=0 wall=  605ms sswall=  605ms overhead=  71ms presend=  302ms dialable=  348ms stall=  11ms up=  480ms(ok=true) spooled=false daemons=1 leaseOK=1 lockHeld=0 answer=rehydration+probe                        probe_minted=true  sessions=2 mode=full drop="pointer_git_unavailable:checkpoint: no .git at the project root"
    zz_w5_coldstart_diag_test.go:441: ROW mode=staged-warm source=compact i=1 wall=  797ms sswall=  797ms overhead=  91ms presend=  400ms dialable=  462ms stall=  13ms up=  635ms(ok=true) spooled=false daemons=1 leaseOK=1 lockHeld=0 answer=rehydration+probe                        probe_minted=true  sessions=2 mode=full drop="pointer_git_unavailable:checkpoint: no .git at the project root"
    zz_w5_coldstart_diag_test.go:441: ROW mode=prespawned  source=startup i=0 wall= 1095ms sswall=  854ms overhead=  95ms presend=  127ms dialable=  439ms stall=  21ms up=  984ms(ok=true) spooled=false daemons=1 leaseOK=1 lockHeld=0 answer=probe                                    probe_minted=true  sessions=1 mode=full drop=""
    zz_w5_coldstart_diag_test.go:441: ROW mode=prespawned  source=startup i=1 wall= 1437ms sswall= 1288ms overhead= 594ms presend=   33ms dialable=  768ms stall=  11ms up= 1346ms(ok=true) spooled=false daemons=1 leaseOK=1 lockHeld=0 answer=probe                                    probe_minted=true  sessions=1 mode=full drop=""
    zz_w5_coldstart_diag_test.go:441: ROW mode=prespawned  source=resume  i=0 wall=  825ms sswall=  715ms overhead=  64ms presend=  101ms dialable=  270ms stall=  12ms up=  720ms(ok=true) spooled=false daemons=1 leaseOK=1 lockHeld=0 answer=probe                                    probe_minted=true  sessions=1 mode=full drop=""
    zz_w5_coldstart_diag_test.go:441: ROW mode=prespawned  source=resume  i=1 wall=  806ms sswall=  701ms overhead=  75ms presend=  103ms dialable=  258ms stall=  10ms up=  724ms(ok=true) spooled=false daemons=1 leaseOK=1 lockHeld=0 answer=probe                                    probe_minted=true  sessions=1 mode=full drop=""
    zz_w5_coldstart_diag_test.go:441: ROW mode=prespawned  source=compact i=0 wall= 2093ms sswall= 1804ms overhead= 262ms presend=  332ms dialable=  875ms stall=  18ms up= 1810ms(ok=true) spooled=false daemons=1 leaseOK=1 lockHeld=0 answer=rehydration+probe                        probe_minted=true  sessions=2 mode=full drop="pointer_git_unavailable:checkpoint: no .git at the project root"
    zz_w5_coldstart_diag_test.go:441: ROW mode=prespawned  source=compact i=1 wall= 1048ms sswall=  905ms overhead= 107ms presend=  176ms dialable=  400ms stall=  11ms up=  922ms(ok=true) spooled=false daemons=1 leaseOK=1 lockHeld=0 answer=rehydration+probe                        probe_minted=true  sessions=2 mode=full drop="pointer_git_unavailable:checkpoint: no .git at the project root"
    zz_w5_coldstart_diag_test.go:486: SUMMARY mode=unstaged    source=startup n=2 spooled=0 noup=0 multi-daemon-rows=0 spawn-stalls>1s=0 sswall p50=363ms p90=363ms max=766ms overhead p50=58ms max=353ms wall p50=363ms p90=363ms max=766ms presend p50=201ms max=325ms up p50=288ms max=693ms answers=map[probe:2]
    zz_w5_coldstart_diag_test.go:486: SUMMARY mode=unstaged    source=resume  n=2 spooled=0 noup=0 multi-daemon-rows=0 spawn-stalls>1s=0 sswall p50=367ms p90=367ms max=425ms overhead p50=62ms max=68ms wall p50=367ms p90=367ms max=425ms presend p50=176ms max=201ms up p50=275ms max=296ms answers=map[probe:2]
    zz_w5_coldstart_diag_test.go:486: SUMMARY mode=unstaged    source=compact n=2 spooled=0 noup=0 multi-daemon-rows=0 spawn-stalls>1s=0 sswall p50=1107ms p90=1107ms max=1538ms overhead p50=124ms max=189ms wall p50=1107ms p90=1107ms max=1538ms presend p50=502ms max=902ms up p50=829ms max=1258ms answers=map[rehydration+probe:2]
    zz_w5_coldstart_diag_test.go:486: SUMMARY mode=staged-cold source=startup n=2 spooled=0 noup=0 multi-daemon-rows=0 spawn-stalls>1s=0 sswall p50=1087ms p90=1087ms max=2511ms overhead p50=337ms max=689ms wall p50=1087ms p90=1087ms max=2511ms presend p50=577ms max=1590ms up p50=933ms max=2326ms answers=map[probe:2]
    zz_w5_coldstart_diag_test.go:486: SUMMARY mode=staged-cold source=resume  n=2 spooled=0 noup=0 multi-daemon-rows=0 spawn-stalls>1s=0 sswall p50=1037ms p90=1037ms max=1043ms overhead p50=270ms max=343ms wall p50=1037ms p90=1037ms max=1043ms presend p50=551ms max=651ms up p50=935ms max=949ms answers=map[probe:2]
    zz_w5_coldstart_diag_test.go:486: SUMMARY mode=staged-cold source=compact n=2 spooled=0 noup=0 multi-daemon-rows=0 spawn-stalls>1s=0 sswall p50=930ms p90=930ms max=1168ms overhead p50=79ms max=111ms wall p50=930ms p90=930ms max=1168ms presend p50=577ms max=602ms up p50=770ms max=898ms answers=map[rehydration+probe:2]
    zz_w5_coldstart_diag_test.go:486: SUMMARY mode=staged-warm source=startup n=2 spooled=0 noup=0 multi-daemon-rows=0 spawn-stalls>1s=0 sswall p50=396ms p90=396ms max=455ms overhead p50=58ms max=79ms wall p50=396ms p90=396ms max=455ms presend p50=228ms max=251ms up p50=314ms max=360ms answers=map[probe:2]
    zz_w5_coldstart_diag_test.go:486: SUMMARY mode=staged-warm source=resume  n=2 spooled=0 noup=0 multi-daemon-rows=0 spawn-stalls>1s=0 sswall p50=404ms p90=404ms max=408ms overhead p50=68ms max=99ms wall p50=404ms p90=404ms max=408ms presend p50=201ms max=225ms up p50=317ms max=328ms answers=map[probe:2]
    zz_w5_coldstart_diag_test.go:486: SUMMARY mode=staged-warm source=compact n=2 spooled=0 noup=0 multi-daemon-rows=0 spawn-stalls>1s=0 sswall p50=605ms p90=605ms max=797ms overhead p50=71ms max=91ms wall p50=605ms p90=605ms max=797ms presend p50=302ms max=400ms up p50=480ms max=635ms answers=map[rehydration+probe:2]
    zz_w5_coldstart_diag_test.go:486: SUMMARY mode=prespawned  source=startup n=2 spooled=0 noup=0 multi-daemon-rows=0 spawn-stalls>1s=0 sswall p50=854ms p90=854ms max=1288ms overhead p50=95ms max=594ms wall p50=1095ms p90=1095ms max=1437ms presend p50=33ms max=127ms up p50=984ms max=1346ms answers=map[probe:2]
    zz_w5_coldstart_diag_test.go:486: SUMMARY mode=prespawned  source=resume  n=2 spooled=0 noup=0 multi-daemon-rows=0 spawn-stalls>1s=0 sswall p50=701ms p90=701ms max=715ms overhead p50=64ms max=75ms wall p50=806ms p90=806ms max=825ms presend p50=101ms max=103ms up p50=720ms max=724ms answers=map[probe:2]
    zz_w5_coldstart_diag_test.go:486: SUMMARY mode=prespawned  source=compact n=2 spooled=0 noup=0 multi-daemon-rows=0 spawn-stalls>1s=0 sswall p50=905ms p90=905ms max=1804ms overhead p50=107ms max=262ms wall p50=1048ms p90=1048ms max=2093ms presend p50=176ms max=332ms up p50=922ms max=1810ms answers=map[rehydration+probe:2]
--- PASS: TestZZW5_ColdStart (94.02s)
PASS
ok  	github.com/qompack/qompack/test/e2e	94.365s
exit=0
== load at end: cpu_load_pct=57 go_test_qompack_procs=8 ended_utc=2026-09-27T18:32:29Z
