== round 1 tree before (f6095e2) started_utc=2026-09-27T18:15:20Z
== load at start: cpu_load_pct=65 go_test_qompack_procs=6
== ZZ_CPU_COLOAD=1 ZZ_CPU_SPINNERS=8 ZZ_ITERS=2 timeout 1200 go test ./test/e2e/ -run '^TestZZW5_ColdStart$' -count=1 -v -timeout=18m
=== RUN   TestZZW5_ColdStart
    zz_w5_coldstart_diag_test.go:425: GOOS=windows NumCPU=22 cpu-coload="1" spinners=8 fsync=0 iters=2 up="marks"
    zz_w5_coldstart_diag_test.go:441: ROW mode=unstaged    source=startup i=0 wall= 1005ms sswall= 1005ms overhead= 601ms presend=  279ms dialable=  841ms stall=  34ms up=  874ms(ok=true) spooled=false daemons=1 leaseOK=1 lockHeld=0 answer=probe                                    probe_minted=true  sessions=1 mode=full drop=""
    zz_w5_coldstart_diag_test.go:441: ROW mode=unstaged    source=startup i=1 wall=  483ms sswall=  483ms overhead= 104ms presend=  275ms dialable=  341ms stall=  12ms up=  386ms(ok=true) spooled=false daemons=1 leaseOK=1 lockHeld=0 answer=probe                                    probe_minted=true  sessions=1 mode=full drop=""
    zz_w5_coldstart_diag_test.go:441: ROW mode=unstaged    source=resume  i=0 wall=  501ms sswall=  501ms overhead= 112ms presend=  294ms dialable=  367ms stall=  45ms up=  420ms(ok=true) spooled=false daemons=1 leaseOK=1 lockHeld=0 answer=probe                                    probe_minted=true  sessions=1 mode=full drop=""
    zz_w5_coldstart_diag_test.go:441: ROW mode=unstaged    source=resume  i=1 wall=  515ms sswall=  515ms overhead= 105ms presend=  226ms dialable=  285ms stall=  12ms up=  328ms(ok=true) spooled=false daemons=1 leaseOK=1 lockHeld=0 answer=probe                                    probe_minted=true  sessions=1 mode=full drop=""
    zz_w5_coldstart_diag_test.go:441: ROW mode=unstaged    source=compact i=0 wall=  761ms sswall=  761ms overhead=  90ms presend=  351ms dialable=  414ms stall=  30ms up=  559ms(ok=true) spooled=false daemons=1 leaseOK=1 lockHeld=0 answer=rehydration+probe                        probe_minted=true  sessions=2 mode=full drop="pointer_git_unavailable:checkpoint: no .git at the project root"
    zz_w5_coldstart_diag_test.go:441: ROW mode=unstaged    source=compact i=1 wall=  919ms sswall=  919ms overhead= 142ms presend=  510ms dialable=  610ms stall=  18ms up=  755ms(ok=true) spooled=false daemons=1 leaseOK=1 lockHeld=0 answer=rehydration+probe                        probe_minted=true  sessions=2 mode=full drop="pointer_git_unavailable:checkpoint: no .git at the project root"
    zz_w5_coldstart_diag_test.go:441: ROW mode=staged-cold source=startup i=0 wall= 1639ms sswall= 1639ms overhead= 668ms presend=  777ms dialable= 1420ms stall= 166ms up= 1463ms(ok=true) spooled=false daemons=1 leaseOK=1 lockHeld=0 answer=probe                                    probe_minted=true  sessions=1 mode=full drop=""
    zz_w5_coldstart_diag_test.go:441: ROW mode=staged-cold source=startup i=1 wall= 1253ms sswall= 1253ms overhead= 410ms presend=  707ms dialable= 1081ms stall= 143ms up= 1124ms(ok=true) spooled=false daemons=1 leaseOK=1 lockHeld=0 answer=probe                                    probe_minted=true  sessions=1 mode=full drop=""
    zz_w5_coldstart_diag_test.go:441: ROW mode=staged-cold source=resume  i=0 wall= 1233ms sswall= 1233ms overhead= 422ms presend=  659ms dialable= 1050ms stall= 103ms up= 1122ms(ok=true) spooled=false daemons=1 leaseOK=1 lockHeld=0 answer=probe                                    probe_minted=true  sessions=1 mode=full drop=""
    zz_w5_coldstart_diag_test.go:441: ROW mode=staged-cold source=resume  i=1 wall= 1722ms sswall= 1722ms overhead= 790ms presend=  800ms dialable= 1568ms stall= 190ms up= 1595ms(ok=true) spooled=false daemons=1 leaseOK=1 lockHeld=0 answer=probe                                    probe_minted=true  sessions=1 mode=full drop=""
    zz_w5_coldstart_diag_test.go:441: ROW mode=staged-cold source=compact i=0 wall= 1461ms sswall= 1461ms overhead=  93ms presend= 1026ms dialable= 1089ms stall= 185ms up= 1246ms(ok=true) spooled=false daemons=1 leaseOK=1 lockHeld=0 answer=rehydration+probe                        probe_minted=true  sessions=2 mode=full drop="pointer_git_unavailable:checkpoint: no .git at the project root"
    zz_w5_coldstart_diag_test.go:441: ROW mode=staged-cold source=compact i=1 wall= 1405ms sswall= 1405ms overhead= 115ms presend= 1005ms dialable= 1083ms stall= 125ms up= 1261ms(ok=true) spooled=false daemons=1 leaseOK=1 lockHeld=0 answer=rehydration+probe                        probe_minted=true  sessions=2 mode=full drop="pointer_git_unavailable:checkpoint: no .git at the project root"
    zz_w5_coldstart_diag_test.go:441: ROW mode=staged-warm source=startup i=0 wall=  640ms sswall=  640ms overhead= 113ms presend=  327ms dialable=  415ms stall=  29ms up=  472ms(ok=true) spooled=false daemons=1 leaseOK=1 lockHeld=0 answer=probe                                    probe_minted=true  sessions=1 mode=full drop=""
    zz_w5_coldstart_diag_test.go:441: ROW mode=staged-warm source=startup i=1 wall=  660ms sswall=  660ms overhead= 125ms presend=  400ms dialable=  496ms stall=  18ms up=  530ms(ok=true) spooled=false daemons=1 leaseOK=1 lockHeld=0 answer=probe                                    probe_minted=true  sessions=1 mode=full drop=""
    zz_w5_coldstart_diag_test.go:441: ROW mode=staged-warm source=resume  i=0 wall=  686ms sswall=  686ms overhead= 130ms presend=  402ms dialable=  504ms stall=  17ms up=  556ms(ok=true) spooled=false daemons=1 leaseOK=1 lockHeld=0 answer=probe                                    probe_minted=true  sessions=1 mode=full drop=""
    zz_w5_coldstart_diag_test.go:441: ROW mode=staged-warm source=resume  i=1 wall=  574ms sswall=  574ms overhead= 111ms presend=  307ms dialable=  375ms stall=  31ms up=  434ms(ok=true) spooled=false daemons=1 leaseOK=1 lockHeld=0 answer=probe                                    probe_minted=true  sessions=1 mode=full drop=""
    zz_w5_coldstart_diag_test.go:441: ROW mode=staged-warm source=compact i=0 wall= 1048ms sswall= 1048ms overhead= 163ms presend=  504ms dialable=  608ms stall=  20ms up=  780ms(ok=true) spooled=false daemons=1 leaseOK=1 lockHeld=0 answer=rehydration+probe                        probe_minted=true  sessions=2 mode=full drop="pointer_git_unavailable:checkpoint: no .git at the project root"
    zz_w5_coldstart_diag_test.go:441: ROW mode=staged-warm source=compact i=1 wall= 1030ms sswall= 1030ms overhead=  85ms presend=  576ms dialable=  619ms stall=  14ms up=  833ms(ok=true) spooled=false daemons=1 leaseOK=1 lockHeld=0 answer=rehydration+probe                        probe_minted=true  sessions=2 mode=full drop="pointer_git_unavailable:checkpoint: no .git at the project root"
    zz_w5_coldstart_diag_test.go:441: ROW mode=prespawned  source=startup i=0 wall= 1010ms sswall=  805ms overhead=  81ms presend=  101ms dialable=  385ms stall=  13ms up=  918ms(ok=true) spooled=false daemons=1 leaseOK=1 lockHeld=0 answer=probe                                    probe_minted=true  sessions=1 mode=full drop=""
    zz_w5_coldstart_diag_test.go:441: ROW mode=prespawned  source=startup i=1 wall=  995ms sswall=  841ms overhead= 115ms presend=  176ms dialable=  426ms stall=  11ms up=  862ms(ok=true) spooled=false daemons=1 leaseOK=1 lockHeld=0 answer=probe                                    probe_minted=true  sessions=1 mode=full drop=""
    zz_w5_coldstart_diag_test.go:441: ROW mode=prespawned  source=resume  i=0 wall= 1320ms sswall= 1091ms overhead= 142ms presend=  152ms dialable=  496ms stall=  16ms up= 1167ms(ok=true) spooled=false daemons=1 leaseOK=1 lockHeld=0 answer=probe                                    probe_minted=true  sessions=1 mode=full drop=""
    zz_w5_coldstart_diag_test.go:441: ROW mode=prespawned  source=resume  i=1 wall= 1582ms sswall= 1319ms overhead= 156ms presend=   75ms dialable=  440ms stall=  14ms up= 1374ms(ok=true) spooled=false daemons=1 leaseOK=1 lockHeld=0 answer=probe                                    probe_minted=true  sessions=1 mode=full drop=""
    zz_w5_coldstart_diag_test.go:441: ROW mode=prespawned  source=compact i=0 wall= 1408ms sswall= 1095ms overhead= 157ms presend=  177ms dialable=  616ms stall=  19ms up= 1242ms(ok=true) spooled=false daemons=1 leaseOK=1 lockHeld=0 answer=rehydration+probe                        probe_minted=true  sessions=2 mode=full drop="pointer_git_unavailable:checkpoint: no .git at the project root"
    zz_w5_coldstart_diag_test.go:441: ROW mode=prespawned  source=compact i=1 wall= 1480ms sswall= 1252ms overhead= 163ms presend=  177ms dialable=  500ms stall=  32ms up= 1307ms(ok=true) spooled=false daemons=1 leaseOK=1 lockHeld=0 answer=rehydration+probe                        probe_minted=true  sessions=2 mode=full drop="pointer_git_unavailable:checkpoint: no .git at the project root"
    zz_w5_coldstart_diag_test.go:486: SUMMARY mode=unstaged    source=startup n=2 spooled=0 noup=0 multi-daemon-rows=0 spawn-stalls>1s=0 sswall p50=483ms p90=483ms max=1005ms overhead p50=104ms max=601ms wall p50=483ms p90=483ms max=1005ms presend p50=275ms max=279ms up p50=386ms max=874ms answers=map[probe:2]
    zz_w5_coldstart_diag_test.go:486: SUMMARY mode=unstaged    source=resume  n=2 spooled=0 noup=0 multi-daemon-rows=0 spawn-stalls>1s=0 sswall p50=501ms p90=501ms max=515ms overhead p50=105ms max=112ms wall p50=501ms p90=501ms max=515ms presend p50=226ms max=294ms up p50=328ms max=420ms answers=map[probe:2]
    zz_w5_coldstart_diag_test.go:486: SUMMARY mode=unstaged    source=compact n=2 spooled=0 noup=0 multi-daemon-rows=0 spawn-stalls>1s=0 sswall p50=761ms p90=761ms max=919ms overhead p50=90ms max=142ms wall p50=761ms p90=761ms max=919ms presend p50=351ms max=510ms up p50=559ms max=755ms answers=map[rehydration+probe:2]
    zz_w5_coldstart_diag_test.go:486: SUMMARY mode=staged-cold source=startup n=2 spooled=0 noup=0 multi-daemon-rows=0 spawn-stalls>1s=0 sswall p50=1253ms p90=1253ms max=1639ms overhead p50=410ms max=668ms wall p50=1253ms p90=1253ms max=1639ms presend p50=707ms max=777ms up p50=1124ms max=1463ms answers=map[probe:2]
    zz_w5_coldstart_diag_test.go:486: SUMMARY mode=staged-cold source=resume  n=2 spooled=0 noup=0 multi-daemon-rows=0 spawn-stalls>1s=0 sswall p50=1233ms p90=1233ms max=1722ms overhead p50=422ms max=790ms wall p50=1233ms p90=1233ms max=1722ms presend p50=659ms max=800ms up p50=1122ms max=1595ms answers=map[probe:2]
    zz_w5_coldstart_diag_test.go:486: SUMMARY mode=staged-cold source=compact n=2 spooled=0 noup=0 multi-daemon-rows=0 spawn-stalls>1s=0 sswall p50=1405ms p90=1405ms max=1461ms overhead p50=93ms max=115ms wall p50=1405ms p90=1405ms max=1461ms presend p50=1005ms max=1026ms up p50=1246ms max=1261ms answers=map[rehydration+probe:2]
    zz_w5_coldstart_diag_test.go:486: SUMMARY mode=staged-warm source=startup n=2 spooled=0 noup=0 multi-daemon-rows=0 spawn-stalls>1s=0 sswall p50=640ms p90=640ms max=660ms overhead p50=113ms max=125ms wall p50=640ms p90=640ms max=660ms presend p50=327ms max=400ms up p50=472ms max=530ms answers=map[probe:2]
    zz_w5_coldstart_diag_test.go:486: SUMMARY mode=staged-warm source=resume  n=2 spooled=0 noup=0 multi-daemon-rows=0 spawn-stalls>1s=0 sswall p50=574ms p90=574ms max=686ms overhead p50=111ms max=130ms wall p50=574ms p90=574ms max=686ms presend p50=307ms max=402ms up p50=434ms max=556ms answers=map[probe:2]
    zz_w5_coldstart_diag_test.go:486: SUMMARY mode=staged-warm source=compact n=2 spooled=0 noup=0 multi-daemon-rows=0 spawn-stalls>1s=0 sswall p50=1030ms p90=1030ms max=1048ms overhead p50=85ms max=163ms wall p50=1030ms p90=1030ms max=1048ms presend p50=504ms max=576ms up p50=780ms max=833ms answers=map[rehydration+probe:2]
    zz_w5_coldstart_diag_test.go:486: SUMMARY mode=prespawned  source=startup n=2 spooled=0 noup=0 multi-daemon-rows=0 spawn-stalls>1s=0 sswall p50=805ms p90=805ms max=841ms overhead p50=81ms max=115ms wall p50=995ms p90=995ms max=1010ms presend p50=101ms max=176ms up p50=862ms max=918ms answers=map[probe:2]
    zz_w5_coldstart_diag_test.go:486: SUMMARY mode=prespawned  source=resume  n=2 spooled=0 noup=0 multi-daemon-rows=0 spawn-stalls>1s=0 sswall p50=1091ms p90=1091ms max=1319ms overhead p50=142ms max=156ms wall p50=1320ms p90=1320ms max=1582ms presend p50=75ms max=152ms up p50=1167ms max=1374ms answers=map[probe:2]
    zz_w5_coldstart_diag_test.go:486: SUMMARY mode=prespawned  source=compact n=2 spooled=0 noup=0 multi-daemon-rows=0 spawn-stalls>1s=0 sswall p50=1095ms p90=1095ms max=1252ms overhead p50=157ms max=163ms wall p50=1408ms p90=1408ms max=1480ms presend p50=177ms max=177ms up p50=1242ms max=1307ms answers=map[rehydration+probe:2]
--- PASS: TestZZW5_ColdStart (95.40s)
PASS
ok  	github.com/qompack/qompack/test/e2e	95.645s
exit=0
== load at end: cpu_load_pct=94 go_test_qompack_procs=10 ended_utc=2026-09-27T18:17:14Z
