== round 2 tree after (24eae18) started_utc=2026-09-27T18:20:23Z
== load at start: cpu_load_pct=76 go_test_qompack_procs=12
== ZZ_CPU_COLOAD=1 ZZ_CPU_SPINNERS=8 ZZ_ITERS=2 timeout 1200 go test ./test/e2e/ -run '^TestZZW5_ColdStart$' -count=1 -v -timeout=18m
=== RUN   TestZZW5_ColdStart
    zz_w5_coldstart_diag_test.go:425: GOOS=windows NumCPU=22 cpu-coload="1" spinners=8 fsync=0 iters=2 up="marks"
    zz_w5_coldstart_diag_test.go:441: ROW mode=unstaged    source=startup i=0 wall= 2417ms sswall= 2417ms overhead= 434ms presend= 1324ms dialable= 1642ms stall=  32ms up= 1882ms(ok=true) spooled=false daemons=1 leaseOK=1 lockHeld=0 answer=probe                                    probe_minted=true  sessions=1 mode=full drop=""
    zz_w5_coldstart_diag_test.go:441: ROW mode=unstaged    source=startup i=1 wall= 1348ms sswall= 1348ms overhead= 111ms presend=  829ms dialable=  900ms stall=  14ms up= 1107ms(ok=true) spooled=false daemons=1 leaseOK=1 lockHeld=0 answer=probe                                    probe_minted=true  sessions=1 mode=full drop=""
    zz_w5_coldstart_diag_test.go:441: ROW mode=unstaged    source=resume  i=0 wall=  412ms sswall=  412ms overhead=  94ms presend=  176ms dialable=  266ms stall=  10ms up=  290ms(ok=true) spooled=false daemons=1 leaseOK=1 lockHeld=0 answer=probe                                    probe_minted=true  sessions=1 mode=full drop=""
    zz_w5_coldstart_diag_test.go:441: ROW mode=unstaged    source=resume  i=1 wall=  334ms sswall=  334ms overhead=  68ms presend=  151ms dialable=  205ms stall=  11ms up=  236ms(ok=true) spooled=false daemons=1 leaseOK=1 lockHeld=0 answer=probe                                    probe_minted=true  sessions=1 mode=full drop=""
    zz_w5_coldstart_diag_test.go:441: ROW mode=unstaged    source=compact i=0 wall=  633ms sswall=  633ms overhead=  78ms presend=  301ms dialable=  355ms stall=  11ms up=  504ms(ok=true) spooled=false daemons=1 leaseOK=1 lockHeld=0 answer=rehydration+probe                        probe_minted=true  sessions=2 mode=full drop="pointer_git_unavailable:checkpoint: no .git at the project root"
    zz_w5_coldstart_diag_test.go:441: ROW mode=unstaged    source=compact i=1 wall=  633ms sswall=  633ms overhead=  84ms presend=  326ms dialable=  373ms stall=  13ms up=  502ms(ok=true) spooled=false daemons=1 leaseOK=1 lockHeld=0 answer=rehydration+probe                        probe_minted=true  sessions=2 mode=full drop="pointer_git_unavailable:checkpoint: no .git at the project root"
    zz_w5_coldstart_diag_test.go:441: ROW mode=staged-cold source=startup i=0 wall=  988ms sswall=  988ms overhead= 311ms presend=  526ms dialable=  824ms stall= 131ms up=  868ms(ok=true) spooled=false daemons=1 leaseOK=1 lockHeld=0 answer=probe                                    probe_minted=true  sessions=1 mode=full drop=""
    zz_w5_coldstart_diag_test.go:441: ROW mode=staged-cold source=startup i=1 wall= 1126ms sswall= 1126ms overhead= 335ms presend=  627ms dialable=  960ms stall= 148ms up=  994ms(ok=true) spooled=false daemons=1 leaseOK=1 lockHeld=0 answer=probe                                    probe_minted=true  sessions=1 mode=full drop=""
    zz_w5_coldstart_diag_test.go:441: ROW mode=staged-cold source=resume  i=0 wall=  976ms sswall=  976ms overhead= 363ms presend=  526ms dialable=  864ms stall=  83ms up=  905ms(ok=true) spooled=false daemons=1 leaseOK=1 lockHeld=0 answer=probe                                    probe_minted=true  sessions=1 mode=full drop=""
    zz_w5_coldstart_diag_test.go:441: ROW mode=staged-cold source=resume  i=1 wall= 1651ms sswall= 1651ms overhead= 471ms presend= 1051ms dialable= 1495ms stall= 599ms up= 1528ms(ok=true) spooled=false daemons=1 leaseOK=1 lockHeld=0 answer=probe                                    probe_minted=true  sessions=1 mode=full drop=""
    zz_w5_coldstart_diag_test.go:441: ROW mode=staged-cold source=compact i=0 wall= 2607ms sswall= 2607ms overhead=  92ms presend=  927ms dialable=  999ms stall= 140ms up= 1576ms(ok=true) spooled=false daemons=1 leaseOK=1 lockHeld=0 answer=rehydration+probe                        probe_minted=true  sessions=2 mode=full drop="pointer_git_unavailable:checkpoint: no .git at the project root"
    zz_w5_coldstart_diag_test.go:441: ROW mode=staged-cold source=compact i=1 wall= 3842ms sswall= 3842ms overhead= 208ms presend= 1893ms dialable= 2077ms stall= 141ms up= 3205ms(ok=true) spooled=false daemons=1 leaseOK=1 lockHeld=0 answer=rehydration+probe                        probe_minted=true  sessions=2 mode=full drop="pointer_git_unavailable:checkpoint: no .git at the project root"
    zz_w5_coldstart_diag_test.go:441: ROW mode=staged-warm source=startup i=0 wall=  897ms sswall=  897ms overhead= 123ms presend=  452ms dialable=  559ms stall=  20ms up=  640ms(ok=true) spooled=false daemons=1 leaseOK=1 lockHeld=0 answer=probe                                    probe_minted=true  sessions=1 mode=full drop=""
    zz_w5_coldstart_diag_test.go:441: ROW mode=staged-warm source=startup i=1 wall=  576ms sswall=  576ms overhead=  95ms presend=  312ms dialable=  389ms stall=  15ms up=  430ms(ok=true) spooled=false daemons=1 leaseOK=1 lockHeld=0 answer=probe                                    probe_minted=true  sessions=1 mode=full drop=""
    zz_w5_coldstart_diag_test.go:441: ROW mode=staged-warm source=resume  i=0 wall= 1038ms sswall= 1038ms overhead= 123ms presend=  726ms dialable=  834ms stall= 425ms up=  909ms(ok=true) spooled=false daemons=1 leaseOK=1 lockHeld=0 answer=probe                                    probe_minted=true  sessions=1 mode=full drop=""
    zz_w5_coldstart_diag_test.go:441: ROW mode=staged-warm source=resume  i=1 wall=  525ms sswall=  525ms overhead=  82ms presend=  327ms dialable=  394ms stall=  69ms up=  431ms(ok=true) spooled=false daemons=1 leaseOK=1 lockHeld=0 answer=probe                                    probe_minted=true  sessions=1 mode=full drop=""
    zz_w5_coldstart_diag_test.go:441: ROW mode=staged-warm source=compact i=0 wall=  671ms sswall=  671ms overhead=  67ms presend=  328ms dialable=  367ms stall=  13ms up=  526ms(ok=true) spooled=false daemons=1 leaseOK=1 lockHeld=0 answer=rehydration+probe                        probe_minted=true  sessions=2 mode=full drop="pointer_git_unavailable:checkpoint: no .git at the project root"
    zz_w5_coldstart_diag_test.go:441: ROW mode=staged-warm source=compact i=1 wall=  739ms sswall=  739ms overhead=  88ms presend=  331ms dialable=  396ms stall=  12ms up=  534ms(ok=true) spooled=false daemons=1 leaseOK=1 lockHeld=0 answer=rehydration+probe                        probe_minted=true  sessions=2 mode=full drop="pointer_git_unavailable:checkpoint: no .git at the project root"
    zz_w5_coldstart_diag_test.go:441: ROW mode=prespawned  source=startup i=0 wall= 1051ms sswall=  864ms overhead=  85ms presend=   88ms dialable=  345ms stall=  10ms up=  927ms(ok=true) spooled=false daemons=1 leaseOK=1 lockHeld=0 answer=probe                                    probe_minted=true  sessions=1 mode=full drop=""
    zz_w5_coldstart_diag_test.go:441: ROW mode=prespawned  source=startup i=1 wall=  811ms sswall=  684ms overhead=  81ms presend=   51ms dialable=  242ms stall=  12ms up=  736ms(ok=true) spooled=false daemons=1 leaseOK=1 lockHeld=0 answer=probe                                    probe_minted=true  sessions=1 mode=full drop=""
    zz_w5_coldstart_diag_test.go:441: ROW mode=prespawned  source=resume  i=0 wall=  955ms sswall=  804ms overhead=  80ms presend=  128ms dialable=  333ms stall=  63ms up=  851ms(ok=true) spooled=false daemons=1 leaseOK=1 lockHeld=0 answer=probe                                    probe_minted=true  sessions=1 mode=full drop=""
    zz_w5_coldstart_diag_test.go:441: ROW mode=prespawned  source=resume  i=1 wall= 1217ms sswall= 1090ms overhead= 117ms presend=   75ms dialable=  272ms stall=  13ms up= 1103ms(ok=true) spooled=false daemons=1 leaseOK=1 lockHeld=0 answer=probe                                    probe_minted=true  sessions=1 mode=full drop=""
    zz_w5_coldstart_diag_test.go:441: ROW mode=prespawned  source=compact i=0 wall=  978ms sswall=  879ms overhead=  68ms presend=  176ms dialable=  315ms stall=  16ms up=  831ms(ok=true) spooled=false daemons=1 leaseOK=1 lockHeld=0 answer=rehydration+probe                        probe_minted=true  sessions=2 mode=full drop="pointer_git_unavailable:checkpoint: no .git at the project root"
    zz_w5_coldstart_diag_test.go:441: ROW mode=prespawned  source=compact i=1 wall=  802ms sswall=  685ms overhead=  60ms presend=  126ms dialable=  298ms stall=   9ms up=  701ms(ok=true) spooled=false daemons=1 leaseOK=1 lockHeld=0 answer=rehydration+probe                        probe_minted=true  sessions=2 mode=full drop="pointer_git_unavailable:checkpoint: no .git at the project root"
    zz_w5_coldstart_diag_test.go:486: SUMMARY mode=unstaged    source=startup n=2 spooled=0 noup=0 multi-daemon-rows=0 spawn-stalls>1s=0 sswall p50=1348ms p90=1348ms max=2417ms overhead p50=111ms max=434ms wall p50=1348ms p90=1348ms max=2417ms presend p50=829ms max=1324ms up p50=1107ms max=1882ms answers=map[probe:2]
    zz_w5_coldstart_diag_test.go:486: SUMMARY mode=unstaged    source=resume  n=2 spooled=0 noup=0 multi-daemon-rows=0 spawn-stalls>1s=0 sswall p50=334ms p90=334ms max=412ms overhead p50=68ms max=94ms wall p50=334ms p90=334ms max=412ms presend p50=151ms max=176ms up p50=236ms max=290ms answers=map[probe:2]
    zz_w5_coldstart_diag_test.go:486: SUMMARY mode=unstaged    source=compact n=2 spooled=0 noup=0 multi-daemon-rows=0 spawn-stalls>1s=0 sswall p50=633ms p90=633ms max=633ms overhead p50=78ms max=84ms wall p50=633ms p90=633ms max=633ms presend p50=301ms max=326ms up p50=502ms max=504ms answers=map[rehydration+probe:2]
    zz_w5_coldstart_diag_test.go:486: SUMMARY mode=staged-cold source=startup n=2 spooled=0 noup=0 multi-daemon-rows=0 spawn-stalls>1s=0 sswall p50=988ms p90=988ms max=1126ms overhead p50=311ms max=335ms wall p50=988ms p90=988ms max=1126ms presend p50=526ms max=627ms up p50=868ms max=994ms answers=map[probe:2]
    zz_w5_coldstart_diag_test.go:486: SUMMARY mode=staged-cold source=resume  n=2 spooled=0 noup=0 multi-daemon-rows=0 spawn-stalls>1s=0 sswall p50=976ms p90=976ms max=1651ms overhead p50=363ms max=471ms wall p50=976ms p90=976ms max=1651ms presend p50=526ms max=1051ms up p50=905ms max=1528ms answers=map[probe:2]
    zz_w5_coldstart_diag_test.go:486: SUMMARY mode=staged-cold source=compact n=2 spooled=0 noup=0 multi-daemon-rows=0 spawn-stalls>1s=0 sswall p50=2607ms p90=2607ms max=3842ms overhead p50=92ms max=208ms wall p50=2607ms p90=2607ms max=3842ms presend p50=927ms max=1893ms up p50=1576ms max=3205ms answers=map[rehydration+probe:2]
    zz_w5_coldstart_diag_test.go:486: SUMMARY mode=staged-warm source=startup n=2 spooled=0 noup=0 multi-daemon-rows=0 spawn-stalls>1s=0 sswall p50=576ms p90=576ms max=897ms overhead p50=95ms max=123ms wall p50=576ms p90=576ms max=897ms presend p50=312ms max=452ms up p50=430ms max=640ms answers=map[probe:2]
    zz_w5_coldstart_diag_test.go:486: SUMMARY mode=staged-warm source=resume  n=2 spooled=0 noup=0 multi-daemon-rows=0 spawn-stalls>1s=0 sswall p50=525ms p90=525ms max=1038ms overhead p50=82ms max=123ms wall p50=525ms p90=525ms max=1038ms presend p50=327ms max=726ms up p50=431ms max=909ms answers=map[probe:2]
    zz_w5_coldstart_diag_test.go:486: SUMMARY mode=staged-warm source=compact n=2 spooled=0 noup=0 multi-daemon-rows=0 spawn-stalls>1s=0 sswall p50=671ms p90=671ms max=739ms overhead p50=67ms max=88ms wall p50=671ms p90=671ms max=739ms presend p50=328ms max=331ms up p50=526ms max=534ms answers=map[rehydration+probe:2]
    zz_w5_coldstart_diag_test.go:486: SUMMARY mode=prespawned  source=startup n=2 spooled=0 noup=0 multi-daemon-rows=0 spawn-stalls>1s=0 sswall p50=684ms p90=684ms max=864ms overhead p50=81ms max=85ms wall p50=811ms p90=811ms max=1051ms presend p50=51ms max=88ms up p50=736ms max=927ms answers=map[probe:2]
    zz_w5_coldstart_diag_test.go:486: SUMMARY mode=prespawned  source=resume  n=2 spooled=0 noup=0 multi-daemon-rows=0 spawn-stalls>1s=0 sswall p50=804ms p90=804ms max=1090ms overhead p50=80ms max=117ms wall p50=955ms p90=955ms max=1217ms presend p50=75ms max=128ms up p50=851ms max=1103ms answers=map[probe:2]
    zz_w5_coldstart_diag_test.go:486: SUMMARY mode=prespawned  source=compact n=2 spooled=0 noup=0 multi-daemon-rows=0 spawn-stalls>1s=0 sswall p50=685ms p90=685ms max=879ms overhead p50=60ms max=68ms wall p50=802ms p90=802ms max=978ms presend p50=126ms max=176ms up p50=701ms max=831ms answers=map[rehydration+probe:2]
--- PASS: TestZZW5_ColdStart (107.53s)
PASS
ok  	github.com/qompack/qompack/test/e2e	107.792s
exit=0
== load at end: cpu_load_pct=49 go_test_qompack_procs=9 ended_utc=2026-09-27T18:22:17Z
