== round 1 tree after (24eae18) started_utc=2026-09-27T18:17:34Z
== load at start: cpu_load_pct=97 go_test_qompack_procs=13
== ZZ_CPU_COLOAD=1 ZZ_CPU_SPINNERS=8 ZZ_ITERS=2 timeout 1200 go test ./test/e2e/ -run '^TestZZW5_ColdStart$' -count=1 -v -timeout=18m
=== RUN   TestZZW5_ColdStart
    zz_w5_coldstart_diag_test.go:425: GOOS=windows NumCPU=22 cpu-coload="1" spinners=8 fsync=0 iters=2 up="marks"
    zz_w5_coldstart_diag_test.go:441: ROW mode=unstaged    source=startup i=0 wall= 1306ms sswall= 1306ms overhead= 615ms presend=  378ms dialable=  885ms stall=  11ms up=  934ms(ok=true) spooled=false daemons=1 leaseOK=1 lockHeld=0 answer=probe                                    probe_minted=true  sessions=1 mode=full drop=""
    zz_w5_coldstart_diag_test.go:441: ROW mode=unstaged    source=startup i=1 wall=  696ms sswall=  696ms overhead= 176ms presend=  323ms dialable=  480ms stall=  28ms up=  615ms(ok=true) spooled=false daemons=1 leaseOK=1 lockHeld=0 answer=probe                                    probe_minted=true  sessions=1 mode=full drop=""
    zz_w5_coldstart_diag_test.go:441: ROW mode=unstaged    source=resume  i=0 wall=  621ms sswall=  621ms overhead= 165ms presend=  316ms dialable=  381ms stall=  10ms up=  435ms(ok=true) spooled=false daemons=1 leaseOK=1 lockHeld=0 answer=probe                                    probe_minted=true  sessions=1 mode=full drop=""
    zz_w5_coldstart_diag_test.go:441: ROW mode=unstaged    source=resume  i=1 wall=  687ms sswall=  687ms overhead=  95ms presend=  502ms dialable=  563ms stall=  66ms up=  588ms(ok=true) spooled=false daemons=1 leaseOK=1 lockHeld=0 answer=probe                                    probe_minted=true  sessions=1 mode=full drop=""
    zz_w5_coldstart_diag_test.go:441: ROW mode=unstaged    source=compact i=0 wall=  940ms sswall=  940ms overhead=  93ms presend=  455ms dialable=  507ms stall=  47ms up=  759ms(ok=true) spooled=false daemons=1 leaseOK=1 lockHeld=0 answer=rehydration+probe                        probe_minted=true  sessions=2 mode=full drop="pointer_git_unavailable:checkpoint: no .git at the project root"
    zz_w5_coldstart_diag_test.go:441: ROW mode=unstaged    source=compact i=1 wall=  863ms sswall=  863ms overhead=  92ms presend=  509ms dialable=  562ms stall=  13ms up=  710ms(ok=true) spooled=false daemons=1 leaseOK=1 lockHeld=0 answer=rehydration+probe                        probe_minted=true  sessions=2 mode=full drop="pointer_git_unavailable:checkpoint: no .git at the project root"
    zz_w5_coldstart_diag_test.go:441: ROW mode=staged-cold source=startup i=0 wall= 2296ms sswall= 2296ms overhead= 679ms presend= 1502ms dialable= 2139ms stall=  91ms up= 2179ms(ok=true) spooled=false daemons=1 leaseOK=1 lockHeld=0 answer=probe                                    probe_minted=true  sessions=1 mode=full drop=""
    zz_w5_coldstart_diag_test.go:441: ROW mode=staged-cold source=startup i=1 wall= 1181ms sswall= 1181ms overhead= 395ms presend=  639ms dialable=  993ms stall= 106ms up= 1068ms(ok=true) spooled=false daemons=1 leaseOK=1 lockHeld=0 answer=probe                                    probe_minted=true  sessions=1 mode=full drop=""
    zz_w5_coldstart_diag_test.go:441: ROW mode=staged-cold source=resume  i=0 wall= 1470ms sswall= 1470ms overhead= 609ms presend=  663ms dialable= 1253ms stall= 106ms up= 1321ms(ok=true) spooled=false daemons=1 leaseOK=1 lockHeld=0 answer=probe                                    probe_minted=true  sessions=1 mode=full drop=""
    zz_w5_coldstart_diag_test.go:441: ROW mode=staged-cold source=resume  i=1 wall= 1485ms sswall= 1485ms overhead= 462ms presend=  755ms dialable= 1187ms stall= 124ms up= 1288ms(ok=true) spooled=false daemons=1 leaseOK=1 lockHeld=0 answer=probe                                    probe_minted=true  sessions=1 mode=full drop=""
    zz_w5_coldstart_diag_test.go:441: ROW mode=staged-cold source=compact i=0 wall= 1622ms sswall= 1622ms overhead=  81ms presend= 1202ms dialable= 1256ms stall= 176ms up= 1476ms(ok=true) spooled=false daemons=1 leaseOK=1 lockHeld=0 answer=rehydration+probe                        probe_minted=true  sessions=2 mode=full drop="pointer_git_unavailable:checkpoint: no .git at the project root"
    zz_w5_coldstart_diag_test.go:441: ROW mode=staged-cold source=compact i=1 wall=  987ms sswall=  987ms overhead=  87ms presend=  704ms dialable=  761ms stall= 126ms up=  866ms(ok=true) spooled=false daemons=1 leaseOK=1 lockHeld=0 answer=rehydration+probe                        probe_minted=true  sessions=2 mode=full drop="pointer_git_unavailable:checkpoint: no .git at the project root"
    zz_w5_coldstart_diag_test.go:441: ROW mode=staged-warm source=startup i=0 wall= 1697ms sswall= 1697ms overhead= 553ms presend=  726ms dialable= 1439ms stall=  38ms up= 1514ms(ok=true) spooled=false daemons=1 leaseOK=1 lockHeld=0 answer=probe                                    probe_minted=true  sessions=1 mode=full drop=""
    zz_w5_coldstart_diag_test.go:441: ROW mode=staged-warm source=startup i=1 wall=  807ms sswall=  807ms overhead= 144ms presend=  486ms dialable=  550ms stall=  36ms up=  642ms(ok=true) spooled=false daemons=1 leaseOK=1 lockHeld=0 answer=probe                                    probe_minted=true  sessions=1 mode=full drop=""
    zz_w5_coldstart_diag_test.go:441: ROW mode=staged-warm source=resume  i=0 wall=  480ms sswall=  480ms overhead= 105ms presend=  230ms dialable=  296ms stall=  23ms up=  339ms(ok=true) spooled=false daemons=1 leaseOK=1 lockHeld=0 answer=probe                                    probe_minted=true  sessions=1 mode=full drop=""
    zz_w5_coldstart_diag_test.go:441: ROW mode=staged-warm source=resume  i=1 wall=  489ms sswall=  489ms overhead=  82ms presend=  251ms dialable=  323ms stall=  27ms up=  396ms(ok=true) spooled=false daemons=1 leaseOK=1 lockHeld=0 answer=probe                                    probe_minted=true  sessions=1 mode=full drop=""
    zz_w5_coldstart_diag_test.go:441: ROW mode=staged-warm source=compact i=0 wall= 1208ms sswall= 1208ms overhead= 129ms presend=  486ms dialable=  569ms stall=  17ms up=  741ms(ok=true) spooled=false daemons=1 leaseOK=1 lockHeld=0 answer=rehydration+probe                        probe_minted=true  sessions=2 mode=full drop="pointer_git_unavailable:checkpoint: no .git at the project root"
    zz_w5_coldstart_diag_test.go:441: ROW mode=staged-warm source=compact i=1 wall= 1741ms sswall= 1741ms overhead= 115ms presend=  679ms dialable=  760ms stall=  19ms up= 1393ms(ok=true) spooled=false daemons=1 leaseOK=1 lockHeld=0 answer=rehydration+probe                        probe_minted=true  sessions=2 mode=full drop="pointer_git_unavailable:checkpoint: no .git at the project root"
    zz_w5_coldstart_diag_test.go:441: ROW mode=prespawned  source=startup i=0 wall= 1830ms sswall= 1156ms overhead= 170ms presend=  237ms dialable= 1033ms stall=  20ms up= 1690ms(ok=true) spooled=false daemons=1 leaseOK=1 lockHeld=0 answer=probe                                    probe_minted=true  sessions=1 mode=full drop=""
    zz_w5_coldstart_diag_test.go:441: ROW mode=prespawned  source=startup i=1 wall= 1898ms sswall= 1484ms overhead= 275ms presend=  213ms dialable=  821ms stall=  20ms up= 1717ms(ok=true) spooled=false daemons=1 leaseOK=1 lockHeld=0 answer=probe                                    probe_minted=true  sessions=1 mode=full drop=""
    zz_w5_coldstart_diag_test.go:441: ROW mode=prespawned  source=resume  i=0 wall= 5212ms sswall= 4991ms overhead= 295ms presend= 1763ms dialable= 2104ms stall=  28ms up= 4139ms(ok=true) spooled=false daemons=1 leaseOK=1 lockHeld=0 answer=probe                                    probe_minted=true  sessions=1 mode=full drop=""
    zz_w5_coldstart_diag_test.go:441: ROW mode=prespawned  source=resume  i=1 wall= 2797ms sswall= 2171ms overhead= 479ms presend=  861ms dialable= 1867ms stall=  23ms up= 2527ms(ok=true) spooled=false daemons=1 leaseOK=1 lockHeld=0 answer=probe                                    probe_minted=true  sessions=1 mode=full drop=""
    zz_w5_coldstart_diag_test.go:441: ROW mode=prespawned  source=compact i=0 wall= 5731ms sswall= 2656ms overhead= 308ms presend=  874ms dialable= 4250ms stall=  43ms up= 5572ms(ok=true) spooled=false daemons=1 leaseOK=1 lockHeld=0 answer=rehydration+probe                        probe_minted=true  sessions=2 mode=full drop="pointer_git_unavailable:checkpoint: no .git at the project root"
    zz_w5_coldstart_diag_test.go:441: ROW mode=prespawned  source=compact i=1 wall= 1659ms sswall= 1446ms overhead= 126ms presend=  303ms dialable=  604ms stall=  19ms up= 1429ms(ok=true) spooled=false daemons=1 leaseOK=1 lockHeld=0 answer=rehydration+probe                        probe_minted=true  sessions=2 mode=full drop="pointer_git_unavailable:checkpoint: no .git at the project root"
    zz_w5_coldstart_diag_test.go:486: SUMMARY mode=unstaged    source=startup n=2 spooled=0 noup=0 multi-daemon-rows=0 spawn-stalls>1s=0 sswall p50=696ms p90=696ms max=1306ms overhead p50=176ms max=615ms wall p50=696ms p90=696ms max=1306ms presend p50=323ms max=378ms up p50=615ms max=934ms answers=map[probe:2]
    zz_w5_coldstart_diag_test.go:486: SUMMARY mode=unstaged    source=resume  n=2 spooled=0 noup=0 multi-daemon-rows=0 spawn-stalls>1s=0 sswall p50=621ms p90=621ms max=687ms overhead p50=95ms max=165ms wall p50=621ms p90=621ms max=687ms presend p50=316ms max=502ms up p50=435ms max=588ms answers=map[probe:2]
    zz_w5_coldstart_diag_test.go:486: SUMMARY mode=unstaged    source=compact n=2 spooled=0 noup=0 multi-daemon-rows=0 spawn-stalls>1s=0 sswall p50=863ms p90=863ms max=940ms overhead p50=92ms max=93ms wall p50=863ms p90=863ms max=940ms presend p50=455ms max=509ms up p50=710ms max=759ms answers=map[rehydration+probe:2]
    zz_w5_coldstart_diag_test.go:486: SUMMARY mode=staged-cold source=startup n=2 spooled=0 noup=0 multi-daemon-rows=0 spawn-stalls>1s=0 sswall p50=1181ms p90=1181ms max=2296ms overhead p50=395ms max=679ms wall p50=1181ms p90=1181ms max=2296ms presend p50=639ms max=1502ms up p50=1068ms max=2179ms answers=map[probe:2]
    zz_w5_coldstart_diag_test.go:486: SUMMARY mode=staged-cold source=resume  n=2 spooled=0 noup=0 multi-daemon-rows=0 spawn-stalls>1s=0 sswall p50=1470ms p90=1470ms max=1485ms overhead p50=462ms max=609ms wall p50=1470ms p90=1470ms max=1485ms presend p50=663ms max=755ms up p50=1288ms max=1321ms answers=map[probe:2]
    zz_w5_coldstart_diag_test.go:486: SUMMARY mode=staged-cold source=compact n=2 spooled=0 noup=0 multi-daemon-rows=0 spawn-stalls>1s=0 sswall p50=987ms p90=987ms max=1622ms overhead p50=81ms max=87ms wall p50=987ms p90=987ms max=1622ms presend p50=704ms max=1202ms up p50=866ms max=1476ms answers=map[rehydration+probe:2]
    zz_w5_coldstart_diag_test.go:486: SUMMARY mode=staged-warm source=startup n=2 spooled=0 noup=0 multi-daemon-rows=0 spawn-stalls>1s=0 sswall p50=807ms p90=807ms max=1697ms overhead p50=144ms max=553ms wall p50=807ms p90=807ms max=1697ms presend p50=486ms max=726ms up p50=642ms max=1514ms answers=map[probe:2]
    zz_w5_coldstart_diag_test.go:486: SUMMARY mode=staged-warm source=resume  n=2 spooled=0 noup=0 multi-daemon-rows=0 spawn-stalls>1s=0 sswall p50=480ms p90=480ms max=489ms overhead p50=82ms max=105ms wall p50=480ms p90=480ms max=489ms presend p50=230ms max=251ms up p50=339ms max=396ms answers=map[probe:2]
    zz_w5_coldstart_diag_test.go:486: SUMMARY mode=staged-warm source=compact n=2 spooled=0 noup=0 multi-daemon-rows=0 spawn-stalls>1s=0 sswall p50=1208ms p90=1208ms max=1741ms overhead p50=115ms max=129ms wall p50=1208ms p90=1208ms max=1741ms presend p50=486ms max=679ms up p50=741ms max=1393ms answers=map[rehydration+probe:2]
    zz_w5_coldstart_diag_test.go:486: SUMMARY mode=prespawned  source=startup n=2 spooled=0 noup=0 multi-daemon-rows=0 spawn-stalls>1s=0 sswall p50=1156ms p90=1156ms max=1484ms overhead p50=170ms max=275ms wall p50=1830ms p90=1830ms max=1898ms presend p50=213ms max=237ms up p50=1690ms max=1717ms answers=map[probe:2]
    zz_w5_coldstart_diag_test.go:486: SUMMARY mode=prespawned  source=resume  n=2 spooled=0 noup=0 multi-daemon-rows=0 spawn-stalls>1s=0 sswall p50=2171ms p90=2171ms max=4991ms overhead p50=295ms max=479ms wall p50=2797ms p90=2797ms max=5212ms presend p50=861ms max=1763ms up p50=2527ms max=4139ms answers=map[probe:2]
    zz_w5_coldstart_diag_test.go:486: SUMMARY mode=prespawned  source=compact n=2 spooled=0 noup=0 multi-daemon-rows=0 spawn-stalls>1s=0 sswall p50=1446ms p90=1446ms max=2656ms overhead p50=126ms max=308ms wall p50=1659ms p90=1659ms max=5731ms presend p50=303ms max=874ms up p50=1429ms max=5572ms answers=map[rehydration+probe:2]
--- PASS: TestZZW5_ColdStart (128.39s)
PASS
ok  	github.com/qompack/qompack/test/e2e	128.656s
exit=0
== load at end: cpu_load_pct=88 go_test_qompack_procs=11 ended_utc=2026-09-27T18:20:01Z
