== round 2 tree before (f6095e2) started_utc=2026-09-27T18:22:35Z
== load at start: cpu_load_pct=91 go_test_qompack_procs=9
== ZZ_CPU_COLOAD=1 ZZ_CPU_SPINNERS=8 ZZ_ITERS=2 timeout 1200 go test ./test/e2e/ -run '^TestZZW5_ColdStart$' -count=1 -v -timeout=18m
=== RUN   TestZZW5_ColdStart
    zz_w5_coldstart_diag_test.go:425: GOOS=windows NumCPU=22 cpu-coload="1" spinners=8 fsync=0 iters=2 up="marks"
    zz_w5_coldstart_diag_test.go:441: ROW mode=unstaged    source=startup i=0 wall=  978ms sswall=  978ms overhead= 421ms presend=  379ms dialable=  764ms stall=  22ms up=  814ms(ok=true) spooled=false daemons=1 leaseOK=1 lockHeld=0 answer=probe                                    probe_minted=true  sessions=1 mode=full drop=""
    zz_w5_coldstart_diag_test.go:441: ROW mode=unstaged    source=startup i=1 wall=  899ms sswall=  899ms overhead= 137ms presend=  518ms dialable=  645ms stall=  13ms up=  739ms(ok=true) spooled=false daemons=1 leaseOK=1 lockHeld=0 answer=probe                                    probe_minted=true  sessions=1 mode=full drop=""
    zz_w5_coldstart_diag_test.go:441: ROW mode=unstaged    source=resume  i=0 wall=  472ms sswall=  472ms overhead=  90ms presend=  251ms dialable=  324ms stall=  16ms up=  371ms(ok=true) spooled=false daemons=1 leaseOK=1 lockHeld=0 answer=probe                                    probe_minted=true  sessions=1 mode=full drop=""
    zz_w5_coldstart_diag_test.go:441: ROW mode=unstaged    source=resume  i=1 wall=  727ms sswall=  727ms overhead= 105ms presend=  362ms dialable=  445ms stall=  20ms up=  488ms(ok=true) spooled=false daemons=1 leaseOK=1 lockHeld=0 answer=probe                                    probe_minted=true  sessions=1 mode=full drop=""
    zz_w5_coldstart_diag_test.go:441: ROW mode=unstaged    source=compact i=0 wall= 1064ms sswall= 1064ms overhead= 111ms presend=  501ms dialable=  594ms stall=  17ms up=  856ms(ok=true) spooled=false daemons=1 leaseOK=1 lockHeld=0 answer=rehydration+probe                        probe_minted=true  sessions=2 mode=full drop="pointer_git_unavailable:checkpoint: no .git at the project root"
    zz_w5_coldstart_diag_test.go:441: ROW mode=unstaged    source=compact i=1 wall=  681ms sswall=  681ms overhead=  87ms presend=  375ms dialable=  435ms stall=  14ms up=  552ms(ok=true) spooled=false daemons=1 leaseOK=1 lockHeld=0 answer=rehydration+probe                        probe_minted=true  sessions=2 mode=full drop="pointer_git_unavailable:checkpoint: no .git at the project root"
    zz_w5_coldstart_diag_test.go:441: ROW mode=staged-cold source=startup i=0 wall= 4213ms sswall= 4213ms overhead= 873ms presend= 1904ms dialable= 2769ms stall= 147ms up= 3076ms(ok=true) spooled=false daemons=1 leaseOK=1 lockHeld=0 answer=probe                                    probe_minted=true  sessions=1 mode=full drop=""
    zz_w5_coldstart_diag_test.go:441: ROW mode=staged-cold source=startup i=1 wall= 1589ms sswall= 1589ms overhead= 590ms presend=  828ms dialable= 1390ms stall= 139ms up= 1473ms(ok=true) spooled=false daemons=1 leaseOK=1 lockHeld=0 answer=probe                                    probe_minted=true  sessions=1 mode=full drop=""
    zz_w5_coldstart_diag_test.go:441: ROW mode=staged-cold source=resume  i=0 wall= 1460ms sswall= 1460ms overhead= 447ms presend=  879ms dialable= 1308ms stall= 198ms up= 1344ms(ok=true) spooled=false daemons=1 leaseOK=1 lockHeld=0 answer=probe                                    probe_minted=true  sessions=1 mode=full drop=""
    zz_w5_coldstart_diag_test.go:441: ROW mode=staged-cold source=resume  i=1 wall= 2055ms sswall= 2055ms overhead= 725ms presend= 1129ms dialable= 1830ms stall= 278ms up= 1908ms(ok=true) spooled=false daemons=1 leaseOK=1 lockHeld=0 answer=probe                                    probe_minted=true  sessions=1 mode=full drop=""
    zz_w5_coldstart_diag_test.go:441: ROW mode=staged-cold source=compact i=0 wall= 1526ms sswall= 1526ms overhead= 125ms presend= 1080ms dialable= 1174ms stall= 183ms up= 1348ms(ok=true) spooled=false daemons=1 leaseOK=1 lockHeld=0 answer=rehydration+probe                        probe_minted=true  sessions=2 mode=full drop="pointer_git_unavailable:checkpoint: no .git at the project root"
    zz_w5_coldstart_diag_test.go:441: ROW mode=staged-cold source=compact i=1 wall= 1556ms sswall= 1556ms overhead= 128ms presend= 1053ms dialable= 1149ms stall= 150ms up= 1339ms(ok=true) spooled=false daemons=1 leaseOK=1 lockHeld=0 answer=rehydration+probe                        probe_minted=true  sessions=2 mode=full drop="pointer_git_unavailable:checkpoint: no .git at the project root"
    zz_w5_coldstart_diag_test.go:441: ROW mode=staged-warm source=startup i=0 wall=  705ms sswall=  705ms overhead= 139ms presend=  411ms dialable=  529ms stall=  72ms up=  574ms(ok=true) spooled=false daemons=1 leaseOK=1 lockHeld=0 answer=probe                                    probe_minted=true  sessions=1 mode=full drop=""
    zz_w5_coldstart_diag_test.go:441: ROW mode=staged-warm source=startup i=1 wall= 1184ms sswall= 1184ms overhead= 186ms presend=  603ms dialable=  753ms stall=  14ms up=  843ms(ok=true) spooled=false daemons=1 leaseOK=1 lockHeld=0 answer=probe                                    probe_minted=true  sessions=1 mode=full drop=""
    zz_w5_coldstart_diag_test.go:441: ROW mode=staged-warm source=resume  i=0 wall= 1189ms sswall= 1189ms overhead= 240ms presend=  721ms dialable=  949ms stall=  32ms up=  999ms(ok=true) spooled=false daemons=1 leaseOK=1 lockHeld=0 answer=probe                                    probe_minted=true  sessions=1 mode=full drop=""
    zz_w5_coldstart_diag_test.go:441: ROW mode=staged-warm source=resume  i=1 wall=  755ms sswall=  755ms overhead= 123ms presend=  427ms dialable=  537ms stall=  31ms up=  598ms(ok=true) spooled=false daemons=1 leaseOK=1 lockHeld=0 answer=probe                                    probe_minted=true  sessions=1 mode=full drop=""
    zz_w5_coldstart_diag_test.go:441: ROW mode=staged-warm source=compact i=0 wall= 1444ms sswall= 1444ms overhead= 169ms presend=  727ms dialable=  889ms stall=  49ms up= 1209ms(ok=true) spooled=false daemons=1 leaseOK=1 lockHeld=0 answer=rehydration+probe                        probe_minted=true  sessions=2 mode=full drop="pointer_git_unavailable:checkpoint: no .git at the project root"
    zz_w5_coldstart_diag_test.go:441: ROW mode=staged-warm source=compact i=1 wall= 2480ms sswall= 2480ms overhead= 334ms presend= 1101ms dialable= 1375ms stall=  25ms up= 1928ms(ok=true) spooled=false daemons=1 leaseOK=1 lockHeld=0 answer=rehydration+probe                        probe_minted=true  sessions=2 mode=full drop="pointer_git_unavailable:checkpoint: no .git at the project root"
    zz_w5_coldstart_diag_test.go:441: ROW mode=prespawned  source=startup i=0 wall= 1920ms sswall= 1681ms overhead= 188ms presend=  126ms dialable=  515ms stall=  12ms up= 1744ms(ok=true) spooled=false daemons=1 leaseOK=1 lockHeld=0 answer=probe                                    probe_minted=true  sessions=1 mode=full drop=""
    zz_w5_coldstart_diag_test.go:441: ROW mode=prespawned  source=startup i=1 wall= 2297ms sswall= 1899ms overhead= 233ms presend=  131ms dialable=  747ms stall=  23ms up= 2208ms(ok=true) spooled=false daemons=1 leaseOK=1 lockHeld=0 answer=probe                                    probe_minted=true  sessions=1 mode=full drop=""
    zz_w5_coldstart_diag_test.go:441: ROW mode=prespawned  source=resume  i=0 wall= 2143ms sswall= 1653ms overhead= 293ms presend=   51ms dialable=  808ms stall=  75ms up= 1983ms(ok=true) spooled=false daemons=1 leaseOK=1 lockHeld=0 answer=probe                                    probe_minted=true  sessions=1 mode=full drop=""
    zz_w5_coldstart_diag_test.go:441: ROW mode=prespawned  source=resume  i=1 wall= 1967ms sswall= 1543ms overhead= 240ms presend=  151ms dialable=  798ms stall=  66ms up= 1686ms(ok=true) spooled=false daemons=1 leaseOK=1 lockHeld=0 answer=probe                                    probe_minted=true  sessions=1 mode=full drop=""
    zz_w5_coldstart_diag_test.go:441: ROW mode=prespawned  source=compact i=0 wall= 2605ms sswall= 2095ms overhead= 146ms presend=  201ms dialable=  854ms stall=  21ms up= 2344ms(ok=true) spooled=false daemons=1 leaseOK=1 lockHeld=0 answer=rehydration+probe                        probe_minted=true  sessions=2 mode=full drop="pointer_git_unavailable:checkpoint: no .git at the project root"
    zz_w5_coldstart_diag_test.go:441: ROW mode=prespawned  source=compact i=1 wall= 2383ms sswall= 2127ms overhead= 193ms presend=  451ms dialable=  893ms stall=  18ms up= 2119ms(ok=true) spooled=false daemons=1 leaseOK=1 lockHeld=0 answer=rehydration+probe                        probe_minted=true  sessions=2 mode=full drop="pointer_git_unavailable:checkpoint: no .git at the project root"
    zz_w5_coldstart_diag_test.go:486: SUMMARY mode=unstaged    source=startup n=2 spooled=0 noup=0 multi-daemon-rows=0 spawn-stalls>1s=0 sswall p50=899ms p90=899ms max=978ms overhead p50=137ms max=421ms wall p50=899ms p90=899ms max=978ms presend p50=379ms max=518ms up p50=739ms max=814ms answers=map[probe:2]
    zz_w5_coldstart_diag_test.go:486: SUMMARY mode=unstaged    source=resume  n=2 spooled=0 noup=0 multi-daemon-rows=0 spawn-stalls>1s=0 sswall p50=472ms p90=472ms max=727ms overhead p50=90ms max=105ms wall p50=472ms p90=472ms max=727ms presend p50=251ms max=362ms up p50=371ms max=488ms answers=map[probe:2]
    zz_w5_coldstart_diag_test.go:486: SUMMARY mode=unstaged    source=compact n=2 spooled=0 noup=0 multi-daemon-rows=0 spawn-stalls>1s=0 sswall p50=681ms p90=681ms max=1064ms overhead p50=87ms max=111ms wall p50=681ms p90=681ms max=1064ms presend p50=375ms max=501ms up p50=552ms max=856ms answers=map[rehydration+probe:2]
    zz_w5_coldstart_diag_test.go:486: SUMMARY mode=staged-cold source=startup n=2 spooled=0 noup=0 multi-daemon-rows=0 spawn-stalls>1s=0 sswall p50=1589ms p90=1589ms max=4213ms overhead p50=590ms max=873ms wall p50=1589ms p90=1589ms max=4213ms presend p50=828ms max=1904ms up p50=1473ms max=3076ms answers=map[probe:2]
    zz_w5_coldstart_diag_test.go:486: SUMMARY mode=staged-cold source=resume  n=2 spooled=0 noup=0 multi-daemon-rows=0 spawn-stalls>1s=0 sswall p50=1460ms p90=1460ms max=2055ms overhead p50=447ms max=725ms wall p50=1460ms p90=1460ms max=2055ms presend p50=879ms max=1129ms up p50=1344ms max=1908ms answers=map[probe:2]
    zz_w5_coldstart_diag_test.go:486: SUMMARY mode=staged-cold source=compact n=2 spooled=0 noup=0 multi-daemon-rows=0 spawn-stalls>1s=0 sswall p50=1526ms p90=1526ms max=1556ms overhead p50=125ms max=128ms wall p50=1526ms p90=1526ms max=1556ms presend p50=1053ms max=1080ms up p50=1339ms max=1348ms answers=map[rehydration+probe:2]
    zz_w5_coldstart_diag_test.go:486: SUMMARY mode=staged-warm source=startup n=2 spooled=0 noup=0 multi-daemon-rows=0 spawn-stalls>1s=0 sswall p50=705ms p90=705ms max=1184ms overhead p50=139ms max=186ms wall p50=705ms p90=705ms max=1184ms presend p50=411ms max=603ms up p50=574ms max=843ms answers=map[probe:2]
    zz_w5_coldstart_diag_test.go:486: SUMMARY mode=staged-warm source=resume  n=2 spooled=0 noup=0 multi-daemon-rows=0 spawn-stalls>1s=0 sswall p50=755ms p90=755ms max=1189ms overhead p50=123ms max=240ms wall p50=755ms p90=755ms max=1189ms presend p50=427ms max=721ms up p50=598ms max=999ms answers=map[probe:2]
    zz_w5_coldstart_diag_test.go:486: SUMMARY mode=staged-warm source=compact n=2 spooled=0 noup=0 multi-daemon-rows=0 spawn-stalls>1s=0 sswall p50=1444ms p90=1444ms max=2480ms overhead p50=169ms max=334ms wall p50=1444ms p90=1444ms max=2480ms presend p50=727ms max=1101ms up p50=1209ms max=1928ms answers=map[rehydration+probe:2]
    zz_w5_coldstart_diag_test.go:486: SUMMARY mode=prespawned  source=startup n=2 spooled=0 noup=0 multi-daemon-rows=0 spawn-stalls>1s=0 sswall p50=1681ms p90=1681ms max=1899ms overhead p50=188ms max=233ms wall p50=1920ms p90=1920ms max=2297ms presend p50=126ms max=131ms up p50=1744ms max=2208ms answers=map[probe:2]
    zz_w5_coldstart_diag_test.go:486: SUMMARY mode=prespawned  source=resume  n=2 spooled=0 noup=0 multi-daemon-rows=0 spawn-stalls>1s=0 sswall p50=1543ms p90=1543ms max=1653ms overhead p50=240ms max=293ms wall p50=1967ms p90=1967ms max=2143ms presend p50=51ms max=151ms up p50=1686ms max=1983ms answers=map[probe:2]
    zz_w5_coldstart_diag_test.go:486: SUMMARY mode=prespawned  source=compact n=2 spooled=0 noup=0 multi-daemon-rows=0 spawn-stalls>1s=0 sswall p50=2095ms p90=2095ms max=2127ms overhead p50=146ms max=193ms wall p50=2383ms p90=2383ms max=2605ms presend p50=201ms max=451ms up p50=2119ms max=2344ms answers=map[rehydration+probe:2]
--- PASS: TestZZW5_ColdStart (131.54s)
PASS
ok  	github.com/qompack/qompack/test/e2e	131.880s
exit=0
== load at end: cpu_load_pct=27 go_test_qompack_procs=9 ended_utc=2026-09-27T18:25:07Z
