== round 4 tree before (f6095e2) started_utc=2026-09-27T18:32:58Z
== load at start: cpu_load_pct=63 go_test_qompack_procs=7
== ZZ_CPU_COLOAD=1 ZZ_CPU_SPINNERS=8 ZZ_ITERS=2 timeout 1200 go test ./test/e2e/ -run '^TestZZW5_ColdStart$' -count=1 -v -timeout=18m
=== RUN   TestZZW5_ColdStart
    zz_w5_coldstart_diag_test.go:425: GOOS=windows NumCPU=22 cpu-coload="1" spinners=8 fsync=0 iters=2 up="marks"
    zz_w5_coldstart_diag_test.go:441: ROW mode=unstaged    source=startup i=0 wall= 1135ms sswall= 1135ms overhead= 477ms presend=  281ms dialable=  714ms stall=  22ms up=  912ms(ok=true) spooled=false daemons=1 leaseOK=1 lockHeld=0 answer=probe                                    probe_minted=true  sessions=1 mode=full drop=""
    zz_w5_coldstart_diag_test.go:441: ROW mode=unstaged    source=startup i=1 wall=  740ms sswall=  740ms overhead= 177ms presend=  426ms dialable=  558ms stall=  31ms up=  611ms(ok=true) spooled=false daemons=1 leaseOK=1 lockHeld=0 answer=probe                                    probe_minted=true  sessions=1 mode=full drop=""
    zz_w5_coldstart_diag_test.go:441: ROW mode=unstaged    source=resume  i=0 wall=  892ms sswall=  892ms overhead= 187ms presend=  401ms dialable=  580ms stall=  19ms up=  771ms(ok=true) spooled=false daemons=1 leaseOK=1 lockHeld=0 answer=probe                                    probe_minted=true  sessions=1 mode=full drop=""
    zz_w5_coldstart_diag_test.go:441: ROW mode=unstaged    source=resume  i=1 wall=  648ms sswall=  648ms overhead= 149ms presend=  303ms dialable=  431ms stall=  24ms up=  501ms(ok=true) spooled=false daemons=1 leaseOK=1 lockHeld=0 answer=probe                                    probe_minted=true  sessions=1 mode=full drop=""
    zz_w5_coldstart_diag_test.go:441: ROW mode=unstaged    source=compact i=0 wall= 1370ms sswall= 1370ms overhead= 145ms presend=  731ms dialable=  851ms stall=  34ms up= 1059ms(ok=true) spooled=false daemons=1 leaseOK=1 lockHeld=0 answer=rehydration+probe                        probe_minted=true  sessions=2 mode=full drop="pointer_git_unavailable:checkpoint: no .git at the project root"
    zz_w5_coldstart_diag_test.go:441: ROW mode=unstaged    source=compact i=1 wall= 1426ms sswall= 1426ms overhead= 173ms presend=  719ms dialable=  835ms stall=  25ms up= 1140ms(ok=true) spooled=false daemons=1 leaseOK=1 lockHeld=0 answer=rehydration+probe                        probe_minted=true  sessions=2 mode=full drop="pointer_git_unavailable:checkpoint: no .git at the project root"
    zz_w5_coldstart_diag_test.go:441: ROW mode=staged-cold source=startup i=0 wall= 1694ms sswall= 1694ms overhead= 556ms presend=  878ms dialable= 1427ms stall= 195ms up= 1483ms(ok=true) spooled=false daemons=1 leaseOK=1 lockHeld=0 answer=probe                                    probe_minted=true  sessions=1 mode=full drop=""
    zz_w5_coldstart_diag_test.go:441: ROW mode=staged-cold source=startup i=1 wall= 1828ms sswall= 1828ms overhead= 522ms presend= 1001ms dialable= 1517ms stall= 204ms up= 1568ms(ok=true) spooled=false daemons=1 leaseOK=1 lockHeld=0 answer=probe                                    probe_minted=true  sessions=1 mode=full drop=""
    zz_w5_coldstart_diag_test.go:441: ROW mode=staged-cold source=resume  i=0 wall= 1732ms sswall= 1732ms overhead= 441ms presend= 1002ms dialable= 1413ms stall= 265ms up= 1488ms(ok=true) spooled=false daemons=1 leaseOK=1 lockHeld=0 answer=probe                                    probe_minted=true  sessions=1 mode=full drop=""
    zz_w5_coldstart_diag_test.go:441: ROW mode=staged-cold source=resume  i=1 wall= 2443ms sswall= 2443ms overhead= 891ms presend= 1152ms dialable= 1954ms stall= 222ms up= 2061ms(ok=true) spooled=false daemons=1 leaseOK=1 lockHeld=0 answer=probe                                    probe_minted=true  sessions=1 mode=full drop=""
    zz_w5_coldstart_diag_test.go:441: ROW mode=staged-cold source=compact i=0 wall= 1914ms sswall= 1914ms overhead= 202ms presend= 1336ms dialable= 1508ms stall= 278ms up= 1744ms(ok=true) spooled=false daemons=1 leaseOK=1 lockHeld=0 answer=rehydration+probe                        probe_minted=true  sessions=2 mode=full drop="pointer_git_unavailable:checkpoint: no .git at the project root"
    zz_w5_coldstart_diag_test.go:441: ROW mode=staged-cold source=compact i=1 wall= 2474ms sswall= 2474ms overhead= 178ms presend= 1688ms dialable= 1812ms stall= 618ms up= 2138ms(ok=true) spooled=false daemons=1 leaseOK=1 lockHeld=0 answer=rehydration+probe                        probe_minted=true  sessions=2 mode=full drop="pointer_git_unavailable:checkpoint: no .git at the project root"
    zz_w5_coldstart_diag_test.go:441: ROW mode=staged-warm source=startup i=0 wall= 1040ms sswall= 1040ms overhead= 203ms presend=  605ms dialable=  807ms stall=  48ms up=  900ms(ok=true) spooled=false daemons=1 leaseOK=1 lockHeld=0 answer=probe                                    probe_minted=true  sessions=1 mode=full drop=""
    zz_w5_coldstart_diag_test.go:441: ROW mode=staged-warm source=startup i=1 wall=  839ms sswall=  839ms overhead= 143ms presend=  457ms dialable=  642ms stall=  25ms up=  689ms(ok=true) spooled=false daemons=1 leaseOK=1 lockHeld=0 answer=probe                                    probe_minted=true  sessions=1 mode=full drop=""
    zz_w5_coldstart_diag_test.go:441: ROW mode=staged-warm source=resume  i=0 wall= 1334ms sswall= 1334ms overhead= 160ms presend=  790ms dialable=  907ms stall=  28ms up= 1064ms(ok=true) spooled=false daemons=1 leaseOK=1 lockHeld=0 answer=probe                                    probe_minted=true  sessions=1 mode=full drop=""
    zz_w5_coldstart_diag_test.go:441: ROW mode=staged-warm source=resume  i=1 wall= 1177ms sswall= 1177ms overhead= 380ms presend=  502ms dialable=  836ms stall=  35ms up=  898ms(ok=true) spooled=false daemons=1 leaseOK=1 lockHeld=0 answer=probe                                    probe_minted=true  sessions=1 mode=full drop=""
    zz_w5_coldstart_diag_test.go:441: ROW mode=staged-warm source=compact i=0 wall= 1629ms sswall= 1629ms overhead= 194ms presend=  707ms dialable=  873ms stall=  20ms up= 1188ms(ok=true) spooled=false daemons=1 leaseOK=1 lockHeld=0 answer=rehydration+probe                        probe_minted=true  sessions=2 mode=full drop="pointer_git_unavailable:checkpoint: no .git at the project root"
    zz_w5_coldstart_diag_test.go:441: ROW mode=staged-warm source=compact i=1 wall= 2537ms sswall= 2537ms overhead= 307ms presend= 1079ms dialable= 1356ms stall=  35ms up= 1898ms(ok=true) spooled=false daemons=1 leaseOK=1 lockHeld=0 answer=rehydration+probe                        probe_minted=true  sessions=2 mode=full drop="pointer_git_unavailable:checkpoint: no .git at the project root"
    zz_w5_coldstart_diag_test.go:441: ROW mode=prespawned  source=startup i=0 wall= 2794ms sswall= 2371ms overhead= 271ms presend=  253ms dialable=  962ms stall=  20ms up= 2545ms(ok=true) spooled=false daemons=1 leaseOK=1 lockHeld=0 answer=probe                                    probe_minted=true  sessions=1 mode=full drop=""
    zz_w5_coldstart_diag_test.go:441: ROW mode=prespawned  source=startup i=1 wall= 2311ms sswall= 2082ms overhead= 368ms presend=  154ms dialable=  736ms stall=  21ms up= 2220ms(ok=true) spooled=false daemons=1 leaseOK=1 lockHeld=0 answer=probe                                    probe_minted=true  sessions=1 mode=full drop=""
    zz_w5_coldstart_diag_test.go:441: ROW mode=prespawned  source=resume  i=0 wall= 2370ms sswall= 1945ms overhead= 235ms presend=  153ms dialable=  806ms stall=  21ms up= 2202ms(ok=true) spooled=false daemons=1 leaseOK=1 lockHeld=0 answer=probe                                    probe_minted=true  sessions=1 mode=full drop=""
    zz_w5_coldstart_diag_test.go:441: ROW mode=prespawned  source=resume  i=1 wall= 2306ms sswall= 1828ms overhead= 336ms presend=  381ms dialable= 1113ms stall=  26ms up= 2142ms(ok=true) spooled=false daemons=1 leaseOK=1 lockHeld=0 answer=probe                                    probe_minted=true  sessions=1 mode=full drop=""
    zz_w5_coldstart_diag_test.go:441: ROW mode=prespawned  source=compact i=0 wall= 1098ms sswall=  973ms overhead=  74ms presend=  152ms dialable=  338ms stall=  10ms up=  923ms(ok=true) spooled=false daemons=1 leaseOK=1 lockHeld=0 answer=rehydration+probe                        probe_minted=true  sessions=2 mode=full drop="pointer_git_unavailable:checkpoint: no .git at the project root"
    zz_w5_coldstart_diag_test.go:441: ROW mode=prespawned  source=compact i=1 wall= 1291ms sswall= 1164ms overhead= 112ms presend=  411ms dialable=  626ms stall=  10ms up= 1155ms(ok=true) spooled=false daemons=1 leaseOK=1 lockHeld=0 answer=rehydration+probe                        probe_minted=true  sessions=2 mode=full drop="pointer_git_unavailable:checkpoint: no .git at the project root"
    zz_w5_coldstart_diag_test.go:486: SUMMARY mode=unstaged    source=startup n=2 spooled=0 noup=0 multi-daemon-rows=0 spawn-stalls>1s=0 sswall p50=740ms p90=740ms max=1135ms overhead p50=177ms max=477ms wall p50=740ms p90=740ms max=1135ms presend p50=281ms max=426ms up p50=611ms max=912ms answers=map[probe:2]
    zz_w5_coldstart_diag_test.go:486: SUMMARY mode=unstaged    source=resume  n=2 spooled=0 noup=0 multi-daemon-rows=0 spawn-stalls>1s=0 sswall p50=648ms p90=648ms max=892ms overhead p50=149ms max=187ms wall p50=648ms p90=648ms max=892ms presend p50=303ms max=401ms up p50=501ms max=771ms answers=map[probe:2]
    zz_w5_coldstart_diag_test.go:486: SUMMARY mode=unstaged    source=compact n=2 spooled=0 noup=0 multi-daemon-rows=0 spawn-stalls>1s=0 sswall p50=1370ms p90=1370ms max=1426ms overhead p50=145ms max=173ms wall p50=1370ms p90=1370ms max=1426ms presend p50=719ms max=731ms up p50=1059ms max=1140ms answers=map[rehydration+probe:2]
    zz_w5_coldstart_diag_test.go:486: SUMMARY mode=staged-cold source=startup n=2 spooled=0 noup=0 multi-daemon-rows=0 spawn-stalls>1s=0 sswall p50=1694ms p90=1694ms max=1828ms overhead p50=522ms max=556ms wall p50=1694ms p90=1694ms max=1828ms presend p50=878ms max=1001ms up p50=1483ms max=1568ms answers=map[probe:2]
    zz_w5_coldstart_diag_test.go:486: SUMMARY mode=staged-cold source=resume  n=2 spooled=0 noup=0 multi-daemon-rows=0 spawn-stalls>1s=0 sswall p50=1732ms p90=1732ms max=2443ms overhead p50=441ms max=891ms wall p50=1732ms p90=1732ms max=2443ms presend p50=1002ms max=1152ms up p50=1488ms max=2061ms answers=map[probe:2]
    zz_w5_coldstart_diag_test.go:486: SUMMARY mode=staged-cold source=compact n=2 spooled=0 noup=0 multi-daemon-rows=0 spawn-stalls>1s=0 sswall p50=1914ms p90=1914ms max=2474ms overhead p50=178ms max=202ms wall p50=1914ms p90=1914ms max=2474ms presend p50=1336ms max=1688ms up p50=1744ms max=2138ms answers=map[rehydration+probe:2]
    zz_w5_coldstart_diag_test.go:486: SUMMARY mode=staged-warm source=startup n=2 spooled=0 noup=0 multi-daemon-rows=0 spawn-stalls>1s=0 sswall p50=839ms p90=839ms max=1040ms overhead p50=143ms max=203ms wall p50=839ms p90=839ms max=1040ms presend p50=457ms max=605ms up p50=689ms max=900ms answers=map[probe:2]
    zz_w5_coldstart_diag_test.go:486: SUMMARY mode=staged-warm source=resume  n=2 spooled=0 noup=0 multi-daemon-rows=0 spawn-stalls>1s=0 sswall p50=1177ms p90=1177ms max=1334ms overhead p50=160ms max=380ms wall p50=1177ms p90=1177ms max=1334ms presend p50=502ms max=790ms up p50=898ms max=1064ms answers=map[probe:2]
    zz_w5_coldstart_diag_test.go:486: SUMMARY mode=staged-warm source=compact n=2 spooled=0 noup=0 multi-daemon-rows=0 spawn-stalls>1s=0 sswall p50=1629ms p90=1629ms max=2537ms overhead p50=194ms max=307ms wall p50=1629ms p90=1629ms max=2537ms presend p50=707ms max=1079ms up p50=1188ms max=1898ms answers=map[rehydration+probe:2]
    zz_w5_coldstart_diag_test.go:486: SUMMARY mode=prespawned  source=startup n=2 spooled=0 noup=0 multi-daemon-rows=0 spawn-stalls>1s=0 sswall p50=2082ms p90=2082ms max=2371ms overhead p50=271ms max=368ms wall p50=2311ms p90=2311ms max=2794ms presend p50=154ms max=253ms up p50=2220ms max=2545ms answers=map[probe:2]
    zz_w5_coldstart_diag_test.go:486: SUMMARY mode=prespawned  source=resume  n=2 spooled=0 noup=0 multi-daemon-rows=0 spawn-stalls>1s=0 sswall p50=1828ms p90=1828ms max=1945ms overhead p50=235ms max=336ms wall p50=2306ms p90=2306ms max=2370ms presend p50=153ms max=381ms up p50=2142ms max=2202ms answers=map[probe:2]
    zz_w5_coldstart_diag_test.go:486: SUMMARY mode=prespawned  source=compact n=2 spooled=0 noup=0 multi-daemon-rows=0 spawn-stalls>1s=0 sswall p50=973ms p90=973ms max=1164ms overhead p50=74ms max=112ms wall p50=1098ms p90=1098ms max=1291ms presend p50=152ms max=411ms up p50=923ms max=1155ms answers=map[rehydration+probe:2]
--- PASS: TestZZW5_ColdStart (133.59s)
PASS
ok  	github.com/qompack/qompack/test/e2e	134.110s
exit=0
== load at end: cpu_load_pct=90 go_test_qompack_procs=7 ended_utc=2026-09-27T18:35:29Z
