== round 3 tree after (24eae18) started_utc=2026-09-27T18:27:55Z
== load at start: cpu_load_pct=91 go_test_qompack_procs=11
== ZZ_CPU_COLOAD=1 ZZ_CPU_SPINNERS=8 ZZ_ITERS=2 timeout 1200 go test ./test/e2e/ -run '^TestZZW5_ColdStart$' -count=1 -v -timeout=18m
=== RUN   TestZZW5_ColdStart
    zz_w5_coldstart_diag_test.go:425: GOOS=windows NumCPU=22 cpu-coload="1" spinners=8 fsync=0 iters=2 up="marks"
    zz_w5_coldstart_diag_test.go:441: ROW mode=unstaged    source=startup i=0 wall=  676ms sswall=  676ms overhead= 358ms presend=  201ms dialable=  529ms stall=   9ms up=  577ms(ok=true) spooled=false daemons=1 leaseOK=1 lockHeld=0 answer=probe                                    probe_minted=true  sessions=1 mode=full drop=""
    zz_w5_coldstart_diag_test.go:441: ROW mode=unstaged    source=startup i=1 wall=  346ms sswall=  346ms overhead=  81ms presend=  150ms dialable=  207ms stall=   9ms up=  237ms(ok=true) spooled=false daemons=1 leaseOK=1 lockHeld=0 answer=probe                                    probe_minted=true  sessions=1 mode=full drop=""
    zz_w5_coldstart_diag_test.go:441: ROW mode=unstaged    source=resume  i=0 wall=  413ms sswall=  413ms overhead=  81ms presend=  176ms dialable=  246ms stall=  10ms up=  306ms(ok=true) spooled=false daemons=1 leaseOK=1 lockHeld=0 answer=probe                                    probe_minted=true  sessions=1 mode=full drop=""
    zz_w5_coldstart_diag_test.go:441: ROW mode=unstaged    source=resume  i=1 wall=  490ms sswall=  490ms overhead=  88ms presend=  285ms dialable=  333ms stall=  13ms up=  380ms(ok=true) spooled=false daemons=1 leaseOK=1 lockHeld=0 answer=probe                                    probe_minted=true  sessions=1 mode=full drop=""
    zz_w5_coldstart_diag_test.go:441: ROW mode=unstaged    source=compact i=0 wall=  619ms sswall=  619ms overhead=  68ms presend=  251ms dialable=  314ms stall=  10ms up=  494ms(ok=true) spooled=false daemons=1 leaseOK=1 lockHeld=0 answer=rehydration+probe                        probe_minted=true  sessions=2 mode=full drop="pointer_git_unavailable:checkpoint: no .git at the project root"
    zz_w5_coldstart_diag_test.go:441: ROW mode=unstaged    source=compact i=1 wall=  793ms sswall=  793ms overhead= 113ms presend=  365ms dialable=  457ms stall=   9ms up=  658ms(ok=true) spooled=false daemons=1 leaseOK=1 lockHeld=0 answer=rehydration+probe                        probe_minted=true  sessions=2 mode=full drop="pointer_git_unavailable:checkpoint: no .git at the project root"
    zz_w5_coldstart_diag_test.go:441: ROW mode=staged-cold source=startup i=0 wall= 1050ms sswall= 1050ms overhead= 324ms presend=  551ms dialable=  843ms stall= 102ms up=  921ms(ok=true) spooled=false daemons=1 leaseOK=1 lockHeld=0 answer=probe                                    probe_minted=true  sessions=1 mode=full drop=""
    zz_w5_coldstart_diag_test.go:441: ROW mode=staged-cold source=startup i=1 wall= 1517ms sswall= 1517ms overhead= 376ms presend=  590ms dialable=  935ms stall= 115ms up= 1289ms(ok=true) spooled=false daemons=1 leaseOK=1 lockHeld=0 answer=probe                                    probe_minted=true  sessions=1 mode=full drop=""
    zz_w5_coldstart_diag_test.go:441: ROW mode=staged-cold source=resume  i=0 wall= 1330ms sswall= 1330ms overhead= 507ms presend=  576ms dialable= 1059ms stall= 125ms up= 1151ms(ok=true) spooled=false daemons=1 leaseOK=1 lockHeld=0 answer=probe                                    probe_minted=true  sessions=1 mode=full drop=""
    zz_w5_coldstart_diag_test.go:441: ROW mode=staged-cold source=resume  i=1 wall= 1506ms sswall= 1506ms overhead= 814ms presend=  552ms dialable= 1340ms stall= 134ms up= 1382ms(ok=true) spooled=false daemons=1 leaseOK=1 lockHeld=0 answer=probe                                    probe_minted=true  sessions=1 mode=full drop=""
    zz_w5_coldstart_diag_test.go:441: ROW mode=staged-cold source=compact i=0 wall= 2195ms sswall= 2195ms overhead= 153ms presend= 1354ms dialable= 1442ms stall= 292ms up= 1760ms(ok=true) spooled=false daemons=1 leaseOK=1 lockHeld=0 answer=rehydration+probe                        probe_minted=true  sessions=2 mode=full drop="pointer_git_unavailable:checkpoint: no .git at the project root"
    zz_w5_coldstart_diag_test.go:441: ROW mode=staged-cold source=compact i=1 wall= 1337ms sswall= 1337ms overhead= 107ms presend=  855ms dialable=  911ms stall=  90ms up= 1112ms(ok=true) spooled=false daemons=1 leaseOK=1 lockHeld=0 answer=rehydration+probe                        probe_minted=true  sessions=2 mode=full drop="pointer_git_unavailable:checkpoint: no .git at the project root"
    zz_w5_coldstart_diag_test.go:441: ROW mode=staged-warm source=startup i=0 wall=  642ms sswall=  642ms overhead=  91ms presend=  454ms dialable=  526ms stall=  13ms up=  560ms(ok=true) spooled=false daemons=1 leaseOK=1 lockHeld=0 answer=probe                                    probe_minted=true  sessions=1 mode=full drop=""
    zz_w5_coldstart_diag_test.go:441: ROW mode=staged-warm source=startup i=1 wall=  427ms sswall=  427ms overhead=  76ms presend=  251ms dialable=  303ms stall=  21ms up=  340ms(ok=true) spooled=false daemons=1 leaseOK=1 lockHeld=0 answer=probe                                    probe_minted=true  sessions=1 mode=full drop=""
    zz_w5_coldstart_diag_test.go:441: ROW mode=staged-warm source=resume  i=0 wall=  731ms sswall=  731ms overhead= 110ms presend=  482ms dialable=  530ms stall=  16ms up=  575ms(ok=true) spooled=false daemons=1 leaseOK=1 lockHeld=0 answer=probe                                    probe_minted=true  sessions=1 mode=full drop=""
    zz_w5_coldstart_diag_test.go:441: ROW mode=staged-warm source=resume  i=1 wall=  583ms sswall=  583ms overhead= 101ms presend=  376ms dialable=  442ms stall=  21ms up=  493ms(ok=true) spooled=false daemons=1 leaseOK=1 lockHeld=0 answer=probe                                    probe_minted=true  sessions=1 mode=full drop=""
    zz_w5_coldstart_diag_test.go:441: ROW mode=staged-warm source=compact i=0 wall= 1376ms sswall= 1376ms overhead=  80ms presend=  904ms dialable=  970ms stall=  12ms up= 1226ms(ok=true) spooled=false daemons=1 leaseOK=1 lockHeld=0 answer=rehydration+probe                        probe_minted=true  sessions=2 mode=full drop="pointer_git_unavailable:checkpoint: no .git at the project root"
    zz_w5_coldstart_diag_test.go:441: ROW mode=staged-warm source=compact i=1 wall= 1122ms sswall= 1122ms overhead= 115ms presend=  502ms dialable=  594ms stall=  14ms up=  860ms(ok=true) spooled=false daemons=1 leaseOK=1 lockHeld=0 answer=rehydration+probe                        probe_minted=true  sessions=2 mode=full drop="pointer_git_unavailable:checkpoint: no .git at the project root"
    zz_w5_coldstart_diag_test.go:441: ROW mode=prespawned  source=startup i=0 wall= 1272ms sswall= 1008ms overhead= 205ms presend=   46ms dialable=  456ms stall=  32ms up= 1156ms(ok=true) spooled=false daemons=1 leaseOK=1 lockHeld=0 answer=probe                                    probe_minted=true  sessions=1 mode=full drop=""
    zz_w5_coldstart_diag_test.go:441: ROW mode=prespawned  source=startup i=1 wall= 1762ms sswall= 1577ms overhead= 137ms presend=  426ms dialable=  709ms stall=  13ms up= 1579ms(ok=true) spooled=false daemons=1 leaseOK=1 lockHeld=0 answer=probe                                    probe_minted=true  sessions=1 mode=full drop=""
    zz_w5_coldstart_diag_test.go:441: ROW mode=prespawned  source=resume  i=0 wall= 1401ms sswall= 1158ms overhead=  88ms presend=  103ms dialable=  410ms stall=  12ms up= 1285ms(ok=true) spooled=false daemons=1 leaseOK=1 lockHeld=0 answer=probe                                    probe_minted=true  sessions=1 mode=full drop=""
    zz_w5_coldstart_diag_test.go:441: ROW mode=prespawned  source=resume  i=1 wall= 1057ms sswall=  923ms overhead=  87ms presend=   76ms dialable=  278ms stall=  10ms up=  931ms(ok=true) spooled=false daemons=1 leaseOK=1 lockHeld=0 answer=probe                                    probe_minted=true  sessions=1 mode=full drop=""
    zz_w5_coldstart_diag_test.go:441: ROW mode=prespawned  source=compact i=0 wall= 1400ms sswall= 1249ms overhead=  92ms presend=  202ms dialable=  416ms stall=  21ms up= 1231ms(ok=true) spooled=false daemons=1 leaseOK=1 lockHeld=0 answer=rehydration+probe                        probe_minted=true  sessions=2 mode=full drop="pointer_git_unavailable:checkpoint: no .git at the project root"
    zz_w5_coldstart_diag_test.go:441: ROW mode=prespawned  source=compact i=1 wall= 1111ms sswall=  947ms overhead= 134ms presend=  128ms dialable=  406ms stall=  22ms up=  955ms(ok=true) spooled=false daemons=1 leaseOK=1 lockHeld=0 answer=rehydration+probe                        probe_minted=true  sessions=2 mode=full drop="pointer_git_unavailable:checkpoint: no .git at the project root"
    zz_w5_coldstart_diag_test.go:486: SUMMARY mode=unstaged    source=startup n=2 spooled=0 noup=0 multi-daemon-rows=0 spawn-stalls>1s=0 sswall p50=346ms p90=346ms max=676ms overhead p50=81ms max=358ms wall p50=346ms p90=346ms max=676ms presend p50=150ms max=201ms up p50=237ms max=577ms answers=map[probe:2]
    zz_w5_coldstart_diag_test.go:486: SUMMARY mode=unstaged    source=resume  n=2 spooled=0 noup=0 multi-daemon-rows=0 spawn-stalls>1s=0 sswall p50=413ms p90=413ms max=490ms overhead p50=81ms max=88ms wall p50=413ms p90=413ms max=490ms presend p50=176ms max=285ms up p50=306ms max=380ms answers=map[probe:2]
    zz_w5_coldstart_diag_test.go:486: SUMMARY mode=unstaged    source=compact n=2 spooled=0 noup=0 multi-daemon-rows=0 spawn-stalls>1s=0 sswall p50=619ms p90=619ms max=793ms overhead p50=68ms max=113ms wall p50=619ms p90=619ms max=793ms presend p50=251ms max=365ms up p50=494ms max=658ms answers=map[rehydration+probe:2]
    zz_w5_coldstart_diag_test.go:486: SUMMARY mode=staged-cold source=startup n=2 spooled=0 noup=0 multi-daemon-rows=0 spawn-stalls>1s=0 sswall p50=1050ms p90=1050ms max=1517ms overhead p50=324ms max=376ms wall p50=1050ms p90=1050ms max=1517ms presend p50=551ms max=590ms up p50=921ms max=1289ms answers=map[probe:2]
    zz_w5_coldstart_diag_test.go:486: SUMMARY mode=staged-cold source=resume  n=2 spooled=0 noup=0 multi-daemon-rows=0 spawn-stalls>1s=0 sswall p50=1330ms p90=1330ms max=1506ms overhead p50=507ms max=814ms wall p50=1330ms p90=1330ms max=1506ms presend p50=552ms max=576ms up p50=1151ms max=1382ms answers=map[probe:2]
    zz_w5_coldstart_diag_test.go:486: SUMMARY mode=staged-cold source=compact n=2 spooled=0 noup=0 multi-daemon-rows=0 spawn-stalls>1s=0 sswall p50=1337ms p90=1337ms max=2195ms overhead p50=107ms max=153ms wall p50=1337ms p90=1337ms max=2195ms presend p50=855ms max=1354ms up p50=1112ms max=1760ms answers=map[rehydration+probe:2]
    zz_w5_coldstart_diag_test.go:486: SUMMARY mode=staged-warm source=startup n=2 spooled=0 noup=0 multi-daemon-rows=0 spawn-stalls>1s=0 sswall p50=427ms p90=427ms max=642ms overhead p50=76ms max=91ms wall p50=427ms p90=427ms max=642ms presend p50=251ms max=454ms up p50=340ms max=560ms answers=map[probe:2]
    zz_w5_coldstart_diag_test.go:486: SUMMARY mode=staged-warm source=resume  n=2 spooled=0 noup=0 multi-daemon-rows=0 spawn-stalls>1s=0 sswall p50=583ms p90=583ms max=731ms overhead p50=101ms max=110ms wall p50=583ms p90=583ms max=731ms presend p50=376ms max=482ms up p50=493ms max=575ms answers=map[probe:2]
    zz_w5_coldstart_diag_test.go:486: SUMMARY mode=staged-warm source=compact n=2 spooled=0 noup=0 multi-daemon-rows=0 spawn-stalls>1s=0 sswall p50=1122ms p90=1122ms max=1376ms overhead p50=80ms max=115ms wall p50=1122ms p90=1122ms max=1376ms presend p50=502ms max=904ms up p50=860ms max=1226ms answers=map[rehydration+probe:2]
    zz_w5_coldstart_diag_test.go:486: SUMMARY mode=prespawned  source=startup n=2 spooled=0 noup=0 multi-daemon-rows=0 spawn-stalls>1s=0 sswall p50=1008ms p90=1008ms max=1577ms overhead p50=137ms max=205ms wall p50=1272ms p90=1272ms max=1762ms presend p50=46ms max=426ms up p50=1156ms max=1579ms answers=map[probe:2]
    zz_w5_coldstart_diag_test.go:486: SUMMARY mode=prespawned  source=resume  n=2 spooled=0 noup=0 multi-daemon-rows=0 spawn-stalls>1s=0 sswall p50=923ms p90=923ms max=1158ms overhead p50=87ms max=88ms wall p50=1057ms p90=1057ms max=1401ms presend p50=76ms max=103ms up p50=931ms max=1285ms answers=map[probe:2]
    zz_w5_coldstart_diag_test.go:486: SUMMARY mode=prespawned  source=compact n=2 spooled=0 noup=0 multi-daemon-rows=0 spawn-stalls>1s=0 sswall p50=947ms p90=947ms max=1249ms overhead p50=92ms max=134ms wall p50=1111ms p90=1111ms max=1400ms presend p50=128ms max=202ms up p50=955ms max=1231ms answers=map[rehydration+probe:2]
--- PASS: TestZZW5_ColdStart (122.99s)
PASS
ok  	github.com/qompack/qompack/test/e2e	123.522s
exit=0
== load at end: cpu_load_pct=57 go_test_qompack_procs=13 ended_utc=2026-09-27T18:30:45Z
