=== RUN   TestV5_EveryContractAssertionHasARealProducer
=== RUN   TestV5_EveryContractAssertionHasARealProducer/full_composition_records_per_capability_evidence
=== RUN   TestV5_EveryContractAssertionHasARealProducer/full_composition_records_per_capability_evidence/self_test_reads_the_same_ids_and_writes_no_evidence
=== RUN   TestV5_EveryContractAssertionHasARealProducer/negative_control_severed_delivery_is_failed_and_loud
=== RUN   TestV5_EveryContractAssertionHasARealProducer/observer_only_composition_declares_a_different_producer_set
--- PASS: TestV5_EveryContractAssertionHasARealProducer (7.33s)
    --- PASS: TestV5_EveryContractAssertionHasARealProducer/full_composition_records_per_capability_evidence (3.48s)
        --- PASS: TestV5_EveryContractAssertionHasARealProducer/full_composition_records_per_capability_evidence/self_test_reads_the_same_ids_and_writes_no_evidence (0.03s)
    --- PASS: TestV5_EveryContractAssertionHasARealProducer/negative_control_severed_delivery_is_failed_and_loud (2.15s)
    --- PASS: TestV5_EveryContractAssertionHasARealProducer/observer_only_composition_declares_a_different_producer_set (1.70s)
=== RUN   TestV5_DegradedPassiveIsStillCorrectWithEverySubsystemPresent
=== RUN   TestV5_DegradedPassiveIsStillCorrectWithEverySubsystemPresent/full_reference
=== RUN   TestV5_DegradedPassiveIsStillCorrectWithEverySubsystemPresent/degraded
=== RUN   TestV5_DegradedPassiveIsStillCorrectWithEverySubsystemPresent/daemon_disabled
=== RUN   TestV5_DegradedPassiveIsStillCorrectWithEverySubsystemPresent/admission_switch_refused
    v5_x15_test.go:611: testutil: configuration warning: key="runtime.migration.replacement.newResult" invalid value, using default: true not in false (C:\Users\Quant\AppData\Local\Temp\TestV5_DegradedPassiveIsStillCorrectWithEverySubsystemPresentad4064796690\002\project\.qompack\config.json:1)
    v5_x15_test.go:648: v5 §4.15: runtime.migration.replacement.newResult refused by gate "M4 admission (T21 pipeline, pass-through and recovery)" (SP-21)
=== RUN   TestV5_DegradedPassiveIsStillCorrectWithEverySubsystemPresent/config_corrupt_refuses_capture
--- PASS: TestV5_DegradedPassiveIsStillCorrectWithEverySubsystemPresent (8.37s)
    --- PASS: TestV5_DegradedPassiveIsStillCorrectWithEverySubsystemPresent/full_reference (0.33s)
    --- PASS: TestV5_DegradedPassiveIsStillCorrectWithEverySubsystemPresent/degraded (1.99s)
    --- PASS: TestV5_DegradedPassiveIsStillCorrectWithEverySubsystemPresent/daemon_disabled (4.32s)
    --- PASS: TestV5_DegradedPassiveIsStillCorrectWithEverySubsystemPresent/admission_switch_refused (0.15s)
    --- PASS: TestV5_DegradedPassiveIsStillCorrectWithEverySubsystemPresent/config_corrupt_refuses_capture (1.57s)
PASS
ok  	github.com/qompack/qompack/test/e2e	15.983s
