# TestObservePromptBlockingVariantTimesOut failed once in runs/07 (1.83 s against 1 s, a wall-clock row). Re-run alone, -count=10 each, HEAD then base (git archive 6aff949), Windows; machine co-loaded by other workstreams and this lane's Linux container run
## HEAD c3e3519: go test ./internal/daemon -run '^TestObservePromptBlockingVariantTimesOut$' -count=10 -v
=== RUN   TestObservePromptBlockingVariantTimesOut
=== PAUSE TestObservePromptBlockingVariantTimesOut
=== CONT  TestObservePromptBlockingVariantTimesOut
--- PASS: TestObservePromptBlockingVariantTimesOut (0.28s)
=== RUN   TestObservePromptBlockingVariantTimesOut
=== PAUSE TestObservePromptBlockingVariantTimesOut
=== CONT  TestObservePromptBlockingVariantTimesOut
--- PASS: TestObservePromptBlockingVariantTimesOut (0.28s)
=== RUN   TestObservePromptBlockingVariantTimesOut
=== PAUSE TestObservePromptBlockingVariantTimesOut
=== CONT  TestObservePromptBlockingVariantTimesOut
--- PASS: TestObservePromptBlockingVariantTimesOut (0.28s)
=== RUN   TestObservePromptBlockingVariantTimesOut
=== PAUSE TestObservePromptBlockingVariantTimesOut
=== CONT  TestObservePromptBlockingVariantTimesOut
--- PASS: TestObservePromptBlockingVariantTimesOut (0.28s)
=== RUN   TestObservePromptBlockingVariantTimesOut
=== PAUSE TestObservePromptBlockingVariantTimesOut
=== CONT  TestObservePromptBlockingVariantTimesOut
--- PASS: TestObservePromptBlockingVariantTimesOut (0.29s)
=== RUN   TestObservePromptBlockingVariantTimesOut
=== PAUSE TestObservePromptBlockingVariantTimesOut
=== CONT  TestObservePromptBlockingVariantTimesOut
--- PASS: TestObservePromptBlockingVariantTimesOut (0.28s)
=== RUN   TestObservePromptBlockingVariantTimesOut
=== PAUSE TestObservePromptBlockingVariantTimesOut
=== CONT  TestObservePromptBlockingVariantTimesOut
--- PASS: TestObservePromptBlockingVariantTimesOut (0.28s)
=== RUN   TestObservePromptBlockingVariantTimesOut
=== PAUSE TestObservePromptBlockingVariantTimesOut
=== CONT  TestObservePromptBlockingVariantTimesOut
--- PASS: TestObservePromptBlockingVariantTimesOut (0.28s)
=== RUN   TestObservePromptBlockingVariantTimesOut
=== PAUSE TestObservePromptBlockingVariantTimesOut
=== CONT  TestObservePromptBlockingVariantTimesOut
--- PASS: TestObservePromptBlockingVariantTimesOut (0.28s)
=== RUN   TestObservePromptBlockingVariantTimesOut
=== PAUSE TestObservePromptBlockingVariantTimesOut
=== CONT  TestObservePromptBlockingVariantTimesOut
--- PASS: TestObservePromptBlockingVariantTimesOut (0.29s)
PASS
ok  	github.com/qompack/qompack/internal/daemon	3.072s
exit=0
## base 6aff949: same command
=== RUN   TestObservePromptBlockingVariantTimesOut
=== PAUSE TestObservePromptBlockingVariantTimesOut
=== CONT  TestObservePromptBlockingVariantTimesOut
--- PASS: TestObservePromptBlockingVariantTimesOut (0.29s)
=== RUN   TestObservePromptBlockingVariantTimesOut
=== PAUSE TestObservePromptBlockingVariantTimesOut
=== CONT  TestObservePromptBlockingVariantTimesOut
--- PASS: TestObservePromptBlockingVariantTimesOut (0.28s)
=== RUN   TestObservePromptBlockingVariantTimesOut
=== PAUSE TestObservePromptBlockingVariantTimesOut
=== CONT  TestObservePromptBlockingVariantTimesOut
--- PASS: TestObservePromptBlockingVariantTimesOut (0.28s)
=== RUN   TestObservePromptBlockingVariantTimesOut
=== PAUSE TestObservePromptBlockingVariantTimesOut
=== CONT  TestObservePromptBlockingVariantTimesOut
--- PASS: TestObservePromptBlockingVariantTimesOut (0.28s)
=== RUN   TestObservePromptBlockingVariantTimesOut
=== PAUSE TestObservePromptBlockingVariantTimesOut
=== CONT  TestObservePromptBlockingVariantTimesOut
--- PASS: TestObservePromptBlockingVariantTimesOut (0.29s)
=== RUN   TestObservePromptBlockingVariantTimesOut
=== PAUSE TestObservePromptBlockingVariantTimesOut
=== CONT  TestObservePromptBlockingVariantTimesOut
--- PASS: TestObservePromptBlockingVariantTimesOut (0.29s)
=== RUN   TestObservePromptBlockingVariantTimesOut
=== PAUSE TestObservePromptBlockingVariantTimesOut
=== CONT  TestObservePromptBlockingVariantTimesOut
--- PASS: TestObservePromptBlockingVariantTimesOut (0.28s)
=== RUN   TestObservePromptBlockingVariantTimesOut
=== PAUSE TestObservePromptBlockingVariantTimesOut
=== CONT  TestObservePromptBlockingVariantTimesOut
--- PASS: TestObservePromptBlockingVariantTimesOut (0.28s)
=== RUN   TestObservePromptBlockingVariantTimesOut
=== PAUSE TestObservePromptBlockingVariantTimesOut
=== CONT  TestObservePromptBlockingVariantTimesOut
--- PASS: TestObservePromptBlockingVariantTimesOut (0.29s)
=== RUN   TestObservePromptBlockingVariantTimesOut
=== PAUSE TestObservePromptBlockingVariantTimesOut
=== CONT  TestObservePromptBlockingVariantTimesOut
--- PASS: TestObservePromptBlockingVariantTimesOut (0.27s)
PASS
ok  	github.com/qompack/qompack/internal/daemon	3.136s
exit=0
