ts=2026-10-07T18:09:38.9533048Z level=info msg="scheduler: idle work registered" tasks="[act.advance_frontier precompute_slice refresh_delta rebuild_bloom compact_dag gc]" maintainer=false
ts=2026-10-07T18:09:39.0595756Z level=info msg="observer: session registered" session=136c8d3d-f2b4-4890-856d-0ae18349d674 source=startup turn=0 segment=1
ts=2026-10-07T18:09:39.0601379Z level=info msg="scheduler: session bound" session=136c8d3d-f2b4-4890-856d-0ae18349d674 effective_window=180000 max_output=32000 window_source=1 host_trigger_absent=false regime=unknown changepoints=0
ts=2026-10-07T18:09:46.9032638Z level=warn msg="configuration warning" key=runtime.migration message="settingsVersion 99 is newer than this build understands (1); the whole runtime.migration block is reset to defaults so unknown switches stay off"
ts=2026-10-07T18:09:48.0010988Z level=loud msg="daemon: config reload warning" key=runtime.migration message="settingsVersion 99 is newer than this build understands (1); the whole runtime.migration block is reset to defaults so unknown switches stay off" location=<scratch>\resilience\c8\c49b\proj\.qompack\config.json:1
ts=2026-10-07T18:09:48.2032709Z level=warn msg="configuration warning" key=runtime.migration message="settingsVersion 99 is newer than this build understands (1); the whole runtime.migration block is reset to defaults so unknown switches stay off"
ts=2026-10-07T18:09:49.4319528Z level=warn msg="configuration warning" key=runtime.migration message="settingsVersion 99 is newer than this build understands (1); the whole runtime.migration block is reset to defaults so unknown switches stay off"
ts=2026-10-07T18:09:54.5564011Z level=warn msg="configuration warning" key=runtime.migration message="settingsVersion 99 is newer than this build understands (1); the whole runtime.migration block is reset to defaults so unknown switches stay off" location=<scratch>\resilience\c8\c49b\proj\.qompack\config.json:1
ts=2026-10-07T18:09:54.7371527Z level=warn msg="configuration warning" key=runtime.migration message="settingsVersion 99 is newer than this build understands (1); the whole runtime.migration block is reset to defaults so unknown switches stay off"
ts=2026-10-07T18:10:04.3780496Z level=warn msg="configuration warning" key=runtime.migration message="settingsVersion 99 is newer than this build understands (1); the whole runtime.migration block is reset to defaults so unknown switches stay off"
ts=2026-10-07T18:10:05.9985808Z level=warn msg="configuration warning" key=runtime.migration message="settingsVersion 99 is newer than this build understands (1); the whole runtime.migration block is reset to defaults so unknown switches stay off"
ts=2026-10-07T18:10:07.5625584Z level=warn msg="configuration warning" key=runtime.migration message="settingsVersion 99 is newer than this build understands (1); the whole runtime.migration block is reset to defaults so unknown switches stay off"
ts=2026-10-07T18:10:08.6180762Z level=warn msg="configuration warning" key=runtime.migration message="settingsVersion 99 is newer than this build understands (1); the whole runtime.migration block is reset to defaults so unknown switches stay off"
ts=2026-10-07T18:10:10.2406532Z level=warn msg="configuration warning" key=runtime.migration message="settingsVersion 99 is newer than this build understands (1); the whole runtime.migration block is reset to defaults so unknown switches stay off"
ts=2026-10-07T18:10:12.2462755Z level=warn msg="configuration warning" key=runtime.migration message="settingsVersion 99 is newer than this build understands (1); the whole runtime.migration block is reset to defaults so unknown switches stay off"
ts=2026-10-07T18:10:13.5189283Z level=warn msg="configuration warning" key=runtime.migration message="settingsVersion 99 is newer than this build understands (1); the whole runtime.migration block is reset to defaults so unknown switches stay off"
ts=2026-10-07T18:10:16.5695509Z level=warn msg="configuration warning" key=runtime.migration message="settingsVersion 99 is newer than this build understands (1); the whole runtime.migration block is reset to defaults so unknown switches stay off"
ts=2026-10-07T18:10:18.3739903Z level=warn msg="configuration warning" key=runtime.migration message="settingsVersion 99 is newer than this build understands (1); the whole runtime.migration block is reset to defaults so unknown switches stay off" location=<scratch>\resilience\c8\c49b\proj\.qompack\config.json:1
ts=2026-10-07T18:10:18.611774Z level=warn msg="configuration warning" key=runtime.migration message="settingsVersion 99 is newer than this build understands (1); the whole runtime.migration block is reset to defaults so unknown switches stay off"
ts=2026-10-07T18:10:27.6967635Z level=warn msg="configuration warning" key=runtime.migration message="settingsVersion 99 is newer than this build understands (1); the whole runtime.migration block is reset to defaults so unknown switches stay off"
ts=2026-10-07T18:10:29.2513092Z level=warn msg="configuration warning" key=runtime.migration message="settingsVersion 99 is newer than this build understands (1); the whole runtime.migration block is reset to defaults so unknown switches stay off"
ts=2026-10-07T18:10:29.5485436Z level=info msg="observer: gc" scanned=15 deleted=0 freed=0 truncated=false
ts=2026-10-07T18:11:11.1977051Z level=loud msg="configuration block reset to defaults" key=runtime.migration message="settingsVersion 99 is newer than this build understands (1); the whole runtime.migration block is reset to defaults so unknown switches stay off" location=<scratch>\resilience\c8\c49b\proj\.qompack\config.json:1
ts=2026-10-07T18:11:11.2220688Z level=info msg="scheduler: idle work registered" tasks="[act.advance_frontier precompute_slice refresh_delta rebuild_bloom compact_dag gc]" maintainer=false
ts=2026-10-07T18:12:02.1584988Z level=warn msg="configuration warning" key=runtime.migration message="settingsVersion 99 is newer than this build understands (1); the whole runtime.migration block is reset to defaults so unknown switches stay off" location=<scratch>\resilience\c8\c49b\proj\.qompack\config.json:1
ts=2026-10-07T18:12:02.2665097Z level=warn msg="configuration warning" key=runtime.migration message="settingsVersion 99 is newer than this build understands (1); the whole runtime.migration block is reset to defaults so unknown switches stay off"
ts=2026-10-07T18:12:02.3116318Z level=loud msg="configuration block reset to defaults" key=runtime.migration message="settingsVersion 99 is newer than this build understands (1); the whole runtime.migration block is reset to defaults so unknown switches stay off" location=<scratch>\resilience\c8\c49b\proj\.qompack\config.json:1
ts=2026-10-07T18:12:02.3339724Z level=info msg="scheduler: idle work registered" tasks="[act.advance_frontier precompute_slice refresh_delta rebuild_bloom compact_dag gc]" maintainer=false
ts=2026-10-07T18:12:02.4165955Z level=info msg="observer: session registered" session=980c0587-a6fb-468d-9a34-df3fbb073568 source=startup turn=0 segment=2
ts=2026-10-07T18:12:02.4171102Z level=info msg="scheduler: state from another session discarded" path=<scratch>\resilience\c8\c49b\proj\.qompack\state\bocd.json file_session=136c8d3d-f2b4-4890-856d-0ae18349d674 session=980c0587-a6fb-468d-9a34-df3fbb073568
ts=2026-10-07T18:12:02.4186005Z level=info msg="scheduler: state from another session discarded" path=<scratch>\resilience\c8\c49b\proj\.qompack\state\scheduler.json file_session=136c8d3d-f2b4-4890-856d-0ae18349d674 session=980c0587-a6fb-468d-9a34-df3fbb073568
ts=2026-10-07T18:12:02.4186005Z level=info msg="scheduler: session bound" session=980c0587-a6fb-468d-9a34-df3fbb073568 effective_window=180000 max_output=32000 window_source=1 host_trigger_absent=false regime=unknown changepoints=0
ts=2026-10-07T18:12:03.3191766Z level=warn msg="configuration warning" key=runtime.migration message="settingsVersion 99 is newer than this build understands (1); the whole runtime.migration block is reset to defaults so unknown switches stay off"
ts=2026-10-07T18:12:05.4308308Z level=warn msg="configuration warning" key=runtime.migration message="settingsVersion 99 is newer than this build understands (1); the whole runtime.migration block is reset to defaults so unknown switches stay off"
ts=2026-10-07T18:12:06.8374891Z level=warn msg="configuration warning" key=runtime.migration message="settingsVersion 99 is newer than this build understands (1); the whole runtime.migration block is reset to defaults so unknown switches stay off"
ts=2026-10-07T18:12:08.4164893Z level=warn msg="configuration warning" key=runtime.migration message="settingsVersion 99 is newer than this build understands (1); the whole runtime.migration block is reset to defaults so unknown switches stay off"
ts=2026-10-07T18:12:09.8269838Z level=warn msg="configuration warning" key=runtime.migration message="settingsVersion 99 is newer than this build understands (1); the whole runtime.migration block is reset to defaults so unknown switches stay off"
ts=2026-10-07T18:12:10.8739201Z level=warn msg="configuration warning" key=runtime.migration message="settingsVersion 99 is newer than this build understands (1); the whole runtime.migration block is reset to defaults so unknown switches stay off"
ts=2026-10-07T18:12:16.1731258Z level=warn msg="configuration warning" key=runtime.migration message="settingsVersion 99 is newer than this build understands (1); the whole runtime.migration block is reset to defaults so unknown switches stay off" location=<scratch>\resilience\c8\c49b\proj\.qompack\config.json:1
ts=2026-10-07T18:12:16.3340044Z level=warn msg="configuration warning" key=runtime.migration message="settingsVersion 99 is newer than this build understands (1); the whole runtime.migration block is reset to defaults so unknown switches stay off"
ts=2026-10-07T18:12:26.2141839Z level=warn msg="configuration warning" key=runtime.migration message="settingsVersion 99 is newer than this build understands (1); the whole runtime.migration block is reset to defaults so unknown switches stay off"
ts=2026-10-07T18:12:27.7505512Z level=warn msg="configuration warning" key=runtime.migration message="settingsVersion 99 is newer than this build understands (1); the whole runtime.migration block is reset to defaults so unknown switches stay off"
ts=2026-10-07T18:12:29.7113551Z level=warn msg="configuration warning" key=runtime.migration message="settingsVersion 99 is newer than this build understands (1); the whole runtime.migration block is reset to defaults so unknown switches stay off"
ts=2026-10-07T18:12:31.2310829Z level=warn msg="configuration warning" key=runtime.migration message="settingsVersion 99 is newer than this build understands (1); the whole runtime.migration block is reset to defaults so unknown switches stay off"
ts=2026-10-07T18:12:33.1938742Z level=warn msg="configuration warning" key=runtime.migration message="settingsVersion 99 is newer than this build understands (1); the whole runtime.migration block is reset to defaults so unknown switches stay off"
ts=2026-10-07T18:12:34.6266643Z level=warn msg="configuration warning" key=runtime.migration message="settingsVersion 99 is newer than this build understands (1); the whole runtime.migration block is reset to defaults so unknown switches stay off"
ts=2026-10-07T18:12:36.3431856Z level=warn msg="configuration warning" key=runtime.migration message="settingsVersion 99 is newer than this build understands (1); the whole runtime.migration block is reset to defaults so unknown switches stay off"
ts=2026-10-07T18:12:37.46211Z level=warn msg="configuration warning" key=runtime.migration message="settingsVersion 99 is newer than this build understands (1); the whole runtime.migration block is reset to defaults so unknown switches stay off"
ts=2026-10-07T18:12:38.850369Z level=warn msg="configuration warning" key=runtime.migration message="settingsVersion 99 is newer than this build understands (1); the whole runtime.migration block is reset to defaults so unknown switches stay off"
ts=2026-10-07T18:12:39.138283Z level=info msg="observer: gc" scanned=24 deleted=0 freed=0 truncated=false
ts=2026-10-07T18:13:35.9069398Z level=loud msg="configuration block reset to defaults" key=runtime.migration message="settingsVersion 99 is newer than this build understands (1); the whole runtime.migration block is reset to defaults so unknown switches stay off" location=<scratch>\resilience\c8\c49b\proj\.qompack\config.json:1
ts=2026-10-07T18:13:35.938378Z level=info msg="scheduler: idle work registered" tasks="[act.advance_frontier precompute_slice refresh_delta rebuild_bloom compact_dag gc]" maintainer=false
