ts=2026-10-02T19:53:25.4686365Z level=info msg="scheduler: idle work registered" tasks="[act.advance_frontier precompute_slice refresh_delta rebuild_bloom compact_dag gc]" maintainer=false
ts=2026-10-02T19:53:25.5133031Z level=info msg="observer: session registered" session=9044b24c-1ffa-4440-af86-602b464dc816 source=startup turn=0 segment=1
ts=2026-10-02T19:53:25.5133031Z level=info msg="scheduler: session bound" session=9044b24c-1ffa-4440-af86-602b464dc816 effective_window=180000 max_output=32000 window_source=1 host_trigger_absent=false regime=unknown changepoints=0
ts=2026-10-02T19:53:39.3825648Z level=info msg="scheduler: idle work registered" tasks="[act.advance_frontier precompute_slice refresh_delta rebuild_bloom compact_dag gc]" maintainer=false
ts=2026-10-02T19:53:39.3836174Z level=info msg="daemon: took over the project from a daemon that ended without releasing its lock" pid=80972 version=0.3.0 started=2026-10-02T19:53:25Z
ts=2026-10-02T19:53:39.5247565Z level=info msg="daemon: replayed spooled deliveries at start" deliveries=1
ts=2026-10-02T19:53:40.8205314Z level=info msg="scheduler: session bound" session=9044b24c-1ffa-4440-af86-602b464dc816 effective_window=180000 max_output=32000 window_source=1 host_trigger_absent=false regime=unknown changepoints=0
ts=2026-10-02T19:53:46.8602475Z level=info msg="scheduler: idle work registered" tasks="[act.advance_frontier precompute_slice refresh_delta rebuild_bloom compact_dag gc]" maintainer=false
ts=2026-10-02T19:53:46.8602475Z level=info msg="daemon: took over the project from a daemon that ended without releasing its lock" pid=16388 version=0.3.0 started=2026-10-02T19:53:39Z
ts=2026-10-02T19:53:46.9915969Z level=info msg="scheduler: session bound" session=9044b24c-1ffa-4440-af86-602b464dc816 effective_window=180000 max_output=32000 window_source=1 host_trigger_absent=false regime=unknown changepoints=0
ts=2026-10-02T19:54:17.771182Z level=info msg="observer: gc" scanned=19 deleted=0 freed=0 truncated=false
ts=2026-10-02T19:55:29.0453707Z level=info msg="scheduler: idle work registered" tasks="[act.advance_frontier precompute_slice refresh_delta rebuild_bloom compact_dag gc]" maintainer=false
ts=2026-10-02T19:55:29.0933062Z level=info msg="observer: session registered" session=71549ae9-9b41-4a66-9952-b089b821192d source=startup turn=0 segment=2
ts=2026-10-02T19:55:29.0938567Z level=info msg="scheduler: state from another session discarded" path=<scratch>\resilience\c49\proj\.qompack\state\bocd.json file_session=9044b24c-1ffa-4440-af86-602b464dc816 session=71549ae9-9b41-4a66-9952-b089b821192d
ts=2026-10-02T19:55:29.0938567Z level=info msg="scheduler: state from another session discarded" path=<scratch>\resilience\c49\proj\.qompack\state\scheduler.json file_session=9044b24c-1ffa-4440-af86-602b464dc816 session=71549ae9-9b41-4a66-9952-b089b821192d
ts=2026-10-02T19:55:29.0938567Z level=info msg="scheduler: session bound" session=71549ae9-9b41-4a66-9952-b089b821192d effective_window=180000 max_output=32000 window_source=1 host_trigger_absent=false regime=unknown changepoints=0
ts=2026-10-02T19:55:34.2078282Z level=loud msg="invalid configuration value, using default" key=runtime.migration got=<nil> want=<nil> message="settingsVersion 99 is newer than this build understands (1); the whole runtime.migration block is reset to defaults so unknown switches stay off"
ts=2026-10-02T19:55:35.0787471Z level=loud msg="daemon: config reload warning" key=runtime.migration message="settingsVersion 99 is newer than this build understands (1); the whole runtime.migration block is reset to defaults so unknown switches stay off" location=<scratch>\resilience\c49\proj\.qompack\config.json:1
ts=2026-10-02T19:55:35.3176929Z level=loud msg="invalid configuration value, using default" key=runtime.migration got=<nil> want=<nil> message="settingsVersion 99 is newer than this build understands (1); the whole runtime.migration block is reset to defaults so unknown switches stay off"
ts=2026-10-02T19:55:36.5101913Z level=loud msg="invalid configuration value, using default" key=runtime.migration got=<nil> want=<nil> message="settingsVersion 99 is newer than this build understands (1); the whole runtime.migration block is reset to defaults so unknown switches stay off"
ts=2026-10-02T19:55:38.3359777Z level=warn msg="configuration warning" key=runtime.migration message="settingsVersion 99 is newer than this build understands (1); the whole runtime.migration block is reset to defaults so unknown switches stay off" location=<scratch>\resilience\c49\proj\.qompack\config.json:1
ts=2026-10-02T19:55:38.4166861Z level=loud msg="invalid configuration value, using default" key=runtime.migration got=<nil> want=<nil> message="settingsVersion 99 is newer than this build understands (1); the whole runtime.migration block is reset to defaults so unknown switches stay off"
ts=2026-10-02T19:55:44.3836838Z level=loud msg="invalid configuration value, using default" key=runtime.migration got=<nil> want=<nil> message="settingsVersion 99 is newer than this build understands (1); the whole runtime.migration block is reset to defaults so unknown switches stay off"
ts=2026-10-02T19:55:45.3805436Z level=loud msg="invalid configuration value, using default" key=runtime.migration got=<nil> want=<nil> message="settingsVersion 99 is newer than this build understands (1); the whole runtime.migration block is reset to defaults so unknown switches stay off"
ts=2026-10-02T19:55:47.7951325Z level=loud msg="invalid configuration value, using default" key=runtime.migration got=<nil> want=<nil> message="settingsVersion 99 is newer than this build understands (1); the whole runtime.migration block is reset to defaults so unknown switches stay off"
ts=2026-10-02T19:55:49.8047061Z level=loud msg="invalid configuration value, using default" key=runtime.migration got=<nil> want=<nil> message="settingsVersion 99 is newer than this build understands (1); the whole runtime.migration block is reset to defaults so unknown switches stay off"
ts=2026-10-02T19:55:50.0179798Z level=loud msg="invalid configuration value, using default" key=runtime.migration got=<nil> want=<nil> message="settingsVersion 99 is newer than this build understands (1); the whole runtime.migration block is reset to defaults so unknown switches stay off"
ts=2026-10-02T19:55:52.205087Z level=loud msg="invalid configuration value, using default" key=runtime.migration got=<nil> want=<nil> message="settingsVersion 99 is newer than this build understands (1); the whole runtime.migration block is reset to defaults so unknown switches stay off"
ts=2026-10-02T19:55:55.7036611Z level=loud msg="invalid configuration value, using default" key=runtime.migration got=<nil> want=<nil> message="settingsVersion 99 is newer than this build understands (1); the whole runtime.migration block is reset to defaults so unknown switches stay off"
ts=2026-10-02T19:55:56.6541159Z level=loud msg="invalid configuration value, using default" key=runtime.migration got=<nil> want=<nil> message="settingsVersion 99 is newer than this build understands (1); the whole runtime.migration block is reset to defaults so unknown switches stay off"
ts=2026-10-02T19:55:58.0814207Z level=loud msg="invalid configuration value, using default" key=runtime.migration got=<nil> want=<nil> message="settingsVersion 99 is newer than this build understands (1); the whole runtime.migration block is reset to defaults so unknown switches stay off"
ts=2026-10-02T19:55:59.0052356Z level=loud msg="invalid configuration value, using default" key=runtime.migration got=<nil> want=<nil> message="settingsVersion 99 is newer than this build understands (1); the whole runtime.migration block is reset to defaults so unknown switches stay off"
ts=2026-10-02T19:55:59.8812913Z level=loud msg="invalid configuration value, using default" key=runtime.migration got=<nil> want=<nil> message="settingsVersion 99 is newer than this build understands (1); the whole runtime.migration block is reset to defaults so unknown switches stay off"
ts=2026-10-02T19:56:01.167595Z level=loud msg="invalid configuration value, using default" key=runtime.migration got=<nil> want=<nil> message="settingsVersion 99 is newer than this build understands (1); the whole runtime.migration block is reset to defaults so unknown switches stay off"
ts=2026-10-02T19:56:03.6495086Z level=loud msg="invalid configuration value, using default" key=runtime.migration got=<nil> want=<nil> message="settingsVersion 99 is newer than this build understands (1); the whole runtime.migration block is reset to defaults so unknown switches stay off"
ts=2026-10-02T19:56:04.5471954Z level=loud msg="invalid configuration value, using default" key=runtime.migration got=<nil> want=<nil> message="settingsVersion 99 is newer than this build understands (1); the whole runtime.migration block is reset to defaults so unknown switches stay off"
ts=2026-10-02T19:56:04.7605299Z level=info msg="observer: gc" scanned=34 deleted=0 freed=0 truncated=false
ts=2026-10-02T19:56:44.6032023Z level=warn msg="configuration warning" key=runtime.migration message="settingsVersion 99 is newer than this build understands (1); the whole runtime.migration block is reset to defaults so unknown switches stay off" location=<scratch>\resilience\c49\proj\.qompack\config.json:1
ts=2026-10-02T19:56:44.6941559Z level=warn msg="configuration warning" key=runtime.migration message="settingsVersion 99 is newer than this build understands (1); the whole runtime.migration block is reset to defaults so unknown switches stay off" location=<scratch>\resilience\c49\proj\.qompack\config.json:1
ts=2026-10-02T19:56:44.709953Z level=info msg="scheduler: idle work registered" tasks="[act.advance_frontier precompute_slice refresh_delta rebuild_bloom compact_dag gc]" maintainer=false
ts=2026-10-02T19:56:47.8069552Z level=loud msg="daemon: config reload warning" key=runtime.migration message="settingsVersion 99 is newer than this build understands (1); the whole runtime.migration block is reset to defaults so unknown switches stay off" location=<scratch>\resilience\c49\proj\.qompack\config.json:1
