== re-run: CGO_ENABLED=0 GOOS=linux GOARCH=amd64 govulncheck -show verbose ./cmd/qompack (govulncheck built from tools/pinned/go.mod for the host)
Fetching vulnerabilities from the database...

Checking the code against the vulnerabilities...

The package pattern matched the following root package:
  github.com/qompack/qompack/cmd/qompack
Govulncheck scanned the following 3 modules and the go1.26.6 standard library:
  github.com/qompack/qompack
  github.com/klauspost/compress@v1.18.0
  golang.org/x/sys@v0.33.0

=== Symbol Results ===

No vulnerabilities found.

=== Package Results ===

No other vulnerabilities found.

=== Module Results ===

Vulnerability #1: GO-2026-5841
    OOB read in github.com/klauspost/compress/s2
  More info: https://pkg.go.dev/vuln/GO-2026-5841
  Module: github.com/klauspost/compress
    Found in: github.com/klauspost/compress@v1.18.0
    Fixed in: github.com/klauspost/compress@v1.18.7

Vulnerability #2: GO-2026-5024
    Invoking integer overflow in NewNTUnicodeString in golang.org/x/sys/windows
  More info: https://pkg.go.dev/vuln/GO-2026-5024
  Module: golang.org/x/sys
    Found in: golang.org/x/sys@v0.33.0
    Fixed in: golang.org/x/sys@v0.44.0
    Platforms: windows

Your code is affected by 0 vulnerabilities.
This scan also found 0 vulnerabilities in packages you import and 2
vulnerabilities in modules you require, but your code doesn't appear to call
these vulnerabilities.
