# HEAD 89574c4 (unchanged product code), Windows, co-loaded host: both atomic-save tests x12
# (First w6-config seat's run, with the atomic-save test's earlier form, in which any answer but the two saved versions counted as wrong.)
    atomic_save_test.go:175: 2000 loads, 0 wrong; 208 saves attempted, 0 refused (first: )
    atomic_save_test.go:175: 2000 loads, 0 wrong; 6452 saves attempted, 4297 refused (first: rename C:\Users\Quant\AppData\Local\Temp\TestLoadForCapture_ReadsThroughAnEditorsAtomicSavesmovefileex2136319782\001\.qompack\config.json.save-tmp C:\Users\Quant\AppData\Local\Temp\TestLoadForCapture_ReadsThroughAnEditorsAtomicSavesmovefileex2136319782\001\.qompack\config.json: Access is denied.)
--- PASS: TestLoadForCapture_ReadsThroughAnEditorsAtomicSaves (3.95s)
    --- PASS: TestLoadForCapture_ReadsThroughAnEditorsAtomicSaves/posix-rename (0.94s)
    --- PASS: TestLoadForCapture_ReadsThroughAnEditorsAtomicSaves/movefileex (3.01s)
    atomic_save_test.go:175: 2000 loads, 0 wrong; 231 saves attempted, 0 refused (first: )
    atomic_save_test.go:175: 2000 loads, 0 wrong; 1815 saves attempted, 642 refused (first: rename C:\Users\Quant\AppData\Local\Temp\TestLoad_ReadsThroughAnEditorsAtomicSavesmovefileex2040590095\001\.qompack\config.json.save-tmp C:\Users\Quant\AppData\Local\Temp\TestLoad_ReadsThroughAnEditorsAtomicSavesmovefileex2040590095\001\.qompack\config.json: Access is denied.)
--- PASS: TestLoad_ReadsThroughAnEditorsAtomicSaves (3.37s)
    --- PASS: TestLoad_ReadsThroughAnEditorsAtomicSaves/posix-rename (1.22s)
    --- PASS: TestLoad_ReadsThroughAnEditorsAtomicSaves/movefileex (2.14s)
    atomic_save_test.go:175: 2000 loads, 0 wrong; 216 saves attempted, 0 refused (first: )
    atomic_save_test.go:175: 2000 loads, 19 wrong; 4671 saves attempted, 2549 refused (first: rename C:\Users\Quant\AppData\Local\Temp\TestLoadForCapture_ReadsThroughAnEditorsAtomicSavesmovefileex1446780988\001\.qompack\config.json.save-tmp C:\Users\Quant\AppData\Local\Temp\TestLoadForCapture_ReadsThroughAnEditorsAtomicSavesmovefileex1446780988\001\.qompack\config.json: Access is denied.)
        	Messages:   	of 2000 loads under atomic saves, 19 refused or lost the project layer (first: budgetTokens 12000: the project layer was silently dropped)
--- FAIL: TestLoadForCapture_ReadsThroughAnEditorsAtomicSaves (4.08s)
    --- PASS: TestLoadForCapture_ReadsThroughAnEditorsAtomicSaves/posix-rename (1.10s)
    --- FAIL: TestLoadForCapture_ReadsThroughAnEditorsAtomicSaves/movefileex (2.98s)
    atomic_save_test.go:175: 2216 loads, 0 wrong; 200 saves attempted, 0 refused (first: )
    atomic_save_test.go:175: 2000 loads, 0 wrong; 3692 saves attempted, 1936 refused (first: rename C:\Users\Quant\AppData\Local\Temp\TestLoad_ReadsThroughAnEditorsAtomicSavesmovefileex3221646285\001\.qompack\config.json.save-tmp C:\Users\Quant\AppData\Local\Temp\TestLoad_ReadsThroughAnEditorsAtomicSavesmovefileex3221646285\001\.qompack\config.json: Access is denied.)
--- PASS: TestLoad_ReadsThroughAnEditorsAtomicSaves (3.45s)
    --- PASS: TestLoad_ReadsThroughAnEditorsAtomicSaves/posix-rename (0.99s)
    --- PASS: TestLoad_ReadsThroughAnEditorsAtomicSaves/movefileex (2.45s)
    atomic_save_test.go:175: 2000 loads, 0 wrong; 304 saves attempted, 0 refused (first: )
    atomic_save_test.go:175: 2000 loads, 0 wrong; 4568 saves attempted, 2517 refused (first: rename C:\Users\Quant\AppData\Local\Temp\TestLoadForCapture_ReadsThroughAnEditorsAtomicSavesmovefileex1504121134\001\.qompack\config.json.save-tmp C:\Users\Quant\AppData\Local\Temp\TestLoadForCapture_ReadsThroughAnEditorsAtomicSavesmovefileex1504121134\001\.qompack\config.json: Access is denied.)
--- PASS: TestLoadForCapture_ReadsThroughAnEditorsAtomicSaves (4.78s)
    --- PASS: TestLoadForCapture_ReadsThroughAnEditorsAtomicSaves/posix-rename (1.68s)
    --- PASS: TestLoadForCapture_ReadsThroughAnEditorsAtomicSaves/movefileex (3.10s)
    atomic_save_test.go:175: 2010 loads, 0 wrong; 200 saves attempted, 0 refused (first: )
    atomic_save_test.go:175: 2000 loads, 0 wrong; 4214 saves attempted, 2340 refused (first: rename C:\Users\Quant\AppData\Local\Temp\TestLoad_ReadsThroughAnEditorsAtomicSavesmovefileex3391116590\001\.qompack\config.json.save-tmp C:\Users\Quant\AppData\Local\Temp\TestLoad_ReadsThroughAnEditorsAtomicSavesmovefileex3391116590\001\.qompack\config.json: Access is denied.)
--- PASS: TestLoad_ReadsThroughAnEditorsAtomicSaves (3.51s)
    --- PASS: TestLoad_ReadsThroughAnEditorsAtomicSaves/posix-rename (1.04s)
    --- PASS: TestLoad_ReadsThroughAnEditorsAtomicSaves/movefileex (2.46s)
    atomic_save_test.go:175: 2000 loads, 0 wrong; 216 saves attempted, 0 refused (first: )
    atomic_save_test.go:175: 2000 loads, 0 wrong; 4658 saves attempted, 2630 refused (first: rename C:\Users\Quant\AppData\Local\Temp\TestLoadForCapture_ReadsThroughAnEditorsAtomicSavesmovefileex2300485943\001\.qompack\config.json.save-tmp C:\Users\Quant\AppData\Local\Temp\TestLoadForCapture_ReadsThroughAnEditorsAtomicSavesmovefileex2300485943\001\.qompack\config.json: Access is denied.)
--- PASS: TestLoadForCapture_ReadsThroughAnEditorsAtomicSaves (3.80s)
    --- PASS: TestLoadForCapture_ReadsThroughAnEditorsAtomicSaves/posix-rename (1.09s)
    --- PASS: TestLoadForCapture_ReadsThroughAnEditorsAtomicSaves/movefileex (2.71s)
    atomic_save_test.go:175: 2000 loads, 0 wrong; 220 saves attempted, 0 refused (first: )
    atomic_save_test.go:175: 2000 loads, 0 wrong; 4004 saves attempted, 2171 refused (first: rename C:\Users\Quant\AppData\Local\Temp\TestLoad_ReadsThroughAnEditorsAtomicSavesmovefileex568282235\001\.qompack\config.json.save-tmp C:\Users\Quant\AppData\Local\Temp\TestLoad_ReadsThroughAnEditorsAtomicSavesmovefileex568282235\001\.qompack\config.json: Access is denied.)
--- PASS: TestLoad_ReadsThroughAnEditorsAtomicSaves (3.62s)
    --- PASS: TestLoad_ReadsThroughAnEditorsAtomicSaves/posix-rename (1.15s)
    --- PASS: TestLoad_ReadsThroughAnEditorsAtomicSaves/movefileex (2.47s)
    atomic_save_test.go:175: 2000 loads, 0 wrong; 245 saves attempted, 0 refused (first: )
    atomic_save_test.go:175: 2000 loads, 0 wrong; 3831 saves attempted, 1931 refused (first: rename C:\Users\Quant\AppData\Local\Temp\TestLoadForCapture_ReadsThroughAnEditorsAtomicSavesmovefileex3096854729\001\.qompack\config.json.save-tmp C:\Users\Quant\AppData\Local\Temp\TestLoadForCapture_ReadsThroughAnEditorsAtomicSavesmovefileex3096854729\001\.qompack\config.json: Access is denied.)
--- PASS: TestLoadForCapture_ReadsThroughAnEditorsAtomicSaves (3.99s)
    --- PASS: TestLoadForCapture_ReadsThroughAnEditorsAtomicSaves/posix-rename (1.25s)
    --- PASS: TestLoadForCapture_ReadsThroughAnEditorsAtomicSaves/movefileex (2.74s)
    atomic_save_test.go:175: 2000 loads, 0 wrong; 207 saves attempted, 0 refused (first: )
    atomic_save_test.go:175: 2000 loads, 28 wrong; 4161 saves attempted, 2331 refused (first: rename C:\Users\Quant\AppData\Local\Temp\TestLoad_ReadsThroughAnEditorsAtomicSavesmovefileex2966833902\001\.qompack\config.json.save-tmp C:\Users\Quant\AppData\Local\Temp\TestLoad_ReadsThroughAnEditorsAtomicSavesmovefileex2966833902\001\.qompack\config.json: Access is denied.)
        	Messages:   	of 2000 loads under atomic saves, 28 refused or lost the project layer (first: budgetTokens 12000: the project layer was silently dropped)
--- FAIL: TestLoad_ReadsThroughAnEditorsAtomicSaves (3.95s)
    --- PASS: TestLoad_ReadsThroughAnEditorsAtomicSaves/posix-rename (1.13s)
    --- FAIL: TestLoad_ReadsThroughAnEditorsAtomicSaves/movefileex (2.82s)
    atomic_save_test.go:175: 2000 loads, 0 wrong; 237 saves attempted, 0 refused (first: )
    atomic_save_test.go:175: 2000 loads, 0 wrong; 4233 saves attempted, 2197 refused (first: rename C:\Users\Quant\AppData\Local\Temp\TestLoadForCapture_ReadsThroughAnEditorsAtomicSavesmovefileex2975067034\001\.qompack\config.json.save-tmp C:\Users\Quant\AppData\Local\Temp\TestLoadForCapture_ReadsThroughAnEditorsAtomicSavesmovefileex2975067034\001\.qompack\config.json: Access is denied.)
--- PASS: TestLoadForCapture_ReadsThroughAnEditorsAtomicSaves (4.04s)
    --- PASS: TestLoadForCapture_ReadsThroughAnEditorsAtomicSaves/posix-rename (1.19s)
    --- PASS: TestLoadForCapture_ReadsThroughAnEditorsAtomicSaves/movefileex (2.85s)
    atomic_save_test.go:175: 2001 loads, 0 wrong; 200 saves attempted, 0 refused (first: )
    atomic_save_test.go:175: 2000 loads, 0 wrong; 3808 saves attempted, 1998 refused (first: rename C:\Users\Quant\AppData\Local\Temp\TestLoad_ReadsThroughAnEditorsAtomicSavesmovefileex347924849\001\.qompack\config.json.save-tmp C:\Users\Quant\AppData\Local\Temp\TestLoad_ReadsThroughAnEditorsAtomicSavesmovefileex347924849\001\.qompack\config.json: Access is denied.)
--- PASS: TestLoad_ReadsThroughAnEditorsAtomicSaves (3.38s)
    --- PASS: TestLoad_ReadsThroughAnEditorsAtomicSaves/posix-rename (1.01s)
    --- PASS: TestLoad_ReadsThroughAnEditorsAtomicSaves/movefileex (2.37s)
    atomic_save_test.go:175: 2000 loads, 0 wrong; 285 saves attempted, 0 refused (first: )
    atomic_save_test.go:175: 2000 loads, 0 wrong; 4819 saves attempted, 2713 refused (first: rename C:\Users\Quant\AppData\Local\Temp\TestLoadForCapture_ReadsThroughAnEditorsAtomicSavesmovefileex2673061504\001\.qompack\config.json.save-tmp C:\Users\Quant\AppData\Local\Temp\TestLoadForCapture_ReadsThroughAnEditorsAtomicSavesmovefileex2673061504\001\.qompack\config.json: Access is denied.)
--- PASS: TestLoadForCapture_ReadsThroughAnEditorsAtomicSaves (4.86s)
    --- PASS: TestLoadForCapture_ReadsThroughAnEditorsAtomicSaves/posix-rename (1.51s)
    --- PASS: TestLoadForCapture_ReadsThroughAnEditorsAtomicSaves/movefileex (3.35s)
    atomic_save_test.go:175: 2000 loads, 0 wrong; 243 saves attempted, 0 refused (first: )
    atomic_save_test.go:175: 2000 loads, 37 wrong; 4489 saves attempted, 2747 refused (first: rename C:\Users\Quant\AppData\Local\Temp\TestLoad_ReadsThroughAnEditorsAtomicSavesmovefileex1724528331\001\.qompack\config.json.save-tmp C:\Users\Quant\AppData\Local\Temp\TestLoad_ReadsThroughAnEditorsAtomicSavesmovefileex1724528331\001\.qompack\config.json: Access is denied.)
        	Messages:   	of 2000 loads under atomic saves, 37 refused or lost the project layer (first: budgetTokens 12000: the project layer was silently dropped)
--- FAIL: TestLoad_ReadsThroughAnEditorsAtomicSaves (4.79s)
    --- PASS: TestLoad_ReadsThroughAnEditorsAtomicSaves/posix-rename (1.33s)
    --- FAIL: TestLoad_ReadsThroughAnEditorsAtomicSaves/movefileex (3.46s)
    atomic_save_test.go:175: 2000 loads, 0 wrong; 261 saves attempted, 0 refused (first: )
    atomic_save_test.go:175: 2000 loads, 0 wrong; 4588 saves attempted, 2530 refused (first: rename C:\Users\Quant\AppData\Local\Temp\TestLoadForCapture_ReadsThroughAnEditorsAtomicSavesmovefileex3114409461\001\.qompack\config.json.save-tmp C:\Users\Quant\AppData\Local\Temp\TestLoadForCapture_ReadsThroughAnEditorsAtomicSavesmovefileex3114409461\001\.qompack\config.json: Access is denied.)
--- PASS: TestLoadForCapture_ReadsThroughAnEditorsAtomicSaves (4.59s)
    --- PASS: TestLoadForCapture_ReadsThroughAnEditorsAtomicSaves/posix-rename (1.35s)
    --- PASS: TestLoadForCapture_ReadsThroughAnEditorsAtomicSaves/movefileex (3.24s)
    atomic_save_test.go:175: 2266 loads, 0 wrong; 200 saves attempted, 0 refused (first: )
    atomic_save_test.go:175: 2000 loads, 0 wrong; 3283 saves attempted, 1621 refused (first: rename C:\Users\Quant\AppData\Local\Temp\TestLoad_ReadsThroughAnEditorsAtomicSavesmovefileex3691383222\001\.qompack\config.json.save-tmp C:\Users\Quant\AppData\Local\Temp\TestLoad_ReadsThroughAnEditorsAtomicSavesmovefileex3691383222\001\.qompack\config.json: Access is denied.)
--- PASS: TestLoad_ReadsThroughAnEditorsAtomicSaves (3.40s)
    --- PASS: TestLoad_ReadsThroughAnEditorsAtomicSaves/posix-rename (1.04s)
    --- PASS: TestLoad_ReadsThroughAnEditorsAtomicSaves/movefileex (2.36s)
    atomic_save_test.go:175: 2000 loads, 0 wrong; 311 saves attempted, 0 refused (first: )
    atomic_save_test.go:175: 2000 loads, 0 wrong; 4841 saves attempted, 3038 refused (first: rename C:\Users\Quant\AppData\Local\Temp\TestLoadForCapture_ReadsThroughAnEditorsAtomicSavesmovefileex117503036\001\.qompack\config.json.save-tmp C:\Users\Quant\AppData\Local\Temp\TestLoadForCapture_ReadsThroughAnEditorsAtomicSavesmovefileex117503036\001\.qompack\config.json: Access is denied.)
--- PASS: TestLoadForCapture_ReadsThroughAnEditorsAtomicSaves (6.62s)
    --- PASS: TestLoadForCapture_ReadsThroughAnEditorsAtomicSaves/posix-rename (1.91s)
    --- PASS: TestLoadForCapture_ReadsThroughAnEditorsAtomicSaves/movefileex (4.71s)
    atomic_save_test.go:175: 2000 loads, 0 wrong; 228 saves attempted, 0 refused (first: )
    atomic_save_test.go:175: 2000 loads, 0 wrong; 3102 saves attempted, 1589 refused (first: rename C:\Users\Quant\AppData\Local\Temp\TestLoad_ReadsThroughAnEditorsAtomicSavesmovefileex2486654384\001\.qompack\config.json.save-tmp C:\Users\Quant\AppData\Local\Temp\TestLoad_ReadsThroughAnEditorsAtomicSavesmovefileex2486654384\001\.qompack\config.json: Access is denied.)
--- PASS: TestLoad_ReadsThroughAnEditorsAtomicSaves (4.64s)
    --- PASS: TestLoad_ReadsThroughAnEditorsAtomicSaves/posix-rename (1.44s)
    --- PASS: TestLoad_ReadsThroughAnEditorsAtomicSaves/movefileex (3.21s)
    atomic_save_test.go:175: 2000 loads, 0 wrong; 237 saves attempted, 0 refused (first: )
    atomic_save_test.go:175: 2000 loads, 0 wrong; 3111 saves attempted, 1538 refused (first: rename C:\Users\Quant\AppData\Local\Temp\TestLoadForCapture_ReadsThroughAnEditorsAtomicSavesmovefileex363095394\001\.qompack\config.json.save-tmp C:\Users\Quant\AppData\Local\Temp\TestLoadForCapture_ReadsThroughAnEditorsAtomicSavesmovefileex363095394\001\.qompack\config.json: Access is denied.)
--- PASS: TestLoadForCapture_ReadsThroughAnEditorsAtomicSaves (5.16s)
    --- PASS: TestLoadForCapture_ReadsThroughAnEditorsAtomicSaves/posix-rename (1.54s)
    --- PASS: TestLoadForCapture_ReadsThroughAnEditorsAtomicSaves/movefileex (3.62s)
    atomic_save_test.go:175: 2385 loads, 0 wrong; 200 saves attempted, 0 refused (first: )
    atomic_save_test.go:175: 2000 loads, 100 wrong; 2724 saves attempted, 1220 refused (first: rename C:\Users\Quant\AppData\Local\Temp\TestLoad_ReadsThroughAnEditorsAtomicSavesmovefileex1109133550\001\.qompack\config.json.save-tmp C:\Users\Quant\AppData\Local\Temp\TestLoad_ReadsThroughAnEditorsAtomicSavesmovefileex1109133550\001\.qompack\config.json: Access is denied.)
        	Messages:   	of 2000 loads under atomic saves, 100 refused or lost the project layer (first: budgetTokens 12000: the project layer was silently dropped)
--- FAIL: TestLoad_ReadsThroughAnEditorsAtomicSaves (4.07s)
    --- PASS: TestLoad_ReadsThroughAnEditorsAtomicSaves/posix-rename (1.59s)
    --- FAIL: TestLoad_ReadsThroughAnEditorsAtomicSaves/movefileex (2.48s)
    atomic_save_test.go:175: 2000 loads, 0 wrong; 276 saves attempted, 0 refused (first: )
    atomic_save_test.go:175: 2000 loads, 0 wrong; 4443 saves attempted, 2545 refused (first: rename C:\Users\Quant\AppData\Local\Temp\TestLoadForCapture_ReadsThroughAnEditorsAtomicSavesmovefileex3992817568\001\.qompack\config.json.save-tmp C:\Users\Quant\AppData\Local\Temp\TestLoadForCapture_ReadsThroughAnEditorsAtomicSavesmovefileex3992817568\001\.qompack\config.json: Access is denied.)
--- PASS: TestLoadForCapture_ReadsThroughAnEditorsAtomicSaves (4.76s)
    --- PASS: TestLoadForCapture_ReadsThroughAnEditorsAtomicSaves/posix-rename (1.46s)
    --- PASS: TestLoadForCapture_ReadsThroughAnEditorsAtomicSaves/movefileex (3.30s)
    atomic_save_test.go:175: 2000 loads, 0 wrong; 236 saves attempted, 0 refused (first: )
    atomic_save_test.go:175: 2000 loads, 0 wrong; 4082 saves attempted, 2236 refused (first: rename C:\Users\Quant\AppData\Local\Temp\TestLoad_ReadsThroughAnEditorsAtomicSavesmovefileex2138570430\001\.qompack\config.json.save-tmp C:\Users\Quant\AppData\Local\Temp\TestLoad_ReadsThroughAnEditorsAtomicSavesmovefileex2138570430\001\.qompack\config.json: Access is denied.)
--- PASS: TestLoad_ReadsThroughAnEditorsAtomicSaves (4.14s)
    --- PASS: TestLoad_ReadsThroughAnEditorsAtomicSaves/posix-rename (1.25s)
    --- PASS: TestLoad_ReadsThroughAnEditorsAtomicSaves/movefileex (2.89s)
    atomic_save_test.go:175: 2000 loads, 0 wrong; 283 saves attempted, 0 refused (first: )
    atomic_save_test.go:175: 2000 loads, 0 wrong; 4913 saves attempted, 2852 refused (first: rename C:\Users\Quant\AppData\Local\Temp\TestLoadForCapture_ReadsThroughAnEditorsAtomicSavesmovefileex719572010\001\.qompack\config.json.save-tmp C:\Users\Quant\AppData\Local\Temp\TestLoadForCapture_ReadsThroughAnEditorsAtomicSavesmovefileex719572010\001\.qompack\config.json: Access is denied.)
--- PASS: TestLoadForCapture_ReadsThroughAnEditorsAtomicSaves (4.95s)
    --- PASS: TestLoadForCapture_ReadsThroughAnEditorsAtomicSaves/posix-rename (1.55s)
    --- PASS: TestLoadForCapture_ReadsThroughAnEditorsAtomicSaves/movefileex (3.40s)
    atomic_save_test.go:175: 2000 loads, 0 wrong; 235 saves attempted, 0 refused (first: )
    atomic_save_test.go:175: 2000 loads, 0 wrong; 5403 saves attempted, 3555 refused (first: rename C:\Users\Quant\AppData\Local\Temp\TestLoad_ReadsThroughAnEditorsAtomicSavesmovefileex648203649\001\.qompack\config.json.save-tmp C:\Users\Quant\AppData\Local\Temp\TestLoad_ReadsThroughAnEditorsAtomicSavesmovefileex648203649\001\.qompack\config.json: Access is denied.)
--- PASS: TestLoad_ReadsThroughAnEditorsAtomicSaves (5.15s)
    --- PASS: TestLoad_ReadsThroughAnEditorsAtomicSaves/posix-rename (1.23s)
    --- PASS: TestLoad_ReadsThroughAnEditorsAtomicSaves/movefileex (3.91s)
FAIL
FAIL	github.com/qompack/qompack/internal/config	104.067s
FAIL
exit=1
