# TEMPORARY DIAGNOSTIC (third w6-config seat, 2026-09-27; never committed as code). Source: runs/diag-src/slow_replace_reader_modes_windows_test.go.txt
# Built as an internal/paths test binary from the worktree at ecadcf4; Windows 11, co-loaded host (other workstreams running).
# DIAG_ROUNDS=20 DIAG_SAVES=2000 per mode; a MoveFileEx writer, counting saves slower than 10 ms and every reader error with the NTSTATUS; DIAG_MONITOR none, shared (paths.OpenShared), leaf (paths.OpenSharedLeaf), lstat.
## DIAG_MONITOR=none
=== RUN   TestZZDiagSlowReplace
    zz_diag_mfx3_windows_test.go:122: monitor=none save ok: 40000
    zz_diag_mfx3_windows_test.go:122: monitor=none save slower than 10ms (err=false): 17
    zz_diag_mfx3_windows_test.go:124: monitor=none slow saves: [46.3091ms 11.844ms 16.879ms 52.3971ms 15.5817ms 10.0469ms 15.7714ms 10.7695ms 13.446ms 14.1002ms 59.7857ms 10.128ms 10.9738ms 12.511ms 17.472ms 30.3972ms 13.2183ms]
--- PASS: TestZZDiagSlowReplace (42.62s)
PASS
exit=0
## DIAG_MONITOR=shared
=== RUN   TestZZDiagSlowReplace
    zz_diag_mfx3_windows_test.go:122: monitor=shared reader ok: 166150
    zz_diag_mfx3_windows_test.go:122: monitor=shared save errno 5: 36727
    zz_diag_mfx3_windows_test.go:122: monitor=shared save ok: 3273
    zz_diag_mfx3_windows_test.go:122: monitor=shared save slower than 10ms (err=false): 207
    zz_diag_mfx3_windows_test.go:122: monitor=shared save slower than 10ms (err=true): 290
    zz_diag_mfx3_windows_test.go:124: monitor=shared slow saves: [10.6712ms 43.6972ms 31.3487ms 26.7672ms 32.4911ms 20.2434ms 18.8923ms 29.967ms 26.1344ms 23.9372ms 10.787ms 27.7038ms 13.6862ms 20.6424ms 14.2938ms 148.6503ms 35.8578ms 32.163ms 20.4269ms 11.6423ms 10.0166ms 20.9306ms 11.5297ms 10.8853ms 22.5632ms 76.2838ms 25.6785ms 21.2407ms 30.3042ms 23.7784ms 24.1044ms 34.794ms 21.2198ms 12.1267ms 20.4552ms 10.87ms 10.7067ms 31.8217ms 26.1721ms 57.2736ms 10.4501ms 33.2957ms 37.2692ms 28.166ms 41.445ms 24.4575ms 44.5703ms 19.6509ms 10.1048ms 16.2178ms 24.883ms 10.7589ms 12.9318ms 28.192ms 13.6469ms 13.4426ms 18.4539ms 18.2486ms 24.8483ms 10.6829ms 13.6357ms 27.9704ms 22.9242ms 21.3753ms 18.6118ms 11.4756ms 61.4343ms 10.2889ms 52.8239ms 36.8901ms 17.9022ms 16.9093ms 12.9527ms 17.7183ms 23.9328ms 14.1105ms 34.9517ms 12.4818ms 12.2039ms 24.6292ms 24.7518ms 22.374ms 10.0811ms 10.0268ms 11.2719ms 30.4134ms 25.18ms 38.9548ms 66.1428ms 114.0563ms 48.2037ms 19.5505ms 37.3375ms 10.637ms 21.1839ms 11.6575ms 44.098ms 29.7418ms 27.7055ms 15.3544ms 50.3749ms 14.8973ms 45.1132ms 10.9658ms 58.981ms 19.2271ms 12.6186ms 74.85ms 11.4492ms 17.9151ms 60.2221ms 11.8295ms 49.7175ms 21.2485ms 23.4369ms 13.0042ms 52.343ms 39.8944ms 49.9141ms 23.807ms 39.578ms 53.2751ms 43.9323ms 25.7304ms 10.8344ms 98.2923ms 21.3527ms 23.2282ms 21.7404ms 13.6545ms 31.0378ms 25.5029ms 30.9496ms 22.3746ms 13.2119ms 11.1303ms 23.0029ms 11.689ms 11.8304ms 42.8962ms 44.6359ms 79.8137ms 46.0075ms 13.5705ms 14.6406ms 30.5063ms 19.1304ms 18.8617ms 29.69ms 69.4587ms 33.7261ms 32.104ms 49.2083ms 138.6687ms 16.1669ms 23.8259ms 81.2401ms 16.2143ms 16.9359ms 26.7912ms 27.4961ms 34.9782ms 29.3327ms 31.9846ms 16.3766ms 31.6798ms 90.1165ms 50.2426ms 33.7598ms 17.999ms 53.5858ms 29.9927ms 11.4877ms 23.4489ms 127.1787ms 21.3495ms 71.0929ms 75.9827ms 17.7667ms 10.1389ms 22.9813ms 36.5232ms 100.1659ms 14.4772ms 28.6996ms 10.1643ms 54.6883ms 48.1836ms 43.61ms 58.6184ms 29.0991ms 16.1563ms 21.9244ms 33.7513ms 10.9954ms 26.4951ms 28.8131ms 20.1234ms 11.7887ms 11.7509ms 11.5169ms 14.2ms 22.5666ms 13.2722ms 13.1905ms 242.6058ms 32.2973ms 38.6615ms 11.1848ms 12.418ms 12.2315ms 21.2605ms 23.6688ms 26.2941ms 27.5886ms 11.3822ms 16.5484ms 92.9231ms 12.9095ms 17.3141ms 55.9268ms 20.0533ms 25.5382ms 10.6837ms 21.4183ms 27.5975ms 10.0803ms 40.7364ms 12.0638ms 27.1789ms 13.1608ms 13.749ms 12.5352ms 10.359ms 15.6978ms 19.629ms 10.3176ms 24.9752ms 18.6187ms 10.3746ms 22.0958ms 33.1453ms 64.2582ms 22.9171ms 18.5039ms 21.2773ms 20.2221ms 13.9936ms 17.6887ms 36.4744ms 68.7117ms 40.3731ms 78.1414ms 32.73ms 51.1279ms 82.1959ms 263.4599ms 19.1564ms 44.9605ms 58.1281ms 43.4548ms 53.4095ms 59.4785ms 55.0368ms 185.3863ms 32.3174ms 51.8547ms 45.7426ms 142.1435ms 108.1058ms 27.8241ms 46.1651ms 42.9385ms 10.8803ms 33.0216ms 35.7915ms 33.7569ms 48.4255ms 57.8025ms 94.4894ms 166.0891ms 251.5878ms 49.9755ms 295.937ms 142.7503ms 161.4027ms 169.9962ms 261.532ms 18.7842ms 53.6535ms 63.4473ms 55.0277ms 41.3884ms 125.0208ms 49.6216ms 52.6503ms 147.83ms 24.0904ms 115.0978ms 22.2862ms 12.8119ms 145.6158ms 179.967ms 56.4005ms 53.4147ms 65.8155ms 53.0845ms 33.3324ms 60.9671ms 35.1935ms 35.6629ms 29.0639ms 43.8713ms 116.7678ms 70.8059ms 117.0862ms 109.6457ms 172.3108ms 144.1473ms 20.3458ms 48.2706ms 100.6278ms 42.8207ms 28.0026ms 129.2864ms 94.1431ms 427.8512ms 238.3055ms 151.6527ms 194.41ms 189.6803ms 61.1976ms 56.1617ms 77.4084ms 54.2164ms 47.6789ms 234.5383ms 227.2518ms 81.4046ms 113.6843ms 82.6377ms 61.4816ms 18.1217ms 16.8955ms 14.0538ms 27.6229ms 87.0216ms 190.8896ms 75.2026ms 137.0821ms 32.5395ms 12.8765ms 42.3993ms 10.8718ms 29.9734ms 20.7913ms 99.7428ms 78.3973ms 81.1912ms 40.6351ms 65.4218ms 82.1291ms 39.3854ms 16.147ms 13.4672ms 14.9239ms 31.4744ms 46.9937ms 38.3735ms 111.8171ms 94.7017ms 284.2864ms 88.6592ms 62.7173ms 100.4353ms 105.5266ms 44.9086ms 37.3498ms 22.1977ms 77.1868ms 243.1297ms 120.8276ms 87.7737ms 18.3368ms 12.089ms 39.4258ms 29.2531ms 15.4926ms 27.0081ms 14.1404ms 42.3608ms 13.7845ms 44.1592ms 162.3981ms 139.5844ms 124.5186ms 68.4536ms 24.5639ms 96.7806ms 25.4229ms 51.2898ms 26.6907ms 12.1503ms 31.1636ms 35.7373ms 23.6758ms 21.4919ms 13.4784ms 20.3489ms 34.847ms 17.7298ms 180.2617ms 141.1043ms 28.87ms 67.1412ms 21.3258ms 35.8205ms 14.1507ms 13.711ms 18.5566ms 16.7062ms 13.4295ms 15.3326ms 66.7808ms 31.1137ms 13.9628ms 10.693ms 19.7235ms 10.5786ms 13.2493ms 15.1611ms 15.5431ms 31.7237ms 14.0168ms 61.4572ms 14.4469ms 14.8039ms 15.1771ms 49.2142ms 75.646ms 63.2698ms 62.6118ms 40.1002ms 13.7162ms 46.8552ms 17.8666ms 10.6447ms 15.2549ms 10.2051ms 20.9905ms 11.3645ms 21.9345ms 31.3997ms 54.9326ms 11.5699ms 12.9934ms 15.5655ms 29.7476ms 32.8945ms 20.7839ms 19.0552ms 11.4ms 18.3729ms 32.9968ms 12.8136ms 25.5891ms 21.1396ms 27.0689ms 58.1628ms 14.5513ms 16.9442ms 11.972ms 10.1603ms 11.4667ms 13.7555ms 13.7551ms 12.2382ms 13.1186ms 33.6679ms 16.6588ms 45.8535ms 16.8953ms 10.4601ms 43.5906ms 11.3652ms 13.6518ms 22.3329ms 27.2627ms 14.7951ms 15.8877ms 11.3907ms 12.1369ms 10.0712ms 17.8742ms 12.1065ms 15.7861ms 15.9581ms]
--- PASS: TestZZDiagSlowReplace (56.96s)
PASS
exit=0
## DIAG_MONITOR=leaf
=== RUN   TestZZDiagSlowReplace
    zz_diag_mfx3_windows_test.go:122: monitor=leaf reader ok: 135942
    zz_diag_mfx3_windows_test.go:122: monitor=leaf save errno 5: 36156
    zz_diag_mfx3_windows_test.go:122: monitor=leaf save ok: 3844
    zz_diag_mfx3_windows_test.go:122: monitor=leaf save slower than 10ms (err=false): 250
    zz_diag_mfx3_windows_test.go:122: monitor=leaf save slower than 10ms (err=true): 286
    zz_diag_mfx3_windows_test.go:124: monitor=leaf slow saves: [11.544ms 19.9215ms 31.5497ms 13.8508ms 16.1753ms 15.0989ms 10.1061ms 23.9337ms 22.1048ms 19.7866ms 13.8089ms 23.8808ms 48.163ms 12.3252ms 22.4159ms 10.0389ms 10.0311ms 23.8437ms 32.003ms 12.825ms 10.699ms 18.8075ms 13.7105ms 13.6505ms 10.9331ms 17.4777ms 12.0167ms 16.0989ms 145.1993ms 11.0914ms 11.4607ms 16.8834ms 10.91ms 13.1443ms 13.4111ms 10.634ms 10.0432ms 10.2691ms 14.7402ms 15.3479ms 22.4275ms 34.7477ms 18.2897ms 20.1537ms 10.0308ms 42.4073ms 51.1604ms 10.603ms 11.7901ms 48.4345ms 36.8385ms 12.1455ms 13.927ms 14.8711ms 12.3014ms 54.3974ms 15.7585ms 33.8925ms 145.4402ms 35.3227ms 17.5301ms 13.5465ms 26.2251ms 107.4684ms 52.9053ms 52.9639ms 13.0105ms 97.0804ms 51.2468ms 26.5132ms 18.5133ms 12.4409ms 37.5682ms 98.9683ms 88.9352ms 53.7055ms 47.8542ms 38.856ms 43.3951ms 73.2443ms 95.4454ms 73.4321ms 65.658ms 24.1223ms 36.6059ms 209.2909ms 73.5344ms 24.1725ms 54.4797ms 33.8404ms 42.6933ms 69.8322ms 90.1806ms 141.2147ms 93.8043ms 85.0661ms 52.9453ms 28.6959ms 11.2884ms 13.3158ms 51.9733ms 56.7645ms 109.458ms 124.4946ms 26.582ms 46.4891ms 19.0321ms 20.3234ms 34.985ms 240.9787ms 10.5694ms 16.4912ms 104.6614ms 103.9374ms 124.6026ms 44.0336ms 83.174ms 32.9996ms 85.7492ms 127.6168ms 91.0449ms 44.9816ms 91.6446ms 78.3928ms 23.8242ms 38.7742ms 41.2531ms 14.1701ms 12.6029ms 17.5668ms 14.4553ms 23.9148ms 20.1762ms 149.0392ms 69.3626ms 114.0017ms 42.7541ms 67.9849ms 30.5892ms 94.1929ms 67.8698ms 18.3961ms 14.5553ms 13.619ms 41.4939ms 160.9292ms 21.733ms 26.8395ms 16.6536ms 27.9588ms 17.8908ms 15.6059ms 22.363ms 10.1085ms 18.299ms 12.5739ms 91.092ms 24.9333ms 23.6663ms 14.7691ms 18.5665ms 21.6362ms 12.0879ms 14.6873ms 21.4661ms 86.6918ms 10.2622ms 12.88ms 24.4562ms 14.7403ms 16.9894ms 17.9132ms 10.609ms 18.4588ms 12.8085ms 16.2234ms 13.263ms 36.4621ms 11.5582ms 18.6605ms 17.8319ms 12.1696ms 27.9539ms 10.1394ms 15.4089ms 20.9604ms 31.7171ms 24.2805ms 11.9539ms 10.5587ms 16.0266ms 66.0558ms 29.2908ms 38.4412ms 52.95ms 15.5004ms 12.8224ms 20.2777ms 31.6611ms 17.788ms 43.3293ms 25.7907ms 16.8094ms 15.8662ms 11.2457ms 17.2384ms 12.207ms 14.9094ms 21.8448ms 22.4096ms 30.2716ms 25.784ms 29.7367ms 15.0564ms 15.8678ms 20.4367ms 39.2557ms 22.1509ms 27.9744ms 20.132ms 28.0027ms 11.0852ms 18.7692ms 24.075ms 17.4131ms 32.5084ms 44.3767ms 12.9459ms 14.8227ms 16.2211ms 16.4493ms 94.4924ms 128.5324ms 167.5ms 88.7142ms 67.9028ms 70.3227ms 101.9399ms 40.0773ms 53.6039ms 29.2099ms 50.188ms 44.156ms 10.565ms 20.4501ms 30.1551ms 46.1581ms 40.9782ms 42.0412ms 24.8845ms 97.2614ms 94.6978ms 57.7841ms 28.4334ms 10.9198ms 20.85ms 40.4161ms 38.5829ms 59.199ms 10.2948ms 82.2791ms 26.0304ms 17.6209ms 17.9946ms 54.5962ms 36.5338ms 109.364ms 38.0192ms 11.0786ms 15.6922ms 10.6951ms 39.1457ms 10.2529ms 16.5534ms 12.9718ms 19.3912ms 16.216ms 10.5708ms 11.4861ms 17.8134ms 32.5078ms 24.8026ms 22.6998ms 42.7954ms 18.8607ms 52.6123ms 39.5056ms 44.3467ms 53.9982ms 47.7259ms 23.2985ms 16.5581ms 28.6737ms 29.0353ms 13.1845ms 47.81ms 37.6324ms 80.7945ms 26.8027ms 23.8355ms 32.9708ms 10.7844ms 32.2778ms 34.5743ms 57.3297ms 90.3931ms 41.4382ms 18.1331ms 38.7605ms 47.9653ms 112.1127ms 96.5286ms 104.312ms 14.6384ms 66.0294ms 58.11ms 56.892ms 53.2476ms 42.0825ms 10.4778ms 13.5841ms 10.604ms 34.1589ms 10.7133ms 14.4817ms 13.5127ms 11.4659ms 67.3656ms 11.5237ms 10.4804ms 10.0681ms 12.5288ms 17.916ms 13.5504ms 22.0644ms 17.0241ms 10.4308ms 16.5266ms 34.8611ms 21.0089ms 18.6275ms 15.661ms 10.1934ms 13.0595ms 12.0553ms 23.6659ms 11.9159ms 58.5581ms 15.7858ms 13.8692ms 58.6989ms 12.3124ms 67.0589ms 10.2873ms 31.7336ms 23.0171ms 21.167ms 20.554ms 17.234ms 14.5048ms 13.3003ms 12.7459ms 30.9238ms 18.3128ms 11.0788ms 39.0245ms 29.2453ms 35.3907ms 14.6588ms 23.6062ms 13.3425ms 10.157ms 11.9056ms 19.5036ms 35.9244ms 11.1099ms 34.8219ms 29.5309ms 11.218ms 14.3852ms 16.3864ms 25.8569ms 14.0077ms 10.4418ms 11.4318ms 19.4825ms 14.735ms 12.159ms 24.3369ms 13.9243ms 20.1379ms 32.9301ms 46.2256ms 15.6037ms 16.5653ms 14.6647ms 11.3338ms 25.2775ms 16.4698ms 17.4732ms 15.5572ms 14.7797ms 20.438ms 13.403ms 30.1357ms 48.0192ms 61.5931ms 98.7858ms 52.8013ms 20.9862ms 10.2846ms 20.2631ms 13.8041ms 28.6294ms 57.8163ms 46.1206ms 33.4742ms 39.5524ms 34.3932ms 55.0949ms 53.523ms 32.8679ms 26.5774ms 51.5248ms 20.3364ms 36.3642ms 37.4348ms 28.4243ms 22.2442ms 34.7238ms 18.6217ms 85.2845ms 10.2515ms 20.5409ms 65.1743ms 12.4065ms 15.0652ms 16.0672ms 11.1315ms 15.838ms 11.3428ms 22.6408ms 33.841ms 14.7862ms 58.2907ms 17.4045ms 16.3335ms 54.4218ms 26.0279ms 14.0541ms 11.6044ms 27.6144ms 24.0459ms 14.1262ms 12.6001ms 24.437ms 11.4586ms 15.093ms 11.5007ms 14.8637ms 15.1604ms 38.0412ms 13.7419ms 10.2965ms 10.1933ms 13.3998ms 78.4298ms 19.4086ms 30.9568ms 49.6461ms 21.1054ms 29.6558ms 67.177ms 136.3909ms 52.2409ms 40.3959ms 25.4501ms 79.4441ms 21.8308ms 16.0969ms 22.5177ms 22.2889ms 19.7495ms 27.4586ms 33.7456ms 21.0736ms 38.7805ms 88.4119ms 16.3808ms 12.2586ms 11.187ms 34.1668ms 23.2498ms 58.7905ms 24.6937ms 13.0362ms 11.7506ms 12.5713ms 13.6965ms 15.575ms 22.4209ms 45.5514ms 10.3821ms 12.306ms 12.8966ms 13.9112ms 10.7504ms 20.0618ms 16.9713ms 19.614ms 10.0649ms 12.8702ms 11.4509ms 12.3987ms 11.8586ms 11.3233ms 17.0903ms 37.5021ms 19.5899ms 10.2868ms 10.0623ms 14.3317ms 10.4143ms 12.3907ms 12.5667ms 23.6225ms 10.6966ms 39.8403ms 13.6703ms 10.8968ms 10.7736ms 13.2411ms 14.371ms 10.2863ms 11.2406ms 11.1802ms]
--- PASS: TestZZDiagSlowReplace (51.90s)
PASS
exit=0
## DIAG_MONITOR=lstat
=== RUN   TestZZDiagSlowReplace
    zz_diag_mfx3_windows_test.go:122: monitor=lstat reader errno 2 (ntstatus 0xc0000034): 2138
    zz_diag_mfx3_windows_test.go:122: monitor=lstat reader ok: 1029658
    zz_diag_mfx3_windows_test.go:122: monitor=lstat save errno 5: 4080
    zz_diag_mfx3_windows_test.go:122: monitor=lstat save ok: 35920
    zz_diag_mfx3_windows_test.go:122: monitor=lstat save slower than 10ms (err=false): 42
    zz_diag_mfx3_windows_test.go:122: monitor=lstat save slower than 10ms (err=true): 4
    zz_diag_mfx3_windows_test.go:124: monitor=lstat slow saves: [22.6377ms 34.9327ms 16.0124ms 19.9422ms 30.2796ms 18.5459ms 12.8578ms 10.202ms 14.5763ms 14.6165ms 15.2132ms 13.6254ms 17.1404ms 13.4406ms 31.6811ms 16.7039ms 10.8328ms 12.7115ms 10.3221ms 12.1879ms 10.1052ms 44.3184ms 11.1964ms 12.0466ms 10.662ms 11.295ms 22.2671ms 36.9399ms 11.2175ms 11.1955ms 11.1872ms 23.7592ms 11.2166ms 23.1838ms 22.1134ms 20.0225ms 10.516ms 19.8968ms 11.9469ms 15.0406ms 15.4463ms 26.438ms 11.8437ms 13.1516ms 23.7972ms 10.6843ms]
--- PASS: TestZZDiagSlowReplace (41.74s)
PASS
exit=0
