# fix seat (w6-config), 2026-09-27: the bounded re-check in readCaptureConfig (captureConfigGoneBudget = 250 ms); the same two tests as runs/70. Windows.
=== RUN   TestReadCaptureConfig_RechecksAFileGoneBetweenLstatAndOpen
=== RUN   TestReadCaptureConfig_RechecksAFileGoneBetweenLstatAndOpen/the_file_is_back_at_the_next_look_and_is_read
=== RUN   TestReadCaptureConfig_RechecksAFileGoneBetweenLstatAndOpen/the_file_is_back_after_several_absent_looks_and_is_read
=== RUN   TestReadCaptureConfig_RechecksAFileGoneBetweenLstatAndOpen/the_file_stays_absent_through_the_whole_budget:_missing
=== RUN   TestReadCaptureConfig_RechecksAFileGoneBetweenLstatAndOpen/a_directory_is_back_in_its_place:_refused
=== RUN   TestReadCaptureConfig_RechecksAFileGoneBetweenLstatAndOpen/the_name_keeps_coming_back_and_every_open_misses:_refused_at_the_budget
=== RUN   TestReadCaptureConfig_RechecksAFileGoneBetweenLstatAndOpen/the_file_is_back_and_its_open_fails_for_another_reason:_refused
--- PASS: TestReadCaptureConfig_RechecksAFileGoneBetweenLstatAndOpen (0.04s)
    --- PASS: TestReadCaptureConfig_RechecksAFileGoneBetweenLstatAndOpen/the_file_is_back_at_the_next_look_and_is_read (0.01s)
    --- PASS: TestReadCaptureConfig_RechecksAFileGoneBetweenLstatAndOpen/the_file_is_back_after_several_absent_looks_and_is_read (0.01s)
    --- PASS: TestReadCaptureConfig_RechecksAFileGoneBetweenLstatAndOpen/the_file_stays_absent_through_the_whole_budget:_missing (0.00s)
    --- PASS: TestReadCaptureConfig_RechecksAFileGoneBetweenLstatAndOpen/a_directory_is_back_in_its_place:_refused (0.00s)
    --- PASS: TestReadCaptureConfig_RechecksAFileGoneBetweenLstatAndOpen/the_name_keeps_coming_back_and_every_open_misses:_refused_at_the_budget (0.01s)
    --- PASS: TestReadCaptureConfig_RechecksAFileGoneBetweenLstatAndOpen/the_file_is_back_and_its_open_fails_for_another_reason:_refused (0.00s)
=== RUN   TestReadCaptureConfig_AnswersAtOnceWithoutARecheck
=== RUN   TestReadCaptureConfig_AnswersAtOnceWithoutARecheck/found_and_read
=== RUN   TestReadCaptureConfig_AnswersAtOnceWithoutARecheck/the_Lstat_finds_no_file:_missing
=== RUN   TestReadCaptureConfig_AnswersAtOnceWithoutARecheck/the_Lstat_fails_for_another_reason:_refused
=== RUN   TestReadCaptureConfig_AnswersAtOnceWithoutARecheck/the_Lstat_finds_a_directory:_refused
=== RUN   TestReadCaptureConfig_AnswersAtOnceWithoutARecheck/the_open_fails_for_another_reason:_refused
=== RUN   TestReadCaptureConfig_AnswersAtOnceWithoutARecheck/the_open_finds_a_directory:_refused
--- PASS: TestReadCaptureConfig_AnswersAtOnceWithoutARecheck (0.03s)
    --- PASS: TestReadCaptureConfig_AnswersAtOnceWithoutARecheck/found_and_read (0.01s)
    --- PASS: TestReadCaptureConfig_AnswersAtOnceWithoutARecheck/the_Lstat_finds_no_file:_missing (0.00s)
    --- PASS: TestReadCaptureConfig_AnswersAtOnceWithoutARecheck/the_Lstat_fails_for_another_reason:_refused (0.00s)
    --- PASS: TestReadCaptureConfig_AnswersAtOnceWithoutARecheck/the_Lstat_finds_a_directory:_refused (0.00s)
    --- PASS: TestReadCaptureConfig_AnswersAtOnceWithoutARecheck/the_open_fails_for_another_reason:_refused (0.00s)
    --- PASS: TestReadCaptureConfig_AnswersAtOnceWithoutARecheck/the_open_finds_a_directory:_refused (0.01s)
PASS
ok  	github.com/qompack/qompack/internal/config	1.822s
exit=0
