run_id=cx-w5-coldstart-d17-rows-x20-dc58fad-20260927T000729Z
container=qompack-v6-linux-verification
repo=C:/Users/Quant/Documents/Programming/Projects/qompack-cx-w5-coldstart
rev=dc58fad
commit=dc58fadb0463ed6826e0e9c9b7a515091256479d
bundle_sha256=94aecf0b5372c45851f8929aea64accc63eaf493366ecfdb163d2a6ead94237b
host_started_utc=2026-09-27T00:07:40Z
inner_args=--count 20 --timeout 60m --run ^(TestLazySpawn_|TestClaimSpawn_|TestEnsureRunning_|TestEnsureRunningUntil_|TestRun_AcceptsDialsWhileItsStartupDrainRuns$|TestStartupDrainOfSpooledFlushLineDoesNotWedgeRun$|TestRunCtxDoneGoesThroughStop$|TestRedrainOnFirstServedRequest$|TestSessionStartBudget_|TestEnsureDaemonRunning_) -- ./internal/ipc ./internal/daemon ./internal/cli
/work/cx-w5-coldstart-d17-rows-x20-dc58fad-20260927T000729Z.bundle: OK
run_id=cx-w5-coldstart-d17-rows-x20-dc58fad-20260927T000729Z
commit=dc58fadb0463ed6826e0e9c9b7a515091256479d
tree=e213bdaa985b76b891fddea443d6801eaea29876
bundle_sha256=94aecf0b5372c45851f8929aea64accc63eaf493366ecfdb163d2a6ead94237b
started_utc=2026-09-27T00:07:43Z
uid=10001 user=qompack-test groups=qompack-test
race=1 count=20 timeout=60m gomaxprocs=4 coload=0
run=^(TestLazySpawn_|TestClaimSpawn_|TestEnsureRunning_|TestEnsureRunningUntil_|TestRun_AcceptsDialsWhileItsStartupDrainRuns$|TestStartupDrainOfSpooledFlushLineDoesNotWedgeRun$|TestRunCtxDoneGoesThroughStop$|TestRedrainOnFirstServedRequest$|TestSessionStartBudget_|TestEnsureDaemonRunning_)
skip=
extra_env=
go version go1.26.6 linux/amd64
linux
amd64
1
/home/qompack-test/.cache/go-build
/go/pkg/mod
-mod=readonly
off
Linux e09d55cfc09b 5.15.167.4-microsoft-standard-WSL2 #1 SMP Tue Nov 5 00:21:55 UTC 2024 x86_64 GNU/Linux
22
PASS      github.com/qompack/qompack/internal/ipc  (pass=220 fail=0 skip=0)
PASS      github.com/qompack/qompack/internal/daemon  (pass=300 fail=0 skip=0)
PASS      github.com/qompack/qompack/internal/cli  (pass=120 fail=0 skip=0)
go_test_exit=0
exit=0
artifacts: C:/Users/Quant/Documents/Programming/Projects/qompack-cx-w5-coldstart/plans/sdd/V6-closeout/w5-coldstart/runs/linux/cx-w5-coldstart-d17-rows-x20-dc58fad-20260927T000729Z-artifacts
exit=0
exit=0
