run_id=cx-w5-coldstart-hotpath-ledger-head-dc58fad-20260927T010221Z
container=qompack-v6-linux-verification
repo=C:/Users/Quant/Documents/Programming/Projects/qompack-cx-w5-coldstart
rev=dc58fad
commit=dc58fadb0463ed6826e0e9c9b7a515091256479d
bundle_sha256=05e7f97650b0eb996d8d9eba0fcae03292602a59698a8928a8ce17910124ec86
host_started_utc=2026-09-27T01:02:34Z
inner_args=--run ^TestV3_HotPathUnchangedWithLedgerResident$ --timeout 30m -- ./test/e2e
/work/cx-w5-coldstart-hotpath-ledger-head-dc58fad-20260927T010221Z.bundle: OK
run_id=cx-w5-coldstart-hotpath-ledger-head-dc58fad-20260927T010221Z
commit=dc58fadb0463ed6826e0e9c9b7a515091256479d
tree=e213bdaa985b76b891fddea443d6801eaea29876
bundle_sha256=05e7f97650b0eb996d8d9eba0fcae03292602a59698a8928a8ce17910124ec86
started_utc=2026-09-27T01:02:38Z
uid=10001 user=qompack-test groups=qompack-test
race=1 count=1 timeout=30m gomaxprocs=4 coload=0
run=^TestV3_HotPathUnchangedWithLedgerResident$
skip=
extra_env=
go version go1.26.6 linux/amd64
linux
amd64
1
/home/qompack-test/.cache/go-build
/go/pkg/mod
-mod=readonly
off
Linux e09d55cfc09b 5.15.167.4-microsoft-standard-WSL2 #1 SMP Tue Nov 5 00:21:55 UTC 2024 x86_64 GNU/Linux
22
FAIL      github.com/qompack/qompack/test/e2e  (pass=0 fail=1 skip=0)
    FAIL TestV3_HotPathUnchangedWithLedgerResident
go_test_exit=1
exit=1
artifacts: C:/Users/Quant/Documents/Programming/Projects/qompack-cx-w5-coldstart/plans/sdd/V6-closeout/w5-coldstart/runs/linux/cx-w5-coldstart-hotpath-ledger-head-dc58fad-20260927T010221Z-artifacts
exit=1
exit=1
