run_id=cx-w5-coldstart-hotpath-ledger-base-90e1db3-20260927T005726Z
container=qompack-v6-linux-verification
repo=C:/Users/Quant/Documents/Programming/Projects/qompack-cx-w5-coldstart
rev=90e1db3
commit=90e1db3016c4ebe5dc255fb16d356dd8857a87da
bundle_sha256=e333193e4a75076e71bb1aae571a692ede0907a425a208afc2c7514e63655382
host_started_utc=2026-09-27T00:57:44Z
inner_args=--run ^TestV3_HotPathUnchangedWithLedgerResident$ --timeout 30m -- ./test/e2e
/work/cx-w5-coldstart-hotpath-ledger-base-90e1db3-20260927T005726Z.bundle: OK
run_id=cx-w5-coldstart-hotpath-ledger-base-90e1db3-20260927T005726Z
commit=90e1db3016c4ebe5dc255fb16d356dd8857a87da
tree=2bb3e25d9e123c14866d4d75e0cae14c1649f896
bundle_sha256=e333193e4a75076e71bb1aae571a692ede0907a425a208afc2c7514e63655382
started_utc=2026-09-27T00:57:48Z
uid=10001 user=qompack-test groups=qompack-test
race=1 count=1 timeout=30m gomaxprocs=4 coload=0
run=^TestV3_HotPathUnchangedWithLedgerResident$
skip=
extra_env=
go version go1.26.6 linux/amd64
linux
amd64
1
/home/qompack-test/.cache/go-build
/go/pkg/mod
-mod=readonly
off
Linux e09d55cfc09b 5.15.167.4-microsoft-standard-WSL2 #1 SMP Tue Nov 5 00:21:55 UTC 2024 x86_64 GNU/Linux
22
FAIL      github.com/qompack/qompack/test/e2e  (pass=0 fail=1 skip=0)
    FAIL TestV3_HotPathUnchangedWithLedgerResident
go_test_exit=1
exit=1
artifacts: C:/Users/Quant/Documents/Programming/Projects/qompack-cx-w5-coldstart/plans/sdd/V6-closeout/w5-coldstart/runs/linux/cx-w5-coldstart-hotpath-ledger-base-90e1db3-20260927T005726Z-artifacts
exit=1
exit=1
