run_id=cx-quiet-quiet-c51-prep-99d0b18-20261002T052939Z
container=qompack-v6-linux-verification
repo=C:/Users/Quant/Documents/Programming/Projects/qompack-cx-cand
rev=99d0b18cf7d5991aa733e70ce52a542b80aa7710
commit=99d0b18cf7d5991aa733e70ce52a542b80aa7710
bundle_sha256=e29a373ed6f7b3c3db42454aeb839920b1942c9218dbaad5cc7af9bfc139dac8
host_started_utc=2026-10-02T05:29:44Z
inner_args=--no-race --run ^$ --timeout 30m -- ./test/bench/hotpath
/work/cx-quiet-quiet-c51-prep-99d0b18-20261002T052939Z.bundle: OK
run_id=cx-quiet-quiet-c51-prep-99d0b18-20261002T052939Z
commit=99d0b18cf7d5991aa733e70ce52a542b80aa7710
tree=2a544bda820d90b89a398c21b1244940111bbbd4
bundle_sha256=e29a373ed6f7b3c3db42454aeb839920b1942c9218dbaad5cc7af9bfc139dac8
started_utc=2026-10-02T05:29:48Z
uid=10001 user=qompack-test groups=qompack-test
race=0 count=1 timeout=30m gomaxprocs=4 coload=0
run=^$
skip=
extra_env=
go version go1.26.6 linux/amd64
linux
amd64
0
/home/qompack-test/.cache/go-build
/go/pkg/mod
-mod=readonly
off
Linux e09d55cfc09b 5.15.167.4-microsoft-standard-WSL2 #1 SMP Tue Nov 5 00:21:55 UTC 2024 x86_64 GNU/Linux
22
go: writing stat cache: open /go/pkg/mod/cache/download/github.com/qompack/qompack/@v/v0.0.0-20261002021740-99d0b18cf7d5.info7535791.tmp: permission denied
PASS      github.com/qompack/qompack/test/bench/hotpath  (pass=0 fail=0 skip=0)
go_test_exit=0
exit=0
artifacts: C:/Users/Quant/Documents/Programming/Projects/qompack-v6/plans/sdd/V6-closeout/phase3/c6/quiet/c51-linux/gate/cx-quiet-quiet-c51-prep-99d0b18-20261002T052939Z-artifacts
exit=0
