{"Time":"2026-09-20T21:13:24.9311128-04:00","Action":"start","Package":"github.com/qompack/qompack/test/fault"}
{"Time":"2026-09-20T21:13:26.4008436-04:00","Action":"run","Package":"github.com/qompack/qompack/test/fault","Test":"TestV6_FsckReportsUnpublishedCaptureWithoutDiscardingEvidence"}
{"Time":"2026-09-20T21:13:26.4008436-04:00","Action":"output","Package":"github.com/qompack/qompack/test/fault","Test":"TestV6_FsckReportsUnpublishedCaptureWithoutDiscardingEvidence","Output":"=== RUN   TestV6_FsckReportsUnpublishedCaptureWithoutDiscardingEvidence\n"}
{"Time":"2026-09-20T21:13:31.958164-04:00","Action":"output","Package":"github.com/qompack/qompack/test/fault","Test":"TestV6_FsckReportsUnpublishedCaptureWithoutDiscardingEvidence","Output":"    v6_fsck_test.go:54: \n"}
{"Time":"2026-09-20T21:13:31.9587142-04:00","Action":"output","Package":"github.com/qompack/qompack/test/fault","Test":"TestV6_FsckReportsUnpublishedCaptureWithoutDiscardingEvidence","Output":"        \tError Trace:\tC:/Users/Quant/Documents/Programming/Projects/qompack-v6/test/fault/v6_fsck_test.go:54\n"}
{"Time":"2026-09-20T21:13:31.9587142-04:00","Action":"output","Package":"github.com/qompack/qompack/test/fault","Test":"TestV6_FsckReportsUnpublishedCaptureWithoutDiscardingEvidence","Output":"        \tError:      \tNot equal: \n"}
{"Time":"2026-09-20T21:13:31.9587142-04:00","Action":"output","Package":"github.com/qompack/qompack/test/fault","Test":"TestV6_FsckReportsUnpublishedCaptureWithoutDiscardingEvidence","Output":"        \t            \texpected: 1\n"}
{"Time":"2026-09-20T21:13:31.9587142-04:00","Action":"output","Package":"github.com/qompack/qompack/test/fault","Test":"TestV6_FsckReportsUnpublishedCaptureWithoutDiscardingEvidence","Output":"        \t            \tactual  : 0\n"}
{"Time":"2026-09-20T21:13:31.9587142-04:00","Action":"output","Package":"github.com/qompack/qompack/test/fault","Test":"TestV6_FsckReportsUnpublishedCaptureWithoutDiscardingEvidence","Output":"        \tTest:       \tTestV6_FsckReportsUnpublishedCaptureWithoutDiscardingEvidence\n"}
{"Time":"2026-09-20T21:13:31.9587142-04:00","Action":"output","Package":"github.com/qompack/qompack/test/fault","Test":"TestV6_FsckReportsUnpublishedCaptureWithoutDiscardingEvidence","Output":"        \tMessages:   \tthe incomplete capture must produce a failing diagnostic\n"}
{"Time":"2026-09-20T21:13:31.9592696-04:00","Action":"output","Package":"github.com/qompack/qompack/test/fault","Test":"TestV6_FsckReportsUnpublishedCaptureWithoutDiscardingEvidence","Output":"    v6_fsck_test.go:35: fault v6_fsck_unpublished_capture: failed — packaged fsck did not complete the expected diagnostic and preservation assertions\n"}
{"Time":"2026-09-20T21:13:31.9592696-04:00","Action":"output","Package":"github.com/qompack/qompack/test/fault","Test":"TestV6_FsckReportsUnpublishedCaptureWithoutDiscardingEvidence","Output":"          boundary: capture sidecar published:false with no reference joined\n"}
{"Time":"2026-09-20T21:13:31.9592696-04:00","Action":"output","Package":"github.com/qompack/qompack/test/fault","Test":"TestV6_FsckReportsUnpublishedCaptureWithoutDiscardingEvidence","Output":"          seed:     packaged hook capture, stopped writer, then cutUnpublishCaptureSidecar\n"}
{"Time":"2026-09-20T21:13:31.9592696-04:00","Action":"output","Package":"github.com/qompack/qompack/test/fault","Test":"TestV6_FsckReportsUnpublishedCaptureWithoutDiscardingEvidence","Output":"          dangling: 0→0\n"}
{"Time":"2026-09-20T21:13:31.9592696-04:00","Action":"output","Package":"github.com/qompack/qompack/test/fault","Test":"TestV6_FsckReportsUnpublishedCaptureWithoutDiscardingEvidence","Output":"          detail:   \n"}
{"Time":"2026-09-20T21:13:31.9592696-04:00","Action":"output","Package":"github.com/qompack/qompack/test/fault","Test":"TestV6_FsckReportsUnpublishedCaptureWithoutDiscardingEvidence","Output":"          artifact: C:\\Users\\Quant\\Documents\\Programming\\Projects\\qompack-v6\\plans\\sdd\\V6-VERIFY\\fsck-focused\\v6_fsck_unpublished_capture.json\n"}
{"Time":"2026-09-20T21:13:32.08081-04:00","Action":"output","Package":"github.com/qompack/qompack/test/fault","Test":"TestV6_FsckReportsUnpublishedCaptureWithoutDiscardingEvidence","Output":"--- FAIL: TestV6_FsckReportsUnpublishedCaptureWithoutDiscardingEvidence (5.68s)\n"}
{"Time":"2026-09-20T21:13:32.0813619-04:00","Action":"fail","Package":"github.com/qompack/qompack/test/fault","Test":"TestV6_FsckReportsUnpublishedCaptureWithoutDiscardingEvidence","Elapsed":5.68}
{"Time":"2026-09-20T21:13:32.0813619-04:00","Action":"output","Package":"github.com/qompack/qompack/test/fault","Output":"FAIL\n"}
{"Time":"2026-09-20T21:13:32.1619163-04:00","Action":"output","Package":"github.com/qompack/qompack/test/fault","Output":"FAIL\tgithub.com/qompack/qompack/test/fault\t7.231s\n"}
{"Time":"2026-09-20T21:13:32.1619163-04:00","Action":"fail","Package":"github.com/qompack/qompack/test/fault","Elapsed":7.231}
