run_id=cx-w2-sessionend-fix-daemon-cli-race3-51b0e36-20260926T011956Z
container=qompack-v6-linux-verification
repo=C:/Users/Quant/Documents/Programming/Projects/qompack-cx-w2-sessionend
rev=51b0e36
commit=51b0e36a66f6f0f871bdb7144213411af6a1b1be
bundle_sha256=359b60fbcbf4cc5119691a49a486e1514dd955d4761f6c77219cceaf8d7ddb4c
host_started_utc=2026-09-26T01:20:01Z
inner_args=--run ^(TestFlush_|TestFlushRoute_|TestStop_FinishesAnAcceptedSessionEnd|TestStop_IsNotHeldBehindASessionEndsDrain|TestDrain_AReplayedFlush|TestSessionRecovery_|TestSpoolWatch_|TestDrainClientSpools_|TestSpoolRetryAfter_|TestDeliveryOrder_Flush|TestDrain_ControlLinesPublishNoCaptureSidecar|TestDrainOfSpooledFlushLineDoesNotDeadlock|TestStartupDrainOfSpooledFlushLineDoesNotWedgeRun|TestFlushHook_|TestHookConnectDeadline) --count 3 -- ./internal/daemon ./internal/cli
/work/cx-w2-sessionend-fix-daemon-cli-race3-51b0e36-20260926T011956Z.bundle: OK
run_id=cx-w2-sessionend-fix-daemon-cli-race3-51b0e36-20260926T011956Z
commit=51b0e36a66f6f0f871bdb7144213411af6a1b1be
tree=35fb84594356da5e0e6c1439695fa9c12612187d
bundle_sha256=359b60fbcbf4cc5119691a49a486e1514dd955d4761f6c77219cceaf8d7ddb4c
started_utc=2026-09-26T01:20:03Z
uid=10001 user=qompack-test groups=qompack-test
race=1 count=3 timeout=30m gomaxprocs=4 coload=0
run=^(TestFlush_|TestFlushRoute_|TestStop_FinishesAnAcceptedSessionEnd|TestStop_IsNotHeldBehindASessionEndsDrain|TestDrain_AReplayedFlush|TestSessionRecovery_|TestSpoolWatch_|TestDrainClientSpools_|TestSpoolRetryAfter_|TestDeliveryOrder_Flush|TestDrain_ControlLinesPublishNoCaptureSidecar|TestDrainOfSpooledFlushLineDoesNotDeadlock|TestStartupDrainOfSpooledFlushLineDoesNotWedgeRun|TestFlushHook_|TestHookConnectDeadline)
skip=
extra_env=
go version go1.26.6 linux/amd64
linux
amd64
1
/home/qompack-test/.cache/go-build
/go/pkg/mod
-mod=readonly
off
Linux e09d55cfc09b 5.15.167.4-microsoft-standard-WSL2 #1 SMP Tue Nov 5 00:21:55 UTC 2024 x86_64 GNU/Linux
22
PASS      github.com/qompack/qompack/internal/daemon  (pass=108 fail=0 skip=0)
PASS      github.com/qompack/qompack/internal/cli  (pass=30 fail=0 skip=0)
go_test_exit=0
exit=0
artifacts: C:/Users/Quant/Documents/Programming/Projects/qompack-cx-w2-sessionend/plans/sdd/V6-closeout/w2-sessionend/runs/fix/linux/cx-w2-sessionend-fix-daemon-cli-race3-51b0e36-20260926T011956Z-artifacts
exit=0
gate1 exit=0
run_id=cx-w2-sessionend-fix-e2e-fault-int-51b0e36-20260926T012144Z
container=qompack-v6-linux-verification
repo=C:/Users/Quant/Documents/Programming/Projects/qompack-cx-w2-sessionend
rev=51b0e36
commit=51b0e36a66f6f0f871bdb7144213411af6a1b1be
bundle_sha256=359b60fbcbf4cc5119691a49a486e1514dd955d4761f6c77219cceaf8d7ddb4c
host_started_utc=2026-09-26T01:21:48Z
inner_args=--run ^(TestE2E_ObserverThroughDaemon|TestE2E_ThinSliceDropsControlOnlyEdges|TestV3_CrashRecoveryReplaysObserverAndLedgerConsistently|TestUnknownSchema_NewerThanThisBuildDegradesWithoutRewriting|TestV5_HookEventToTombstoneToRetrievalAfterRestart|TestV3_LiveSessionWriteSetAndAppendOnly|TestV3_DegradedPassiveStillRecordsEverything|TestFault_AuditSeesADeletedObjectUnderALiveIndex|TestFault_MCPChildKilledMidRequest|TestFault_DaemonKilledMidIngest|TestFault_UnavailableHistoricalObject|TestFault_CheckpointDropsAnUnresolvablePointer|TestFault_CheckpointResolvabilityIsBlindToADeletedObject|TestFault_Lifecycle|TestFault_PublicationBoundaries|TestIntegration_ContractMonitorRunsAgainstRealStore|TestIntegration_DegradedPassiveStillWritesToTheRealStore)$ --no-race --count 1 -- ./test/e2e ./test/fault ./test/integration
/work/cx-w2-sessionend-fix-e2e-fault-int-51b0e36-20260926T012144Z.bundle: OK
run_id=cx-w2-sessionend-fix-e2e-fault-int-51b0e36-20260926T012144Z
commit=51b0e36a66f6f0f871bdb7144213411af6a1b1be
tree=35fb84594356da5e0e6c1439695fa9c12612187d
bundle_sha256=359b60fbcbf4cc5119691a49a486e1514dd955d4761f6c77219cceaf8d7ddb4c
started_utc=2026-09-26T01:21:50Z
uid=10001 user=qompack-test groups=qompack-test
race=0 count=1 timeout=30m gomaxprocs=4 coload=0
run=^(TestE2E_ObserverThroughDaemon|TestE2E_ThinSliceDropsControlOnlyEdges|TestV3_CrashRecoveryReplaysObserverAndLedgerConsistently|TestUnknownSchema_NewerThanThisBuildDegradesWithoutRewriting|TestV5_HookEventToTombstoneToRetrievalAfterRestart|TestV3_LiveSessionWriteSetAndAppendOnly|TestV3_DegradedPassiveStillRecordsEverything|TestFault_AuditSeesADeletedObjectUnderALiveIndex|TestFault_MCPChildKilledMidRequest|TestFault_DaemonKilledMidIngest|TestFault_UnavailableHistoricalObject|TestFault_CheckpointDropsAnUnresolvablePointer|TestFault_CheckpointResolvabilityIsBlindToADeletedObject|TestFault_Lifecycle|TestFault_PublicationBoundaries|TestIntegration_ContractMonitorRunsAgainstRealStore|TestIntegration_DegradedPassiveStillWritesToTheRealStore)$
skip=
extra_env=
go version go1.26.6 linux/amd64
linux
amd64
0
/home/qompack-test/.cache/go-build
/go/pkg/mod
-mod=readonly
off
Linux e09d55cfc09b 5.15.167.4-microsoft-standard-WSL2 #1 SMP Tue Nov 5 00:21:55 UTC 2024 x86_64 GNU/Linux
22
PASS      github.com/qompack/qompack/test/e2e  (pass=7 fail=0 skip=1)
PASS      github.com/qompack/qompack/test/fault  (pass=36 fail=0 skip=0)
PASS      github.com/qompack/qompack/test/integration  (pass=2 fail=0 skip=0)
go_test_exit=0
exit=0
artifacts: C:/Users/Quant/Documents/Programming/Projects/qompack-cx-w2-sessionend/plans/sdd/V6-closeout/w2-sessionend/runs/fix/linux/cx-w2-sessionend-fix-e2e-fault-int-51b0e36-20260926T012144Z-artifacts
exit=0
gate2 exit=0
