--- FAIL: TestDrainRejectedResponseIsRetryableAfterRestart (0.03s)
    drain_recovery_test.go:58: 
        	Error Trace:	C:/Users/Quant/Documents/Programming/Projects/qompack-sp20/internal/daemon/drain_recovery_test.go:58
        	Error:      	An error is expected but got nil.
        	Test:       	TestDrainRejectedResponseIsRetryableAfterRestart
        	Messages:   	a rejected handler response must be visible to the drain caller
--- FAIL: TestDrainCanceledRejectedHandlerLeavesCurrentLinePending (0.01s)
    drain_recovery_test.go:100: 
        	Error Trace:	C:/Users/Quant/Documents/Programming/Projects/qompack-sp20/internal/daemon/drain_recovery_test.go:100
        	Error:      	Should be zero, but was 1
        	Test:       	TestDrainCanceledRejectedHandlerLeavesCurrentLinePending
        	Messages:   	a rejected call during cancellation is not acknowledged
--- FAIL: TestDrainTrailingIncompleteLineWaitsForCompletion (0.03s)
    drain_recovery_test.go:138: 
        	Error Trace:	C:/Users/Quant/Documents/Programming/Projects/qompack-sp20/internal/daemon/drain_recovery_test.go:138
        	Error:      	Received unexpected error:
        	            	open C:\Users\Quant\AppData\Local\Temp\TestDrainTrailingIncompleteLineWaitsForCompletion4273511377\001\.qompack\spool\client-partial.ndjson: The system cannot find the file specified.
        	Test:       	TestDrainTrailingIncompleteLineWaitsForCompletion
--- FAIL: TestDrainStatePersistenceFailurePreservesSpool (0.03s)
    drain_recovery_test.go:182: 
        	Error Trace:	C:/Users/Quant/Documents/Programming/Projects/qompack-sp20/internal/daemon/drain_recovery_test.go:182
        	Error:      	An error is expected but got nil.
        	Test:       	TestDrainStatePersistenceFailurePreservesSpool
        	Messages:   	failure to persist acknowledged progress must be reported
FAIL
FAIL	github.com/qompack/qompack/internal/daemon	0.324s
FAIL
