=== RUN   TestNAKDuplicateIsDedupedOnDrain
=== PAUSE TestNAKDuplicateIsDedupedOnDrain
=== RUN   TestDrainOfSpooledFlushLineDoesNotDeadlock
=== PAUSE TestDrainOfSpooledFlushLineDoesNotDeadlock
=== RUN   TestStartupDrainOfSpooledFlushLineDoesNotWedgeRun
--- PASS: TestStartupDrainOfSpooledFlushLineDoesNotWedgeRun (0.36s)
=== RUN   TestIdleExitWithZeroSessions
--- PASS: TestIdleExitWithZeroSessions (1.26s)
=== RUN   TestIdleExitEndsAbandonedSessions
--- PASS: TestIdleExitEndsAbandonedSessions (2.24s)
=== RUN   TestDeliveryOrder_ArchiveReadsHoldNeitherJournalLock
=== PAUSE TestDeliveryOrder_ArchiveReadsHoldNeitherJournalLock
=== RUN   TestDeliveryOrder_ArchiveReadsFailClosed
=== PAUSE TestDeliveryOrder_ArchiveReadsFailClosed
=== RUN   TestDeliveryOrder_ArchiveReadsNeverRunAheadOfASettlement
=== PAUSE TestDeliveryOrder_ArchiveReadsNeverRunAheadOfASettlement
=== RUN   TestDeliveryOrder_AStuckSessionCannotTakeTheOtherSessionsLanes
--- PASS: TestDeliveryOrder_AStuckSessionCannotTakeTheOtherSessionsLanes (1.27s)
=== RUN   TestDeliveryOrder_ParkedLaneAsksForADrainRatherThanWaitingForIdle
--- PASS: TestDeliveryOrder_ParkedLaneAsksForADrainRatherThanWaitingForIdle (0.84s)
=== RUN   TestDeliveryOrder_LaneOverflowIsDrainedOnRequest
--- PASS: TestDeliveryOrder_LaneOverflowIsDrainedOnRequest (1.57s)
=== RUN   TestDeliveryOrder_ARequestedDrainCutShortByItsBudgetIsRequestedAgain
--- PASS: TestDeliveryOrder_ARequestedDrainCutShortByItsBudgetIsRequestedAgain (7.56s)
=== RUN   TestDeliveryOrder_ARequestedPassFinishesALineSlowerThanItsBudget
--- PASS: TestDeliveryOrder_ARequestedPassFinishesALineSlowerThanItsBudget (10.48s)
=== RUN   TestDeliveryOrder_FlushOverAnUnreadableFrontierIsCountedNotSilent
--- PASS: TestDeliveryOrder_FlushOverAnUnreadableFrontierIsCountedNotSilent (1.45s)
=== RUN   TestDeliveryOrder_FlushWaitsForABacklogThatKeepsPublishing
--- PASS: TestDeliveryOrder_FlushWaitsForABacklogThatKeepsPublishing (9.22s)
=== RUN   TestDeliveryOrder_DrainReleasesOnlySessionsItPublishedOrRetired
--- PASS: TestDeliveryOrder_DrainReleasesOnlySessionsItPublishedOrRetired (1.61s)
=== RUN   TestDeliveryOrder_LiveSameSessionArrivalsPublishWithoutDrain
--- PASS: TestDeliveryOrder_LiveSameSessionArrivalsPublishWithoutDrain (4.14s)
=== RUN   TestDeliveryOrder_LiveReversedRingOrderPublishesWithoutDrain
--- PASS: TestDeliveryOrder_LiveReversedRingOrderPublishesWithoutDrain (2.35s)
=== RUN   TestDeliveryOrder_LiveOtherSessionsAreNotSerialized
--- PASS: TestDeliveryOrder_LiveOtherSessionsAreNotSerialized (1.51s)
=== RUN   TestDeliveryOrder_DrainReleaseWakesParkedLiveSuccessor
--- PASS: TestDeliveryOrder_DrainReleaseWakesParkedLiveSuccessor (4.09s)
=== RUN   TestDeliveryOrder_LiveLanesAreBoundedAndOverflowIsLeftForTheDrain
--- PASS: TestDeliveryOrder_LiveLanesAreBoundedAndOverflowIsLeftForTheDrain (12.34s)
=== RUN   TestDeliveryOrder_LiveFailedHeadIsRetriedByTheNextArrivalNotSpun
--- PASS: TestDeliveryOrder_LiveFailedHeadIsRetriedByTheNextArrivalNotSpun (3.60s)
=== RUN   TestDeliveryOrder_DrainReleasesSessionsOnlyAfterItsPass
--- PASS: TestDeliveryOrder_DrainReleasesSessionsOnlyAfterItsPass (3.25s)
=== RUN   TestDeliveryOrder_FlushSettlesQueuedSessionEventsBeforeSessionEnd
--- PASS: TestDeliveryOrder_FlushSettlesQueuedSessionEventsBeforeSessionEnd (3.58s)
=== RUN   TestDeliveryOrder_FlushDrainsAParkedSessionBeforeSessionEnd
--- PASS: TestDeliveryOrder_FlushDrainsAParkedSessionBeforeSessionEnd (2.81s)
=== RUN   TestDeliveryOrder_FlushThatCannotSettleSaysSoAndLosesNothing
--- PASS: TestDeliveryOrder_FlushThatCannotSettleSaysSoAndLosesNothing (1.54s)
=== RUN   TestDeliveryOrder_PredecessorsAcknowledgedGate
--- PASS: TestDeliveryOrder_PredecessorsAcknowledgedGate (0.89s)
=== RUN   TestDeliveryOrder_DrainReversedWALvsLeaseOrder
--- PASS: TestDeliveryOrder_DrainReversedWALvsLeaseOrder (0.86s)
=== RUN   TestDeliveryOrder_UnreadableFrontierFailsClosed
--- PASS: TestDeliveryOrder_UnreadableFrontierFailsClosed (0.33s)
=== RUN   TestDeliveryOrder_MissingJournalGetterFailsClosed
--- PASS: TestDeliveryOrder_MissingJournalGetterFailsClosed (0.21s)
=== RUN   TestDeliveryOrder_UnreadableFrontierNoPublication
--- PASS: TestDeliveryOrder_UnreadableFrontierNoPublication (0.49s)
=== RUN   TestDeliveryOrder_DrainReversedPrefixBeyondBufferBoundDoesNotWedge
--- PASS: TestDeliveryOrder_DrainReversedPrefixBeyondBufferBoundDoesNotWedge (48.90s)
=== RUN   TestDeliveryOrder_DrainOrdersPerSessionIndependently
--- PASS: TestDeliveryOrder_DrainOrdersPerSessionIndependently (1.17s)
=== RUN   TestDeliveryOrder_DrainCancellationPreservesUnconsumed
--- PASS: TestDeliveryOrder_DrainCancellationPreservesUnconsumed (0.23s)
=== RUN   TestDeliveryOrder_LeasedDenyOnRetryPreservedPending
--- PASS: TestDeliveryOrder_LeasedDenyOnRetryPreservedPending (0.30s)
=== RUN   TestDrainAdmitsAndAcknowledgesInheritedRecords
--- PASS: TestDrainAdmitsAndAcknowledgesInheritedRecords (0.27s)
=== RUN   TestDrainReportsGapsInsteadOfSilentCompleteness
--- PASS: TestDrainReportsGapsInsteadOfSilentCompleteness (0.08s)
=== RUN   TestDeliveryTerminal_DrainAfterPhysicalScopeChanges
--- PASS: TestDeliveryTerminal_DrainAfterPhysicalScopeChanges (0.52s)
=== RUN   TestDeliveryTerminal_DrainWaitsForLivePublicationOwner
--- PASS: TestDeliveryTerminal_DrainWaitsForLivePublicationOwner (0.49s)
=== RUN   TestDrainDoesNotRedeliverAnAcknowledgedClientCopy
--- PASS: TestDrainDoesNotRedeliverAnAcknowledgedClientCopy (0.23s)
=== RUN   TestDrainSkipsAnUnadmittableRecordAndDeliversWhatFollows
--- PASS: TestDrainSkipsAnUnadmittableRecordAndDeliversWhatFollows (0.26s)
=== RUN   TestDrainReportsADeniedRecordAsAGapAndMovesOn
--- PASS: TestDrainReportsADeniedRecordAsAGapAndMovesOn (0.23s)
=== RUN   TestDrainPersistsADegradedCaptureAsEvidence
--- PASS: TestDrainPersistsADegradedCaptureAsEvidence (0.25s)
=== RUN   TestDrain_ControlLinesPublishNoCaptureSidecar
=== RUN   TestDrain_ControlLinesPublishNoCaptureSidecar/flush
=== RUN   TestDrain_ControlLinesPublishNoCaptureSidecar/checkpoint
=== RUN   TestDrain_ControlLinesPublishNoCaptureSidecar/session.start
--- PASS: TestDrain_ControlLinesPublishNoCaptureSidecar (1.15s)
    --- PASS: TestDrain_ControlLinesPublishNoCaptureSidecar/flush (0.47s)
    --- PASS: TestDrain_ControlLinesPublishNoCaptureSidecar/checkpoint (0.33s)
    --- PASS: TestDrain_ControlLinesPublishNoCaptureSidecar/session.start (0.35s)
=== RUN   TestNewDrainerIssuesTheRealSyncsByDefault
--- PASS: TestNewDrainerIssuesTheRealSyncsByDefault (0.00s)
=== RUN   TestDrainTakesNothingOfAFreshSegmentBeforeItsFirstSyncReturns
--- PASS: TestDrainTakesNothingOfAFreshSegmentBeforeItsFirstSyncReturns (0.26s)
=== RUN   TestDrainReadsAHeldSegmentNoFurtherThanItsStat
--- PASS: TestDrainReadsAHeldSegmentNoFurtherThanItsStat (0.08s)
=== RUN   TestDrainLeavesBytesAppendedAfterItsSyncForTheNextPass
--- PASS: TestDrainLeavesBytesAppendedAfterItsSyncForTheNextPass (0.25s)
=== RUN   TestDrainFsyncsASpoolFileOnAHandleOfItsOwnBeforeItsFirstDispatch
--- PASS: TestDrainFsyncsASpoolFileOnAHandleOfItsOwnBeforeItsFirstDispatch (0.14s)
=== RUN   TestDrainCountsTheBytesOfAFileItCouldNotSyncAsPending
--- PASS: TestDrainCountsTheBytesOfAFileItCouldNotSyncAsPending (0.21s)
=== RUN   TestDrainSyncsTheSpoolDirectoryOncePerPassBeforeItConsumesASyncedFile
--- PASS: TestDrainSyncsTheSpoolDirectoryOncePerPassBeforeItConsumesASyncedFile (0.51s)
=== RUN   TestDrainAnnouncesAFileItCannotSyncOncePerFailure
--- PASS: TestDrainAnnouncesAFileItCannotSyncOncePerFailure (0.23s)
=== RUN   TestDrainRecoversFromACrashThatTookAHeldSegmentsUnsyncedTail
--- PASS: TestDrainRecoversFromACrashThatTookAHeldSegmentsUnsyncedTail (0.22s)
=== RUN   TestDrainRefusesProgressWhoseFileLostItsDurableBytes
=== RUN   TestDrainRefusesProgressWhoseFileLostItsDurableBytes/a_file_truncated_below_the_bytes_the_drain_consumed
=== RUN   TestDrainRefusesProgressWhoseFileLostItsDurableBytes/a_file_replaced_by_different_bytes,_short_of_the_bound_its_progress_names
=== RUN   TestDrainRefusesProgressWhoseFileLostItsDurableBytes/a_held_segment_that_comes_back_short_of_the_synced_size_it_recorded
--- PASS: TestDrainRefusesProgressWhoseFileLostItsDurableBytes (0.30s)
    --- PASS: TestDrainRefusesProgressWhoseFileLostItsDurableBytes/a_file_truncated_below_the_bytes_the_drain_consumed (0.11s)
    --- PASS: TestDrainRefusesProgressWhoseFileLostItsDurableBytes/a_file_replaced_by_different_bytes,_short_of_the_bound_its_progress_names (0.09s)
    --- PASS: TestDrainRefusesProgressWhoseFileLostItsDurableBytes/a_held_segment_that_comes_back_short_of_the_synced_size_it_recorded (0.10s)
=== RUN   TestDrainConsumesNothingOfAFileWhoseFsyncFailed
--- PASS: TestDrainConsumesNothingOfAFileWhoseFsyncFailed (0.57s)
=== RUN   TestDrainConsumesNothingWhenItCannotCloseTheHandleItSynced
--- PASS: TestDrainConsumesNothingWhenItCannotCloseTheHandleItSynced (0.12s)
=== RUN   TestDrainSyncNeverCreatesASpoolFileThatIsGone
--- PASS: TestDrainSyncNeverCreatesASpoolFileThatIsGone (0.15s)
=== RUN   TestDrainNeverLeasesAWALLineBeforeItsSyncReturns
=== RUN   TestDrainNeverLeasesAWALLineBeforeItsSyncReturns/wired_as_the_daemon_wires_it,_a_pass_takes_nothing_past_the_synced_size
=== RUN   TestDrainNeverLeasesAWALLineBeforeItsSyncReturns/a_drainer_with_no_ingest_behind_it_syncs_the_segment_before_it_leases
--- PASS: TestDrainNeverLeasesAWALLineBeforeItsSyncReturns (0.83s)
    --- PASS: TestDrainNeverLeasesAWALLineBeforeItsSyncReturns/wired_as_the_daemon_wires_it,_a_pass_takes_nothing_past_the_synced_size (0.48s)
    --- PASS: TestDrainNeverLeasesAWALLineBeforeItsSyncReturns/a_drainer_with_no_ingest_behind_it_syncs_the_segment_before_it_leases (0.34s)
=== RUN   TestDrainSyncsAFileTheIngestDoesNotHoldBeforeItsFirstLease
--- PASS: TestDrainSyncsAFileTheIngestDoesNotHoldBeforeItsFirstLease (0.84s)
=== RUN   TestDrainLeasesNothingFromAFileItCouldNotSync
--- PASS: TestDrainLeasesNothingFromAFileItCouldNotSync (0.54s)
=== RUN   TestDrainSyncsASpoolFileAHookStillHasOpen
--- PASS: TestDrainSyncsASpoolFileAHookStillHasOpen (0.14s)
=== RUN   TestCarriedDefect_SP05D1_IdleBudgetExpiryLeavesInterruptedLinePending
=== RUN   TestCarriedDefect_SP05D1_IdleBudgetExpiryLeavesInterruptedLinePending/restart_redelivers_the_interrupted_line
=== RUN   TestCarriedDefect_SP05D1_IdleBudgetExpiryLeavesInterruptedLinePending/same_process_retries_the_interrupted_line
--- PASS: TestCarriedDefect_SP05D1_IdleBudgetExpiryLeavesInterruptedLinePending (0.24s)
    --- PASS: TestCarriedDefect_SP05D1_IdleBudgetExpiryLeavesInterruptedLinePending/restart_redelivers_the_interrupted_line (0.13s)
    --- PASS: TestCarriedDefect_SP05D1_IdleBudgetExpiryLeavesInterruptedLinePending/same_process_retries_the_interrupted_line (0.11s)
=== RUN   TestIdleDrain_ALineSlowerThanTheIdleBudgetIsPublishedAndDoesNotStrandTheRest
--- PASS: TestIdleDrain_ALineSlowerThanTheIdleBudgetIsPublishedAndDoesNotStrandTheRest (3.88s)
=== RUN   TestDrainKeepsTheWALTheIngestHoldsForAnUnregisteredSession
=== PAUSE TestDrainKeepsTheWALTheIngestHoldsForAnUnregisteredSession
=== RUN   TestDrainKeepsTheWALOfASessionLiveByTrafficAlone
=== PAUSE TestDrainKeepsTheWALOfASessionLiveByTrafficAlone
=== RUN   TestDrainDoesNotRemoveAWALThatGrewBeforeTheRemovalDecision
=== PAUSE TestDrainDoesNotRemoveAWALThatGrewBeforeTheRemovalDecision
=== RUN   TestDrainPassIsBoundedByItsOwnSnapshotOfAGrowingSpoolFile
=== PAUSE TestDrainPassIsBoundedByItsOwnSnapshotOfAGrowingSpoolFile
=== RUN   TestDrainRemovesClosedRotatedSegmentsAndKeepsTheHeldOne
=== PAUSE TestDrainRemovesClosedRotatedSegmentsAndKeepsTheHeldOne
=== RUN   TestIngestRemoveDrainedWALRefusesHeldAndGrownSegments
=== PAUSE TestIngestRemoveDrainedWALRefusesHeldAndGrownSegments
=== RUN   TestDrainRoundTripsACleanupIntentThroughTheRecordCodec
=== RUN   TestDrainRoundTripsACleanupIntentThroughTheRecordCodec/the_intents_a_record_holds_survive_the_write_and_the_read
=== RUN   TestDrainRoundTripsACleanupIntentThroughTheRecordCodec/a_later_pass_removes_the_blob_an_inherited_intent_names
--- PASS: TestDrainRoundTripsACleanupIntentThroughTheRecordCodec (0.11s)
    --- PASS: TestDrainRoundTripsACleanupIntentThroughTheRecordCodec/the_intents_a_record_holds_survive_the_write_and_the_read (0.04s)
    --- PASS: TestDrainRoundTripsACleanupIntentThroughTheRecordCodec/a_later_pass_removes_the_blob_an_inherited_intent_names (0.07s)
=== RUN   TestDrainKeepsTheDurableBoundItRecordedWhenASegmentIsReopenedBelowIt
--- PASS: TestDrainKeepsTheDurableBoundItRecordedWhenASegmentIsReopenedBelowIt (0.12s)
=== RUN   TestDrainDoesNotKeepARawStatBoundItDidNotRecord
=== RUN   TestDrainDoesNotKeepARawStatBoundItDidNotRecord/a_record_written_before_the_mark,_whose_size_names_the_unsynced_tail
=== RUN   TestDrainDoesNotKeepARawStatBoundItDidNotRecord/a_record_this_code_wrote,_whose_size_names_only_durable_bytes
--- PASS: TestDrainDoesNotKeepARawStatBoundItDidNotRecord (0.37s)
    --- PASS: TestDrainDoesNotKeepARawStatBoundItDidNotRecord/a_record_written_before_the_mark,_whose_size_names_the_unsynced_tail (0.19s)
    --- PASS: TestDrainDoesNotKeepARawStatBoundItDidNotRecord/a_record_this_code_wrote,_whose_size_names_only_durable_bytes (0.17s)
=== RUN   TestDrainWritesALoadableRecordWhenAFileShrinksUnderThePass
--- PASS: TestDrainWritesALoadableRecordWhenAFileShrinksUnderThePass (0.25s)
=== RUN   TestDrainDoesNotMarkASizeThatRestsOnALegacyOffset
--- PASS: TestDrainDoesNotMarkASizeThatRestsOnALegacyOffset (0.22s)
=== RUN   TestDrainKeepsTheProvenanceOfARecordItDidNotVisit
--- PASS: TestDrainKeepsTheProvenanceOfARecordItDidNotVisit (0.09s)
=== RUN   TestDrainRejectedResponseIsRetryableAfterRestart
--- PASS: TestDrainRejectedResponseIsRetryableAfterRestart (0.11s)
=== RUN   TestDrainCanceledRejectedHandlerLeavesCurrentLinePending
--- PASS: TestDrainCanceledRejectedHandlerLeavesCurrentLinePending (0.11s)
=== RUN   TestDrainTrailingIncompleteLineWaitsForCompletion
--- PASS: TestDrainTrailingIncompleteLineWaitsForCompletion (0.12s)
=== RUN   TestDrainLoadStateTreatsAFileParentAsNoState
--- PASS: TestDrainLoadStateTreatsAFileParentAsNoState (0.01s)
=== RUN   TestDrainStatePersistenceFailurePreservesSpool
--- PASS: TestDrainStatePersistenceFailurePreservesSpool (0.09s)
=== RUN   TestDrainRejectedBlobResponseRetainsBlobForRestart
--- PASS: TestDrainRejectedBlobResponseRetainsBlobForRestart (0.15s)
=== RUN   TestDrainRestartCleansPersistedBlobWithoutRedispatching
--- PASS: TestDrainRestartCleansPersistedBlobWithoutRedispatching (0.07s)
=== RUN   TestDrainRestartCleansPriorBlobBeforeRetryingLaterRejectedLine
--- PASS: TestDrainRestartCleansPriorBlobBeforeRetryingLaterRejectedLine (0.15s)
=== RUN   TestDrainWindowsOpenBlobRetainsCleanupIntent
--- PASS: TestDrainWindowsOpenBlobRetainsCleanupIntent (0.11s)
=== RUN   TestDrainCrossFileSharedBlobWaitsForLaterRetry
--- PASS: TestDrainCrossFileSharedBlobWaitsForLaterRetry (0.25s)
=== RUN   TestDrainFreshSeenMayRedeliverWithoutPersistedOffset
--- PASS: TestDrainFreshSeenMayRedeliverWithoutPersistedOffset (0.07s)
=== RUN   TestDrainRejectsInvalidPersistedStateBeforeTouchingRecoveryResources
=== RUN   TestDrainRejectsInvalidPersistedStateBeforeTouchingRecoveryResources/malformed
=== RUN   TestDrainRejectsInvalidPersistedStateBeforeTouchingRecoveryResources/null_state
=== RUN   TestDrainRejectsInvalidPersistedStateBeforeTouchingRecoveryResources/null_file_entry
=== RUN   TestDrainRejectsInvalidPersistedStateBeforeTouchingRecoveryResources/negative_offset
=== RUN   TestDrainRejectsInvalidPersistedStateBeforeTouchingRecoveryResources/offset_beyond_spool_size
=== RUN   TestDrainRejectsInvalidPersistedStateBeforeTouchingRecoveryResources/done_without_complete_offset
--- PASS: TestDrainRejectsInvalidPersistedStateBeforeTouchingRecoveryResources (0.19s)
    --- PASS: TestDrainRejectsInvalidPersistedStateBeforeTouchingRecoveryResources/malformed (0.03s)
    --- PASS: TestDrainRejectsInvalidPersistedStateBeforeTouchingRecoveryResources/null_state (0.02s)
    --- PASS: TestDrainRejectsInvalidPersistedStateBeforeTouchingRecoveryResources/null_file_entry (0.03s)
    --- PASS: TestDrainRejectsInvalidPersistedStateBeforeTouchingRecoveryResources/negative_offset (0.03s)
    --- PASS: TestDrainRejectsInvalidPersistedStateBeforeTouchingRecoveryResources/offset_beyond_spool_size (0.04s)
    --- PASS: TestDrainRejectsInvalidPersistedStateBeforeTouchingRecoveryResources/done_without_complete_offset (0.04s)
=== RUN   TestDrainKeepsItsProgressLoadableWhenAStragglerReopensADrainedSegment
--- PASS: TestDrainKeepsItsProgressLoadableWhenAStragglerReopensADrainedSegment (0.24s)
=== RUN   TestDrainForgetsAFileDurablyBeforeUnlinkingIt
=== PAUSE TestDrainForgetsAFileDurablyBeforeUnlinkingIt
=== RUN   TestDrainCrashAtTheUnlinkLeavesNoProgressForARecreatedSegment
=== PAUSE TestDrainCrashAtTheUnlinkLeavesNoProgressForARecreatedSegment
=== RUN   TestDrainRestoresProgressWhenItDoesNotRemoveTheFile
=== PAUSE TestDrainRestoresProgressWhenItDoesNotRemoveTheFile
=== RUN   TestDrainDoesNotForgetASegmentTheIngestHolds
=== PAUSE TestDrainDoesNotForgetASegmentTheIngestHolds
=== RUN   TestDrainCrashBetweenForgettingAndUnlinkingReplaysOnlyWhatTheFrontierLacks
--- PASS: TestDrainCrashBetweenForgettingAndUnlinkingReplaysOnlyWhatTheFrontierLacks (0.53s)
=== RUN   TestDrainStartupForgetsStaleProgressBeforeTheSessionRecreatesItsSegment
=== PAUSE TestDrainStartupForgetsStaleProgressBeforeTheSessionRecreatesItsSegment
=== RUN   TestDrainForgetsReleasedProgressForMissingFilesBeforeReadingAny
=== PAUSE TestDrainForgetsReleasedProgressForMissingFilesBeforeReadingAny
=== RUN   TestDrainForgetsAFileAlreadyGoneAtItsRemoval
=== PAUSE TestDrainForgetsAFileAlreadyGoneAtItsRemoval
=== RUN   TestDrainKeepsProgressWhenItCannotPersistTheForgetting
=== PAUSE TestDrainKeepsProgressWhenItCannotPersistTheForgetting
=== RUN   TestDrainRejectsMismatchedProgressBeforePruningIt
=== PAUSE TestDrainRejectsMismatchedProgressBeforePruningIt
=== RUN   TestDrainKeepsCleanupIntentsForAFileDeletedAfterTheListing
=== PAUSE TestDrainKeepsCleanupIntentsForAFileDeletedAfterTheListing
=== RUN   TestDrainPersistsPerFileBeforeMovingOn
=== PAUSE TestDrainPersistsPerFileBeforeMovingOn
=== RUN   TestDrainPersistsAFileBeforeCleaningUpItsBlobs
=== PAUSE TestDrainPersistsAFileBeforeCleaningUpItsBlobs
=== RUN   TestDrainIsIdempotent
=== PAUSE TestDrainIsIdempotent
=== RUN   TestDrainResumesAfterCancel
=== PAUSE TestDrainResumesAfterCancel
=== RUN   TestDrainResolvesBlobs
=== PAUSE TestDrainResolvesBlobs
=== RUN   TestDrainSurvivesCorruptLine
=== PAUSE TestDrainSurvivesCorruptLine
=== RUN   TestDrainKeepsLiveSessionWAL
=== PAUSE TestDrainKeepsLiveSessionWAL
=== RUN   TestDrainNotesAStaleProgressOnceThenClears
=== PAUSE TestDrainNotesAStaleProgressOnceThenClears
=== RUN   TestFlush_ADrainedFlushSettlesUpToItsOwnArrival
--- PASS: TestFlush_ADrainedFlushSettlesUpToItsOwnArrival (1.10s)
=== RUN   TestStop_IsNotHeldBehindASessionEndsDrain
--- PASS: TestStop_IsNotHeldBehindASessionEndsDrain (1.65s)
=== RUN   TestDrain_AReplayedFlushIsEndedOnItsOwnNotUnderThePassBudget
--- PASS: TestDrain_AReplayedFlushIsEndedOnItsOwnNotUnderThePassBudget (1.03s)
=== RUN   TestDrain_AReplayedFlushIsEndedInlineWhereNoEndMayStart
=== RUN   TestDrain_AReplayedFlushIsEndedInlineWhereNoEndMayStart/Stop_has_closed_the_gate
=== RUN   TestDrain_AReplayedFlushIsEndedInlineWhereNoEndMayStart/a_session_end's_own_drain
--- PASS: TestDrain_AReplayedFlushIsEndedInlineWhereNoEndMayStart (1.74s)
    --- PASS: TestDrain_AReplayedFlushIsEndedInlineWhereNoEndMayStart/Stop_has_closed_the_gate (0.93s)
    --- PASS: TestDrain_AReplayedFlushIsEndedInlineWhereNoEndMayStart/a_session_end's_own_drain (0.81s)
=== RUN   TestIdleRunsByPriority
=== PAUSE TestIdleRunsByPriority
=== RUN   TestIdleRespectsBudget
=== PAUSE TestIdleRespectsBudget
=== RUN   TestIdleTaskPanicIsolated
=== PAUSE TestIdleTaskPanicIsolated
=== RUN   TestIdleTaskErrorIsNotFatal
=== PAUSE TestIdleTaskErrorIsNotFatal
=== RUN   TestIsIdleUsesDetectAfterSeconds
=== PAUSE TestIsIdleUsesDetectAfterSeconds
=== RUN   TestIdleRegisterReplacesInPlace
=== PAUSE TestIdleRegisterReplacesInPlace
=== RUN   TestIdleActPrefixSkippedWhenNotMayAct
=== PAUSE TestIdleActPrefixSkippedWhenNotMayAct
=== RUN   TestIdleActPrefixRunsWhenMayAct
=== PAUSE TestIdleActPrefixRunsWhenMayAct
=== RUN   TestLiveDispatchedLineIsNotRedispatchedByDrain
=== PAUSE TestLiveDispatchedLineIsNotRedispatchedByDrain
=== RUN   TestObserverAtomicPublicationFailureRemainsDrainRetryable
--- PASS: TestObserverAtomicPublicationFailureRemainsDrainRetryable (0.39s)
=== RUN   TestObserverAtomicLeasedPublicationFailureRemainsDrainRetryable
--- PASS: TestObserverAtomicLeasedPublicationFailureRemainsDrainRetryable (0.99s)
=== RUN   TestObserverDurablePublisherFailureRemainsDrainRetryable
--- PASS: TestObserverDurablePublisherFailureRemainsDrainRetryable (0.99s)
=== RUN   TestObserverPublicationFailureRemainsDrainRetryable
=== RUN   TestObserverPublicationFailureRemainsDrainRetryable/object_write
=== RUN   TestObserverPublicationFailureRemainsDrainRetryable/tool-use_reference
--- PASS: TestObserverPublicationFailureRemainsDrainRetryable (0.76s)
    --- PASS: TestObserverPublicationFailureRemainsDrainRetryable/object_write (0.35s)
    --- PASS: TestObserverPublicationFailureRemainsDrainRetryable/tool-use_reference (0.41s)
=== RUN   TestIdleExitWaitsForAnUnregisteredSessionThatKeepsSendingTraffic
=== PAUSE TestIdleExitWaitsForAnUnregisteredSessionThatKeepsSendingTraffic
=== RUN   TestIdleTasksRegistered
=== PAUSE TestIdleTasksRegistered
=== RUN   TestIdleActingTaskSkippedInDegradedPassive
=== PAUSE TestIdleActingTaskSkippedInDegradedPassive
=== RUN   TestIdleWorkBindsDaemon
=== PAUSE TestIdleWorkBindsDaemon
=== RUN   TestIdleTaskInertBeforeSessionBind
=== PAUSE TestIdleTaskInertBeforeSessionBind
=== RUN   TestIdleRefreshesDecisionOncePerPass
=== PAUSE TestIdleRefreshesDecisionOncePerPass
=== RUN   TestIdleFrontierSkippedCounted
=== PAUSE TestIdleFrontierSkippedCounted
=== RUN   TestIdleTaskGatedByDecisionBackground
=== PAUSE TestIdleTaskGatedByDecisionBackground
=== RUN   TestIdleTasksOffWhenBackgroundWorkFalse
=== PAUSE TestIdleTasksOffWhenBackgroundWorkFalse
=== RUN   TestIdleTaskRebuildBloomSkippedWhenLedgerNil
=== PAUSE TestIdleTaskRebuildBloomSkippedWhenLedgerNil
=== RUN   TestIdleTaskGCPassesRemainingDeadline
=== PAUSE TestIdleTaskGCPassesRemainingDeadline
=== RUN   TestIdleTasksHonourContextCancellation
--- PASS: TestIdleTasksHonourContextCancellation (0.00s)
=== RUN   TestIdle_RebuildBloomSeesALedgerOpenedAfterRegistration
--- PASS: TestIdle_RebuildBloomSeesALedgerOpenedAfterRegistration (0.00s)
=== RUN   TestIdle_RebuildBloomStaysInertWhenRebuildOnStaleIsNotNextIdle
--- PASS: TestIdle_RebuildBloomStaysInertWhenRebuildOnStaleIsNotNextIdle (0.00s)
=== RUN   TestSpoolWatch_AClientSpoolIsPublishedWhileItsSessionIsActive
--- PASS: TestSpoolWatch_AClientSpoolIsPublishedWhileItsSessionIsActive (1.27s)
=== RUN   TestSpoolWatch_ASpoolWaitingOnItsSessionIsRetriedWithNoFurtherHook
--- PASS: TestSpoolWatch_ASpoolWaitingOnItsSessionIsRetriedWithNoFurtherHook (1.37s)
=== RUN   TestSpoolWatch_AnUnconsumableSpoolIsRetriedWithBackoffNotEveryTick
--- PASS: TestSpoolWatch_AnUnconsumableSpoolIsRetriedWithBackoffNotEveryTick (3.95s)
=== RUN   TestSpoolWatch_AClientSpoolSlowerThanAPassBudgetIsPublished
--- PASS: TestSpoolWatch_AClientSpoolSlowerThanAPassBudgetIsPublished (3.95s)
=== RUN   TestSpoolWatch_APassItsBudgetCutShortDoesNotBackOffTheSpoolsItLeft
--- PASS: TestSpoolWatch_APassItsBudgetCutShortDoesNotBackOffTheSpoolsItLeft (2.95s)
=== RUN   TestDrainClientSpools_ABudgetedPassWhoseSyncsOutlastItsBudgetStillConsumesALine
--- PASS: TestDrainClientSpools_ABudgetedPassWhoseSyncsOutlastItsBudgetStillConsumesALine (3.65s)
=== RUN   TestSpoolWatch_DoesNothingWithoutAKick
--- PASS: TestSpoolWatch_DoesNothingWithoutAKick (1.35s)
=== RUN   TestDrainClientSpools_LeavesWALSegmentsToTheWorkerPool
--- PASS: TestDrainClientSpools_LeavesWALSegmentsToTheWorkerPool (1.26s)
=== RUN   TestDrainClientSpools_DefersTheSpooledCopyOfADeliveryInFlight
--- PASS: TestDrainClientSpools_DefersTheSpooledCopyOfADeliveryInFlight (0.95s)
=== RUN   TestSpoolWatch_KnowsTheClientSpoolFamily
--- PASS: TestSpoolWatch_KnowsTheClientSpoolFamily (0.00s)
=== RUN   TestRun_AcceptsDialsWhileItsStartupDrainRuns
--- PASS: TestRun_AcceptsDialsWhileItsStartupDrainRuns (1.09s)
=== CONT  TestNAKDuplicateIsDedupedOnDrain
=== CONT  TestDrainResolvesBlobs
=== CONT  TestLiveDispatchedLineIsNotRedispatchedByDrain
=== CONT  TestDrainResumesAfterCancel
=== CONT  TestIdleTaskPanicIsolated
--- PASS: TestIdleTaskPanicIsolated (0.00s)
=== CONT  TestIdleActPrefixRunsWhenMayAct
--- PASS: TestIdleActPrefixRunsWhenMayAct (0.00s)
=== CONT  TestIdleActPrefixSkippedWhenNotMayAct
--- PASS: TestIdleActPrefixSkippedWhenNotMayAct (0.00s)
=== CONT  TestIdleRegisterReplacesInPlace
--- PASS: TestIdleRegisterReplacesInPlace (0.00s)
=== CONT  TestIsIdleUsesDetectAfterSeconds
--- PASS: TestIsIdleUsesDetectAfterSeconds (0.00s)
=== CONT  TestIdleTaskErrorIsNotFatal
--- PASS: TestIdleTaskErrorIsNotFatal (0.00s)
=== CONT  TestDrainNotesAStaleProgressOnceThenClears
=== CONT  TestDrainKeepsLiveSessionWAL
=== CONT  TestIdleRefreshesDecisionOncePerPass
=== CONT  TestDrainSurvivesCorruptLine
=== CONT  TestDrainIsIdempotent
=== CONT  TestIdleTaskInertBeforeSessionBind
=== CONT  TestIdleTaskGCPassesRemainingDeadline
=== CONT  TestIdleWorkBindsDaemon
=== CONT  TestIdleTaskRebuildBloomSkippedWhenLedgerNil
=== CONT  TestIdleRespectsBudget
=== CONT  TestDrainPersistsAFileBeforeCleaningUpItsBlobs
--- PASS: TestIdleRespectsBudget (0.00s)
=== CONT  TestIdleTaskGatedByDecisionBackground
=== CONT  TestDrainForgetsAFileDurablyBeforeUnlinkingIt
=== RUN   TestDrainForgetsAFileDurablyBeforeUnlinkingIt/read_to_its_end_by_the_same_pass
=== PAUSE TestDrainForgetsAFileDurablyBeforeUnlinkingIt/read_to_its_end_by_the_same_pass
=== CONT  TestIdleFrontierSkippedCounted
=== CONT  TestDrainPersistsPerFileBeforeMovingOn
=== CONT  TestDrainKeepsCleanupIntentsForAFileDeletedAfterTheListing
=== CONT  TestIdleActingTaskSkippedInDegradedPassive
=== CONT  TestIdleTasksOffWhenBackgroundWorkFalse
=== CONT  TestIdleRunsByPriority
--- PASS: TestIdleRunsByPriority (0.00s)
=== CONT  TestDrainForgetsReleasedProgressForMissingFilesBeforeReadingAny
=== RUN   TestDrainForgetsAFileDurablyBeforeUnlinkingIt/finished_by_an_earlier_pass
=== PAUSE TestDrainForgetsAFileDurablyBeforeUnlinkingIt/finished_by_an_earlier_pass
=== CONT  TestDrainKeepsProgressWhenItCannotPersistTheForgetting
--- PASS: TestNAKDuplicateIsDedupedOnDrain (0.50s)
=== CONT  TestDrainRejectsMismatchedProgressBeforePruningIt
--- PASS: TestIdleTaskInertBeforeSessionBind (0.78s)
=== CONT  TestDrainForgetsAFileAlreadyGoneAtItsRemoval
--- PASS: TestIdleTasksOffWhenBackgroundWorkFalse (0.79s)
=== CONT  TestDrainDoesNotForgetASegmentTheIngestHolds
--- PASS: TestIdleWorkBindsDaemon (0.81s)
=== CONT  TestDrainStartupForgetsStaleProgressBeforeTheSessionRecreatesItsSegment
=== RUN   TestDrainStartupForgetsStaleProgressBeforeTheSessionRecreatesItsSegment/recreated_smaller
=== PAUSE TestDrainStartupForgetsStaleProgressBeforeTheSessionRecreatesItsSegment/recreated_smaller
=== RUN   TestDrainStartupForgetsStaleProgressBeforeTheSessionRecreatesItsSegment/recreated_at_the_same_size
=== PAUSE TestDrainStartupForgetsStaleProgressBeforeTheSessionRecreatesItsSegment/recreated_at_the_same_size
=== RUN   TestDrainStartupForgetsStaleProgressBeforeTheSessionRecreatesItsSegment/recreated_larger
=== PAUSE TestDrainStartupForgetsStaleProgressBeforeTheSessionRecreatesItsSegment/recreated_larger
=== CONT  TestDrainKeepsTheWALOfASessionLiveByTrafficAlone
--- PASS: TestIdleTaskGCPassesRemainingDeadline (0.83s)
=== CONT  TestIngestRemoveDrainedWALRefusesHeldAndGrownSegments
--- PASS: TestDrainSurvivesCorruptLine (1.11s)
=== CONT  TestDrainRemovesClosedRotatedSegmentsAndKeepsTheHeldOne
--- PASS: TestIdleTaskRebuildBloomSkippedWhenLedgerNil (1.10s)
=== CONT  TestDrainPassIsBoundedByItsOwnSnapshotOfAGrowingSpoolFile
--- PASS: TestIdleActingTaskSkippedInDegradedPassive (1.26s)
=== CONT  TestDrainDoesNotRemoveAWALThatGrewBeforeTheRemovalDecision
--- PASS: TestIdleTaskGatedByDecisionBackground (1.49s)
=== CONT  TestDrainForgetsAFileDurablyBeforeUnlinkingIt/read_to_its_end_by_the_same_pass
--- PASS: TestDrainRejectsMismatchedProgressBeforePruningIt (1.05s)
=== CONT  TestIdleTasksRegistered
--- PASS: TestIngestRemoveDrainedWALRefusesHeldAndGrownSegments (0.95s)
=== CONT  TestIdleExitWaitsForAnUnregisteredSessionThatKeepsSendingTraffic
=== RUN   TestIdleExitWaitsForAnUnregisteredSessionThatKeepsSendingTraffic/abandoned
=== PAUSE TestIdleExitWaitsForAnUnregisteredSessionThatKeepsSendingTraffic/abandoned
=== RUN   TestIdleExitWaitsForAnUnregisteredSessionThatKeepsSendingTraffic/ended
=== PAUSE TestIdleExitWaitsForAnUnregisteredSessionThatKeepsSendingTraffic/ended
=== CONT  TestDeliveryOrder_ArchiveReadsFailClosed
--- PASS: TestDrainKeepsLiveSessionWAL (1.87s)
=== CONT  TestDrainKeepsTheWALTheIngestHoldsForAnUnregisteredSession
--- PASS: TestDrainIsIdempotent (1.96s)
=== CONT  TestDeliveryOrder_ArchiveReadsNeverRunAheadOfASettlement
--- PASS: TestLiveDispatchedLineIsNotRedispatchedByDrain (2.01s)
=== CONT  TestDrainForgetsAFileDurablyBeforeUnlinkingIt/finished_by_an_earlier_pass
--- PASS: TestDrainNotesAStaleProgressOnceThenClears (2.01s)
=== CONT  TestDrainRestoresProgressWhenItDoesNotRemoveTheFile
=== RUN   TestDrainRestoresProgressWhenItDoesNotRemoveTheFile/the_ingest_refuses_a_segment_reopened_after_the_drain_asked
=== PAUSE TestDrainRestoresProgressWhenItDoesNotRemoveTheFile/the_ingest_refuses_a_segment_reopened_after_the_drain_asked
=== RUN   TestDrainRestoresProgressWhenItDoesNotRemoveTheFile/the_unlink_fails
=== PAUSE TestDrainRestoresProgressWhenItDoesNotRemoveTheFile/the_unlink_fails
=== CONT  TestDeliveryOrder_ArchiveReadsHoldNeitherJournalLock
--- PASS: TestDrainResolvesBlobs (2.01s)
=== CONT  TestDrainOfSpooledFlushLineDoesNotDeadlock
--- PASS: TestIdleTasksRegistered (0.61s)
=== CONT  TestDrainCrashAtTheUnlinkLeavesNoProgressForARecreatedSegment
=== RUN   TestDrainCrashAtTheUnlinkLeavesNoProgressForARecreatedSegment/recreated_smaller
=== PAUSE TestDrainCrashAtTheUnlinkLeavesNoProgressForARecreatedSegment/recreated_smaller
=== RUN   TestDrainCrashAtTheUnlinkLeavesNoProgressForARecreatedSegment/recreated_at_the_same_size
=== PAUSE TestDrainCrashAtTheUnlinkLeavesNoProgressForARecreatedSegment/recreated_at_the_same_size
=== RUN   TestDrainCrashAtTheUnlinkLeavesNoProgressForARecreatedSegment/recreated_larger
=== PAUSE TestDrainCrashAtTheUnlinkLeavesNoProgressForARecreatedSegment/recreated_larger
=== CONT  TestDrainStartupForgetsStaleProgressBeforeTheSessionRecreatesItsSegment/recreated_smaller
--- PASS: TestIdleRefreshesDecisionOncePerPass (2.31s)
=== CONT  TestDrainStartupForgetsStaleProgressBeforeTheSessionRecreatesItsSegment/recreated_larger
--- PASS: TestDrainResumesAfterCancel (2.36s)
=== CONT  TestDrainStartupForgetsStaleProgressBeforeTheSessionRecreatesItsSegment/recreated_at_the_same_size
--- PASS: TestDrainPersistsAFileBeforeCleaningUpItsBlobs (2.38s)
=== CONT  TestIdleExitWaitsForAnUnregisteredSessionThatKeepsSendingTraffic/abandoned
--- PASS: TestDrainKeepsProgressWhenItCannotPersistTheForgetting (2.55s)
=== CONT  TestIdleExitWaitsForAnUnregisteredSessionThatKeepsSendingTraffic/ended
=== CONT  TestDrainRestoresProgressWhenItDoesNotRemoveTheFile/the_ingest_refuses_a_segment_reopened_after_the_drain_asked
=== CONT  TestDrainRestoresProgressWhenItDoesNotRemoveTheFile/the_unlink_fails
--- PASS: TestDrainPersistsPerFileBeforeMovingOn (2.99s)
=== CONT  TestDrainCrashAtTheUnlinkLeavesNoProgressForARecreatedSegment/recreated_smaller
--- PASS: TestDrainKeepsTheWALOfASessionLiveByTrafficAlone (2.35s)
=== CONT  TestDrainCrashAtTheUnlinkLeavesNoProgressForARecreatedSegment/recreated_larger
--- PASS: TestDrainDoesNotForgetASegmentTheIngestHolds (2.60s)
=== CONT  TestDrainCrashAtTheUnlinkLeavesNoProgressForARecreatedSegment/recreated_at_the_same_size
--- PASS: TestDrainForgetsAFileAlreadyGoneAtItsRemoval (2.62s)
--- PASS: TestDrainKeepsCleanupIntentsForAFileDeletedAfterTheListing (3.65s)
--- PASS: TestDrainForgetsAFileDurablyBeforeUnlinkingIt (0.01s)
    --- PASS: TestDrainForgetsAFileDurablyBeforeUnlinkingIt/read_to_its_end_by_the_same_pass (1.51s)
    --- PASS: TestDrainForgetsAFileDurablyBeforeUnlinkingIt/finished_by_an_earlier_pass (1.88s)
--- PASS: TestDrainRemovesClosedRotatedSegmentsAndKeepsTheHeldOne (2.79s)
--- PASS: TestDrainKeepsTheWALTheIngestHoldsForAnUnregisteredSession (2.11s)
--- PASS: TestDrainPassIsBoundedByItsOwnSnapshotOfAGrowingSpoolFile (2.91s)
--- PASS: TestDrainForgetsReleasedProgressForMissingFilesBeforeReadingAny (4.14s)
--- PASS: TestDrainDoesNotRemoveAWALThatGrewBeforeTheRemovalDecision (2.94s)
--- PASS: TestDrainOfSpooledFlushLineDoesNotDeadlock (2.19s)
--- PASS: TestIdleExitWaitsForAnUnregisteredSessionThatKeepsSendingTraffic (0.00s)
    --- PASS: TestIdleExitWaitsForAnUnregisteredSessionThatKeepsSendingTraffic/abandoned (0.46s)
    --- PASS: TestIdleExitWaitsForAnUnregisteredSessionThatKeepsSendingTraffic/ended (1.72s)
--- PASS: TestDrainStartupForgetsStaleProgressBeforeTheSessionRecreatesItsSegment (0.00s)
    --- PASS: TestDrainStartupForgetsStaleProgressBeforeTheSessionRecreatesItsSegment/recreated_smaller (2.29s)
    --- PASS: TestDrainStartupForgetsStaleProgressBeforeTheSessionRecreatesItsSegment/recreated_larger (2.16s)
    --- PASS: TestDrainStartupForgetsStaleProgressBeforeTheSessionRecreatesItsSegment/recreated_at_the_same_size (2.11s)
--- PASS: TestDrainCrashAtTheUnlinkLeavesNoProgressForARecreatedSegment (0.00s)
    --- PASS: TestDrainCrashAtTheUnlinkLeavesNoProgressForARecreatedSegment/recreated_smaller (1.47s)
    --- PASS: TestDrainCrashAtTheUnlinkLeavesNoProgressForARecreatedSegment/recreated_larger (1.30s)
    --- PASS: TestDrainCrashAtTheUnlinkLeavesNoProgressForARecreatedSegment/recreated_at_the_same_size (1.08s)
--- PASS: TestDrainRestoresProgressWhenItDoesNotRemoveTheFile (0.00s)
    --- PASS: TestDrainRestoresProgressWhenItDoesNotRemoveTheFile/the_unlink_fails (1.50s)
    --- PASS: TestDrainRestoresProgressWhenItDoesNotRemoveTheFile/the_ingest_refuses_a_segment_reopened_after_the_drain_asked (1.68s)
--- PASS: TestIdleFrontierSkippedCounted (4.52s)
--- PASS: TestDeliveryOrder_ArchiveReadsFailClosed (3.32s)
--- PASS: TestDeliveryOrder_ArchiveReadsHoldNeitherJournalLock (3.23s)
--- PASS: TestDeliveryOrder_ArchiveReadsNeverRunAheadOfASettlement (8.99s)
PASS
ok  	github.com/qompack/qompack/internal/daemon	188.566s
exit=0
