{
  "schema": 1,
  "project": "/work/v6-rc1-compatibility/drill-20260922-drill1/dest_after",
  "daemon_running": false,
  "read_only": true,
  "repairing": false,
  "attempts_daemon_lock": false,
  "checks": [
    {
      "id": "store",
      "ok": true,
      "severity": 0,
      "count": 0,
      "detail": [
        "no store: /work/v6-rc1-compatibility/drill-20260922-drill1/dest_after has never been used with Qompack, and fsck does not create one"
      ]
    },
    {
      "id": "daemon",
      "ok": true,
      "severity": 0,
      "count": 0,
      "detail": [
        "no daemon holds the lock; this project is quiet"
      ]
    }
  ],
  "repairs": [],
  "fidelity": {},
  "quarantine": {
    "files": 0,
    "bytes": 0
  },
  "exit": 0
}
