ts=2026-09-29T18:23:15.8019728Z level=info msg="scheduler: idle work registered" tasks="[act.advance_frontier precompute_slice refresh_delta rebuild_bloom compact_dag gc]" maintainer=false
ts=2026-09-29T18:23:15.8372549Z level=info msg="observer: session registered" session=728c806b-a717-4220-aedd-f8ef05470a42 source=startup turn=0 segment=1
ts=2026-09-29T18:23:15.8372549Z level=info msg="scheduler: session bound" session=728c806b-a717-4220-aedd-f8ef05470a42 effective_window=180000 max_output=32000 window_source=1 host_trigger_absent=false regime=unknown changepoints=0
ts=2026-09-29T18:25:27.7015841Z level=info msg="scheduler: idle work registered" tasks="[act.advance_frontier precompute_slice refresh_delta rebuild_bloom compact_dag gc]" maintainer=false
ts=2026-09-29T18:25:49.4679346Z level=info msg="observer: gc" scanned=19 deleted=1 freed=616 truncated=false
ts=2026-09-29T18:27:52.4021798Z level=warn msg="checkpoint: no usable source set; the frontier is not advancing" err="checkpoint: SourceSet.Ledger is nil: its accessor resolved to no ledger: qompack: running in degraded mode"
ts=2026-09-29T18:28:37.7077528Z level=info msg="scheduler: idle work registered" tasks="[act.advance_frontier precompute_slice refresh_delta rebuild_bloom compact_dag gc]" maintainer=false
ts=2026-09-29T18:28:37.7707255Z level=info msg="observer: session registered" session=e11de402-b7ab-40b1-9bf7-a3a06ece4298 source=startup turn=0 segment=2
ts=2026-09-29T18:28:37.7707255Z level=info msg="scheduler: session bound" session=e11de402-b7ab-40b1-9bf7-a3a06ece4298 effective_window=180000 max_output=32000 window_source=1 host_trigger_absent=false regime=unknown changepoints=0
ts=2026-09-29T18:28:58.9461342Z level=loud msg="invalid configuration value, using default" key=runtime.migration got=<nil> want=<nil> message="settingsVersion 99 is newer than this build understands (1); the whole runtime.migration block is reset to defaults so unknown switches stay off"
ts=2026-09-29T18:29:00.3709476Z level=loud msg="invalid configuration value, using default" key=runtime.migration got=<nil> want=<nil> message="settingsVersion 99 is newer than this build understands (1); the whole runtime.migration block is reset to defaults so unknown switches stay off"
ts=2026-09-29T18:29:01.4976241Z level=loud msg="invalid configuration value, using default" key=runtime.migration got=<nil> want=<nil> message="settingsVersion 99 is newer than this build understands (1); the whole runtime.migration block is reset to defaults so unknown switches stay off"
ts=2026-09-29T18:29:01.7559762Z level=loud msg="daemon: config reload warning" key=runtime.migration message="settingsVersion 99 is newer than this build understands (1); the whole runtime.migration block is reset to defaults so unknown switches stay off" location=<scratch>\sessions\c49\copy\proj\.qompack\config.json:1
ts=2026-09-29T18:29:03.9474051Z level=warn msg="configuration warning" key=runtime.migration message="settingsVersion 99 is newer than this build understands (1); the whole runtime.migration block is reset to defaults so unknown switches stay off" location=<scratch>\sessions\c49\copy\proj\.qompack\config.json:1
ts=2026-09-29T18:29:04.0588624Z level=loud msg="invalid configuration value, using default" key=runtime.migration got=<nil> want=<nil> message="settingsVersion 99 is newer than this build understands (1); the whole runtime.migration block is reset to defaults so unknown switches stay off"
ts=2026-09-29T18:29:14.0452156Z level=loud msg="invalid configuration value, using default" key=runtime.migration got=<nil> want=<nil> message="settingsVersion 99 is newer than this build understands (1); the whole runtime.migration block is reset to defaults so unknown switches stay off"
ts=2026-09-29T18:29:14.9454721Z level=loud msg="invalid configuration value, using default" key=runtime.migration got=<nil> want=<nil> message="settingsVersion 99 is newer than this build understands (1); the whole runtime.migration block is reset to defaults so unknown switches stay off"
ts=2026-09-29T18:29:16.1775878Z level=loud msg="invalid configuration value, using default" key=runtime.migration got=<nil> want=<nil> message="settingsVersion 99 is newer than this build understands (1); the whole runtime.migration block is reset to defaults so unknown switches stay off"
ts=2026-09-29T18:29:17.0979019Z level=loud msg="invalid configuration value, using default" key=runtime.migration got=<nil> want=<nil> message="settingsVersion 99 is newer than this build understands (1); the whole runtime.migration block is reset to defaults so unknown switches stay off"
ts=2026-09-29T18:29:18.0466259Z level=loud msg="invalid configuration value, using default" key=runtime.migration got=<nil> want=<nil> message="settingsVersion 99 is newer than this build understands (1); the whole runtime.migration block is reset to defaults so unknown switches stay off"
ts=2026-09-29T18:29:18.1029131Z level=warn msg="store: segment closed without a tokens feature; Segment.Tokens stays zero permanently" segment=2 session=e11de402-b7ab-40b1-9bf7-a3a06ece4298
ts=2026-09-29T18:29:18.2149235Z level=info msg="observer: gc" scanned=28 deleted=0 freed=0 truncated=false
ts=2026-09-29T18:29:32.2139809Z level=warn msg="configuration warning" key=runtime.migration message="settingsVersion 99 is newer than this build understands (1); the whole runtime.migration block is reset to defaults so unknown switches stay off" location=<scratch>\sessions\c49\copy\proj\.qompack\config.json:1
ts=2026-09-29T18:29:32.2489638Z level=warn msg="configuration warning" key=runtime.migration message="settingsVersion 99 is newer than this build understands (1); the whole runtime.migration block is reset to defaults so unknown switches stay off" location=<scratch>\sessions\c49\copy\proj\.qompack\config.json:1
