=== RUN   TestCarriedDefects_ManifestIsWellFormed
=== PAUSE TestCarriedDefects_ManifestIsWellFormed
=== RUN   TestCarriedDefects_OpenRowsHaveLivingEvidence
=== PAUSE TestCarriedDefects_OpenRowsHaveLivingEvidence
=== RUN   TestGuard_EveryProductReadIsClassified
--- PASS: TestGuard_EveryProductReadIsClassified (0.19s)
=== CONT  TestCarriedDefects_ManifestIsWellFormed
=== CONT  TestCarriedDefects_OpenRowsHaveLivingEvidence
=== RUN   TestCarriedDefects_ManifestIsWellFormed/SP04-D1
=== RUN   TestCarriedDefects_ManifestIsWellFormed/SP04-D2
=== RUN   TestCarriedDefects_ManifestIsWellFormed/SP04-D3
=== RUN   TestCarriedDefects_OpenRowsHaveLivingEvidence/SP08-D1
=== RUN   TestCarriedDefects_ManifestIsWellFormed/SP04-D4
=== RUN   TestCarriedDefects_ManifestIsWellFormed/SP04-D5
=== RUN   TestCarriedDefects_ManifestIsWellFormed/SP04-D6
=== RUN   TestCarriedDefects_ManifestIsWellFormed/SP06-D1
=== RUN   TestCarriedDefects_ManifestIsWellFormed/SP05-D1
=== RUN   TestCarriedDefects_ManifestIsWellFormed/SP02-D1
=== RUN   TestCarriedDefects_ManifestIsWellFormed/SP02-D2
=== RUN   TestCarriedDefects_ManifestIsWellFormed/SP02-D3
=== RUN   TestCarriedDefects_ManifestIsWellFormed/SP02-D4
=== RUN   TestCarriedDefects_ManifestIsWellFormed/SP02-D5
=== RUN   TestCarriedDefects_ManifestIsWellFormed/SP02-D6
=== RUN   TestCarriedDefects_ManifestIsWellFormed/SP04-D7
=== RUN   TestCarriedDefects_ManifestIsWellFormed/SP06-D2
=== RUN   TestCarriedDefects_ManifestIsWellFormed/SP08-D1
=== RUN   TestCarriedDefects_ManifestIsWellFormed/SP10-D1
=== RUN   TestCarriedDefects_ManifestIsWellFormed/SP09-D1
=== RUN   TestCarriedDefects_ManifestIsWellFormed/SP20-D2
=== RUN   TestCarriedDefects_ManifestIsWellFormed/SP20-D3
=== RUN   TestCarriedDefects_ManifestIsWellFormed/SP08-D2
=== RUN   TestCarriedDefects_ManifestIsWellFormed/SP20-D1
=== RUN   TestCarriedDefects_ManifestIsWellFormed/SP05-D2
=== RUN   TestCarriedDefects_ManifestIsWellFormed/SP08-D3
=== RUN   TestCarriedDefects_ManifestIsWellFormed/SP20-D4
=== RUN   TestCarriedDefects_ManifestIsWellFormed/SP20-D5
=== RUN   TestCarriedDefects_ManifestIsWellFormed/SP20-D6
--- PASS: TestCarriedDefects_ManifestIsWellFormed (0.05s)
    --- PASS: TestCarriedDefects_ManifestIsWellFormed/SP04-D1 (0.00s)
    --- PASS: TestCarriedDefects_ManifestIsWellFormed/SP04-D2 (0.00s)
    --- PASS: TestCarriedDefects_ManifestIsWellFormed/SP04-D3 (0.00s)
    --- PASS: TestCarriedDefects_ManifestIsWellFormed/SP04-D4 (0.00s)
    --- PASS: TestCarriedDefects_ManifestIsWellFormed/SP04-D5 (0.00s)
    --- PASS: TestCarriedDefects_ManifestIsWellFormed/SP04-D6 (0.00s)
    --- PASS: TestCarriedDefects_ManifestIsWellFormed/SP06-D1 (0.00s)
    --- PASS: TestCarriedDefects_ManifestIsWellFormed/SP05-D1 (0.00s)
    --- PASS: TestCarriedDefects_ManifestIsWellFormed/SP02-D1 (0.00s)
    --- PASS: TestCarriedDefects_ManifestIsWellFormed/SP02-D2 (0.00s)
    --- PASS: TestCarriedDefects_ManifestIsWellFormed/SP02-D3 (0.00s)
    --- PASS: TestCarriedDefects_ManifestIsWellFormed/SP02-D4 (0.00s)
    --- PASS: TestCarriedDefects_ManifestIsWellFormed/SP02-D5 (0.00s)
    --- PASS: TestCarriedDefects_ManifestIsWellFormed/SP02-D6 (0.00s)
    --- PASS: TestCarriedDefects_ManifestIsWellFormed/SP04-D7 (0.00s)
    --- PASS: TestCarriedDefects_ManifestIsWellFormed/SP06-D2 (0.00s)
    --- PASS: TestCarriedDefects_ManifestIsWellFormed/SP08-D1 (0.00s)
    --- PASS: TestCarriedDefects_ManifestIsWellFormed/SP10-D1 (0.00s)
    --- PASS: TestCarriedDefects_ManifestIsWellFormed/SP09-D1 (0.00s)
    --- PASS: TestCarriedDefects_ManifestIsWellFormed/SP20-D2 (0.00s)
    --- PASS: TestCarriedDefects_ManifestIsWellFormed/SP20-D3 (0.00s)
    --- PASS: TestCarriedDefects_ManifestIsWellFormed/SP08-D2 (0.00s)
    --- PASS: TestCarriedDefects_ManifestIsWellFormed/SP20-D1 (0.00s)
    --- PASS: TestCarriedDefects_ManifestIsWellFormed/SP05-D2 (0.00s)
    --- PASS: TestCarriedDefects_ManifestIsWellFormed/SP08-D3 (0.00s)
    --- PASS: TestCarriedDefects_ManifestIsWellFormed/SP20-D4 (0.00s)
    --- PASS: TestCarriedDefects_ManifestIsWellFormed/SP20-D5 (0.00s)
    --- PASS: TestCarriedDefects_ManifestIsWellFormed/SP20-D6 (0.00s)
=== RUN   TestCarriedDefects_OpenRowsHaveLivingEvidence/SP10-D1
=== RUN   TestCarriedDefects_OpenRowsHaveLivingEvidence/SP09-D1
=== RUN   TestCarriedDefects_OpenRowsHaveLivingEvidence/SP20-D2
--- PASS: TestCarriedDefects_OpenRowsHaveLivingEvidence (50.96s)
    --- PASS: TestCarriedDefects_OpenRowsHaveLivingEvidence/SP08-D1 (12.54s)
    --- PASS: TestCarriedDefects_OpenRowsHaveLivingEvidence/SP10-D1 (12.33s)
    --- PASS: TestCarriedDefects_OpenRowsHaveLivingEvidence/SP09-D1 (13.01s)
    --- PASS: TestCarriedDefects_OpenRowsHaveLivingEvidence/SP20-D2 (13.03s)
PASS
ok  	github.com/qompack/qompack/test/guards	51.388s
