=== RUN   TestDegradeBanner_StaysFarUnderTheHostCap
=== RUN   TestDegradeBanner_StaysFarUnderTheHostCap/ascii
=== RUN   TestDegradeBanner_StaysFarUnderTheHostCap/escaped
=== RUN   TestDegradeBanner_StaysFarUnderTheHostCap/astral
=== RUN   TestDegradeBanner_StaysFarUnderTheHostCap/invalidUTF8
=== RUN   TestDegradeBanner_StaysFarUnderTheHostCap/quotes
=== RUN   TestDegradeBanner_StaysFarUnderTheHostCap/mixed
--- PASS: TestDegradeBanner_StaysFarUnderTheHostCap (0.07s)
    --- PASS: TestDegradeBanner_StaysFarUnderTheHostCap/ascii (0.00s)
    --- PASS: TestDegradeBanner_StaysFarUnderTheHostCap/escaped (0.03s)
    --- PASS: TestDegradeBanner_StaysFarUnderTheHostCap/astral (0.01s)
    --- PASS: TestDegradeBanner_StaysFarUnderTheHostCap/invalidUTF8 (0.01s)
    --- PASS: TestDegradeBanner_StaysFarUnderTheHostCap/quotes (0.00s)
    --- PASS: TestDegradeBanner_StaysFarUnderTheHostCap/mixed (0.01s)
=== RUN   TestDegradeBanner_ShortValuesAreQuotedWhole
--- PASS: TestDegradeBanner_ShortValuesAreQuotedWhole (0.00s)
=== RUN   TestBoundedQuote_CutsOnARuneBoundaryAndSaysSo
=== RUN   TestBoundedQuote_CutsOnARuneBoundaryAndSaysSo/ascii
=== RUN   TestBoundedQuote_CutsOnARuneBoundaryAndSaysSo/escaped
=== RUN   TestBoundedQuote_CutsOnARuneBoundaryAndSaysSo/astral
=== RUN   TestBoundedQuote_CutsOnARuneBoundaryAndSaysSo/invalidUTF8
=== RUN   TestBoundedQuote_CutsOnARuneBoundaryAndSaysSo/quotes
=== RUN   TestBoundedQuote_CutsOnARuneBoundaryAndSaysSo/mixed
--- PASS: TestBoundedQuote_CutsOnARuneBoundaryAndSaysSo (0.03s)
    --- PASS: TestBoundedQuote_CutsOnARuneBoundaryAndSaysSo/ascii (0.00s)
    --- PASS: TestBoundedQuote_CutsOnARuneBoundaryAndSaysSo/escaped (0.01s)
    --- PASS: TestBoundedQuote_CutsOnARuneBoundaryAndSaysSo/astral (0.01s)
    --- PASS: TestBoundedQuote_CutsOnARuneBoundaryAndSaysSo/invalidUTF8 (0.00s)
    --- PASS: TestBoundedQuote_CutsOnARuneBoundaryAndSaysSo/quotes (0.00s)
    --- PASS: TestBoundedQuote_CutsOnARuneBoundaryAndSaysSo/mixed (0.01s)
=== RUN   TestSessionStart_DegradeBannerFromAHostSuppliedSourceIsBounded
--- PASS: TestSessionStart_DegradeBannerFromAHostSuppliedSourceIsBounded (0.19s)
PASS
ok  	github.com/qompack/qompack/internal/daemon	0.614s
