ts=2026-09-29T17:23:19.4589565Z level=info msg="scheduler: idle work registered" tasks="[act.advance_frontier precompute_slice refresh_delta rebuild_bloom compact_dag gc]" maintainer=false
ts=2026-09-29T17:23:19.7485521Z level=info msg="observer: session registered" session=c8b0929f-49b2-419f-af01-afd653a8e8c9 source=startup turn=0 segment=1
ts=2026-09-29T17:23:19.7485521Z level=info msg="scheduler: session bound" session=c8b0929f-49b2-419f-af01-afd653a8e8c9 effective_window=180000 max_output=32000 window_source=1 host_trigger_absent=false regime=unknown changepoints=0
ts=2026-09-29T17:23:56.489048Z level=warn msg="store: segment closed without a tokens feature; Segment.Tokens stays zero permanently" segment=1 session=c8b0929f-49b2-419f-af01-afd653a8e8c9
ts=2026-09-29T17:23:56.6337305Z level=info msg="observer: gc" scanned=54 deleted=0 freed=0 truncated=false
ts=2026-09-29T17:26:13.1416393Z level=info msg="scheduler: idle work registered" tasks="[act.advance_frontier precompute_slice refresh_delta rebuild_bloom compact_dag gc]" maintainer=false
ts=2026-09-29T17:26:13.3778592Z level=loud msg="daemon: unpublished captures or unindexed objects found at startup" unpublished_captures=4 unindexed_object_candidates=0 pending_objects=0 captures_scanned=14 objects_scanned=54 incomplete=false truncated=false notes=none
ts=2026-09-29T17:26:13.403978Z level=info msg="observer: session registered" session=2cb3e3c1-fcbd-4f02-a8ab-6185c10e2051 source=startup turn=0 segment=2
ts=2026-09-29T17:26:13.4051208Z level=info msg="scheduler: state from another session discarded" path=<scratch>\install\uat12\proj\.qompack\state\bocd.json file_session=c8b0929f-49b2-419f-af01-afd653a8e8c9 session=2cb3e3c1-fcbd-4f02-a8ab-6185c10e2051
ts=2026-09-29T17:26:13.4051208Z level=info msg="scheduler: state from another session discarded" path=<scratch>\install\uat12\proj\.qompack\state\scheduler.json file_session=c8b0929f-49b2-419f-af01-afd653a8e8c9 session=2cb3e3c1-fcbd-4f02-a8ab-6185c10e2051
ts=2026-09-29T17:26:13.4056729Z level=info msg="scheduler: session bound" session=2cb3e3c1-fcbd-4f02-a8ab-6185c10e2051 effective_window=180000 max_output=32000 window_source=1 host_trigger_absent=false regime=unknown changepoints=0
ts=2026-09-29T17:27:49.3783813Z level=warn msg="daemon: ending abandoned session; no SessionEnd arrived and it has been silent past the idle-exit window" session=2cb3e3c1-fcbd-4f02-a8ab-6185c10e2051 silentMs=31607
ts=2026-09-29T17:28:05.5310412Z level=warn msg="store: segment closed without a tokens feature; Segment.Tokens stays zero permanently" segment=2 session=2cb3e3c1-fcbd-4f02-a8ab-6185c10e2051
ts=2026-09-29T17:28:05.721572Z level=info msg="observer: gc" scanned=160 deleted=0 freed=0 truncated=false
ts=2026-09-29T17:30:29.3594312Z level=info msg="scheduler: idle work registered" tasks="[act.advance_frontier precompute_slice refresh_delta rebuild_bloom compact_dag gc]" maintainer=false
ts=2026-09-29T17:30:29.6328398Z level=loud msg="daemon: unpublished captures or unindexed objects found at startup" unpublished_captures=4 unindexed_object_candidates=0 pending_objects=0 captures_scanned=55 objects_scanned=70 incomplete=true truncated=false notes="scan interrupted before it finished; publication accounting did not finish"
ts=2026-09-29T17:30:32.6537078Z level=warn msg="checkpoint: no usable source set; the frontier is not advancing" err="checkpoint: SourceSet.Ledger is nil: its accessor resolved to no ledger: qompack: running in degraded mode"
ts=2026-09-29T17:32:29.526921Z level=info msg="scheduler: idle work registered" tasks="[act.advance_frontier precompute_slice refresh_delta rebuild_bloom compact_dag gc]" maintainer=false
ts=2026-09-29T17:32:29.8165974Z level=loud msg="daemon: unpublished captures or unindexed objects found at startup" unpublished_captures=4 unindexed_object_candidates=0 pending_objects=0 captures_scanned=55 objects_scanned=31 incomplete=true truncated=false notes="scan interrupted before it finished; publication accounting did not finish"
ts=2026-09-29T17:32:29.8566773Z level=info msg="observer: session registered" session=85a29186-3555-4560-83e8-71b83fde2268 source=startup turn=0 segment=3
ts=2026-09-29T17:32:29.8572307Z level=info msg="scheduler: state from another session discarded" path=<scratch>\install\uat12\proj\.qompack\state\bocd.json file_session=2cb3e3c1-fcbd-4f02-a8ab-6185c10e2051 session=85a29186-3555-4560-83e8-71b83fde2268
ts=2026-09-29T17:32:29.8582919Z level=info msg="scheduler: state from another session discarded" path=<scratch>\install\uat12\proj\.qompack\state\scheduler.json file_session=2cb3e3c1-fcbd-4f02-a8ab-6185c10e2051 session=85a29186-3555-4560-83e8-71b83fde2268
ts=2026-09-29T17:32:29.8582919Z level=info msg="scheduler: session bound" session=85a29186-3555-4560-83e8-71b83fde2268 effective_window=180000 max_output=32000 window_source=1 host_trigger_absent=false regime=unknown changepoints=0
ts=2026-09-29T17:32:45.0242179Z level=warn msg="store: segment closed without a tokens feature; Segment.Tokens stays zero permanently" segment=3 session=85a29186-3555-4560-83e8-71b83fde2268
ts=2026-09-29T17:32:45.2399721Z level=info msg="observer: gc" scanned=182 deleted=15 freed=6147 truncated=false
