fuzz: elapsed: 0s, gathering baseline coverage: 0/25 completed
fuzz: elapsed: 1s, gathering baseline coverage: 25/25 completed, now fuzzing with 22 workers
fuzz: elapsed: 3s, execs: 17599 (5865/sec), new interesting: 0 (total: 25)
fuzz: elapsed: 6s, execs: 17599 (0/sec), new interesting: 0 (total: 25)
fuzz: elapsed: 9s, execs: 17599 (0/sec), new interesting: 0 (total: 25)
fuzz: elapsed: 12s, execs: 17599 (0/sec), new interesting: 0 (total: 25)
fuzz: elapsed: 15s, execs: 17599 (0/sec), new interesting: 0 (total: 25)
fuzz: elapsed: 18s, execs: 17599 (0/sec), new interesting: 0 (total: 25)
fuzz: elapsed: 21s, execs: 17599 (0/sec), new interesting: 0 (total: 25)
fuzz: elapsed: 24s, execs: 17599 (0/sec), new interesting: 0 (total: 25)
fuzz: elapsed: 27s, execs: 17599 (0/sec), new interesting: 0 (total: 25)
fuzz: elapsed: 30s, execs: 17599 (0/sec), new interesting: 0 (total: 25)
fuzz: elapsed: 33s, execs: 17599 (0/sec), new interesting: 0 (total: 25)
fuzz: elapsed: 36s, execs: 17599 (0/sec), new interesting: 0 (total: 25)
fuzz: elapsed: 39s, execs: 17599 (0/sec), new interesting: 0 (total: 25)
fuzz: elapsed: 42s, execs: 17599 (0/sec), new interesting: 0 (total: 25)
fuzz: elapsed: 45s, execs: 17599 (0/sec), new interesting: 0 (total: 25)
fuzz: elapsed: 48s, execs: 17599 (0/sec), new interesting: 0 (total: 25)
fuzz: elapsed: 51s, execs: 17599 (0/sec), new interesting: 0 (total: 25)
fuzz: elapsed: 54s, execs: 17599 (0/sec), new interesting: 0 (total: 25)
fuzz: elapsed: 57s, execs: 17599 (0/sec), new interesting: 0 (total: 25)
fuzz: elapsed: 1m0s, execs: 17599 (0/sec), new interesting: 0 (total: 25)
fuzz: elapsed: 1m1s, execs: 17599 (0/sec), new interesting: 0 (total: 25)
PASS
ok  	github.com/qompack/qompack/internal/chunk	61.746s
