fuzz: elapsed: 0s, gathering baseline coverage: 0/15 completed
fuzz: elapsed: 0s, gathering baseline coverage: 15/15 completed, now fuzzing with 22 workers
fuzz: elapsed: 3s, execs: 166428 (55411/sec), new interesting: 0 (total: 15)
fuzz: elapsed: 6s, execs: 367676 (67050/sec), new interesting: 0 (total: 15)
fuzz: elapsed: 9s, execs: 573756 (68616/sec), new interesting: 0 (total: 15)
fuzz: elapsed: 12s, execs: 792030 (72939/sec), new interesting: 0 (total: 15)
fuzz: elapsed: 15s, execs: 997042 (68329/sec), new interesting: 0 (total: 15)
fuzz: elapsed: 18s, execs: 1222030 (75008/sec), new interesting: 0 (total: 15)
fuzz: elapsed: 21s, execs: 1453862 (77206/sec), new interesting: 0 (total: 15)
fuzz: elapsed: 24s, execs: 1657701 (68014/sec), new interesting: 0 (total: 15)
fuzz: elapsed: 27s, execs: 1876163 (72824/sec), new interesting: 0 (total: 15)
fuzz: elapsed: 30s, execs: 2108001 (77256/sec), new interesting: 0 (total: 15)
fuzz: elapsed: 33s, execs: 2331338 (74273/sec), new interesting: 0 (total: 15)
fuzz: elapsed: 36s, execs: 2547103 (72106/sec), new interesting: 0 (total: 15)
fuzz: elapsed: 39s, execs: 2786264 (79537/sec), new interesting: 0 (total: 15)
fuzz: elapsed: 42s, execs: 3025734 (80018/sec), new interesting: 0 (total: 15)
fuzz: elapsed: 45s, execs: 3223973 (65777/sec), new interesting: 0 (total: 15)
fuzz: elapsed: 48s, execs: 3456100 (77722/sec), new interesting: 0 (total: 15)
fuzz: elapsed: 51s, execs: 3699185 (81014/sec), new interesting: 0 (total: 15)
fuzz: elapsed: 54s, execs: 3901718 (67473/sec), new interesting: 0 (total: 15)
fuzz: elapsed: 57s, execs: 4105923 (68092/sec), new interesting: 0 (total: 15)
fuzz: elapsed: 1m0s, execs: 4342812 (78933/sec), new interesting: 0 (total: 15)
fuzz: elapsed: 1m0s, execs: 4342812 (0/sec), new interesting: 0 (total: 15)
PASS
ok  	github.com/qompack/qompack/internal/canon	60.571s
